--------- beginning of /dev/log/system
I/Encryption(   80): Vold 2.1 (the revenge) firing up
E/Encryption(   80): created DirEncryptionManager
D/Vold    (   80): Volume sdcard state changing -1 (Initializing) -> 0 (No-Media)
D/Vold    (   80): Volume sda state changing -1 (Initializing) -> 0 (No-Media)
D/Vold    (   80): Volume sdb state changing -1 (Initializing) -> 0 (No-Media)
D/Vold    (   80): Volume sdc state changing -1 (Initializing) -> 0 (No-Media)
D/Vold    (   80): Volume sdd state changing -1 (Initializing) -> 0 (No-Media)
D/Vold    (   80): Volume sde state changing -1 (Initializing) -> 0 (No-Media)
D/Vold    (   80): Volume sdf state changing -1 (Initializing) -> 0 (No-Media)
D/DirectVolume(   80): DirectVolume::readId -> path '/sys/devices/platform/sprd-sdhci.0/mmc_host/mmc1/mmc1:1234/block/mmcblk1/device/cid' 
D/DirectVolume(   80): DirectVolume::readId -> id '02544d5341303247049c3000d800a200' 
D/DirectVolume(   80): DirectVolume::handleDiskAdded -> mDiskMajor 179, mDiskMinor 32, NPARTS:1
D/Vold    (   80): Volume sdcard state changing 0 (No-Media) -> 2 (Pending)
D/DirectVolume(   80): DirectVolume::handlePartitionAdded -> major 179, minor 33, PARTN 1
D/Vold    (   80): Volume sdcard state changing 2 (Pending) -> 1 (Idle-Unmounted)
--------- beginning of /dev/log/main
E/DataRouter(  100): [socket:13]read socket data[message:A
E/DataRouter(  100): write [1] bytes of data to USB fd[10]
E/DataRouter(  100): [socket:13]dr_usb_write
E/DataRouter(  100): Before the usb select 
E/DataRouter(  100): After the usb select 
E/DataRouter(  100): read usb data[len:1]
E/DataRouter(  100): read usb data message:T
E/SMD     (  102): ***Received data notification[DR->SMD]***
E/SMD     (  102): Message:T
E/SMD     (  102): Sending data to SMD: Len = [1]
E/SMD     (  102):  buffer = [T]
E/SMD     (  102): Wrote 1 chars to SMD PORT fd=7 ch = 54
E/SMD     (  102): After the Modem Read select 
E/SMD     (  102): Read 1 chars from SMD Modem file fd = 7
E/SMD     (  102):  Message: T
E/SMD     (  102): OK
E/SMD     (  102): R
E/SMD     (  102): B7
E/SMD     (  102): 
E/SMD     (  102): OK
E/SMD     (  102): ication CO.
E/SMD     (  102): 
E/SMD     (  102): OK
E/SMD     (  102): "LD",0,"MC",0,"RC",0,"ME",0
E/SMD     (  102): 
E/SMD     (  102): +ECIND: 3,1
E/SMD     (  102): 
E/SMD     (  102): Before the Modem Read select 
E/DataRouter(  100): [socket:13]******* Received data notification *******
E/DataRouter(  100): [socket:13]read socket data[len:1]
E/DataRouter(  100): [socket:13]read socket data[message:T
E/DataRouter(  100): write [1] bytes of data to USB fd[10]
E/DataRouter(  100): [socket:13]dr_usb_write
E/DataRouter(  100): Before the usb select 
E/DataRouter(  100): After the usb select 
E/DataRouter(  100): read usb data[len:1]
E/DataRouter(  100): read usb data message:+
E/SMD     (  102): ***Received data notification[DR->SMD]***
E/SMD     (  102): Message:+
E/SMD     (  102): Sending data to SMD: Len = [1]
E/SMD     (  102):  buffer = [+]
E/SMD     (  102): Wrote 1 chars to SMD PORT fd=7 ch = 2b
E/SMD     (  102): After the Modem Read select 
E/SMD     (  102): Read 1 chars from SMD Modem file fd = 7
E/SMD     (  102):  Message: +
E/SMD     (  102): OK
E/SMD     (  102): R
E/SMD     (  102): B7
E/SMD     (  102): 
E/SMD     (  102): OK
E/SMD     (  102): ication CO.
E/SMD     (  102): 
E/SMD     (  102): OK
E/SMD     (  102): "LD",0,"MC",0,"RC",0,"ME",0
E/SMD     (  102): 
E/SMD     (  102): +ECIND: 3,1
E/SMD     (  102): 
E/SMD     (  102): Before the Modem Read select 
E/DataRouter(  100): [socket:13]******* Received data notification *******
E/DataRouter(  100): [socket:13]read socket data[len:1]
E/DataRouter(  100): [socket:13]read socket data[message:+
E/DataRouter(  100): write [1] bytes of data to USB fd[10]
E/DataRouter(  100): [socket:13]dr_usb_write
E/DataRouter(  100): Before the usb select 
E/DataRouter(  100): After the usb select 
E/DataRouter(  100): read usb data[len:1]
E/DataRouter(  100): read usb data message:G
E/SMD     (  102): ***Received data notification[DR->SMD]***
E/SMD     (  102): Message:G
E/SMD     (  102): Sending data to SMD: Len = [1]
E/SMD     (  102):  buffer = [G]
E/SMD     (  102): Wrote 1 chars to SMD PORT fd=7 ch = 47
E/SMD     (  102): After the Modem Read select 
E/SMD     (  102): Read 1 chars from SMD Modem file fd = 7
E/SMD     (  102):  Message: G
E/SMD     (  102): OK
E/SMD     (  102): R
E/SMD     (  102): B7
E/SMD     (  102): 
E/SMD     (  102): OK
E/SMD     (  102): ication CO.
E/SMD     (  102): 
E/SMD     (  102): OK
E/SMD     (  102): "LD",0,"MC",0,"RC",0,"ME",0
E/SMD     (  102): 
E/SMD     (  102): +ECIND: 3,1
E/SMD     (  102): 
E/SMD     (  102): Before the Modem Read select 
E/DataRouter(  100): [socket:13]******* Received data notification *******
E/DataRouter(  100): [socket:13]read socket data[len:1]
E/DataRouter(  100): [socket:13]read socket data[message:G
E/DataRouter(  100): write [1] bytes of data to USB fd[10]
E/DataRouter(  100): [socket:13]dr_usb_write
E/DataRouter(  100): Before the usb select 
E/DataRouter(  100): After the usb select 
E/DataRouter(  100): read usb data[len:1]
E/DataRouter(  100): read usb data message:C
E/SMD     (  102): ***Received data notification[DR->SMD]***
E/SMD     (  102): Message:C
E/SMD     (  102): Sending data to SMD: Len = [1]
E/SMD     (  102):  buffer = [C]
E/SMD     (  102): Wrote 1 chars to SMD PORT fd=7 ch = 43
E/SMD     (  102): After the Modem Read select 
E/SMD     (  102): Read 1 chars from SMD Modem file fd = 7
E/SMD     (  102):  Message: C
E/SMD     (  102): OK
E/SMD     (  102): R
E/SMD     (  102): B7
E/SMD     (  102): 
E/SMD     (  102): OK
E/SMD     (  102): ication CO.
E/SMD     (  102): 
E/SMD     (  102): OK
E/SMD     (  102): "LD",0,"MC",0,"RC",0,"ME",0
E/SMD     (  102): 
E/SMD     (  102): +ECIND: 3,1
E/SMD     (  102): 
E/SMD     (  102): Before the Modem Read select 
E/DataRouter(  100): [socket:13]******* Received data notification *******
E/DataRouter(  100): [socket:13]read socket data[len:1]
E/DataRouter(  100): [socket:13]read socket data[message:C
E/DataRouter(  100): write [1] bytes of data to USB fd[10]
E/DataRouter(  100): [socket:13]dr_usb_write
E/DataRouter(  100): Before the usb select 
E/DataRouter(  100): After the usb select 
E/DataRouter(  100): read usb data[len:1]
E/DataRouter(  100): read usb data message:A
E/SMD     (  102): ***Received data notification[DR->SMD]***
E/SMD     (  102): Message:A
E/SMD     (  102): Sending data to SMD: Len = [1]
E/SMD     (  102):  buffer = [A]
E/SMD     (  102): Wrote 1 chars to SMD PORT fd=7 ch = 41
E/SMD     (  102): After the Modem Read select 
E/SMD     (  102): Read 1 chars from SMD Modem file fd = 7
E/SMD     (  102):  Message: A
E/SMD     (  102): OK
E/SMD     (  102): R
E/SMD     (  102): B7
E/SMD     (  102): 
E/SMD     (  102): OK
E/SMD     (  102): ication CO.
E/SMD     (  102): 
E/SMD     (  102): OK
E/SMD     (  102): "LD",0,"MC",0,"RC",0,"ME",0
E/SMD     (  102): 
E/SMD     (  102): +ECIND: 3,1
E/SMD     (  102): 
E/SMD     (  102): Before the Modem Read select 
E/DataRouter(  100): [socket:13]******* Received data notification *******
E/DataRouter(  100): [socket:13]read socket data[len:1]
E/DataRouter(  100): [socket:13]read socket data[message:A
E/DataRouter(  100): write [1] bytes of data to USB fd[10]
E/DataRouter(  100): [socket:13]dr_usb_write
E/DataRouter(  100): Before the usb select 
E/DataRouter(  100): After the usb select 
E/DataRouter(  100): read usb data[len:1]
E/DataRouter(  100): read usb data message:P
E/SMD     (  102): ***Received data notification[DR->SMD]***
E/SMD     (  102): Message:P
E/SMD     (  102): Sending data to SMD: Len = [1]
E/SMD     (  102):  buffer = [P]
E/SMD     (  102): Wrote 1 chars to SMD PORT fd=7 ch = 50
E/SMD     (  102): After the Modem Read select 
E/SMD     (  102): Read 1 chars from SMD Modem file fd = 7
E/SMD     (  102):  Message: P
E/SMD     (  102): OK
E/SMD     (  102): R
E/SMD     (  102): B7
E/SMD     (  102): 
E/SMD     (  102): OK
E/SMD     (  102): ication CO.
E/SMD     (  102): 
E/SMD     (  102): OK
E/SMD     (  102): "LD",0,"MC",0,"RC",0,"ME",0
E/SMD     (  102): 
E/SMD     (  102): +ECIND: 3,1
E/SMD     (  102): 
E/SMD     (  102): Before the Modem Read select 
E/DataRouter(  100): [socket:13]******* Received data notification *******
E/DataRouter(  100): [socket:13]read socket data[len:1]
E/DataRouter(  100): [socket:13]read socket data[message:P
E/DataRouter(  100): write [1] bytes of data to USB fd[10]
E/DataRouter(  100): [socket:13]dr_usb_write
E/DataRouter(  100): Before the usb select 
E/DataRouter(  100): After the usb select 
E/DataRouter(  100): read usb data[len:1]
E/DataRouter(  100): read usb data message:
E/SMD     (  102): ***Received data notification[DR->SMD]***
E/SMD     (  102): Message:
E/SMD     (  102): Sending data to SMD: Len = [1]
E/SMD     (  102):  buffer = []
E/SMD     (  102): Wrote 1 chars to SMD PORT fd=7 ch = d
E/SMD     (  102): After the Modem Read select 
E/SMD     (  102): Read 1 chars from SMD Modem file fd = 7
E/SMD     (  102):  Message: 
E/SMD     (  102): OK
E/SMD     (  102): R
E/SMD     (  102): B7
E/SMD     (  102): 
E/SMD     (  102): OK
E/SMD     (  102): ication CO.
E/SMD     (  102): 
E/SMD     (  102): OK
E/SMD     (  102): "LD",0,"MC",0,"RC",0,"ME",0
E/SMD     (  102): 
E/SMD     (  102): +ECIND: 3,1
E/SMD     (  102): 
E/SMD     (  102): Before the Modem Read select 
E/DataRouter(  100): [socket:13]******* Received data notification *******
E/DataRouter(  100): [socket:13]read socket data[len:1]
E/DataRouter(  100): [socket:13]read socket data[message:
E/DataRouter(  100): write [1] bytes of data to USB fd[10]
E/DataRouter(  100): [socket:13]dr_usb_write
E/DataRouter(  100): Before the usb select 
D/SPRDENG (  151): eng_servermodem_comm: use SIM1 /dev/CHNPTY13
D/SPRDENG (  151): AT > AT+GCAP
D/SPRDENG (  151): 41
D/SPRDENG (  151): 54
D/SPRDENG (  151): 2b
D/SPRDENG (  151): 47
D/SPRDENG (  151): 43
D/SPRDENG (  151): 41
D/SPRDENG (  151): 50
D/SPRDENG (  151): d
D/SPRDENG (  151): eng_modem2server: use SIM1 /dev/CHNPTY13
D/SPRDENG (  151): AT < 
D/SPRDENG (  151): +CME ERROR: 4
D/SPRDENG (  151): 
E/SMD     (  102): After the Modem Read select 
E/SMD     (  102): Read 17 chars from SMD Modem file fd = 7
E/SMD     (  102):  Message: 
E/SMD     (  102): +CME ERROR: 4
E/SMD     (  102): 
E/SMD     (  102): ication CO.
E/SMD     (  102): 
E/SMD     (  102): OK
E/SMD     (  102): "LD",0,"MC",0,"RC",0,"ME",0
E/SMD     (  102): 
E/SMD     (  102): +ECIND: 3,1
E/SMD     (  102): 
E/SMD     (  102): Before the Modem Read select 
E/DataRouter(  100): [socket:13]******* Received data notification *******
E/DataRouter(  100): [socket:13]read socket data[len:17]
E/DataRouter(  100): [socket:13]read socket data[message:
E/DataRouter(  100): +CME ERROR: 4
E/DataRouter(  100): 
E/DataRouter(  100): write [17] bytes of data to USB fd[10]
E/DataRouter(  100): [socket:13]dr_usb_write
E/DataRouter(  100): After the usb select 
E/DataRouter(  100): read usb data[len:1]
E/DataRouter(  100): read usb data message:A
E/SMD     (  102): ***Received data notification[DR->SMD]***
E/SMD     (  102): Message:A
E/SMD     (  102): Sending data to SMD: Len = [1]
E/SMD     (  102):  buffer = [A]
E/SMD     (  102): Wrote 1 chars to SMD PORT fd=7 ch = 41
E/SMD     (  102): After the Modem Read select 
E/SMD     (  102): Read 1 chars from SMD Modem file fd = 7
E/SMD     (  102):  Message: A
E/SMD     (  102): +CME ERROR: 4
E/SMD     (  102): 
E/SMD     (  102): ication CO.
E/SMD     (  102): 
E/SMD     (  102): OK
E/SMD     (  102): "LD",0,"MC",0,"RC",0,"ME",0
E/SMD     (  102): 
E/SMD     (  102): +ECIND: 3,1
E/SMD     (  102): 
E/SMD     (  102): Before the Modem Read select 
E/DataRouter(  100): [socket:13]******* Received data notification *******
E/DataRouter(  100): [socket:13]read socket data[len:1]
E/DataRouter(  100): [socket:13]read socket data[message:A
E/DataRouter(  100): write [1] bytes of data to USB fd[10]
E/DataRouter(  100): [socket:13]dr_usb_write
E/DataRouter(  100): Before the usb select 
E/DataRouter(  100): After the usb select 
E/DataRouter(  100): read usb data[len:1]
E/DataRouter(  100): read usb data message:T
E/SMD     (  102): ***Received data notification[DR->SMD]***
E/SMD     (  102): Message:T
E/SMD     (  102): Sending data to SMD: Len = [1]
E/SMD     (  102):  buffer = [T]
E/SMD     (  102): Wrote 1 chars to SMD PORT fd=7 ch = 54
E/SMD     (  102): After the Modem Read select 
E/SMD     (  102): Read 1 chars from SMD Modem file fd = 7
E/SMD     (  102):  Message: T
E/SMD     (  102): +CME ERROR: 4
E/SMD     (  102): 
E/SMD     (  102): ication CO.
E/SMD     (  102): 
E/SMD     (  102): OK
E/SMD     (  102): "LD",0,"MC",0,"RC",0,"ME",0
E/SMD     (  102): 
E/SMD     (  102): +ECIND: 3,1
E/SMD     (  102): 
E/SMD     (  102): Before the Modem Read select 
E/DataRouter(  100): [socket:13]******* Received data notification *******
E/DataRouter(  100): [socket:13]read socket data[len:1]
E/DataRouter(  100): [socket:13]read socket data[message:T
E/DataRouter(  100): write [1] bytes of data to USB fd[10]
E/DataRouter(  100): [socket:13]dr_usb_write
E/DataRouter(  100): Before the usb select 
E/DataRouter(  100): After the usb select 
E/DataRouter(  100): read usb data[len:1]
E/DataRouter(  100): read usb data message:I
E/SMD     (  102): ***Received data notification[DR->SMD]***
E/SMD     (  102): Message:I
E/SMD     (  102): Sending data to SMD: Len = [1]
E/SMD     (  102):  buffer = [I]
E/SMD     (  102): Wrote 1 chars to SMD PORT fd=7 ch = 49
E/SMD     (  102): After the Modem Read select 
E/SMD     (  102): Read 1 chars from SMD Modem file fd = 7
E/SMD     (  102):  Message: I
E/SMD     (  102): +CME ERROR: 4
E/SMD     (  102): 
E/SMD     (  102): ication CO.
E/SMD     (  102): 
E/SMD     (  102): OK
E/SMD     (  102): "LD",0,"MC",0,"RC",0,"ME",0
E/SMD     (  102): 
E/SMD     (  102): +ECIND: 3,1
E/SMD     (  102): 
E/SMD     (  102): Before the Modem Read select 
E/DataRouter(  100): [socket:13]******* Received data notification *******
E/DataRouter(  100): [socket:13]read socket data[len:1]
E/DataRouter(  100): [socket:13]read socket data[message:I
E/DataRouter(  100): write [1] bytes of data to USB fd[10]
E/DataRouter(  100): [socket:13]dr_usb_write
E/DataRouter(  100): Before the usb select 
E/DataRouter(  100): After the usb select 
E/DataRouter(  100): read usb data[len:1]
E/DataRouter(  100): read usb data message:
E/SMD     (  102): ***Received data notification[DR->SMD]***
E/SMD     (  102): Message:
E/SMD     (  102): Sending data to SMD: Len = [1]
E/SMD     (  102):  buffer = []
E/SMD     (  102): Wrote 1 chars to SMD PORT fd=7 ch = d
E/SMD     (  102): After the Modem Read select 
E/SMD     (  102): Read 1 chars from SMD Modem file fd = 7
E/SMD     (  102):  Message: 
E/SMD     (  102): +CME ERROR: 4
E/SMD     (  102): 
E/SMD     (  102): ication CO.
E/SMD     (  102): 
E/SMD     (  102): OK
E/SMD     (  102): "LD",0,"MC",0,"RC",0,"ME",0
E/SMD     (  102): 
E/SMD     (  102): +ECIND: 3,1
E/SMD     (  102): 
E/SMD     (  102): Before the Modem Read select 
E/DataRouter(  100): [socket:13]******* Received data notification *******
E/DataRouter(  100): [socket:13]read socket data[len:1]
E/DataRouter(  100): [socket:13]read socket data[message:
E/DataRouter(  100): write [1] bytes of data to USB fd[10]
E/DataRouter(  100): [socket:13]dr_usb_write
E/DataRouter(  100): Before the usb select 
D/SPRDENG (  151): eng_servermodem_comm: use SIM1 /dev/CHNPTY13
D/SPRDENG (  151): AT > ATI
D/SPRDENG (  151): 41
D/SPRDENG (  151): 54
D/SPRDENG (  151): 49
D/SPRDENG (  151): d
D/SPRDENG (  151): eng_modem2server: use SIM1 /dev/CHNPTY13
D/SPRDENG (  151): AT < 
D/SPRDENG (  151): +CME ERROR: 4
D/SPRDENG (  151): 
E/SMD     (  102): After the Modem Read select 
E/SMD     (  102): Read 17 chars from SMD Modem file fd = 7
E/SMD     (  102):  Message: 
E/SMD     (  102): +CME ERROR: 4
E/SMD     (  102): 
E/SMD     (  102): ication CO.
E/SMD     (  102): 
E/SMD     (  102): OK
E/SMD     (  102): "LD",0,"MC",0,"RC",0,"ME",0
E/SMD     (  102): 
E/SMD     (  102): +ECIND: 3,1
E/SMD     (  102): 
E/SMD     (  102): Before the Modem Read select 
E/DataRouter(  100): [socket:13]******* Received data notification *******
E/DataRouter(  100): [socket:13]read socket data[len:17]
E/DataRouter(  100): [socket:13]read socket data[message:
E/DataRouter(  100): +CME ERROR: 4
E/DataRouter(  100): 
E/DataRouter(  100): write [17] bytes of data to USB fd[10]
E/DataRouter(  100): [socket:13]dr_usb_write
E/DataRouter(  100): After the usb select 
E/DataRouter(  100): read usb data[len:1]
E/DataRouter(  100): read usb data message:A
E/SMD     (  102): ***Received data notification[DR->SMD]***
E/SMD     (  102): Message:A
E/SMD     (  102): Sending data to SMD: Len = [1]
E/SMD     (  102):  buffer = [A]
E/SMD     (  102): Wrote 1 chars to SMD PORT fd=7 ch = 41
E/SMD     (  102): After the Modem Read select 
E/SMD     (  102): Read 1 chars from SMD Modem file fd = 7
E/SMD     (  102):  Message: A
E/SMD     (  102): +CME ERROR: 4
E/SMD     (  102): 
E/SMD     (  102): ication CO.
E/SMD     (  102): 
E/SMD     (  102): OK
E/SMD     (  102): "LD",0,"MC",0,"RC",0,"ME",0
E/SMD     (  102): 
E/SMD     (  102): +ECIND: 3,1
E/SMD     (  102): 
E/SMD     (  102): Before the Modem Read select 
E/DataRouter(  100): [socket:13]******* Received data notification *******
E/DataRouter(  100): [socket:13]read socket data[len:1]
E/DataRouter(  100): [socket:13]read socket data[message:A
E/DataRouter(  100): write [1] bytes of data to USB fd[10]
E/DataRouter(  100): [socket:13]dr_usb_write
E/DataRouter(  100): Before the usb select 
E/DataRouter(  100): After the usb select 
E/DataRouter(  100): read usb data[len:1]
E/DataRouter(  100): read usb data message:T
E/SMD     (  102): ***Received data notification[DR->SMD]***
E/SMD     (  102): Message:T
E/SMD     (  102): Sending data to SMD: Len = [1]
E/SMD     (  102):  buffer = [T]
E/SMD     (  102): Wrote 1 chars to SMD PORT fd=7 ch = 54
E/SMD     (  102): After the Modem Read select 
E/SMD     (  102): Read 1 chars from SMD Modem file fd = 7
E/SMD     (  102):  Message: T
E/SMD     (  102): +CME ERROR: 4
E/SMD     (  102): 
E/SMD     (  102): ication CO.
E/SMD     (  102): 
E/SMD     (  102): OK
E/SMD     (  102): "LD",0,"MC",0,"RC",0,"ME",0
E/SMD     (  102): 
E/SMD     (  102): +ECIND: 3,1
E/SMD     (  102): 
E/SMD     (  102): Before the Modem Read select 
E/DataRouter(  100): [socket:13]******* Received data notification *******
E/DataRouter(  100): [socket:13]read socket data[len:1]
E/DataRouter(  100): [socket:13]read socket data[message:T
E/DataRouter(  100): write [1] bytes of data to USB fd[10]
E/DataRouter(  100): [socket:13]dr_usb_write
E/DataRouter(  100): Before the usb select 
E/DataRouter(  100): After the usb select 
E/DataRouter(  100): read usb data[len:1]
E/DataRouter(  100): read usb data message:+
E/SMD     (  102): ***Received data notification[DR->SMD]***
E/SMD     (  102): Message:+
E/SMD     (  102): Sending data to SMD: Len = [1]
E/SMD     (  102):  buffer = [+]
E/SMD     (  102): Wrote 1 chars to SMD PORT fd=7 ch = 2b
E/SMD     (  102): After the Modem Read select 
E/SMD     (  102): Read 1 chars from SMD Modem file fd = 7
E/SMD     (  102):  Message: +
E/SMD     (  102): +CME ERROR: 4
E/SMD     (  102): 
E/SMD     (  102): ication CO.
E/SMD     (  102): 
E/SMD     (  102): OK
E/SMD     (  102): "LD",0,"MC",0,"RC",0,"ME",0
E/SMD     (  102): 
E/SMD     (  102): +ECIND: 3,1
E/SMD     (  102): 
E/SMD     (  102): Before the Modem Read select 
E/DataRouter(  100): [socket:13]******* Received data notification *******
E/DataRouter(  100): [socket:13]read socket data[len:1]
E/DataRouter(  100): [socket:13]read socket data[message:+
E/DataRouter(  100): write [1] bytes of data to USB fd[10]
E/DataRouter(  100): [socket:13]dr_usb_write
E/DataRouter(  100): Before the usb select 
E/DataRouter(  100): After the usb select 
E/DataRouter(  100): read usb data[len:1]
E/DataRouter(  100): read usb data message:C
E/SMD     (  102): ***Received data notification[DR->SMD]***
E/SMD     (  102): Message:C
E/SMD     (  102): Sending data to SMD: Len = [1]
E/SMD     (  102):  buffer = [C]
E/SMD     (  102): Wrote 1 chars to SMD PORT fd=7 ch = 43
E/SMD     (  102): After the Modem Read select 
E/SMD     (  102): Read 1 chars from SMD Modem file fd = 7
E/SMD     (  102):  Message: C
E/SMD     (  102): +CME ERROR: 4
E/SMD     (  102): 
E/SMD     (  102): ication CO.
E/SMD     (  102): 
E/SMD     (  102): OK
E/SMD     (  102): "LD",0,"MC",0,"RC",0,"ME",0
E/SMD     (  102): 
E/SMD     (  102): +ECIND: 3,1
E/SMD     (  102): 
E/SMD     (  102): Before the Modem Read select 
E/DataRouter(  100): [socket:13]******* Received data notification *******
E/DataRouter(  100): [socket:13]read socket data[len:1]
E/DataRouter(  100): [socket:13]read socket data[message:C
E/DataRouter(  100): write [1] bytes of data to USB fd[10]
E/DataRouter(  100): [socket:13]dr_usb_write
E/DataRouter(  100): Before the usb select 
E/DataRouter(  100): After the usb select 
E/DataRouter(  100): read usb data[len:1]
E/DataRouter(  100): read usb data message:P
E/SMD     (  102): ***Received data notification[DR->SMD]***
E/SMD     (  102): Message:P
E/SMD     (  102): Sending data to SMD: Len = [1]
E/SMD     (  102):  buffer = [P]
E/SMD     (  102): Wrote 1 chars to SMD PORT fd=7 ch = 50
E/SMD     (  102): After the Modem Read select 
E/SMD     (  102): Read 1 chars from SMD Modem file fd = 7
E/SMD     (  102):  Message: P
E/SMD     (  102): +CME ERROR: 4
E/SMD     (  102): 
E/SMD     (  102): ication CO.
E/SMD     (  102): 
E/SMD     (  102): OK
E/SMD     (  102): "LD",0,"MC",0,"RC",0,"ME",0
E/SMD     (  102): 
E/SMD     (  102): +ECIND: 3,1
E/SMD     (  102): 
E/SMD     (  102): Before the Modem Read select 
E/DataRouter(  100): [socket:13]******* Received data notification *******
E/DataRouter(  100): [socket:13]read socket data[len:1]
E/DataRouter(  100): [socket:13]read socket data[message:P
E/DataRouter(  100): write [1] bytes of data to USB fd[10]
E/DataRouter(  100): [socket:13]dr_usb_write
E/DataRouter(  100): Before the usb select 
E/DataRouter(  100): After the usb select 
E/DataRouter(  100): read usb data[len:1]
E/DataRouter(  100): read usb data message:I
E/SMD     (  102): ***Received data notification[DR->SMD]***
E/SMD     (  102): Message:I
E/SMD     (  102): Sending data to SMD: Len = [1]
E/SMD     (  102):  buffer = [I]
E/SMD     (  102): Wrote 1 chars to SMD PORT fd=7 ch = 49
E/SMD     (  102): After the Modem Read select 
E/SMD     (  102): Read 1 chars from SMD Modem file fd = 7
E/SMD     (  102):  Message: I
E/SMD     (  102): +CME ERROR: 4
E/SMD     (  102): 
E/SMD     (  102): ication CO.
E/SMD     (  102): 
E/SMD     (  102): OK
E/SMD     (  102): "LD",0,"MC",0,"RC",0,"ME",0
E/SMD     (  102): 
E/SMD     (  102): +ECIND: 3,1
E/SMD     (  102): 
E/SMD     (  102): Before the Modem Read select 
E/DataRouter(  100): [socket:13]******* Received data notification *******
E/DataRouter(  100): [socket:13]read socket data[len:1]
E/DataRouter(  100): [socket:13]read socket data[message:I
E/DataRouter(  100): write [1] bytes of data to USB fd[10]
E/DataRouter(  100): [socket:13]dr_usb_write
E/DataRouter(  100): Before the usb select 
E/DataRouter(  100): After the usb select 
E/DataRouter(  100): read usb data[len:1]
E/DataRouter(  100): read usb data message:N
E/SMD     (  102): ***Received data notification[DR->SMD]***
E/SMD     (  102): Message:N
E/SMD     (  102): Sending data to SMD: Len = [1]
E/SMD     (  102):  buffer = [N]
E/SMD     (  102): Wrote 1 chars to SMD PORT fd=7 ch = 4e
E/SMD     (  102): After the Modem Read select 
E/SMD     (  102): Read 1 chars from SMD Modem file fd = 7
E/SMD     (  102):  Message: N
E/SMD     (  102): +CME ERROR: 4
E/SMD     (  102): 
E/SMD     (  102): ication CO.
E/SMD     (  102): 
E/SMD     (  102): OK
E/SMD     (  102): "LD",0,"MC",0,"RC",0,"ME",0
E/SMD     (  102): 
E/SMD     (  102): +ECIND: 3,1
E/SMD     (  102): 
E/SMD     (  102): Before the Modem Read select 
E/DataRouter(  100): [socket:13]******* Received data notification *******
E/DataRouter(  100): [socket:13]read socket data[len:1]
E/DataRouter(  100): [socket:13]read socket data[message:N
E/DataRouter(  100): write [1] bytes of data to USB fd[10]
E/DataRouter(  100): [socket:13]dr_usb_write
E/DataRouter(  100): Before the usb select 
E/DataRouter(  100): After the usb select 
E/DataRouter(  100): read usb data[len:1]
E/DataRouter(  100): read usb data message:?
E/SMD     (  102): ***Received data notification[DR->SMD]***
E/SMD     (  102): Message:?
E/SMD     (  102): Sending data to SMD: Len = [1]
E/SMD     (  102):  buffer = [?]
E/SMD     (  102): Wrote 1 chars to SMD PORT fd=7 ch = 3f
E/SMD     (  102): After the Modem Read select 
E/SMD     (  102): Read 1 chars from SMD Modem file fd = 7
E/SMD     (  102):  Message: ?
E/SMD     (  102): +CME ERROR: 4
E/SMD     (  102): 
E/SMD     (  102): ication CO.
E/SMD     (  102): 
E/SMD     (  102): OK
E/SMD     (  102): "LD",0,"MC",0,"RC",0,"ME",0
E/SMD     (  102): 
E/SMD     (  102): +ECIND: 3,1
E/SMD     (  102): 
E/SMD     (  102): Before the Modem Read select 
E/DataRouter(  100): [socket:13]******* Received data notification *******
E/DataRouter(  100): [socket:13]read socket data[len:1]
E/DataRouter(  100): [socket:13]read socket data[message:?
E/DataRouter(  100): write [1] bytes of data to USB fd[10]
E/DataRouter(  100): [socket:13]dr_usb_write
E/DataRouter(  100): Before the usb select 
E/DataRouter(  100): After the usb select 
E/DataRouter(  100): read usb data[len:1]
E/DataRouter(  100): read usb data message:
E/SMD     (  102): ***Received data notification[DR->SMD]***
E/SMD     (  102): Message:
E/SMD     (  102): Sending data to SMD: Len = [1]
E/SMD     (  102):  buffer = []
E/SMD     (  102): Wrote 1 chars to SMD PORT fd=7 ch = d
E/SMD     (  102): After the Modem Read select 
E/SMD     (  102): Read 1 chars from SMD Modem file fd = 7
E/SMD     (  102):  Message: 
E/SMD     (  102): +CME ERROR: 4
E/SMD     (  102): 
E/SMD     (  102): ication CO.
E/SMD     (  102): 
E/SMD     (  102): OK
E/SMD     (  102): "LD",0,"MC",0,"RC",0,"ME",0
E/SMD     (  102): 
E/SMD     (  102): +ECIND: 3,1
E/SMD     (  102): 
E/SMD     (  102): Before the Modem Read select 
E/DataRouter(  100): [socket:13]******* Received data notification *******
E/DataRouter(  100): [socket:13]read socket data[len:1]
E/DataRouter(  100): [socket:13]read socket data[message:
E/DataRouter(  100): write [1] bytes of data to USB fd[10]
E/DataRouter(  100): [socket:13]dr_usb_write
E/DataRouter(  100): Before the usb select 
D/SPRDENG (  151): eng_servermodem_comm: use SIM1 /dev/CHNPTY13
D/SPRDENG (  151): AT > AT+CPIN?
D/SPRDENG (  151): 41
D/SPRDENG (  151): 54
D/SPRDENG (  151): 2b
D/SPRDENG (  151): 43
D/SPRDENG (  151): 50
D/SPRDENG (  151): 49
D/SPRDENG (  151): 4e
D/SPRDENG (  151): 3f
D/SPRDENG (  151): d
D/SPRDENG (  151): eng_modem2server: use SIM1 /dev/CHNPTY13
D/SPRDENG (  151): AT < 
D/SPRDENG (  151): +CME ERROR: 10
D/SPRDENG (  151): 
E/SMD     (  102): After the Modem Read select 
E/SMD     (  102): Read 18 chars from SMD Modem file fd = 7
E/SMD     (  102):  Message: 
E/SMD     (  102): +CME ERROR: 10
E/SMD     (  102): 
E/SMD     (  102): ication CO.
E/SMD     (  102): 
E/SMD     (  102): OK
E/SMD     (  102): "LD",0,"MC",0,"RC",0,"ME",0
E/SMD     (  102): 
E/SMD     (  102): +ECIND: 3,1
E/SMD     (  102): 
E/SMD     (  102): Before the Modem Read select 
E/DataRouter(  100): [socket:13]******* Received data notification *******
E/DataRouter(  100): [socket:13]read socket data[len:18]
E/DataRouter(  100): [socket:13]read socket data[message:
E/DataRouter(  100): +CME ERROR: 10
E/DataRouter(  100): 
E/DataRouter(  100): write [18] bytes of data to USB fd[10]
E/DataRouter(  100): [socket:13]dr_usb_write
E/DataRouter(  100): After the usb select 
E/DataRouter(  100): read usb data[len:1]
E/DataRouter(  100): read usb data message:A
E/SMD     (  102): ***Received data notification[DR->SMD]***
E/SMD     (  102): Message:A
E/SMD     (  102): Sending data to SMD: Len = [1]
E/SMD     (  102):  buffer = [A]
E/SMD     (  102): Wrote 1 chars to SMD PORT fd=7 ch = 41
E/SMD     (  102): After the Modem Read select 
E/SMD     (  102): Read 1 chars from SMD Modem file fd = 7
E/SMD     (  102):  Message: A
E/SMD     (  102): +CME ERROR: 10
E/SMD     (  102): 
E/SMD     (  102): ication CO.
E/SMD     (  102): 
E/SMD     (  102): OK
E/SMD     (  102): "LD",0,"MC",0,"RC",0,"ME",0
E/SMD     (  102): 
E/SMD     (  102): +ECIND: 3,1
E/SMD     (  102): 
E/SMD     (  102): Before the Modem Read select 
E/DataRouter(  100): [socket:13]******* Received data notification *******
E/DataRouter(  100): [socket:13]read socket data[len:1]
E/DataRouter(  100): [socket:13]read socket data[message:A
E/DataRouter(  100): write [1] bytes of data to USB fd[10]
E/DataRouter(  100): [socket:13]dr_usb_write
E/DataRouter(  100): Before the usb select 
E/DataRouter(  100): After the usb select 
E/DataRouter(  100): read usb data[len:2]
E/DataRouter(  100): read usb data message:T+
E/SMD     (  102): ***Received data notification[DR->SMD]***
E/SMD     (  102): Path set is DATA_PATH_DR_SMD_MANAGER
E/DataRouter(  100): Before the usb select 
E/DataRouter(  100): After the usb select 
E/DataRouter(  100): read usb data[len:1]
E/DataRouter(  100): read usb data message:C
E/SMD     (  102): ***Received data notification[DR->SMD]***
E/SMD     (  102): Message:C+
E/SMD     (  102): Sending data to SMD: Len = [1]
E/SMD     (  102):  buffer = [C+]
E/SMD     (  102): Wrote 1 chars to SMD PORT fd=7 ch = 43
E/SMD     (  102): After the Modem Read select 
E/SMD     (  102): Read 1 chars from SMD Modem file fd = 7
E/SMD     (  102):  Message: C
E/SMD     (  102): +CME ERROR: 10
E/SMD     (  102): 
E/SMD     (  102): ication CO.
E/SMD     (  102): 
E/SMD     (  102): OK
E/SMD     (  102): "LD",0,"MC",0,"RC",0,"ME",0
E/SMD     (  102): 
E/SMD     (  102): +ECIND: 3,1
E/SMD     (  102): 
E/SMD     (  102): Before the Modem Read select 
E/DataRouter(  100): [socket:13]******* Received data notification *******
E/DataRouter(  100): [socket:13]read socket data[len:1]
E/DataRouter(  100): [socket:13]read socket data[message:C
E/DataRouter(  100): write [1] bytes of data to USB fd[10]
E/DataRouter(  100): [socket:13]dr_usb_write
E/DataRouter(  100): Before the usb select 
E/DataRouter(  100): After the usb select 
E/DataRouter(  100): read usb data[len:1]
E/DataRouter(  100): read usb data message:G
E/SMD     (  102): ***Received data notification[DR->SMD]***
E/SMD     (  102): Message:G
E/SMD     (  102): Sending data to SMD: Len = [1]
E/SMD     (  102):  buffer = [G]
E/SMD     (  102): Wrote 1 chars to SMD PORT fd=7 ch = 47
E/SMD     (  102): After the Modem Read select 
E/SMD     (  102): Read 1 chars from SMD Modem file fd = 7
E/SMD     (  102):  Message: G
E/SMD     (  102): +CME ERROR: 10
E/SMD     (  102): 
E/SMD     (  102): ication CO.
E/SMD     (  102): 
E/SMD     (  102): OK
E/SMD     (  102): "LD",0,"MC",0,"RC",0,"ME",0
E/SMD     (  102): 
E/SMD     (  102): +ECIND: 3,1
E/SMD     (  102): 
E/SMD     (  102): Before the Modem Read select 
E/DataRouter(  100): [socket:13]******* Received data notification *******
E/DataRouter(  100): [socket:13]read socket data[len:1]
E/DataRouter(  100): [socket:13]read socket data[message:G
E/DataRouter(  100): write [1] bytes of data to USB fd[10]
E/DataRouter(  100): [socket:13]dr_usb_write
E/DataRouter(  100): Before the usb select 
E/DataRouter(  100): After the usb select 
E/DataRouter(  100): read usb data[len:1]
E/DataRouter(  100): read usb data message:M
E/SMD     (  102): ***Received data notification[DR->SMD]***
E/SMD     (  102): Message:M
E/SMD     (  102): Sending data to SMD: Len = [1]
E/SMD     (  102):  buffer = [M]
E/SMD     (  102): Wrote 1 chars to SMD PORT fd=7 ch = 4d
E/SMD     (  102): After the Modem Read select 
E/SMD     (  102): Read 1 chars from SMD Modem file fd = 7
E/SMD     (  102):  Message: M
E/SMD     (  102): +CME ERROR: 10
E/SMD     (  102): 
E/SMD     (  102): ication CO.
E/SMD     (  102): 
E/SMD     (  102): OK
E/SMD     (  102): "LD",0,"MC",0,"RC",0,"ME",0
E/SMD     (  102): 
E/SMD     (  102): +ECIND: 3,1
E/SMD     (  102): 
E/SMD     (  102): Before the Modem Read select 
E/DataRouter(  100): [socket:13]******* Received data notification *******
E/DataRouter(  100): [socket:13]read socket data[len:1]
E/DataRouter(  100): [socket:13]read socket data[message:M
E/DataRouter(  100): write [1] bytes of data to USB fd[10]
E/DataRouter(  100): [socket:13]dr_usb_write
E/DataRouter(  100): Before the usb select 
E/DataRouter(  100): After the usb select 
E/DataRouter(  100): read usb data[len:1]
E/DataRouter(  100): read usb data message:M
E/SMD     (  102): ***Received data notification[DR->SMD]***
E/SMD     (  102): Message:M
E/SMD     (  102): Sending data to SMD: Len = [1]
E/SMD     (  102):  buffer = [M]
E/SMD     (  102): Wrote 1 chars to SMD PORT fd=7 ch = 4d
E/SMD     (  102): After the Modem Read select 
E/SMD     (  102): Read 1 chars from SMD Modem file fd = 7
E/SMD     (  102):  Message: M
E/SMD     (  102): +CME ERROR: 10
E/SMD     (  102): 
E/SMD     (  102): ication CO.
E/SMD     (  102): 
E/SMD     (  102): OK
E/SMD     (  102): "LD",0,"MC",0,"RC",0,"ME",0
E/SMD     (  102): 
E/SMD     (  102): +ECIND: 3,1
E/SMD     (  102): 
E/SMD     (  102): Before the Modem Read select 
E/DataRouter(  100): [socket:13]******* Received data notification *******
E/DataRouter(  100): [socket:13]read socket data[len:1]
E/DataRouter(  100): [socket:13]read socket data[message:M
E/DataRouter(  100): write [1] bytes of data to USB fd[10]
E/DataRouter(  100): [socket:13]dr_usb_write
E/DataRouter(  100): Before the usb select 
E/DataRouter(  100): After the usb select 
E/DataRouter(  100): read usb data[len:1]
E/DataRouter(  100): read usb data message:
E/SMD     (  102): ***Received data notification[DR->SMD]***
E/SMD     (  102): Message:
E/SMD     (  102): Sending data to SMD: Len = [1]
E/SMD     (  102):  buffer = []
E/SMD     (  102): Wrote 1 chars to SMD PORT fd=7 ch = d
E/SMD     (  102): After the Modem Read select 
E/SMD     (  102): Read 1 chars from SMD Modem file fd = 7
E/SMD     (  102):  Message: 
E/SMD     (  102): +CME ERROR: 10
E/SMD     (  102): 
E/SMD     (  102): ication CO.
E/SMD     (  102): 
E/SMD     (  102): OK
E/SMD     (  102): "LD",0,"MC",0,"RC",0,"ME",0
E/SMD     (  102): 
E/SMD     (  102): +ECIND: 3,1
E/SMD     (  102): 
E/SMD     (  102): Before the Modem Read select 
E/DataRouter(  100): [socket:13]******* Received data notification *******
E/DataRouter(  100): [socket:13]read socket data[len:1]
E/DataRouter(  100): [socket:13]read socket data[message:
E/DataRouter(  100): write [1] bytes of data to USB fd[10]
E/DataRouter(  100): [socket:13]dr_usb_write
E/DataRouter(  100): Before the usb select 
D/SPRDENG (  151): eng_servermodem_comm: use SIM1 /dev/CHNPTY13
D/SPRDENG (  151): AT > ACGMM
D/SPRDENG (  151): 41
D/SPRDENG (  151): 43
D/SPRDENG (  151): 47
D/SPRDENG (  151): 4d
D/SPRDENG (  151): 4d
D/SPRDENG (  151): d
D/SPRDENG (  151): eng_modem2server: use SIM1 /dev/CHNPTY13
D/SPRDENG (  151): AT < 
D/SPRDENG (  151): ERROR
D/SPRDENG (  151): 
E/SMD     (  102): After the Modem Read select 
E/SMD     (  102): Read 9 chars from SMD Modem file fd = 7
E/SMD     (  102):  Message: 
E/SMD     (  102): ERROR
E/SMD     (  102): ROR: 10
E/SMD     (  102): 
E/SMD     (  102): ication CO.
E/SMD     (  102): 
E/SMD     (  102): OK
E/SMD     (  102): "LD",0,"MC",0,"RC",0,"ME",0
E/SMD     (  102): 
E/SMD     (  102): +ECIND: 3,1
E/SMD     (  102): 
E/SMD     (  102): Before the Modem Read select 
E/DataRouter(  100): [socket:13]******* Received data notification *******
E/DataRouter(  100): [socket:13]read socket data[len:9]
E/DataRouter(  100): [socket:13]read socket data[message:
E/DataRouter(  100): ERROR
E/DataRouter(  100): 
E/DataRouter(  100): write [9] bytes of data to USB fd[10]
E/DataRouter(  100): [socket:13]dr_usb_write
D/dalvikvm(   89): DexOpt: --- END 'ext.jar' (success) ---
D/dalvikvm(   89): DEX prep '/system/framework/ext.jar': unzip in 65ms, rewrite 1416ms
D/dalvikvm(   89): DexOpt: --- BEGIN 'framework.jar' (bootstrap=1) ---
E/dalvikvm(  426): Out-of-order entry types: 0x12bb then 0x12bb
E/dalvikvm(  426): Trouble with item 4441 @ offset 0x160440
E/dalvikvm(  426): Cross-item verify of section type 1003 failed
E/dalvikvm(  426): ERROR: Byte swap + verify failed
E/dalvikvm(  426): Optimization failed
W/dalvikvm(   89): DexOpt: --- END 'framework.jar' --- status=0xff00, process failed
E/dalvikvm(   89): Unable to extract+optimize DEX from '/system/framework/framework.jar'
D/dalvikvm(   89): Unable to process classpath element '/system/framework/framework.jar'
D/dalvikvm(   89): DexOpt: --- BEGIN 'framework2.jar' (bootstrap=1) ---
I/dalvikvm(  428): DexOpt: illegal method access (call Landroid/net/EthernetDataTracker;.<init> ()V from Landroid/net/UsbShareNetStateTracker;)
D/dalvikvm(  428): DexOpt: load 218ms, verify+opt 547ms, 4424764 bytes
D/dalvikvm(   89): DexOpt: --- END 'framework2.jar' (success) ---
D/dalvikvm(   89): DEX prep '/system/framework/framework2.jar': unzip in 328ms, rewrite 3940ms
D/dalvikvm(   89): DexOpt: --- BEGIN 'android.policy.jar' (bootstrap=1) ---
D/dalvikvm(  430): DexOpt: load 43ms, verify+opt 66ms, 1202492 bytes
D/dalvikvm(   89): DexOpt: --- END 'android.policy.jar' (success) ---
D/dalvikvm(   89): DEX prep '/system/framework/android.policy.jar': unzip in 52ms, rewrite 375ms
D/dalvikvm(   89): DexOpt: --- BEGIN 'services.jar' (bootstrap=1) ---
D/dalvikvm(  431): DexOpt: 'Lcom/immersion/EffectHandle;' has an earlier definition; blocking out
D/dalvikvm(  431): DexOpt: 'Lcom/immersion/PeriodicEffectDefinition;' has an earlier definition; blocking out
D/dalvikvm(  431): DexOpt: 'Lcom/immersion/ImmVibeAPI;' has an earlier definition; blocking out
D/dalvikvm(  431): DexOpt: 'Lcom/immersion/ImmVibe;' has an earlier definition; blocking out
D/dalvikvm(  431): DexOpt: 'Lcom/immersion/IVTElement;' has an earlier definition; blocking out
D/dalvikvm(  431): DexOpt: 'Lcom/immersion/IVTMagSweepElement;' has an earlier definition; blocking out
D/dalvikvm(  431): DexOpt: 'Lcom/immersion/IVTBuffer;' has an earlier definition; blocking out
D/dalvikvm(  431): DexOpt: 'Lcom/immersion/Device;' has an earlier definition; blocking out
D/dalvikvm(  431): DexOpt: 'Lcom/immersion/IVTWaveformElement;' has an earlier definition; blocking out
D/dalvikvm(  431): DexOpt: 'Lcom/immersion/WaveformEffectDefinition;' has an earlier definition; blocking out
D/dalvikvm(  431): DexOpt: 'Lcom/immersion/IVTPeriodicElement;' has an earlier definition; blocking out
D/dalvikvm(  431): DexOpt: 'Lcom/immersion/MagSweepEffectDefinition;' has an earlier definition; blocking out
D/dalvikvm(  431): DexOpt: 'Lcom/immersion/IVTRepeatElement;' has an earlier definition; blocking out
D/dalvikvm(  431): DexOpt: 'Lcom/immersion/android/EffectHandle;' has an earlier definition; blocking out
D/dalvikvm(  431): DexOpt: 'Lcom/immersion/android/ImmVibe;' has an earlier definition; blocking out
D/dalvikvm(  431): DexOpt: 'Lcom/immersion/android/Device;' has an earlier definition; blocking out
D/dalvikvm(  431): DexOpt: not verifying/optimizing 'Lcom/immersion/EffectHandle;': multiple definitions
D/dalvikvm(  431): DexOpt: not verifying/optimizing 'Lcom/immersion/PeriodicEffectDefinition;': multiple definitions
D/dalvikvm(  431): DexOpt: not verifying/optimizing 'Lcom/immersion/ImmVibeAPI;': multiple definitions
D/dalvikvm(  431): DexOpt: not verifying/optimizing 'Lcom/immersion/ImmVibe;': multiple definitions
D/dalvikvm(  431): DexOpt: not verifying/optimizing 'Lcom/immersion/IVTElement;': multiple definitions
D/dalvikvm(  431): DexOpt: not verifying/optimizing 'Lcom/immersion/IVTMagSweepElement;': multiple definitions
D/dalvikvm(  431): DexOpt: not verifying/optimizing 'Lcom/immersion/IVTBuffer;': multiple definitions
D/dalvikvm(  431): DexOpt: not verifying/optimizing 'Lcom/immersion/Device;': multiple definitions
D/dalvikvm(  431): DexOpt: not verifying/optimizing 'Lcom/immersion/IVTWaveformElement;': multiple definitions
D/dalvikvm(  431): DexOpt: not verifying/optimizing 'Lcom/immersion/WaveformEffectDefinition;': multiple definitions
D/dalvikvm(  431): DexOpt: not verifying/optimizing 'Lcom/immersion/IVTPeriodicElement;': multiple definitions
D/dalvikvm(  431): DexOpt: not verifying/optimizing 'Lcom/immersion/MagSweepEffectDefinition;': multiple definitions
D/dalvikvm(  431): DexOpt: not verifying/optimizing 'Lcom/immersion/IVTRepeatElement;': multiple definitions
D/dalvikvm(  431): DexOpt: not verifying/optimizing 'Lcom/immersion/android/EffectHandle;': multiple definitions
D/dalvikvm(  431): DexOpt: not verifying/optimizing 'Lcom/immersion/android/ImmVibe;': multiple definitions
D/dalvikvm(  431): DexOpt: not verifying/optimizing 'Lcom/immersion/android/Device;': multiple definitions
D/dalvikvm(  431): DexOpt: load 71ms, verify+opt 133ms, 1431124 bytes
D/dalvikvm(   89): DexOpt: --- END 'services.jar' (success) ---
D/dalvikvm(   89): DEX prep '/system/framework/services.jar': unzip in 177ms, rewrite 1454ms
D/dalvikvm(   89): DexOpt: --- BEGIN 'apache-xml.jar' (bootstrap=1) ---
D/dalvikvm(  432): DexOpt: load 59ms, verify+opt 586ms, 833364 bytes
D/dalvikvm(   89): DexOpt: --- END 'apache-xml.jar' (success) ---
D/dalvikvm(   89): DEX prep '/system/framework/apache-xml.jar': unzip in 57ms, rewrite 1388ms
D/dalvikvm(   89): DexOpt: --- BEGIN 'sec_edm.jar' (bootstrap=1) ---
D/dalvikvm(  433): DexOpt: load 24ms, verify+opt 7ms, 441268 bytes
D/dalvikvm(   89): DexOpt: --- END 'sec_edm.jar' (success) ---
D/dalvikvm(   89): DEX prep '/system/framework/sec_edm.jar': unzip in 28ms, rewrite 250ms
D/dalvikvm(   89): Trying to load lib libjavacore.so 0x0
D/dalvikvm(   89): Added shared lib libjavacore.so 0x0
D/dalvikvm(   89): Trying to load lib libnativehelper.so 0x0
D/dalvikvm(   89): Added shared lib libnativehelper.so 0x0
E/JNIHelp (   89): Native registration unable to find class 'android/debug/JNITest', aborting
F/libc    (   89): Fatal signal 11 (SIGSEGV) at 0xdeadbaad (code=1), thread 89 (zygote)
I/DEBUG   (   87): *** *** *** *** *** *** *** *** *** *** *** *** *** *** *** ***
I/DEBUG   (   87): Build fingerprint: 'samsung/nevis3gzm/nevis3gcmcc:4.1.2/JZO54K/S6818ZMAMF8:user/release-keys'
I/DEBUG   (   87): pid: 89, tid: 89, name: zygote  >>> zygote <<<
I/DEBUG   (   87): signal 11 (SIGSEGV), code 1 (SEGV_MAPERR), fault addr deadbaad
I/DEBUG   (   87):     r0 00000027  r1 deadbaad  r2 40162b0c  r3 00000000
I/DEBUG   (   87):     r4 00000000  r5 becd89ec  r6 40261e68  r7 00000002
I/DEBUG   (   87):     r8 4026a810  r9 40052fc1  sl 40052f94  fp 40052fca
I/DEBUG   (   87):     ip 40043fe0  sp becd89e8  lr 40134c19  pc 401312b6  cpsr 60800030
I/DEBUG   (   87):     d0  0000000000000004  d1  0000000000000000
I/DEBUG   (   87):     d2  0000000000000000  d3  0000000000000000
I/DEBUG   (   87):     d4  0000000000000000  d5  0000000000000000
I/DEBUG   (   87):     d6  0000000000000000  d7  011c75b900000000
I/DEBUG   (   87):     d8  0000000000000000  d9  0000000000000000
I/DEBUG   (   87):     d10 0000000000000000  d11 0000000000000000
I/DEBUG   (   87):     d12 0000000000000000  d13 0000000000000000
I/DEBUG   (   87):     d14 0000000000000000  d15 0000000000000000
I/DEBUG   (   87):     d16 0000000000000017  d17 0000000000000000
I/DEBUG   (   87):     d18 0000000000000000  d19 0000000000000000
I/DEBUG   (   87):     d20 0000000000000000  d21 0000000000000000
I/DEBUG   (   87):     d22 0000000000000000  d23 0000000000000000
I/DEBUG   (   87):     d24 0000000000000000  d25 0000000000000000
I/DEBUG   (   87):     d26 0000000000000000  d27 0000000000000000
I/DEBUG   (   87):     d28 0000000000000000  d29 0000000000000000
I/DEBUG   (   87):     d30 0000000000000000  d31 0000000000000000
I/DEBUG   (   87):     scr 60000010
I/DEBUG   (   87): 
I/DEBUG   (   87): backtrace:
I/DEBUG   (   87):     #00  pc 000182b6  /system/lib/libc.so
I/DEBUG   (   87):     #01  pc 0000dbe4  /system/lib/libc.so (abort+4)
I/DEBUG   (   87):     #02  pc 00000955  /system/lib/libnativehelper.so (jniRegisterNativeMethods+72)
I/DEBUG   (   87):     #03  pc 0004d05b  /system/lib/libandroid_runtime.so (android::AndroidRuntime::startReg(_JNIEnv*)+34)
I/DEBUG   (   87):     #04  pc 0004d159  /system/lib/libandroid_runtime.so (android::AndroidRuntime::start(char const*, char const*)+200)
I/DEBUG   (   87):     #05  pc 00000dcf  /system/bin/app_process
I/DEBUG   (   87): 
I/DEBUG   (   87): stack:
I/DEBUG   (   87):          becd89a8  40f8bf30  
I/DEBUG   (   87):          becd89ac  413e9510  /dev/ashmem/dalvik-heap (deleted)
I/DEBUG   (   87):          becd89b0  413d3780  [heap]
I/DEBUG   (   87):          becd89b4  413eaf88  /dev/ashmem/dalvik-heap (deleted)
I/DEBUG   (   87):          becd89b8  00000000  
I/DEBUG   (   87):          becd89bc  4012ff4d  /system/lib/libc.so (free+12)
I/DEBUG   (   87):          becd89c0  4015d7b8  /system/lib/libc.so
I/DEBUG   (   87):          becd89c4  4015d718  /system/lib/libc.so
I/DEBUG   (   87):          becd89c8  00000000  
I/DEBUG   (   87):          becd89cc  40134c19  /system/lib/libc.so (_fwalk+32)
I/DEBUG   (   87):          becd89d0  00000001  
I/DEBUG   (   87):          becd89d4  becd89ec  [stack]
I/DEBUG   (   87):          becd89d8  40261e68  /system/lib/libandroid_runtime.so
I/DEBUG   (   87):          becd89dc  00000002  
I/DEBUG   (   87):          becd89e0  df0027ad  
I/DEBUG   (   87):          becd89e4  00000000  
I/DEBUG   (   87):     #00  becd89e8  becd8a04  [stack]
I/DEBUG   (   87):          becd89ec  fffffbdf  
I/DEBUG   (   87):          becd89f0  00000000  
I/DEBUG   (   87):          becd89f4  408355d5  /system/lib/libdvm.so
I/DEBUG   (   87):          becd89f8  00000000  
I/DEBUG   (   87):          becd89fc  53e88aa9  
I/DEBUG   (   87):          becd8a00  413d2f38  [heap]
I/DEBUG   (   87):          becd8a04  413d2f38  [heap]
I/DEBUG   (   87):          becd8a08  40255eb5  /system/lib/libandroid_runtime.so
I/DEBUG   (   87):          becd8a0c  40126be8  /system/lib/libc.so (__pthread_clone)
I/DEBUG   (   87):     #01  becd8a10  53e88aa9  
I/DEBUG   (   87):          becd8a14  40041959  /system/lib/libnativehelper.so (jniRegisterNativeMethods+76)
I/DEBUG   (   87):     #02  becd8a18  413d2f38  [heap]
I/DEBUG   (   87):          becd8a1c  00000000  
I/DEBUG   (   87):          becd8a20  413d2f38  [heap]
I/DEBUG   (   87):          becd8a24  00000000  
I/DEBUG   (   87):          becd8a28  40261e68  /system/lib/libandroid_runtime.so
I/DEBUG   (   87):          becd8a2c  40052f9b  /system/bin/app_process
I/DEBUG   (   87):          becd8a30  40052ffb  /system/bin/app_process
I/DEBUG   (   87):          becd8a34  401e205d  /system/lib/libandroid_runtime.so (android::AndroidRuntime::startReg(_JNIEnv*)+36)
I/DEBUG   (   87): 
I/DEBUG   (   87): memory near r2:
I/DEBUG   (   87):     40162aec 00000000 00000000 00000000 00000000  ................
I/DEBUG   (   87):     40162afc 00000000 00000000 00000000 00000000  ................
I/DEBUG   (   87):     40162b0c 00000001 00000000 00000000 00000000  ................
I/DEBUG   (   87):     40162b1c 00000000 00000000 00000000 00000000  ................
I/DEBUG   (   87):     40162b2c 00000000 00000000 00000000 00000000  ................
I/DEBUG   (   87): 
I/DEBUG   (   87): memory near r5:
I/DEBUG   (   87):     becd89cc 40134c19 00000001 becd89ec 40261e68  .L.@........h.&@
I/DEBUG   (   87):     becd89dc 00000002 df0027ad 00000000 becd8a04  .....'..........
I/DEBUG   (   87):     becd89ec fffffbdf 00000000 408355d5 00000000  .........U.@....
I/DEBUG   (   87):     becd89fc 53e88aa9 413d2f38 413d2f38 40255eb5  ...S8/=A8/=A.^%@
I/DEBUG   (   87):     becd8a0c 40126be8 53e88aa9 40041959 413d2f38  .k.@...SY..@8/=A
I/DEBUG   (   87): 
I/DEBUG   (   87): memory near r6:
I/DEBUG   (   87):     40261e48 00000000 00000000 401e1119 401e113d  ...........@=..@
I/DEBUG   (   87):     40261e58 401e06c1 40006901 401e06c1 401e06c1  ...@.i.@...@...@
I/DEBUG   (   87):     40261e68 40212d05 401e1101 401f8ef5 40200165  .-!@...@...@e. @
I/DEBUG   (   87):     40261e78 4020049d 40200801 40200975 401fc4b1  .. @.. @u. @...@
I/DEBUG   (   87):     40261e88 401fe121 40201dd1 402021c5 401eff69  !..@.. @.! @i..@
I/DEBUG   (   87): 
I/DEBUG   (   87): memory near r8:
I/DEBUG   (   87):     4026a7f0 40255da8 4021296d 40255dc3 40245863  .]%@m)!@.]%@cX$@
I/DEBUG   (   87):     4026a800 40212939 40255dd9 40245d41 40212905  9)!@.]%@A]$@.)!@
I/DEBUG   (   87):     4026a810 40255ecb 40255ed1 40212c2d 40255eeb  .^%@.^%@-,!@.^%@
I/DEBUG   (   87):     4026a820 4024c2d7 40212bcd 40249fdb 40246105  ..$@.+!@..$@.a$@
I/DEBUG   (   87):     4026a830 40212d63 40255fc6 40245b6b 40212d69  c-!@._%@k[$@i-!@
I/DEBUG   (   87): 
I/DEBUG   (   87): memory near r9:
I/DEBUG   (   87):     40052fa0 7379732d 2d6d6574 76726573 00007265  -system-server..
I/DEBUG   (   87):     40052fb0 6c707061 74616369 006e6f69 6c6f6f74  application.tool
I/DEBUG   (   87):     40052fc0 7a2d2d00 746f6779 2d2d0065 72617473  .--zygote.--star
I/DEBUG   (   87):     40052fd0 79732d74 6d657473 7265732d 00726576  t-system-server.
I/DEBUG   (   87):     40052fe0 70612d2d 63696c70 6f697461 2d2d006e  --application.--
I/DEBUG   (   87): 
I/DEBUG   (   87): memory near sl:
I/DEBUG   (   87):     40052f74 20726964 72617473 6c632d74 2d737361  dir start-class-
