E/Zygote  ( 1659): 	at java.lang.Class.forName(Class.java:172)
E/Zygote  ( 1659): 	at com.android.internal.os.ZygoteInit$2.run(ZygoteInit.java:468)
E/Zygote  ( 1659): 	at java.lang.Thread.run(Thread.java:856)
E/Zygote  ( 1659): Caused by: java.lang.VerifyError: android/mtp/MtpDatabase
E/Zygote  ( 1659): 	at java.lang.Runtime.nativeLoad(Native Method)
E/Zygote  ( 1659): 	at java.lang.Runtime.loadLibrary(Runtime.java:382)
E/Zygote  ( 1659): 	at java.lang.System.loadLibrary(System.java:535)
E/Zygote  ( 1659): 	at android.media.CameraProfile.<clinit>(CameraProfile.java:92)
E/Zygote  ( 1659): 	... 5 more
W/dalvikvm( 1659): threadid=6: thread exiting with uncaught exception (group=0x410b32b8)
E/DataRouter(   99): After the usb select 
E/DataRouter(   99): read usb data[len:1]
E/DataRouter(   99): read usb data message:
E/DataRouter(   99): Before the usb select 
E/SMD     (  101): ***Received data notification[DR->SMD]***
E/SMD     (  101): Message:
E/SMD     (  101): Sending data to SMD: Len = [1]
E/SMD     (  101):  buffer = []
E/SMD     (  101): Wrote 1 chars to SMD PORT fd=7 ch = d
E/SMD     (  101): After the Modem Read select 
E/SMD     (  101): Read 1 chars from SMD Modem file fd = 7
E/SMD     (  101):  Message: TE1 E0
E/SMD     (  101): OK
E/SMD     (  101): 
E/SMD     (  101): Before the Modem Read select 
E/DataRouter(   99): [socket:13]******* Received data notification *******
E/DataRouter(   99): [socket:13]read socket data[len:1]
E/DataRouter(   99): [socket:13]read socket data[message:
E/DataRouter(   99): write [1] bytes of data to USB fd[9]
E/DataRouter(   99): [socket:13]dr_usb_write
D/SPRDENG (  175): eng_servermodem_comm: use SIM1 /dev/CHNPTY13
D/SPRDENG (  175): AT > AT+CGMI
D/SPRDENG (  175): 41
D/SPRDENG (  175): 54
D/SPRDENG (  175): 2b
D/SPRDENG (  175): 43
D/SPRDENG (  175): 47
D/SPRDENG (  175): 4d
D/SPRDENG (  175): 49
D/SPRDENG (  175): d
D/SPRDENG (  175): eng_modem2server: use SIM1 /dev/CHNPTY13
D/SPRDENG (  175): AT < 
D/SPRDENG (  175): Spreadtrum Communication CO.
D/SPRDENG (  175): 
D/SPRDENG (  175): OK
D/SPRDENG (  175): 
E/SMD     (  101): After the Modem Read select 
E/SMD     (  101): Read 38 chars from SMD Modem file fd = 7
E/SMD     (  101):  Message: 
E/SMD     (  101): Spreadtrum Communication CO.
E/SMD     (  101): 
E/SMD     (  101): OK
E/SMD     (  101): 
E/SMD     (  101): Before the Modem Read select 
E/DataRouter(   99): [socket:13]******* Received data notification *******
E/DataRouter(   99): [socket:13]read socket data[len:38]
E/DataRouter(   99): [socket:13]read socket data[message:
E/DataRouter(   99): Spreadtrum Communication CO.
E/DataRouter(   99): 
E/DataRouter(   99): OK
E/DataRouter(   99): 
E/DataRouter(   99): write [38] bytes of data to USB fd[9]
E/DataRouter(   99): [socket:13]dr_usb_write
E/DataRouter(   99): After the usb select 
E/DataRouter(   99): read usb data[len:1]
E/DataRouter(   99): read usb data message:A
E/DataRouter(   99): Before the usb select 
E/SMD     (  101): ***Received data notification[DR->SMD]***
E/SMD     (  101): Message:A
E/SMD     (  101): Sending data to SMD: Len = [1]
E/SMD     (  101):  buffer = [A]
E/SMD     (  101): Wrote 1 chars to SMD PORT fd=7 ch = 41
E/SMD     (  101): After the Modem Read select 
E/SMD     (  101): Read 1 chars from SMD Modem file fd = 7
E/SMD     (  101):  Message: A
E/SMD     (  101): Spreadtrum Communication CO.
E/SMD     (  101): 
E/SMD     (  101): OK
E/SMD     (  101): 
E/SMD     (  101): Before the Modem Read select 
E/DataRouter(   99): [socket:13]******* Received data notification *******
E/DataRouter(   99): [socket:13]read socket data[len:1]
E/DataRouter(   99): [socket:13]read socket data[message:A
E/DataRouter(   99): write [1] bytes of data to USB fd[9]
E/DataRouter(   99): [socket:13]dr_usb_write
I/System  ( 1659): Loaded time zone names for en_US in 276ms (270ms in ICU)
E/DataRouter(   99): After the usb select 
E/DataRouter(   99): read usb data[len:1]
E/DataRouter(   99): read usb data message:T
E/DataRouter(   99): Before the usb select 
E/SMD     (  101): ***Received data notification[DR->SMD]***
E/SMD     (  101): Message:T
E/SMD     (  101): Sending data to SMD: Len = [1]
E/SMD     (  101):  buffer = [T]
E/SMD     (  101): Wrote 1 chars to SMD PORT fd=7 ch = 54
E/SMD     (  101): After the Modem Read select 
E/SMD     (  101): Read 1 chars from SMD Modem file fd = 7
E/SMD     (  101):  Message: T
E/SMD     (  101): Spreadtrum Communication CO.
E/SMD     (  101): 
E/SMD     (  101): OK
E/SMD     (  101): 
E/SMD     (  101): Before the Modem Read select 
E/DataRouter(   99): [socket:13]******* Received data notification *******
E/DataRouter(   99): [socket:13]read socket data[len:1]
E/DataRouter(   99): [socket:13]read socket data[message:T
E/DataRouter(   99): write [1] bytes of data to USB fd[9]
E/DataRouter(   99): [socket:13]dr_usb_write
E/DataRouter(   99): After the usb select 
E/DataRouter(   99): read usb data[len:1]
E/DataRouter(   99): read usb data message:%
E/DataRouter(   99): Before the usb select 
E/SMD     (  101): ***Received data notification[DR->SMD]***
E/SMD     (  101): Message:%
E/SMD     (  101): Sending data to SMD: Len = [1]
E/SMD     (  101):  buffer = [%]
E/SMD     (  101): Wrote 1 chars to SMD PORT fd=7 ch = 25
E/SMD     (  101): After the Modem Read select 
E/SMD     (  101): Read 1 chars from SMD Modem file fd = 7
E/SMD     (  101):  Message: %
E/SMD     (  101): Spreadtrum Communication CO.
E/SMD     (  101): 
E/SMD     (  101): OK
E/SMD     (  101): 
E/SMD     (  101): Before the Modem Read select 
E/DataRouter(   99): [socket:13]******* Received data notification *******
E/DataRouter(   99): [socket:13]read socket data[len:1]
E/DataRouter(   99): [socket:13]read socket data[message:%
E/DataRouter(   99): write [1] bytes of data to USB fd[9]
E/DataRouter(   99): [socket:13]dr_usb_write
E/DataRouter(   99): After the usb select 
E/DataRouter(   99): read usb data[len:1]
E/DataRouter(   99): read usb data message:I
E/DataRouter(   99): Before the usb select 
E/SMD     (  101): ***Received data notification[DR->SMD]***
E/SMD     (  101): Message:I
E/SMD     (  101): Sending data to SMD: Len = [1]
E/SMD     (  101):  buffer = [I]
E/SMD     (  101): Wrote 1 chars to SMD PORT fd=7 ch = 49
E/SMD     (  101): After the Modem Read select 
E/SMD     (  101): Read 1 chars from SMD Modem file fd = 7
E/SMD     (  101):  Message: I
E/SMD     (  101): Spreadtrum Communication CO.
E/SMD     (  101): 
E/SMD     (  101): OK
E/SMD     (  101): 
E/SMD     (  101): Before the Modem Read select 
E/DataRouter(   99): [socket:13]******* Received data notification *******
E/DataRouter(   99): [socket:13]read socket data[len:1]
E/DataRouter(   99): [socket:13]read socket data[message:I
E/DataRouter(   99): write [1] bytes of data to USB fd[9]
E/DataRouter(   99): [socket:13]dr_usb_write
I/System  ( 1659): Loaded time zone names for zh_CN in 245ms (239ms in ICU)
E/DataRouter(   99): After the usb select 
E/DataRouter(   99): read usb data[len:1]
E/DataRouter(   99): read usb data message:P
E/DataRouter(   99): Before the usb select 
E/SMD     (  101): ***Received data notification[DR->SMD]***
E/SMD     (  101): Message:P
E/SMD     (  101): Sending data to SMD: Len = [1]
E/SMD     (  101):  buffer = [P]
E/SMD     (  101): Wrote 1 chars to SMD PORT fd=7 ch = 50
E/SMD     (  101): After the Modem Read select 
E/SMD     (  101): Read 1 chars from SMD Modem file fd = 7
E/SMD     (  101):  Message: P
E/SMD     (  101): Spreadtrum Communication CO.
E/SMD     (  101): 
E/SMD     (  101): OK
E/SMD     (  101): 
E/SMD     (  101): Before the Modem Read select 
E/DataRouter(   99): [socket:13]******* Received data notification *******
E/DataRouter(   99): [socket:13]read socket data[len:1]
E/DataRouter(   99): [socket:13]read socket data[message:P
E/DataRouter(   99): write [1] bytes of data to USB fd[9]
E/DataRouter(   99): [socket:13]dr_usb_write
I/Zygote  ( 1659): ...preloaded 2309 classes in 2043ms.
I/Zygote  ( 1659): !@EndofpreloadClasses()
D/dalvikvm( 1659): WAIT_FOR_CONCURRENT_GC blocked 0ms
D/dalvikvm( 1659): GC_EXPLICIT freed 1005K, 16% free 5567K/6595K, paused 1ms+2ms, total 25ms
D/dalvikvm( 1659): WAIT_FOR_CONCURRENT_GC blocked 0ms
V/AudioFlinger( 1578): thread 0x42cad008 type 0 TID 1673 going to sleep
D/dalvikvm( 1659): GC_EXPLICIT freed 12K, 16% free 5555K/6595K, paused 2ms+1ms, total 19ms
D/dalvikvm( 1659): WAIT_FOR_CONCURRENT_GC blocked 0ms
D/dalvikvm( 1659): GC_EXPLICIT freed <1K, 16% free 5555K/6595K, paused 1ms+3ms, total 20ms
I/dalvikvm( 1659): System server process 1720 has been created
I/Zygote  ( 1659): Accepting command socket connections
E/DataRouter(   99): After the usb select 
E/DataRouter(   99): read usb data[len:1]
E/DataRouter(   99): read usb data message:S
E/DataRouter(   99): Before the usb select 
E/SMD     (  101): ***Received data notification[DR->SMD]***
E/SMD     (  101): Message:S
E/SMD     (  101): Sending data to SMD: Len = [1]
E/SMD     (  101):  buffer = [S]
E/SMD     (  101): Wrote 1 chars to SMD PORT fd=7 ch = 53
E/SMD     (  101): After the Modem Read select 
E/SMD     (  101): Read 1 chars from SMD Modem file fd = 7
E/SMD     (  101):  Message: S
E/SMD     (  101): Spreadtrum Communication CO.
E/SMD     (  101): 
E/SMD     (  101): OK
E/SMD     (  101): 
E/SMD     (  101): Before the Modem Read select 
E/DataRouter(   99): [socket:13]******* Received data notification *******
E/DataRouter(   99): [socket:13]read socket data[len:1]
E/DataRouter(   99): [socket:13]read socket data[message:S
E/DataRouter(   99): write [1] bytes of data to USB fd[9]
E/DataRouter(   99): [socket:13]dr_usb_write
I/dalvikvm( 1720): Rejecting re-init on previously-failed class Landroid/content/pm/ResolveInfo; v=0x410a8b18
E/dalvikvm( 1720): Could not find class 'android.content.pm.ResolveInfo', referenced from method com.android.server.pm.PackageManagerService.<init>
W/dalvikvm( 1720): VFY: unable to resolve new-instance 292 (Landroid/content/pm/ResolveInfo;) in Lcom/android/server/pm/PackageManagerService;
D/dalvikvm( 1720): VFY: replacing opcode 0x22 at 0x0115
I/dalvikvm( 1720): Rejecting re-init on previously-failed class Landroid/content/Intent; v=0x410a8b18
W/dalvikvm( 1720): VFY: unable to find class referenced in signature (Landroid/content/Intent;)
I/dalvikvm( 1720): Rejecting re-init on previously-failed class Landroid/content/pm/ResolveInfo; v=0x410a8b18
E/dalvikvm( 1720): Could not find class 'android.content.pm.ResolveInfo', referenced from method com.android.server.pm.PackageManagerService.chooseBestActivity
W/dalvikvm( 1720): VFY: unable to resolve check-cast 292 (Landroid/content/pm/ResolveInfo;) in Lcom/android/server/pm/PackageManagerService;
D/dalvikvm( 1720): VFY: replacing opcode 0x1f at 0x000e
I/dalvikvm( 1720): Rejecting re-init on previously-failed class Landroid/content/pm/ResolveInfo; v=0x410a8b18
E/dalvikvm( 1720): Could not find class 'android.content.pm.ResolveInfo', referenced from method com.android.server.pm.PackageManagerService.chooseBestActivity
W/dalvikvm( 1720): VFY: unable to resolve check-cast 292 (Landroid/content/pm/ResolveInfo;) in Lcom/android/server/pm/PackageManagerService;
D/dalvikvm( 1720): VFY: replacing opcode 0x1f at 0x0019
I/dalvikvm( 1720): Rejecting re-init on previously-failed class Landroid/content/pm/ResolveInfo; v=0x410a8b18
W/dalvikvm( 1720): VFY: unable to find class referenced in signature (Landroid/content/pm/ResolveInfo;)
I/dalvikvm( 1720): Rejecting re-init on previously-failed class Landroid/content/Intent; v=0x410a8b18
E/dalvikvm( 1720): Could not find class 'android.content.Intent', referenced from method com.android.server.pm.PackageManagerService.clearExternalStorageDataSync
W/dalvikvm( 1720): VFY: unable to resolve new-instance 243 (Landroid/content/Intent;) in Lcom/android/server/pm/PackageManagerService;
D/dalvikvm( 1720): VFY: replacing opcode 0x22 at 0x0026
I/dalvikvm( 1720): Rejecting re-init on previously-failed class Landroid/content/Intent; v=0x410a8b18
E/dalvikvm( 1720): Could not find class 'android.content.Intent', referenced from method com.android.server.pm.PackageManagerService.getRequiredVerifierLPr
W/dalvikvm( 1720): VFY: unable to resolve new-instance 243 (Landroid/content/Intent;) in Lcom/android/server/pm/PackageManagerService;
D/dalvikvm( 1720): VFY: replacing opcode 0x22 at 0x0000
I/dalvikvm( 1720): Rejecting re-init on previously-failed class Landroid/content/ContentResolver; v=0x410a8b18
W/dalvikvm( 1720): VFY: unable to find class referenced in signature (Landroid/content/ContentResolver;)
I/dalvikvm( 1720): Rejecting re-init on previously-failed class Landroid/content/ContentResolver; v=0x410a8b18
W/dalvikvm( 1720): VFY: unable to find class referenced in signature (Landroid/content/ContentResolver;)
I/dalvikvm( 1720): Rejecting re-init on previously-failed class Landroid/content/ContentResolver; v=0x410a8b18
W/dalvikvm( 1720): VFY: unable to find class referenced in signature (Landroid/content/ContentResolver;)
I/dalvikvm( 1720): Rejecting re-init on previously-failed class Landroid/content/ContentResolver; v=0x410a8b18
W/dalvikvm( 1720): VFY: unable to find class referenced in signature (Landroid/content/ContentResolver;)
I/dalvikvm( 1720): Rejecting re-init on previously-failed class Landroid/content/ContentResolver; v=0x410a8b18
W/dalvikvm( 1720): VFY: unable to find class referenced in signature (Landroid/content/ContentResolver;)
I/dalvikvm( 1720): Rejecting re-init on previously-failed class Landroid/content/ContentResolver; v=0x410a8b18
W/dalvikvm( 1720): VFY: unable to find class referenced in signature (Landroid/content/ContentResolver;)
I/dalvikvm( 1720): Rejecting re-init on previously-failed class Landroid/content/pm/ResolveInfo; v=0x410a8b18
E/dalvikvm( 1720): Could not find class 'android.content.pm.ResolveInfo', referenced from method com.android.server.pm.PackageManagerService.matchComponentForVerifier
W/dalvikvm( 1720): VFY: unable to resolve check-cast 292 (Landroid/content/pm/ResolveInfo;) in Lcom/android/server/pm/PackageManagerService;
D/dalvikvm( 1720): VFY: replacing opcode 0x1f at 0x000c
I/dalvikvm( 1720): Rejecting re-init on previously-failed class Landroid/content/pm/ResolveInfo; v=0x410a8b18
I/dalvikvm( 1720): Rejecting re-init on previously-failed class Landroid/content/pm/ResolveInfo; v=0x410a8b18
W/dalvikvm( 1720): VFY: unable to resolve instance field 431
D/dalvikvm( 1720): VFY: replacing opcode 0x5b at 0x0106
E/DataRouter(   99): After the usb select 
E/DataRouter(   99): read usb data[len:1]
E/DataRouter(   99): read usb data message:Y
E/DataRouter(   99): Before the usb select 
E/SMD     (  101): ***Received data notification[DR->SMD]***
E/SMD     (  101): Message:Y
E/SMD     (  101): Sending data to SMD: Len = [1]
E/SMD     (  101):  buffer = [Y]
E/SMD     (  101): Wrote 1 chars to SMD PORT fd=7 ch = 59
E/SMD     (  101): After the Modem Read select 
E/SMD     (  101): Read 1 chars from SMD Modem file fd = 7
E/SMD     (  101):  Message: Y
E/SMD     (  101): Spreadtrum Communication CO.
E/SMD     (  101): 
E/SMD     (  101): OK
E/SMD     (  101): 
E/SMD     (  101): Before the Modem Read select 
E/DataRouter(   99): [socket:13]******* Received data notification *******
E/DataRouter(   99): [socket:13]read socket data[len:1]
E/DataRouter(   99): [socket:13]read socket data[message:Y
E/DataRouter(   99): write [1] bytes of data to USB fd[9]
E/DataRouter(   99): [socket:13]dr_usb_write
I/dalvikvm( 1720): Rejecting re-init on previously-failed class Landroid/content/Intent; v=0x410a8b18
E/dalvikvm( 1720): Could not find class 'android.content.Intent', referenced from method com.android.server.pm.PackageManagerService.sendPackageBroadcast
W/dalvikvm( 1720): VFY: unable to resolve new-instance 243 (Landroid/content/Intent;) in Lcom/android/server/pm/PackageManagerService;
D/dalvikvm( 1720): VFY: replacing opcode 0x22 at 0x0032
I/dalvikvm( 1720): Rejecting re-init on previously-failed class Landroid/content/Intent; v=0x410a8b18
E/dalvikvm( 1720): Could not find class 'android.content.Intent', referenced from method com.android.server.pm.PackageManagerService.willScanFor3LM
W/dalvikvm( 1720): VFY: unable to resolve new-instance 243 (Landroid/content/Intent;) in Lcom/android/server/pm/PackageManagerService;
D/dalvikvm( 1720): VFY: replacing opcode 0x22 at 0x00b4
I/dalvikvm( 1720): Rejecting re-init on previously-failed class Landroid/content/IntentFilter; v=0x410a8b18
W/dalvikvm( 1720): VFY: unable to find class referenced in signature (Landroid/content/IntentFilter;)
I/dalvikvm( 1720): Rejecting re-init on previously-failed class Landroid/content/IntentFilter; v=0x410a8b18
I/dalvikvm( 1720): Could not find method android.content.IntentFilter.dump, referenced from method com.android.server.pm.PackageManagerService.addPreferredActivity
W/dalvikvm( 1720): VFY: unable to resolve virtual method 859: Landroid/content/IntentFilter;.dump (Landroid/util/Printer;Ljava/lang/String;)V
D/dalvikvm( 1720): VFY: replacing opcode 0x6e at 0x0077
I/dalvikvm( 1720): Rejecting re-init on previously-failed class Landroid/content/Intent; v=0x410a8b18
E/dalvikvm( 1720): Could not find class 'android.content.Intent', referenced from method com.android.server.pm.PackageManagerService.clearPackagePreferredActivities
W/dalvikvm( 1720): VFY: unable to resolve new-instance 243 (Landroid/content/Intent;) in Lcom/android/server/pm/PackageManagerService;
D/dalvikvm( 1720): VFY: replacing opcode 0x22 at 0x0089
I/dalvikvm( 1720): Rejecting re-init on previously-failed class Landroid/content/IntentFilter; v=0x410a8b18
W/dalvikvm( 1720): Unable to resolve superclass of Lcom/android/server/pm/PreferredActivity; (245)
W/dalvikvm( 1720): Link of class 'Lcom/android/server/pm/PreferredActivity;' failed
E/dalvikvm( 1720): Could not find class 'com.android.server.pm.PreferredActivity', referenced from method com.android.server.pm.PackageManagerService.clearPackagePreferredActivitiesLPw
W/dalvikvm( 1720): VFY: unable to resolve check-cast 1935 (Lcom/android/server/pm/PreferredActivity;) in Lcom/android/server/pm/PackageManagerService;
D/dalvikvm( 1720): VFY: replacing opcode 0x1f at 0x0013
I/dalvikvm( 1720): Rejecting re-init on previously-failed class Landroid/content/IntentFilter; v=0x410a8b18
W/dalvikvm( 1720): Unable to resolve superclass of Lcom/android/server/pm/PreferredActivity; (245)
W/dalvikvm( 1720): Link of class 'Lcom/android/server/pm/PreferredActivity;' failed
E/dalvikvm( 1720): Could not find class 'com.android.server.pm.PreferredActivity', referenced from method com.android.server.pm.PackageManagerService.clearPackagePreferredActivitiesLPw
W/dalvikvm( 1720): VFY: unable to resolve check-cast 1935 (Lcom/android/server/pm/PreferredActivity;) in Lcom/android/server/pm/PackageManagerService;
D/dalvikvm( 1720): VFY: replacing opcode 0x1f at 0x003b
I/dalvikvm( 1720): Rejecting re-init on previously-failed class Landroid/content/Intent; v=0x410a8b18
E/dalvikvm( 1720): Could not find class 'android.content.Intent', referenced from method com.android.server.pm.PackageManagerService.createUser
W/dalvikvm( 1720): VFY: unable to resolve new-instance 243 (Landroid/content/Intent;) in Lcom/android/server/pm/PackageManagerService;
D/dalvikvm( 1720): VFY: replacing opcode 0x22 at 0x000d
I/dalvikvm( 1720): Rejecting re-init on previously-failed class Landroid/content/Intent; v=0x410a8b18
W/dalvikvm( 1720): VFY: unable to find class referenced in signature (Landroid/content/Intent;)
I/dalvikvm( 1720): Rejecting re-init on previously-failed class Landroid/content/pm/ResolveInfo; v=0x410a8b18
W/dalvikvm( 1720): VFY: unable to find class referenced in signature (Landroid/content/pm/ResolveInfo;)
I/dalvikvm( 1720): Rejecting re-init on previously-failed class Landroid/content/Intent; v=0x410a8b18
I/dalvikvm( 1720): Could not find method android.content.Intent.getSelector, referenced from method com.android.server.pm.PackageManagerService.findPreferredActivity
W/dalvikvm( 1720): VFY: unable to resolve virtual method 798: Landroid/content/Intent;.getSelector ()Landroid/content/Intent;
D/dalvikvm( 1720): VFY: replacing opcode 0x74 at 0x0011
I/dalvikvm( 1720): Rejecting re-init on previously-failed class Landroid/content/ContentResolver; v=0x410a8b18
W/dalvikvm( 1720): VFY: unable to find class referenced in signature (Landroid/content/ContentResolver;)
I/dalvikvm( 1720): Rejecting re-init on previously-failed class Landroid/content/ContentResolver; v=0x410a8b18
W/dalvikvm( 1720): VFY: unable to find class referenced in signature (Landroid/content/ContentResolver;)
I/dalvikvm( 1720): Rejecting re-init on previously-failed class Landroid/content/IntentFilter; v=0x410a8b18
W/dalvikvm( 1720): Unable to resolve superclass of Lcom/android/server/pm/PreferredActivity; (245)
W/dalvikvm( 1720): Link of class 'Lcom/android/server/pm/PreferredActivity;' failed
E/dalvikvm( 1720): Could not find class 'com.android.server.pm.PreferredActivity', referenced from method com.android.server.pm.PackageManagerService.getPreferredActivities
W/dalvikvm( 1720): VFY: unable to resolve check-cast 1935 (Lcom/android/server/pm/PreferredActivity;) in Lcom/android/server/pm/PackageManagerService;
D/dalvikvm( 1720): VFY: replacing opcode 0x1f at 0x0016
I/dalvikvm( 1720): Rejecting re-init on previously-failed class Landroid/content/Intent; v=0x410a8b18
W/dalvikvm( 1720): VFY: unable to find class referenced in signature (Landroid/content/Intent;)
I/dalvikvm( 1720): Rejecting re-init on previously-failed class Landroid/content/Intent; v=0x410a8b18
I/dalvikvm( 1720): Could not find method android.content.Intent.getComponent, referenced from method com.android.server.pm.PackageManagerService.queryIntentActivities
W/dalvikvm( 1720): VFY: unable to resolve virtual method 786: Landroid/content/Intent;.getComponent ()Landroid/content/ComponentName;
D/dalvikvm( 1720): VFY: replacing opcode 0x74 at 0x000c
I/dalvikvm( 1720): Rejecting re-init on previously-failed class Landroid/content/Intent; v=0x410a8b18
W/dalvikvm( 1720): VFY: unable to find class referenced in signature (Landroid/content/Intent;)
I/dalvikvm( 1720): Rejecting re-init on previously-failed class Landroid/content/Intent; v=0x410a8b18
I/dalvikvm( 1720): Could not find method android.content.Intent.getAction, referenced from method com.android.server.pm.PackageManagerService.queryIntentActivityOptions
W/dalvikvm( 1720): VFY: unable to resolve virtual method 781: Landroid/content/Intent;.getAction ()Ljava/lang/String;
D/dalvikvm( 1720): VFY: replacing opcode 0x74 at 0x000e
I/dalvikvm( 1720): Rejecting re-init on previously-failed class Landroid/content/Intent; v=0x410a8b18
W/dalvikvm( 1720): VFY: unable to find class referenced in signature (Landroid/content/Intent;)
I/dalvikvm( 1720): Rejecting re-init on previously-failed class Landroid/content/Intent; v=0x410a8b18
I/dalvikvm( 1720): Could not find method android.content.Intent.getComponent, referenced from method com.android.server.pm.PackageManagerService.queryIntentReceivers
W/dalvikvm( 1720): VFY: unable to resolve virtual method 786: Landroid/content/Intent;.getComponent ()Landroid/content/ComponentName;
D/dalvikvm( 1720): VFY: replacing opcode 0x74 at 0x000c
I/dalvikvm( 1720): Rejecting re-init on previously-failed class Landroid/content/Intent; v=0x410a8b18
W/dalvikvm( 1720): VFY: unable to find class referenced in signature (Landroid/content/Intent;)
I/dalvikvm( 1720): Rejecting re-init on previously-failed class Landroid/content/Intent; v=0x410a8b18
I/dalvikvm( 1720): Could not find method android.content.Intent.getComponent, referenced from method com.android.server.pm.PackageManagerService.queryIntentServices
W/dalvikvm( 1720): VFY: unable to resolve virtual method 786: Landroid/content/Intent;.getComponent ()Landroid/content/ComponentName;
D/dalvikvm( 1720): VFY: replacing opcode 0x74 at 0x000c
I/dalvikvm( 1720): Rejecting re-init on previously-failed class Landroid/content/Intent; v=0x410a8b18
E/dalvikvm( 1720): Could not find class 'android.content.Intent', referenced from method com.android.server.pm.PackageManagerService.removeUser
W/dalvikvm( 1720): VFY: unable to resolve new-instance 243 (Landroid/content/Intent;) in Lcom/android/server/pm/PackageManagerService;
D/dalvikvm( 1720): VFY: replacing opcode 0x22 at 0x001c
I/dalvikvm( 1720): Rejecting re-init on previously-failed class Landroid/content/IntentFilter; v=0x410a8b18
W/dalvikvm( 1720): VFY: unable to find class referenced in signature (Landroid/content/IntentFilter;)
I/dalvikvm( 1720): Rejecting re-init on previously-failed class Landroid/content/IntentFilter; v=0x410a8b18
I/dalvikvm( 1720): Could not find method android.content.IntentFilter.countActions, referenced from method com.android.server.pm.PackageManagerService.replacePreferredActivity
W/dalvikvm( 1720): VFY: unable to resolve virtual method 853: Landroid/content/IntentFilter;.countActions ()I
D/dalvikvm( 1720): VFY: replacing opcode 0x6e at 0x0001
I/dalvikvm( 1720): Rejecting re-init on previously-failed class Landroid/content/Intent; v=0x410a8b18
W/dalvikvm( 1720): VFY: unable to find class referenced in signature (Landroid/content/Intent;)
I/dalvikvm( 1720): Rejecting re-init on previously-failed class Landroid/content/pm/ResolveInfo; v=0x410a8b18
W/dalvikvm( 1720): VFY: unable to find class referenced in signature (Landroid/content/pm/ResolveInfo;)
I/dalvikvm( 1720): Rejecting re-init on previously-failed class Landroid/content/Intent; v=0x410a8b18
W/dalvikvm( 1720): VFY: unable to find class referenced in signature (Landroid/content/Intent;)
I/dalvikvm( 1720): Rejecting re-init on previously-failed class Landroid/content/Intent; v=0x410a8b18
W/dalvikvm( 1720): VFY: unable to find class referenced in signature (Landroid/content/Intent;)
I/dalvikvm( 1720): Rejecting re-init on previously-failed class Landroid/content/pm/ResolveInfo; v=0x410a8b18
W/dalvikvm( 1720): VFY: unable to find class referenced in signature (Landroid/content/pm/ResolveInfo;)
I/dalvikvm( 1720): Rejecting re-init on previously-failed class Landroid/content/pm/ResolveInfo; v=0x410a8b18
W/dalvikvm( 1720): VFY: unable to find class referenced in signature (Landroid/content/pm/ResolveInfo;)
I/dalvikvm( 1720): Rejecting re-init on previously-failed class Landroid/content/Intent; v=0x410a8b18
W/dalvikvm( 1720): VFY: unable to find class referenced in signature (Landroid/content/Intent;)
I/dalvikvm( 1720): Rejecting re-init on previously-failed class Landroid/content/Intent; v=0x410a8b18
W/dalvikvm( 1720): VFY: unable to find class referenced in signature (Landroid/content/Intent;)
I/dalvikvm( 1720): Rejecting re-init on previously-failed class Landroid/content/pm/ResolveInfo; v=0x410a8b18
W/dalvikvm( 1720): VFY: unable to find class referenced in signature (Landroid/content/pm/ResolveInfo;)
I/dalvikvm( 1720): Rejecting re-init on previously-failed class Landroid/content/pm/ResolveInfo; v=0x410a8b18
E/dalvikvm( 1720): Could not find class 'android.content.pm.ResolveInfo', referenced from method com.android.server.pm.PackageManagerService.resolveService
W/dalvikvm( 1720): VFY: unable to resolve check-cast 292 (Landroid/content/pm/ResolveInfo;) in Lcom/android/server/pm/PackageManagerService;
D/dalvikvm( 1720): VFY: replacing opcode 0x1f at 0x001c
I/dalvikvm( 1720): Rejecting re-init on previously-failed class Landroid/content/pm/ResolveInfo; v=0x410a8b18
W/dalvikvm( 1720): VFY: unable to find class referenced in signature (Landroid/content/pm/ResolveInfo;)
I/dalvikvm( 1720): Rejecting re-init on previously-failed class Landroid/content/pm/ResolveInfo; v=0x410a8b18
W/dalvikvm( 1720): VFY: unable to find class referenced in signature (Landroid/content/pm/ResolveInfo;)
I/dalvikvm( 1720): Rejecting re-init on previously-failed class Landroid/content/pm/ResolveInfo; v=0x410a8b18
W/dalvikvm( 1720): VFY: unable to resolve instance field 431
D/dalvikvm( 1720): VFY: replacing opcode 0x54 at 0x0037
I/dalvikvm( 1720): Rejecting re-init on previously-failed class Landroid/content/ContentResolver; v=0x410a8b18
W/dalvikvm( 1720): VFY: unable to find class referenced in signature (Landroid/content/ContentResolver;)
I/dalvikvm( 1720): Rejecting re-init on previously-failed class Landroid/content/ContentResolver; v=0x410a8b18
W/dalvikvm( 1720): VFY: unable to find class referenced in signature (Landroid/content/ContentResolver;)
I/dalvikvm( 1720): Rejecting re-init on previously-failed class Landroid/content/Intent; v=0x410a8b18
E/dalvikvm( 1720): Could not find class 'android.content.Intent', referenced from method com.android.server.pm.PackageManagerService.startCleaningPackages
W/dalvikvm( 1720): VFY: unable to resolve new-instance 243 (Landroid/content/Intent;) in Lcom/android/server/pm/PackageManagerService;
D/dalvikvm( 1720): VFY: replacing opcode 0x22 at 0x001b
I/dalvikvm( 1720): Rejecting re-init on previously-failed class Landroid/content/ContentResolver; v=0x410a8b18
W/dalvikvm( 1720): VFY: unable to find class referenced in signature (Landroid/content/ContentResolver;)
I/dalvikvm( 1720): Rejecting re-init on previously-failed class Landroid/content/ContentResolver; v=0x410a8b18
W/dalvikvm( 1720): VFY: unable to find class referenced in signature (Landroid/content/ContentResolver;)
I/dalvikvm( 1720): Rejecting re-init on previously-failed class Landroid/content/pm/ResolveInfo; v=0x410a8b18
W/dalvikvm( 1720): VFY: unable to find class referenced in signature (Landroid/content/pm/ResolveInfo;)
I/dalvikvm( 1720): Rejecting re-init on previously-failed class Landroid/content/pm/ResolveInfo; v=0x410a8b18
W/dalvikvm( 1720): VFY: unable to resolve instance field 431
D/dalvikvm( 1720): VFY: replacing opcode 0x54 at 0x004e
I/dalvikvm( 1720): Rejecting re-init on previously-failed class Landroid/content/pm/ResolveInfo; v=0x410a8b18
D/dalvikvm( 1720): DexOpt: unable to opt direct call 0x041a at 0x117 in Lcom/android/server/pm/PackageManagerService;.<init>
I/dalvikvm( 1720): Rejecting re-init on previously-failed class Landroid/content/Intent; v=0x410a8b18
D/dalvikvm( 1720): DexOpt: unable to opt direct call 0x0301 at 0x28 in Lcom/android/server/pm/PackageManagerService;.clearExternalStorageDataSync
I/dalvikvm( 1720): Rejecting re-init on previously-failed class Landroid/content/Intent; v=0x410a8b18
D/dalvikvm( 1720): DexOpt: unable to opt direct call 0x0304 at 0x04 in Lcom/android/server/pm/PackageManagerService;.getRequiredVerifierLPr
I/dalvikvm( 1720): Rejecting re-init on previously-failed class Landroid/content/Intent; v=0x410a8b18
D/dalvikvm( 1720): DexOpt: unable to opt direct call 0x0305 at 0x41 in Lcom/android/server/pm/PackageManagerService;.sendPackageBroadcast
I/dalvikvm( 1720): Rejecting re-init on previously-failed class Landroid/content/Intent; v=0x410a8b18
D/dalvikvm( 1720): DexOpt: unable to opt direct call 0x0304 at 0xb8 in Lcom/android/server/pm/PackageManagerService;.willScanFor3LM
I/dalvikvm( 1720): Rejecting re-init on previously-failed class Landroid/content/IntentFilter; v=0x410a8b18
W/dalvikvm( 1720): Unable to resolve superclass of Lcom/android/server/pm/PreferredActivity; (245)
W/dalvikvm( 1720): Link of class 'Lcom/android/server/pm/PreferredActivity;' failed
D/dalvikvm( 1720): DexOpt: unable to opt direct call 0x371c at 0x80 in Lcom/android/server/pm/PackageManagerService;.addPreferredActivity
I/dalvikvm( 1720): Rejecting re-init on previously-failed class Landroid/content/Intent; v=0x410a8b18
D/dalvikvm( 1720): DexOpt: unable to opt direct call 0x0304 at 0x8d in Lcom/android/server/pm/PackageManagerService;.clearPackagePreferredActivities
I/dalvikvm( 1720): Rejecting re-init on previously-failed class Landroid/content/Intent; v=0x410a8b18
D/dalvikvm( 1720): DexOpt: unable to opt direct call 0x0304 at 0x11 in Lcom/android/server/pm/PackageManagerService;.createUser
I/dalvikvm( 1720): Rejecting re-init on previously-failed class Landroid/content/IntentFilter; v=0x410a8b18
D/dalvikvm( 1720): DexOpt: unable to opt direct call 0x034d at 0x2c in Lcom/android/server/pm/PackageManagerService;.getPreferredActivities
I/dalvikvm( 1720): Rejecting re-init on previously-failed class Landroid/content/pm/ResolveInfo; v=0x410a8b18
D/dalvikvm( 1720): DexOpt: unable to opt direct call 0x041a at 0x36 in Lcom/android/server/pm/PackageManagerService;.queryIntentActivities
I/dalvikvm( 1720): Rejecting re-init on previously-failed class Landroid/content/pm/ResolveInfo; v=0x410a8b18
D/dalvikvm( 1720): DexOpt: unable to opt direct call 0x041a at 0xf7 in Lcom/android/server/pm/PackageManagerService;.queryIntentActivityOptions
I/dalvikvm( 1720): Rejecting re-init on previously-failed class Landroid/content/pm/ResolveInfo; v=0x410a8b18
D/dalvikvm( 1720): DexOpt: unable to opt direct call 0x041a at 0x36 in Lcom/android/server/pm/PackageManagerService;.queryIntentReceivers
I/dalvikvm( 1720): Rejecting re-init on previously-failed class Landroid/content/pm/ResolveInfo; v=0x410a8b18
D/dalvikvm( 1720): DexOpt: unable to opt direct call 0x041a at 0x36 in Lcom/android/server/pm/PackageManagerService;.queryIntentServices
I/dalvikvm( 1720): Rejecting re-init on previously-failed class Landroid/content/Intent; v=0x410a8b18
D/dalvikvm( 1720): DexOpt: unable to opt direct call 0x0304 at 0x20 in Lcom/android/server/pm/PackageManagerService;.removeUser
I/dalvikvm( 1720): Rejecting re-init on previously-failed class Landroid/content/Intent; v=0x410a8b18
D/dalvikvm( 1720): DexOpt: unable to opt direct call 0x0304 at 0x1f in Lcom/android/server/pm/PackageManagerService;.startCleaningPackages
D/dalvikvm( 1720): WAIT_FOR_CONCURRENT_GC blocked 0ms
E/DataRouter(   99): After the usb select 
E/DataRouter(   99): read usb data[len:1]
E/DataRouter(   99): read usb data message:S
E/DataRouter(   99): Before the usb select 
E/SMD     (  101): ***Received data notification[DR->SMD]***
E/SMD     (  101): Message:S
E/SMD     (  101): Sending data to SMD: Len = [1]
E/SMD     (  101):  buffer = [S]
E/SMD     (  101): Wrote 1 chars to SMD PORT fd=7 ch = 53
E/SMD     (  101): After the Modem Read select 
E/SMD     (  101): Read 1 chars from SMD Modem file fd = 7
E/SMD     (  101):  Message: S
E/SMD     (  101): Spreadtrum Communication CO.
E/SMD     (  101): 
E/SMD     (  101): OK
E/SMD     (  101): 
E/SMD     (  101): Before the Modem Read select 
E/DataRouter(   99): [socket:13]******* Received data notification *******
E/DataRouter(   99): [socket:13]read socket data[len:1]
E/DataRouter(   99): [socket:13]read socket data[message:S
E/DataRouter(   99): write [1] bytes of data to USB fd[9]
E/DataRouter(   99): [socket:13]dr_usb_write
I/dalvikvm( 1720): Rejecting re-init on previously-failed class Landroid/content/IntentFilter; v=0x410a8b18
W/dalvikvm( 1720): threadid=12: thread exiting with uncaught exception (group=0x410b32b8)
E/android.os.Debug( 1720): !@Dumpstate > dumpstate -k -t -z -d -o /data/log/dumpstate_sys_error
E/AndroidRuntime( 1720): *** FATAL EXCEPTION IN SYSTEM PROCESS: Thread-18
E/AndroidRuntime( 1720): java.lang.VerifyError: android/content/IntentFilter
E/AndroidRuntime( 1720): 	at android.content.pm.PackageParser.parseActivity(PackageParser.java:2248)
E/AndroidRuntime( 1720): 	at android.content.pm.PackageParser.parseApplication(PackageParser.java:1921)
E/AndroidRuntime( 1720): 	at android.content.pm.PackageParser.parsePackage(PackageParser.java:1038)
E/AndroidRuntime( 1720): 	at android.content.pm.PackageParser.parsePackage(PackageParser.java:527)
E/AndroidRuntime( 1720): 	at com.android.server.pm.PackageManagerService$1$1.run(PackageManagerService.java:590)
E/AndroidRuntime( 1720): 	at java.lang.Thread.run(Thread.java:856)
I/dalvikvm( 1720): Rejecting re-init on previously-failed class Landroid/content/pm/PackageParser$ActivityIntentInfo; v=0x0
W/dalvikvm( 1720): threadid=11: thread exiting with uncaught exception (group=0x410b32b8)
I/Process ( 1720): Sending signal. PID: 1720 SIG: 9
I/Zygote  ( 1659): Exit zygote because system server (1720) has terminated
E/DataRouter(   99): After the usb select 
E/DataRouter(   99): read usb data[len:1]
E/DataRouter(   99): read usb data message:?
E/DataRouter(   99): Before the usb select 
E/SMD     (  101): ***Received data notification[DR->SMD]***
E/SMD     (  101): Message:?
E/SMD     (  101): Sending data to SMD: Len = [1]
E/SMD     (  101):  buffer = [?]
E/SMD     (  101): Wrote 1 chars to SMD PORT fd=7 ch = 3f
E/SMD     (  101): After the Modem Read select 
E/SMD     (  101): Read 1 chars from SMD Modem file fd = 7
E/SMD     (  101):  Message: ?
E/SMD     (  101): Spreadtrum Communication CO.
E/SMD     (  101): 
E/SMD     (  101): OK
E/SMD     (  101): 
E/SMD     (  101): Before the Modem Read select 
E/DataRouter(   99): [socket:13]******* Received data notification *******
E/DataRouter(   99): [socket:13]read socket data[len:1]
E/DataRouter(   99): [socket:13]read socket data[message:?
E/DataRouter(   99): write [1] bytes of data to USB fd[9]
E/DataRouter(   99): [socket:13]dr_usb_write
I/ServiceManager(   78): service 'sprd.volume_manager' died
I/ServiceManager(   78): service 'media.audio_flinger' died
I/ServiceManager(   78): service 'media.player' died
I/ServiceManager(   78): service 'media.camera' died
I/ServiceManager(   78): service 'media.audio_policy' died
I/Netd    ( 1738): Netd 1.0 starting
E/DataRouter(   99): After the usb select 
E/DataRouter(   99): read usb data[len:1]
E/DataRouter(   99): read usb data message:
E/DataRouter(   99): Before the usb select 
E/SMD     (  101): ***Received data notification[DR->SMD]***
E/SMD     (  101): Message:
E/SMD     (  101): Sending data to SMD: Len = [1]
E/SMD     (  101):  buffer = []
E/SMD     (  101): Wrote 1 chars to SMD PORT fd=7 ch = d
E/SMD     (  101): After the Modem Read select 
E/SMD     (  101): Read 1 chars from SMD Modem file fd = 7
E/SMD     (  101):  Message: 
E/SMD     (  101): Spreadtrum Communication CO.
E/SMD     (  101): 
E/SMD     (  101): OK
E/SMD     (  101): 
E/SMD     (  101): Before the Modem Read select 
E/DataRouter(   99): [socket:13]******* Received data notification *******
E/DataRouter(   99): [socket:13]read socket data[len:1]
E/DataRouter(   99): [socket:13]read socket data[message:
E/DataRouter(   99): write [1] bytes of data to USB fd[9]
E/DataRouter(   99): [socket:13]dr_usb_write
D/SPRDENG (  175): eng_servermodem_comm: use SIM1 /dev/CHNPTY13
D/SPRDENG (  175): AT > AT%IPSYS?
D/SPRDENG (  175): 41
D/SPRDENG (  175): 54
D/SPRDENG (  175): 25
D/SPRDENG (  175): 49
D/SPRDENG (  175): 50
D/SPRDENG (  175): 53
D/SPRDENG (  175): 59
D/SPRDENG (  175): 53
D/SPRDENG (  175): 3f
D/SPRDENG (  175): d
D/SPRDENG (  175): eng_modem2server: use SIM1 /dev/CHNPTY13
D/SPRDENG (  175): AT < 
D/SPRDENG (  175): +CME ERROR: 4
D/SPRDENG (  175): 
E/SMD     (  101): After the Modem Read select 
E/SMD     (  101): Read 17 chars from SMD Modem file fd = 7
E/SMD     (  101):  Message: 
E/SMD     (  101): +CME ERROR: 4
E/SMD     (  101): unication CO.
E/SMD     (  101): 
E/SMD     (  101): OK
E/SMD     (  101): 
E/SMD     (  101): Before the Modem Read select 
E/DataRouter(   99): [socket:13]******* Received data notification *******
E/DataRouter(   99): [socket:13]read socket data[len:17]
E/DataRouter(   99): [socket:13]read socket data[message:
E/DataRouter(   99): +CME ERROR: 4
E/DataRouter(   99): 
E/DataRouter(   99): write [17] bytes of data to USB fd[9]
E/DataRouter(   99): [socket:13]dr_usb_write
E/DataRouter(   99): After the usb select 
E/DataRouter(   99): read usb data[len:1]
E/DataRouter(   99): read usb data message:A
E/DataRouter(   99): Before the usb select 
E/SMD     (  101): ***Received data notification[DR->SMD]***
E/SMD     (  101): Message:A
E/SMD     (  101): Sending data to SMD: Len = [1]
E/SMD     (  101):  buffer = [A]
E/SMD     (  101): Wrote 1 chars to SMD PORT fd=7 ch = 41
E/SMD     (  101): After the Modem Read select 
E/SMD     (  101): Read 1 chars from SMD Modem file fd = 7
E/SMD     (  101):  Message: A
E/SMD     (  101): +CME ERROR: 4
E/SMD     (  101): unication CO.
E/SMD     (  101): 
E/SMD     (  101): OK
E/SMD     (  101): 
E/SMD     (  101): Before the Modem Read select 
E/DataRouter(   99): [socket:13]******* Received data notification *******
E/DataRouter(   99): [socket:13]read socket data[len:1]
E/DataRouter(   99): [socket:13]read socket data[message:A
E/DataRouter(   99): write [1] bytes of data to USB fd[9]
E/DataRouter(   99): [socket:13]dr_usb_write
E/DataRouter(   99): After the usb select 
E/DataRouter(   99): read usb data[len:1]
E/DataRouter(   99): read usb data message:T
E/DataRouter(   99): Before the usb select 
E/SMD     (  101): ***Received data notification[DR->SMD]***
E/SMD     (  101): Message:T
E/SMD     (  101): Sending data to SMD: Len = [1]
E/SMD     (  101):  buffer = [T]
E/SMD     (  101): Wrote 1 chars to SMD PORT fd=7 ch = 54
E/SMD     (  101): After the Modem Read select 
E/SMD     (  101): Read 1 chars from SMD Modem file fd = 7
E/SMD     (  101):  Message: T
E/SMD     (  101): +CME ERROR: 4
E/SMD     (  101): unication CO.
E/SMD     (  101): 
E/SMD     (  101): OK
E/SMD     (  101): 
E/SMD     (  101): Before the Modem Read select 
E/DataRouter(   99): [socket:13]******* Received data notification *******
E/DataRouter(   99): [socket:13]read socket data[len:1]
E/DataRouter(   99): [socket:13]read socket data[message:T
E/DataRouter(   99): write [1] bytes of data to USB fd[9]
E/DataRouter(   99): [socket:13]dr_usb_write
E/DataRouter(   99): After the usb select 
E/DataRouter(   99): read usb data[len:1]
E/DataRouter(   99): read usb data message:+
E/DataRouter(   99): Before the usb select 
E/SMD     (  101): ***Received data notification[DR->SMD]***
E/SMD     (  101): Message:+
E/SMD     (  101): Sending data to SMD: Len = [1]
E/SMD     (  101):  buffer = [+]
E/SMD     (  101): Wrote 1 chars to SMD PORT fd=7 ch = 2b
E/SMD     (  101): After the Modem Read select 
E/SMD     (  101): Read 1 chars from SMD Modem file fd = 7
E/SMD     (  101):  Message: +
E/SMD     (  101): +CME ERROR: 4
E/SMD     (  101): unication CO.
E/SMD     (  101): 
E/SMD     (  101): OK
E/SMD     (  101): 
E/SMD     (  101): Before the Modem Read select 
E/DataRouter(   99): [socket:13]******* Received data notification *******
E/DataRouter(   99): [socket:13]read socket data[len:1]
E/DataRouter(   99): [socket:13]read socket data[message:+
E/DataRouter(   99): write [1] bytes of data to USB fd[9]
E/DataRouter(   99): [socket:13]dr_usb_write
E/DataRouter(   99): After the usb select 
E/DataRouter(   99): read usb data[len:1]
E/DataRouter(   99): read usb data message:C
E/DataRouter(   99): Before the usb select 
E/SMD     (  101): ***Received data notification[DR->SMD]***
E/SMD     (  101): Message:C
E/SMD     (  101): Sending data to SMD: Len = [1]
E/SMD     (  101):  buffer = [C]
E/SMD     (  101): Wrote 1 chars to SMD PORT fd=7 ch = 43
E/SMD     (  101): After the Modem Read select 
E/SMD     (  101): Read 1 chars from SMD Modem file fd = 7
E/SMD     (  101):  Message: C
E/SMD     (  101): +CME ERROR: 4
E/SMD     (  101): unication CO.
E/SMD     (  101): 
E/SMD     (  101): OK
E/SMD     (  101): 
E/SMD     (  101): Before the Modem Read select 
E/DataRouter(   99): [socket:13]******* Received data notification *******
E/DataRouter(   99): [socket:13]read socket data[len:1]
E/DataRouter(   99): [socket:13]read socket data[message:C
E/DataRouter(   99): write [1] bytes of data to USB fd[9]
E/DataRouter(   99): [socket:13]dr_usb_write
I/mediaserver( 1737): ServiceManager: 0x41c1f4b0
I/AudioFlinger( 1737): Using default 3000 mSec as standby time.
W/streamFormatVolumeTable.cpp( 1737): streamFormatVolumeTable open in (0)
E/XMLTREEFILE( 1737): XMLTreeFile can't open file /data/formatvolume.xml
W/streamFormatVolumeTable.cpp( 1737): streamFormatVolumeTable.open ok
I/VolumeManager.cpp( 1737): VolumeManager open type 1 ret 0
E/AudioFlinger( 1737): corrupt profile data: 11 streams should be 16, 6 formats
E/AudioFlinger( 1737): can't load format volume profiles, load default
V/MediaPlayerService( 1737): MediaPlayerService created
I/CameraService( 1737): CameraService started (pid=1737)
V/SprdCameraHardware( 1737): int android::HAL_getNumberOfCameras()
V/SprdCameraHardware( 1737): HAL_getNumberOfCameras,1.
I/AudioPolicyManagerBase( 1737): ### stringToEnum() found AUDIO_DEVICE_OUT_EARPIECE
I/AudioPolicyManagerBase( 1737): ### stringToEnum() found AUDIO_DEVICE_OUT_SPEAKER
V/AudioPolicyManagerBase( 1737): loadGlobalConfig() mAttachedOutputDevices 0003
I/AudioPolicyManagerBase( 1737): ### stringToEnum() found AUDIO_DEVICE_OUT_SPEAKER
V/AudioPolicyManagerBase( 1737): loadGlobalConfig() mDefaultOutputDevice 0002
I/AudioPolicyManagerBase( 1737): ### stringToEnum() found AUDIO_DEVICE_IN_BUILTIN_MIC
I/AudioPolicyManagerBase( 1737): ### stringToEnum() found AUDIO_DEVICE_IN_VOICE_CALL
V/AudioPolicyManagerBase( 1737): loadGlobalConfig() mAvailableInputDevices 1100000
V/AudioPolicyManagerBase( 1737): loadHwModules() loading module primary
V/AudioPolicyManagerBase( 1737): loadHwModule() loading output primary
V/AudioPolicyManagerBase( 1737): loadSamplingRates() adding rate 44100
V/AudioPolicyManagerBase( 1737): loadOutChannels() AUDIO_CHANNEL_OUT_STEREO
I/AudioPolicyManagerBase( 1737): ### stringToEnum() found AUDIO_CHANNEL_OUT_STEREO
I/AudioPolicyManagerBase( 1737): ### stringToEnum() found AUDIO_FORMAT_PCM_16_BIT
I/AudioPolicyManagerBase( 1737): ### stringToEnum() found AUDIO_DEVICE_OUT_EARPIECE
I/AudioPolicyManagerBase( 1737): ### stringToEnum() found AUDIO_DEVICE_OUT_SPEAKER
I/AudioPolicyManagerBase( 1737): ### stringToEnum() found AUDIO_DEVICE_OUT_WIRED_HEADSET
I/AudioPolicyManagerBase( 1737): ### stringToEnum() found AUDIO_DEVICE_OUT_WIRED_HEADPHONE
I/AudioPolicyManagerBase( 1737): ### stringToEnum() found AUDIO_DEVICE_OUT_ALL_SCO
I/AudioPolicyManagerBase( 1737): ### stringToEnum() found AUDIO_DEVICE_OUT_AUX_DIGITAL
I/AudioPolicyManagerBase( 1737): ### stringToEnum() found AUDIO_DEVICE_OUT_DGTL_DOCK_HEADSET
I/AudioPolicyManagerBase( 1737): ### stringToEnum() found AUDIO_OUTPUT_FLAG_PRIMARY
V/AudioPolicyManagerBase( 1737): loadOutput() adding output mSupportedDevices 147f, mFlags 0002
V/AudioPolicyManagerBase( 1737): loadHwModule() loading input primary
V/AudioPolicyManagerBase( 1737): loadSamplingRates() adding rate 8000
V/AudioPolicyManagerBase( 1737): loadSamplingRates() adding rate 11025
V/AudioPolicyManagerBase( 1737): loadSamplingRates() adding rate 16000
V/AudioPolicyManagerBase( 1737): loadSamplingRates() adding rate 22050
V/AudioPolicyManagerBase( 1737): loadSamplingRates() adding rate 24000
V/AudioPolicyManagerBase( 1737): loadSamplingRates() adding rate 32000
V/AudioPolicyManagerBase( 1737): loadSamplingRates() adding rate 44100
V/AudioPolicyManagerBase( 1737): loadSamplingRates() adding rate 48000
V/AudioPolicyManagerBase( 1737): loadInChannels() AUDIO_CHANNEL_IN_MONO
I/AudioPolicyManagerBase( 1737): ### stringToEnum() found AUDIO_CHANNEL_IN_MONO
V/AudioPolicyManagerBase( 1737): loadInChannels() adding channelMask 0010
I/AudioPolicyManagerBase( 1737): ### stringToEnum() found AUDIO_CHANNEL_IN_STEREO
V/AudioPolicyManagerBase( 1737): loadInChannels() adding channelMask 000c
I/AudioPolicyManagerBase( 1737): ### stringToEnum() found AUDIO_FORMAT_PCM_16_BIT
I/AudioPolicyManagerBase( 1737): ### stringToEnum() found AUDIO_DEVICE_IN_BUILTIN_MIC
I/AudioPolicyManagerBase( 1737): ### stringToEnum() found AUDIO_DEVICE_IN_BLUETOOTH_SCO_HEADSET
I/AudioPolicyManagerBase( 1737): ### stringToEnum() found AUDIO_DEVICE_IN_WIRED_HEADSET
I/AudioPolicyManagerBase( 1737): ### stringToEnum() found AUDIO_DEVICE_IN_VOICE_CALL
V/AudioPolicyManagerBase( 1737): loadInput() adding input mSupportedDevices 1700000
V/AudioPolicyManagerBase( 1737): loadHwModules() loading module a2dp
V/AudioPolicyManagerBase( 1737): loadHwModule() loading output a2dp
V/AudioPolicyManagerBase( 1737): loadSamplingRates() adding rate 44100
V/AudioPolicyManagerBase( 1737): loadOutChannels() AUDIO_CHANNEL_OUT_STEREO
I/AudioPolicyManagerBase( 1737): ### stringToEnum() found AUDIO_CHANNEL_OUT_STEREO
I/AudioPolicyManagerBase( 1737): ### stringToEnum() found AUDIO_FORMAT_PCM_16_BIT
I/AudioPolicyManagerBase( 1737): ### stringToEnum() found AUDIO_DEVICE_OUT_ALL_A2DP
V/AudioPolicyManagerBase( 1737): loadOutput() adding output mSupportedDevices 0380, mFlags 0000
V/AudioPolicyManagerBase( 1737): loadHwModules() loading module usb
V/AudioPolicyManagerBase( 1737): loadHwModule() loading output usb_accessory
V/AudioPolicyManagerBase( 1737): loadSamplingRates() adding rate 44100
V/AudioPolicyManagerBase( 1737): loadOutChannels() AUDIO_CHANNEL_OUT_STEREO
I/AudioPolicyManagerBase( 1737): ### stringToEnum() found AUDIO_CHANNEL_OUT_STEREO
I/AudioPolicyManagerBase( 1737): ### stringToEnum() found AUDIO_FORMAT_PCM_16_BIT
I/AudioPolicyManagerBase( 1737): ### stringToEnum() found AUDIO_DEVICE_OUT_USB_ACCESSORY
V/AudioPolicyManagerBase( 1737): loadOutput() adding output mSupportedDevices 2000, mFlags 0000
V/AudioPolicyManagerBase( 1737): loadHwModule() loading output usb_device
V/AudioPolicyManagerBase( 1737): loadSamplingRates() adding rate 44100
V/AudioPolicyManagerBase( 1737): loadOutChannels() AUDIO_CHANNEL_OUT_STEREO
I/AudioPolicyManagerBase( 1737): ### stringToEnum() found AUDIO_CHANNEL_OUT_STEREO
I/AudioPolicyManagerBase( 1737): ### stringToEnum() found AUDIO_FORMAT_PCM_16_BIT
I/AudioPolicyManagerBase( 1737): ### stringToEnum() found AUDIO_DEVICE_OUT_USB_DEVICE
V/AudioPolicyManagerBase( 1737): loadOutput() adding output mSupportedDevices 4000, mFlags 0000
I/AudioPolicyManagerBase( 1737): loadAudioPolicyConfig() loaded /system/etc/audio_policy.conf
V/AudioFlinger( 1737): registerClient() client 0x41c1fa88, pid 1737
I/audio_hw_primary( 1737): adev_open
E/DataRouter(   99): After the usb select 
E/DataRouter(   99): read usb data[len:1]
E/DataRouter(   99): read usb data message:G
E/DataRouter(   99): Before the usb select 
E/SMD     (  101): ***Received data notification[DR->SMD]***
