E/ActivityManager(  459):   0% 3025/com.android.email: 0% user + 0% kernel / faults: 9 minor
E/ActivityManager(  459):   0% 3125/com.miui.providers.datahub: 0% user + 0% kernel / faults: 16 minor
E/ActivityManager(  459):  +0% 3755/com.baidu.input: 0% user + 0% kernel
E/ActivityManager(  459):  +0% 3775/logcat: 0% user + 0% kernel
E/ActivityManager(  459): 16% TOTAL: 8% user + 8.3% kernel + 0% iowait
E/ActivityManager(  459): CPU usage from 1128ms to 1652ms later:
E/ActivityManager(  459):   3.8% 459/system_server: 0% user + 3.8% kernel
E/ActivityManager(  459):     3.8% 478/ActivityManager: 0% user + 3.8% kernel
E/ActivityManager(  459):     1.9% 1057/LocationManager: 1.9% user + 0% kernel
E/ActivityManager(  459):   1% 761/com.android.systemui: 1% user + 0% kernel / faults: 2 minor
E/ActivityManager(  459):   1% 1150/com.android.settings: 0% user + 1% kernel
E/ActivityManager(  459):   1.4% 3507/kworker/0:1: 0% user + 1.4% kernel
E/ActivityManager(  459): 7.5% TOTAL: 1.8% user + 5.6% kernel
W/ActivityManager(  459): Killing ProcessRecord{425c7958 3755:com.baidu.input/u0a54}: background ANR
D/BatteryStatsImpl(  459): ++++++xy WakeLock stop : pid=459, name=, type=0, tid=477, pid=459, pName=null
W/ThrottleService(  459): unable to find stats for iface rmnet0
W/AlarmManager(  459): FACTORY_ON= 0
I/ActivityManager(  459): Process com.baidu.input (pid 3755) (adj 0) has died.
W/SocketClient(   85): write error (Broken pipe)
D/dalvikvm(  459): GC_CONCURRENT freed 1259K, 28% free 17623K/24391K, paused 16ms+8ms, total 103ms
D/dalvikvm(  459): WAIT_FOR_CONCURRENT_GC blocked 77ms
I/wpa_supplicant( 1270): p2p is not connected.
I/wpa_supplicant( 1270): State: INACTIVE -> SCANNING
I/wpa_supplicant( 1270): CTRL-EVENT-STATE-CHANGE id=-1 state=3 BSSID=00.00.00
D/WifiService(  459): startScan: true pid=1150, uid=1000
I/wpa_supplicant( 1270): Scan requested (ret=0) - scan timeout 30 seconds
I/wpa_supplicant( 1270): nl80211: Received scan results (1 BSSes)
I/wpa_supplicant( 1270): wlan0: CTRL-EVENT-NO-CONNECTION
I/wpa_supplicant( 1270): State: SCANNING -> INACTIVE
I/wpa_supplicant( 1270): CTRL-EVENT-STATE-CHANGE id=-1 state=2 BSSID=00.00.00
W/PowerManagerService(  459): Timer 0x3->0x1|0x0
I/PowerManagerService(  459): Ulight 0x3->0x1|0x0
E/lights  (  459): write_int failed to open /sys/class/backlight/panel/brightness
E/lights  (  459): write_int failed to open /sys/class/backlight/panel/brightness
E/lights  (  459): write_int failed to open /sys/class/backlight/panel/brightness
E/lights  (  459): write_int failed to open /sys/class/backlight/panel/brightness
E/lights  (  459): write_int failed to open /sys/class/backlight/panel/brightness
E/lights  (  459): write_int failed to open /sys/class/backlight/panel/brightness
E/lights  (  459): write_int failed to open /sys/class/backlight/panel/brightness
E/lights  (  459): write_int failed to open /sys/class/backlight/panel/brightness
E/lights  (  459): write_int failed to open /sys/class/backlight/panel/brightness
E/lights  (  459): write_int failed to open /sys/class/backlight/panel/brightness
E/lights  (  459): write_int failed to open /sys/class/backlight/panel/brightness
E/lights  (  459): write_int failed to open /sys/class/backlight/panel/brightness
E/lights  (  459): write_int failed to open /sys/class/backlight/panel/brightness
E/lights  (  459): write_int failed to open /sys/class/backlight/panel/brightness
E/lights  (  459): write_int failed to open /sys/class/backlight/panel/brightness
E/lights  (  459): write_int failed to open /sys/class/backlight/panel/brightness
E/lights  (  459): write_int failed to open /sys/class/backlight/panel/brightness
E/lights  (  459): write_int failed to open /sys/class/backlight/panel/brightness
E/lights  (  459): write_int failed to open /sys/class/backlight/panel/brightness
E/lights  (  459): write_int failed to open /sys/class/backlight/panel/brightness
E/lights  (  459): write_int failed to open /sys/class/backlight/panel/brightness
I/PowerManagerService(  459): Light Animator Finished currentValue=5
I/wpa_supplicant( 1270): p2p is not connected.
I/wpa_supplicant( 1270): State: INACTIVE -> SCANNING
I/wpa_supplicant( 1270): CTRL-EVENT-STATE-CHANGE id=-1 state=3 BSSID=00.00.00
D/WifiService(  459): startScan: true pid=1150, uid=1000
I/wpa_supplicant( 1270): Scan requested (ret=0) - scan timeout 30 seconds
I/wpa_supplicant( 1270): nl80211: Received scan results (1 BSSes)
I/wpa_supplicant( 1270): wlan0: CTRL-EVENT-NO-CONNECTION
I/wpa_supplicant( 1270): State: SCANNING -> INACTIVE
I/wpa_supplicant( 1270): CTRL-EVENT-STATE-CHANGE id=-1 state=2 BSSID=00.00.00
D/BatteryStatsImpl(  459): ++++++xy WakeLock start : pid=459, name=, type=0, tid=528, pid=459, pName=null
W/PowerManagerService(  459): Timer 0x1->0x0|0x0
D/PowerManagerService(  459): Screen__Off : Timeout
I/PowerManagerService(  459): Ulight 0x1->0x0|0x0
W/PowerManagerService(  459): CurLockF mPS:1 mUS=0
W/PowerManagerService(  459): mPokeLocks.size=0:
D/AbstractScreenOnProximityLock(  459): try to release
D/PowerManagerService(  459): enableLightSensorLocked enable=false mLightSensorEnabled=false mAutoBrightessEnabled=false mWaitingForFirstLightSensor=false
D/PowerManagerService(  459): sendNotificationLocked on=false
D/PowerManagerService(  459): mNotificationTask : off
W/AlarmManager(  459): FACTORY_ON= 0
D/BatteryStatsImpl(  459): ++++++xy WakeLock start : pid=459, name=, type=0, tid=528, pid=459, pName=null
E/lights  (  459): write_int failed to open /sys/class/backlight/panel/brightness
I/MiuiCursorController( 1150): InsertionPointCursorController is hidden including all panels and handle
E/lights  (  459): write_int failed to open /sys/class/backlight/panel/brightness
D/LightsService(  459): [SvcLED] setSvcLedStateLocked:: id = 3, color = 0, mode = 10, set = On
D/BatteryService(  459): turn on LED for charging
D/LightsService(  459): [SvcLED] wl is null.
I/MiuiCursorController( 1150): InsertionPointCursorController is hidden including all panels and handle
D/BatteryStatsImpl(  459): ++++++xy WakeLock stop : pid=459, name=, type=0, tid=871, pid=459, pName=null
D/VibratorService(  459): JNI vibratorOff()
E/lights  (  459): write_int failed to open /sys/class/backlight/panel/brightness
D/WindowManager(  459): PhoneWindowManager: focusChangedLw
D/WindowManager(  459): updateReadingMode
D/STATUSBAR-StatusBarManagerService(  459): manageDisableList what=0x0 pkg=system
D/STATUSBAR-StatusBarManagerService(  459): manageDisableList what=0x0 pkg=android
E/lights  (  459): write_int failed to open /sys/class/backlight/panel/brightness
E/lights  (  459): write_int failed to open /sys/class/backlight/panel/brightness
I/PowerManagerService(  459): Light Animator Finished currentValue=0
D/BatteryStatsImpl(  459): ++++++xy WakeLock start : pid=459, name=, type=0, tid=477, pid=459, pName=null
D/BatteryStatsImpl(  459): ++++++xy WakeLock stop : pid=459, name=, type=0, tid=672, pid=459, pName=null
I/MiuiCursorController( 1150): InsertionPointCursorController is hidden including all panels and handle
D/STATUSBAR-NotificationService(  459): ACTION_SCREEN_OFF
D/STATUSBAR-NotificationService(  459): updateLightsLocked() : Turn off notification light
D/LightsService(  459): [SvcLED] setSvcLedStateLocked:: id = 4, color = 0, mode = Off, set = Off
D/LightsService(  459): [SvcLED] wl is null.
V/AudioFlinger(   90): setParameters(): io 0, keyvalue screen_state=off, tid 436, calling pid 459
I/audio_hw_primary(   90): adev_set_parameters, kvpairs : screen_state=off
D/dalvikvm( 3787): Trying to load lib /data/data/com.lbe.security.miui/app_hips/liblbeclient.so 0x422284a8
D/dalvikvm( 3787): Added shared lib /data/data/com.lbe.security.miui/app_hips/liblbeclient.so 0x422284a8
D/SurfaceFlinger(   87): About to give-up screen, flinger = 0x40fd1c60
D/BatteryStatsImpl(  459): ++++++xy WakeLock start : pid=819, name=, type=0, tid=918, pid=459, pName=null
D/BatteryStatsImpl(  459): ++++++xy WakeLock stop : pid=819, name=, type=0, tid=889, pid=459, pName=null
E/Trace   ( 3787): error opening trace file: No such file or directory (2)
I/EventHandler( 1366): [ScreenStateReceiver] screen off
I/EventHandler( 1366): [trySendStartAutoBackupMsg] shortDelay[true]
D/LightsService(  459): [SvcLED] ForcedSvcLEDOnTask is running.
W/AlarmManager(  459): FACTORY_ON= 0
D/BatteryStatsImpl(  459): ++++++xy WakeLock stop : pid=459, name=, type=0, tid=528, pid=459, pName=null
D/dalvikvm( 3787): GC_CONCURRENT freed 214K, 11% free 6830K/7623K, paused 23ms+24ms, total 87ms
D/dalvikvm( 3787): WAIT_FOR_CONCURRENT_GC blocked 4ms
D/dalvikvm(  953): GC_CONCURRENT freed 462K, 23% free 7070K/9159K, paused 12ms+26ms, total 70ms
D/dalvikvm( 3787): DexOpt: wanted instance, got static for field Landroid/inputmethodservice/InputMethodService;.mFloatingForMultiWindow
W/dalvikvm( 3787): VFY: unable to resolve instance field 11722
D/dalvikvm( 3787): VFY: replacing opcode 0x5c at 0x0014
D/dalvikvm( 3787): GC_CONCURRENT freed 280K, 12% free 7056K/7943K, paused 12ms+24ms, total 74ms
D/AndroidRuntime( 3787): Shutting down VM
W/dalvikvm( 3787): threadid=1: thread exiting with uncaught exception (group=0x41b3a2b8)
W/System.err( 3787): java.lang.IncompatibleClassChangeError: android.inputmethodservice.InputMethodService
W/System.err( 3787): 	at android.inputmethodservice.InputMethodService.<init>(InputMethodService.java:349)
W/System.err( 3787): 	at com.baidu.input.ImeService.<init>(Unknown Source)
W/System.err( 3787): 	at java.lang.Class.newInstanceImpl(Native Method)
W/System.err( 3787): 	at java.lang.Class.newInstance(Class.java:1319)
W/System.err( 3787): 	at android.app.ActivityThread.handleCreateService(ActivityThread.java:2403)
W/System.err( 3787): 	at android.app.ActivityThread.access$1700(ActivityThread.java:140)
W/System.err( 3787): 	at android.app.ActivityThread$H.handleMessage(ActivityThread.java:1319)
W/System.err( 3787): 	at android.os.Handler.dispatchMessage(Handler.java:99)
W/System.err( 3787): 	at android.os.Looper.loop(Looper.java:137)
W/System.err( 3787): 	at android.app.ActivityThread.main(ActivityThread.java:4952)
W/System.err( 3787): 	at java.lang.reflect.Method.invokeNative(Native Method)
W/System.err( 3787): 	at java.lang.reflect.Method.invoke(Method.java:511)
W/System.err( 3787): 	at com.android.internal.os.ZygoteInit$MethodAndArgsCaller.run(ZygoteInit.java:1038)
W/System.err( 3787): 	at com.android.internal.os.ZygoteInit.main(ZygoteInit.java:805)
W/System.err( 3787): 	at dalvik.system.NativeStart.main(Native Method)
W/dalvikvm( 3787): Exception Ljava/lang/NullPointerException; thrown while initializing Lcom/baidu/kf;
D/dalvikvm( 3787): GC_CONCURRENT freed 470K, 14% free 7057K/8199K, paused 12ms+2ms, total 38ms
V/AlarmManager(  459): waitForAlarm result :4
D/LockPatternUtils(  459): isPcwEnable = null
D/BatteryStatsImpl(  459): ++++++xy WakeLock start : pid=459, name=, type=0, tid=529, pid=459, pName=null
V/AlarmManager(  459): trigger ELAPSED_REALTIME_WAKEUP or RTC_WAKEUP
D/BatteryStatsImpl(  459): ++++++xy WakeLock start : pid=459, name=, type=0, tid=477, pid=459, pName=null
V/LockPatternKeyguardView(  459): Set visibility on com.android.internal.policy.impl.MiuiLockPatternKeyguardView$4@428d8048 to 0
D/RootHolder(  459): init:com.android.internal.policy.impl.AwesomeLockScreen@42e566f8
D/LockPatternUtils(  459): isPcwEnable = null
D/LockPatternUtils(  459): isPcwEnable = null
D/BatteryStatsImpl(  459): ++++++xy WakeLock stop : pid=459, name=, type=0, tid=477, pid=459, pName=null
I/NotifierManager(  459): acquireNotifier:TimeChanged  miui.maml.data.DateTimeVariableUpdater@42736190
I/NotifierManager(  459): createNotifier:TimeChanged
I/NotifierManager(  459): onRegister: miui.maml.NotifierManager$MultiBroadcastNotifier@4282ee60
I/NotifierManager(  459): acquireNotifier:android.intent.action.BATTERY_CHANGED  miui.maml.data.BatteryVariableUpdater@42932ca0
I/NotifierManager(  459): createNotifier:android.intent.action.BATTERY_CHANGED
I/NotifierManager(  459): onNotify: miui.maml.NotifierManager$BroadcastNotifier@429c4160
I/NotifierManager(  459): onRegister: miui.maml.NotifierManager$BroadcastNotifier@429c4160
I/NotifierManager(  459): acquireNotifier:android.media.VOLUME_CHANGED_ACTION  miui.maml.data.VolumeVariableUpdater@42b294b8
I/NotifierManager(  459): createNotifier:android.media.VOLUME_CHANGED_ACTION
I/NotifierManager(  459): onRegister: miui.maml.NotifierManager$BroadcastNotifier@4292c6c0
W/ApplicationContext(  459): Unable to create files directory files
D/dalvikvm(  819): WAIT_FOR_CONCURRENT_GC blocked 0ms
I/NotifierManager(  459): acquireNotifier:TimeChanged  miui.maml.elements.TimepanelScreenElement$1@426820a8
I/NotifierManager(  459): acquireNotifier:android.intent.action.TIME_TICK  miui.maml.elements.TimepanelScreenElement$1@426820a8
I/NotifierManager(  459): createNotifier:android.intent.action.TIME_TICK
I/NotifierManager(  459): onRegister: miui.maml.NotifierManager$BroadcastNotifier@42680ee0
I/RenderThread(  459): RenderThread resumed
D/RootHolder(  459): createView
I/RenderThread(  459): RenderThread paused, waiting for signal
D/AwesomeLockScreen(  459): onRefreshBatteryInfo: true true 98
D/AwesomeLockScreen(  459): onRefreshCarrierInfo(, null)
D/AwesomeLockScreen(  459): onPause
V/KeyguardViewManager(  459): KGVM: Set visibility on com.android.internal.policy.impl.AbstractKeyguardViewManager$KeyguardViewHost@424e53b8 to 6291456
D/PowerManagerService(  459): enableUserActivity false
D/LockPatternUtils(  459): isPcwEnable = null
D/STATUSBAR-StatusBarManagerService(  459): manageDisableList what=0x1000004 pkg=android
D/PhoneStatusBar(  761): disable: < expand icons alerts ticker system_info back home RECENT* clock >
D/BatteryStatsImpl(  459): ++++++xy WakeLock stop : pid=459, name=, type=0, tid=531, pid=459, pName=null
D/WindowManager(  459): PhoneWindowManager: focusChangedLw
D/WindowManager(  459): updateReadingMode
V/WindowManager(  459): rotationForOrientationLw(orient=1, last=0); user=0 USER_ROTATION_LOCKED mLidState=-1 mCoverState=-1 mDockMode=0 mHdmiPlugged=false mAccelerometerDefault=false sensorRotation=-1
D/STATUSBAR-StatusBarManagerService(  459): manageDisableList what=0x0 pkg=system
D/STATUSBAR-StatusBarManagerService(  459): manageDisableList what=0x1 pkg=android
D/PhoneStatusBar(  761): disable: < expand icons alerts ticker system_info back home RECENT clock >
E/gralloc.sc8810(   87): ION_IOC_MAP fail
W/gralloc.sc8810(   87): ================allocat ion memory for rgba reserved buffer size too small,may allocat normal buffer
I/ContentProviderBinder(  459): query result count: 0 content://call_log/calls
D/STATUSBAR-StatusBarManagerService(  459): setSystemUiVisibility(0x0)
D/STATUSBAR-StatusBarManagerService(  459): manageDisableList what=0x0 pkg=WindowManager.LayoutParams
D/STATUSBAR-StatusBarManagerService(  459): manageDisableList what=0x0 pkg=system
D/STATUSBAR-StatusBarManagerService(  459): manageDisableList what=0x1 pkg=android
D/MiAdvancedView(  459): canvas hardware render: true
D/STATUSBAR-StatusBarManagerService(  459): manageDisableList what=0x0 pkg=system
D/STATUSBAR-StatusBarManagerService(  459): manageDisableList what=0x1 pkg=android
D/STATUSBAR-StatusBarManagerService(  459): manageDisableList what=0x0 pkg=system
D/STATUSBAR-StatusBarManagerService(  459): manageDisableList what=0x1 pkg=android
D/dalvikvm(  819): GC_EXPLICIT freed 369K, 13% free 7261K/8263K, paused 3ms+4ms, total 296ms
I/ContentProviderBinder(  459): query result count: 0 content://sms/inbox
I/ContentProviderBinder(  459): query result count: 0 content://call_log/calls
I/ContentProviderBinder(  459): query result count: 0 content://sms/inbox
I/ContentProviderBinder(  459): query result count: 0 content://com.android.contacts/data
I/ContentProviderBinder(  459): query result count: 0 content://com.android.contacts/data
V/AlarmManager(  459): waitForAlarm result :8
D/BatteryStatsImpl(  459): ++++++xy WakeLock start : pid=459, name=, type=0, tid=529, pid=459, pName=null
V/AlarmManager(  459): ClockReceiver onReceive() ACTION_TIME_TICK
W/AlarmManager(  459): FACTORY_ON= 0
D/PictureClock(  761): newTime=22:54
I/NotifierManager(  459): onNotify: miui.maml.NotifierManager$BroadcastNotifier@42680ee0
D/BatteryStatsImpl(  459): ++++++xy WakeLock stop : pid=459, name=, type=0, tid=477, pid=459, pName=null
W/PowerManagerService(  459): Timer 0x0->0x0|0x0
E/Watchdog(  459): !@Sync 44
D/BatteryService(  459): update start
D/BatteryInfoReceiver( 1244): 98
D/BatteryService(  459): level:98 scale:100 status:2 health:2 present:true voltage: 4361 temperature: 356 technology: Li-ion AC powered:false USB powered:true icon:17303345 invalid charger:0 online:1 charge type:0 current avg:0
E/MtpService(  929): In MTPAPP onReceive:android.intent.action.BATTERY_CHANGED
E/MtpService(  929): battPlugged Type : 2
I/NotifierManager(  459): onNotify: miui.maml.NotifierManager$BroadcastNotifier@429c4160
D/LightsService(  459): [SvcLED] setSvcLedStateLocked:: id = 3, color = 0, mode = 10, set = On
D/LightsService(  459): [SvcLED] wl is null.
D/BatteryService(  459): turn on LED for charging
I/Process (  459): Sending signal. PID: 3787 SIG: 3
I/dalvikvm( 3787): threadid=3: reacting to signal 3
I/dalvikvm( 3787): Wrote stack traces to '/data/anr/traces.txt'
I/Process (  459): Sending signal. PID: 459 SIG: 3
I/dalvikvm(  459): threadid=3: reacting to signal 3
E/        (  459): poll() failed (Interrupted system call)
I/Process (  459): Sending signal. PID: 819 SIG: 3
I/dalvikvm(  819): threadid=3: reacting to signal 3
D/LightsService(  459): [SvcLED] ForcedSvcLEDOnTask is running.
I/dalvikvm(  459): Wrote stack traces to '/data/anr/traces.txt'
I/Process (  459): Sending signal. PID: 761 SIG: 3
I/dalvikvm(  761): threadid=3: reacting to signal 3
I/dalvikvm(  761): Wrote stack traces to '/data/anr/traces.txt'
I/Process (  459): Sending signal. PID: 834 SIG: 3
I/dalvikvm(  834): threadid=3: reacting to signal 3
I/dalvikvm(  819): Wrote stack traces to '/data/anr/traces.txt'
I/Process (  459): Sending signal. PID: 890 SIG: 3
I/dalvikvm(  890): threadid=3: reacting to signal 3
I/dalvikvm(  834): Wrote stack traces to '/data/anr/traces.txt'
I/Process (  459): Sending signal. PID: 899 SIG: 3
I/dalvikvm(  899): threadid=3: reacting to signal 3
I/dalvikvm(  890): Wrote stack traces to '/data/anr/traces.txt'
I/Process (  459): Sending signal. PID: 853 SIG: 3
I/dalvikvm(  853): threadid=3: reacting to signal 3
I/dalvikvm(  899): Wrote stack traces to '/data/anr/traces.txt'
I/Process (  459): Sending signal. PID: 873 SIG: 3
I/dalvikvm(  873): threadid=3: reacting to signal 3
I/dalvikvm(  853): Wrote stack traces to '/data/anr/traces.txt'
I/dalvikvm(  873): Wrote stack traces to '/data/anr/traces.txt'
D/dalvikvm(  459): JIT code cache reset in 4 ms (1048560 bytes 2/0)
D/dalvikvm(  459): GC_CONCURRENT freed 2810K, 31% free 16860K/24391K, paused 16ms+19ms, total 162ms
D/dalvikvm(  459): WAIT_FOR_CONCURRENT_GC blocked 104ms
D/dalvikvm(  459): WAIT_FOR_CONCURRENT_GC blocked 0ms
D/dalvikvm(  459): GC_EXPLICIT freed 672K, 31% free 16920K/24391K, paused 7ms+13ms, total 125ms
E/ActivityManager(  459): ANR in com.baidu.input
E/ActivityManager(  459): Reason: Executing service com.baidu.input/.ImeService
E/ActivityManager(  459): Load: 3.11 / 3.51 / 3.44
E/ActivityManager(  459): CPU usage from 20380ms to 0ms ago:
E/ActivityManager(  459):   0.9% 459/system_server: 0.6% user + 0.3% kernel / faults: 2 minor
E/ActivityManager(  459):   0.3% 14/pm_print: 0% user + 0.3% kernel
E/ActivityManager(  459):   0.5% 3507/kworker/0:1: 0% user + 0.5% kernel
E/ActivityManager(  459):   0.5% 761/com.android.systemui: 0.3% user + 0.1% kernel
E/ActivityManager(  459):   0.4% 53/mmcqd/0: 0% user + 0.4% kernel
E/ActivityManager(  459):   0.4% 3401/com.speedsoftware.rootexplorer: 0.3% user + 0% kernel / faults: 4 minor
E/ActivityManager(  459):   0% 78/servicemanager: 0% user + 0% kernel
E/ActivityManager(  459):   0% 87/surfaceflinger: 0% user + 0% kernel
E/ActivityManager(  459):   0% 973/com.google.process.gapps: 0% user + 0% kernel / faults: 13 minor
E/ActivityManager(  459):   0% 1508/com.google.android.partnersetup: 0% user + 0% kernel / faults: 14 minor
E/ActivityManager(  459):   0% 1669/com.android.mms: 0% user + 0% kernel / faults: 6 minor
E/ActivityManager(  459):   0% 2180/com.miui.cloudservice: 0% user + 0% kernel / faults: 9 minor
E/ActivityManager(  459):   0% 2978/com.miui.weather2:receiverreportweather: 0% user + 0% kernel / faults: 51 minor
E/ActivityManager(  459):   0% 3536/com.android.fileexplorer: 0% user + 0% kernel / faults: 17 minor
E/ActivityManager(  459): 3.7% TOTAL: 0.9% user + 2.8% kernel
E/ActivityManager(  459): CPU usage from 1203ms to 1731ms later:
E/ActivityManager(  459):   5.7% 459/system_server: 0% user + 5.7% kernel / faults: 17 minor
E/ActivityManager(  459):     3.8% 478/ActivityManager: 0% user + 3.8% kernel
E/ActivityManager(  459):     1.9% 1057/LocationManager: 0% user + 1.9% kernel
E/ActivityManager(  459): 5.6% TOTAL: 0% user + 5.6% kernel
W/ActivityManager(  459): Killing ProcessRecord{42568ae0 3787:com.baidu.input/u0a54}: background ANR
I/ActivityManager(  459): Process com.baidu.input (pid 3787) (adj 0) has died.
D/dalvikvm(  459): GC_CONCURRENT freed 1202K, 28% free 17638K/24391K, paused 15ms+11ms, total 107ms
D/dalvikvm(  459): WAIT_FOR_CONCURRENT_GC blocked 90ms
W/ActivityManager(  459): performServiceRestartLocked packagename :com.baidu.input
D/dalvikvm( 3814): Trying to load lib /data/data/com.lbe.security.miui/app_hips/liblbeclient.so 0x42229f68
D/dalvikvm( 3814): Added shared lib /data/data/com.lbe.security.miui/app_hips/liblbeclient.so 0x42229f68
E/Trace   ( 3814): error opening trace file: No such file or directory (2)
D/dalvikvm( 3814): GC_CONCURRENT freed 217K, 11% free 6827K/7623K, paused 12ms+3ms, total 40ms
D/dalvikvm( 3814): WAIT_FOR_CONCURRENT_GC blocked 4ms
D/dalvikvm(  953): GC_CONCURRENT freed 463K, 24% free 7029K/9159K, paused 12ms+33ms, total 83ms
D/dalvikvm( 3814): DexOpt: wanted instance, got static for field Landroid/inputmethodservice/InputMethodService;.mFloatingForMultiWindow
W/dalvikvm( 3814): VFY: unable to resolve instance field 11722
D/dalvikvm( 3814): VFY: replacing opcode 0x5c at 0x0014
D/dalvikvm( 3814): GC_CONCURRENT freed 285K, 12% free 7052K/7943K, paused 2ms+19ms, total 86ms
D/AndroidRuntime( 3814): Shutting down VM
W/dalvikvm( 3814): threadid=1: thread exiting with uncaught exception (group=0x41b3a2b8)
W/System.err( 3814): java.lang.IncompatibleClassChangeError: android.inputmethodservice.InputMethodService
W/System.err( 3814): 	at android.inputmethodservice.InputMethodService.<init>(InputMethodService.java:349)
W/System.err( 3814): 	at com.baidu.input.ImeService.<init>(Unknown Source)
W/System.err( 3814): 	at java.lang.Class.newInstanceImpl(Native Method)
W/System.err( 3814): 	at java.lang.Class.newInstance(Class.java:1319)
W/System.err( 3814): 	at android.app.ActivityThread.handleCreateService(ActivityThread.java:2403)
W/System.err( 3814): 	at android.app.ActivityThread.access$1700(ActivityThread.java:140)
W/System.err( 3814): 	at android.app.ActivityThread$H.handleMessage(ActivityThread.java:1319)
W/System.err( 3814): 	at android.os.Handler.dispatchMessage(Handler.java:99)
W/System.err( 3814): 	at android.os.Looper.loop(Looper.java:137)
W/System.err( 3814): 	at android.app.ActivityThread.main(ActivityThread.java:4952)
W/System.err( 3814): 	at java.lang.reflect.Method.invokeNative(Native Method)
W/System.err( 3814): 	at java.lang.reflect.Method.invoke(Method.java:511)
W/System.err( 3814): 	at com.android.internal.os.ZygoteInit$MethodAndArgsCaller.run(ZygoteInit.java:1038)
W/System.err( 3814): 	at com.android.internal.os.ZygoteInit.main(ZygoteInit.java:805)
W/System.err( 3814): 	at dalvik.system.NativeStart.main(Native Method)
W/dalvikvm( 3814): Exception Ljava/lang/NullPointerException; thrown while initializing Lcom/baidu/kf;
D/dalvikvm( 3814): GC_CONCURRENT freed 457K, 15% free 7050K/8199K, paused 12ms+2ms, total 32ms
E/Watchdog(  459): !@Sync 45
D/dalvikvm(  834): GC_FOR_ALLOC freed 301K, 15% free 7142K/8391K, paused 17ms, total 19ms
V/AlarmManager(  459): waitForAlarm result :8
D/BatteryStatsImpl(  459): ++++++xy WakeLock start : pid=459, name=, type=0, tid=529, pid=459, pName=null
V/AlarmManager(  459): ClockReceiver onReceive() ACTION_TIME_TICK
W/AlarmManager(  459): FACTORY_ON= 0
D/PictureClock(  761): newTime=22:55
I/Process (  459): Sending signal. PID: 3814 SIG: 3
I/dalvikvm( 3814): threadid=3: reacting to signal 3
I/dalvikvm( 3814): Wrote stack traces to '/data/anr/traces.txt'
I/Process (  459): Sending signal. PID: 459 SIG: 3
I/dalvikvm(  459): threadid=3: reacting to signal 3
E/        (  459): poll() failed (Interrupted system call)
I/Process (  459): Sending signal. PID: 819 SIG: 3
I/dalvikvm(  819): threadid=3: reacting to signal 3
I/NotifierManager(  459): onNotify: miui.maml.NotifierManager$BroadcastNotifier@42680ee0
I/dalvikvm(  459): Wrote stack traces to '/data/anr/traces.txt'
D/BatteryStatsImpl(  459): ++++++xy WakeLock stop : pid=459, name=, type=0, tid=477, pid=459, pName=null
I/Process (  459): Sending signal. PID: 761 SIG: 3
I/dalvikvm(  761): threadid=3: reacting to signal 3
I/dalvikvm(  761): Wrote stack traces to '/data/anr/traces.txt'
I/Process (  459): Sending signal. PID: 834 SIG: 3
I/dalvikvm(  834): threadid=3: reacting to signal 3
I/dalvikvm(  819): Wrote stack traces to '/data/anr/traces.txt'
I/Process (  459): Sending signal. PID: 890 SIG: 3
I/dalvikvm(  890): threadid=3: reacting to signal 3
I/dalvikvm(  834): Wrote stack traces to '/data/anr/traces.txt'
I/Process (  459): Sending signal. PID: 899 SIG: 3
I/dalvikvm(  899): threadid=3: reacting to signal 3
I/dalvikvm(  890): Wrote stack traces to '/data/anr/traces.txt'
I/Process (  459): Sending signal. PID: 853 SIG: 3
I/dalvikvm(  853): threadid=3: reacting to signal 3
I/dalvikvm(  853): Wrote stack traces to '/data/anr/traces.txt'
I/Process (  459): Sending signal. PID: 873 SIG: 3
I/dalvikvm(  873): threadid=3: reacting to signal 3
I/dalvikvm(  899): Wrote stack traces to '/data/anr/traces.txt'
I/dalvikvm(  873): Wrote stack traces to '/data/anr/traces.txt'
D/dalvikvm(  459): WAIT_FOR_CONCURRENT_GC blocked 0ms
D/dalvikvm(  459): GC_EXPLICIT freed 2609K, 31% free 16943K/24391K, paused 7ms+11ms, total 130ms
E/ActivityManager(  459): ANR in com.baidu.input
E/ActivityManager(  459): Reason: Executing service com.baidu.input/.ImeService
E/ActivityManager(  459): Load: 3.06 / 3.45 / 3.43
E/ActivityManager(  459): CPU usage from 36897ms to 0ms ago:
E/ActivityManager(  459):   4.2% 459/system_server: 3.1% user + 1.1% kernel / faults: 1944 minor
E/ActivityManager(  459):   0.8% 53/mmcqd/0: 0% user + 0.8% kernel
E/ActivityManager(  459):   0.5% 3507/kworker/0:1: 0% user + 0.5% kernel
E/ActivityManager(  459):   0.5% 761/com.android.systemui: 0.4% user + 0.1% kernel / faults: 8 minor
E/ActivityManager(  459):   0.4% 3401/com.speedsoftware.rootexplorer: 0.2% user + 0.1% kernel / faults: 4 minor
E/ActivityManager(  459):   0.4% 14/pm_print: 0% user + 0.4% kernel
E/ActivityManager(  459):   0.2% 953/com.lbe.security.miui:service: 0.1% user + 0% kernel / faults: 61 minor
E/ActivityManager(  459):   0% 819/com.android.phone: 0% user + 0% kernel / faults: 3 minor
E/ActivityManager(  459):   0% 834/com.trafficctr.miui: 0% user + 0% kernel / faults: 81 minor
E/ActivityManager(  459):   0% 192/adbd: 0% user + 0% kernel
E/ActivityManager(  459):   0% 853/com.sec.android.provider.logsprovider: 0% user + 0% kernel / faults: 11 minor
E/ActivityManager(  459):   0% 890/com.android.deskclock: 0% user + 0% kernel / faults: 13 minor
E/ActivityManager(  459):   0% 78/servicemanager: 0% user + 0% kernel
E/ActivityManager(  459):   0% 88/zygote: 0% user + 0% kernel / faults: 56 minor
E/ActivityManager(  459):   0% 873/com.lbe.security.miui: 0% user + 0% kernel / faults: 6 minor
E/ActivityManager(  459):   0% 899/com.xiaomi.xmsf: 0% user + 0% kernel / faults: 6 minor
E/ActivityManager(  459):   0% 1//init: 0% user + 0% kernel / faults: 51 minor
E/ActivityManager(  459):   0% 87/surfaceflinger: 0% user + 0% kernel
E/ActivityManager(  459):   0% 101/smdexe: 0% user + 0% kernel
E/ActivityManager(  459):   0% 973/com.google.process.gapps: 0% user + 0% kernel
E/ActivityManager(  459):   0% 992/android.process.media: 0% user + 0% kernel
E/ActivityManager(  459):   0% 1753/com.miui.networkassistant: 0% user + 0% kernel / faults: 25 minor
E/ActivityManager(  459):   0% 2023/com.android.quicksearchbox: 0% user + 0% kernel / faults: 18 minor
E/ActivityManager(  459):   0% 2074/com.miui.providers.weather: 0% user + 0% kernel / faults: 6 minor
E/ActivityManager(  459):   0% 2195/com.xiaomi.gamecenter: 0% user + 0% kernel / faults: 25 minor
E/ActivityManager(  459):   0% 2240/com.sec.pcw.device: 0% user + 0% kernel / faults: 14 minor
E/ActivityManager(  459):   0% 2265/com.xiaomi.market: 0% user + 0% kernel / faults: 70 minor
E/ActivityManager(  459):   0% 3025/com.android.email: 0% user + 0% kernel / faults: 31 minor
E/ActivityManager(  459):   0% 3125/com.miui.providers.datahub: 0% user + 0% kernel / faults: 11 minor
E/ActivityManager(  459):   0% 3775/logcat: 0% user + 0% kernel
E/ActivityManager(  459):  +0% 3814/com.baidu.input: 0% user + 0% kernel
E/ActivityManager(  459): 8.9% TOTAL: 5.1% user + 3.8% kernel + 0% iowait
E/ActivityManager(  459): CPU usage from 1231ms to 1756ms later:
E/ActivityManager(  459):   5.7% 459/system_server: 0% user + 5.7% kernel
E/ActivityManager(  459):     3.8% 478/ActivityManager: 0% user + 3.8% kernel
E/ActivityManager(  459):   1.1% 761/com.android.systemui: 1.1% user + 0% kernel
E/ActivityManager(  459):   1.4% 3507/kworker/0:1: 0% user + 1.4% kernel
E/ActivityManager(  459): 7.4% TOTAL: 0% user + 7.4% kernel
W/ActivityManager(  459): Killing ProcessRecord{426b8008 3814:com.baidu.input/u0a54}: background ANR
I/ActivityManager(  459): Process com.baidu.input (pid 3814) (adj 0) has died.
D/dalvikvm(  459): GC_CONCURRENT freed 1255K, 28% free 17641K/24391K, paused 15ms+10ms, total 107ms
D/dalvikvm(  459): WAIT_FOR_CONCURRENT_GC blocked 85ms
E/Watchdog(  459): !@Sync 46
W/ActivityManager(  459): performServiceRestartLocked packagename :com.baidu.input
D/dalvikvm( 3844): Trying to load lib /data/data/com.lbe.security.miui/app_hips/liblbeclient.so 0x42228090
D/dalvikvm( 3844): Added shared lib /data/data/com.lbe.security.miui/app_hips/liblbeclient.so 0x42228090
E/Trace   ( 3844): error opening trace file: No such file or directory (2)
D/dalvikvm( 3844): GC_CONCURRENT freed 218K, 11% free 6826K/7623K, paused 12ms+13ms, total 51ms
D/dalvikvm( 3844): WAIT_FOR_CONCURRENT_GC blocked 2ms
D/dalvikvm( 3844): DexOpt: wanted instance, got static for field Landroid/inputmethodservice/InputMethodService;.mFloatingForMultiWindow
W/dalvikvm( 3844): VFY: unable to resolve instance field 11722
D/dalvikvm( 3844): VFY: replacing opcode 0x5c at 0x0014
D/dalvikvm( 3844): GC_CONCURRENT freed 279K, 12% free 7058K/7943K, paused 12ms+21ms, total 72ms
D/AndroidRuntime( 3844): Shutting down VM
W/dalvikvm( 3844): threadid=1: thread exiting with uncaught exception (group=0x41b3a2b8)
W/System.err( 3844): java.lang.IncompatibleClassChangeError: android.inputmethodservice.InputMethodService
W/System.err( 3844): 	at android.inputmethodservice.InputMethodService.<init>(InputMethodService.java:349)
W/System.err( 3844): 	at com.baidu.input.ImeService.<init>(Unknown Source)
W/System.err( 3844): 	at java.lang.Class.newInstanceImpl(Native Method)
W/System.err( 3844): 	at java.lang.Class.newInstance(Class.java:1319)
W/System.err( 3844): 	at android.app.ActivityThread.handleCreateService(ActivityThread.java:2403)
W/System.err( 3844): 	at android.app.ActivityThread.access$1700(ActivityThread.java:140)
W/System.err( 3844): 	at android.app.ActivityThread$H.handleMessage(ActivityThread.java:1319)
W/System.err( 3844): 	at android.os.Handler.dispatchMessage(Handler.java:99)
W/System.err( 3844): 	at android.os.Looper.loop(Looper.java:137)
W/System.err( 3844): 	at android.app.ActivityThread.main(ActivityThread.java:4952)
W/System.err( 3844): 	at java.lang.reflect.Method.invokeNative(Native Method)
W/System.err( 3844): 	at java.lang.reflect.Method.invoke(Method.java:511)
W/System.err( 3844): 	at com.android.internal.os.ZygoteInit$MethodAndArgsCaller.run(ZygoteInit.java:1038)
W/System.err( 3844): 	at com.android.internal.os.ZygoteInit.main(ZygoteInit.java:805)
W/System.err( 3844): 	at dalvik.system.NativeStart.main(Native Method)
W/dalvikvm( 3844): Exception Ljava/lang/NullPointerException; thrown while initializing Lcom/baidu/kf;
D/dalvikvm( 3844): GC_CONCURRENT freed 461K, 14% free 7073K/8199K, paused 11ms+2ms, total 39ms
D/BatteryService(  459): update start
D/BatteryService(  459): level:98 scale:100 status:2 health:2 present:true voltage: 4361 temperature: 355 technology: Li-ion AC powered:false USB powered:true icon:17303345 invalid charger:0 online:1 charge type:0 current avg:0
D/BatteryInfoReceiver( 1244): 98
E/MtpService(  929): In MTPAPP onReceive:android.intent.action.BATTERY_CHANGED
E/MtpService(  929): battPlugged Type : 2
I/NotifierManager(  459): onNotify: miui.maml.NotifierManager$BroadcastNotifier@429c4160
D/LightsService(  459): [SvcLED] setSvcLedStateLocked:: id = 3, color = 0, mode = 10, set = On
D/LightsService(  459): [SvcLED] wl is null.
D/BatteryService(  459): turn on LED for charging
D/LightsService(  459): [SvcLED] ForcedSvcLEDOnTask is running.
E/Watchdog(  459): !@Sync 47
I/Process (  459): Sending signal. PID: 3844 SIG: 3
I/dalvikvm( 3844): threadid=3: reacting to signal 3
I/dalvikvm( 3844): Wrote stack traces to '/data/anr/traces.txt'
I/Process (  459): Sending signal. PID: 459 SIG: 3
I/dalvikvm(  459): threadid=3: reacting to signal 3
E/        (  459): poll() failed (Interrupted system call)
I/Process (  459): Sending signal. PID: 819 SIG: 3
I/dalvikvm(  819): threadid=3: reacting to signal 3
I/dalvikvm(  459): Wrote stack traces to '/data/anr/traces.txt'
I/Process (  459): Sending signal. PID: 761 SIG: 3
I/dalvikvm(  761): threadid=3: reacting to signal 3
I/dalvikvm(  761): Wrote stack traces to '/data/anr/traces.txt'
I/Process (  459): Sending signal. PID: 834 SIG: 3
I/dalvikvm(  834): threadid=3: reacting to signal 3
I/dalvikvm(  819): Wrote stack traces to '/data/anr/traces.txt'
I/Process (  459): Sending signal. PID: 890 SIG: 3
I/dalvikvm(  890): threadid=3: reacting to signal 3
I/dalvikvm(  834): Wrote stack traces to '/data/anr/traces.txt'
I/Process (  459): Sending signal. PID: 899 SIG: 3
I/dalvikvm(  899): threadid=3: reacting to signal 3
I/dalvikvm(  890): Wrote stack traces to '/data/anr/traces.txt'
I/Process (  459): Sending signal. PID: 853 SIG: 3
I/dalvikvm(  853): threadid=3: reacting to signal 3
I/dalvikvm(  899): Wrote stack traces to '/data/anr/traces.txt'
I/dalvikvm(  853): Wrote stack traces to '/data/anr/traces.txt'
I/Process (  459): Sending signal. PID: 873 SIG: 3
I/dalvikvm(  873): threadid=3: reacting to signal 3
I/dalvikvm(  873): Wrote stack traces to '/data/anr/traces.txt'
D/dalvikvm(  459): WAIT_FOR_CONCURRENT_GC blocked 0ms
D/dalvikvm(  459): GC_EXPLICIT freed 2561K, 31% free 16938K/24391K, paused 7ms+14ms, total 128ms
E/ActivityManager(  459): ANR in com.baidu.input
E/ActivityManager(  459): Reason: Executing service com.baidu.input/.ImeService
E/ActivityManager(  459): Load: 3.09 / 3.41 / 3.41
E/ActivityManager(  459): CPU usage from 51909ms to 0ms ago:
E/ActivityManager(  459):   2.9% 459/system_server: 2.2% user + 0.7% kernel / faults: 1174 minor 5 major
E/ActivityManager(  459):   0.8% 53/mmcqd/0: 0% user + 0.8% kernel
E/ActivityManager(  459):   0.6% 3507/kworker/0:1: 0% user + 0.6% kernel
E/ActivityManager(  459):   0.5% 14/pm_print: 0% user + 0.5% kernel
E/ActivityManager(  459):   0.5% 761/com.android.systemui: 0.4% user + 0.1% kernel / faults: 12 minor
E/ActivityManager(  459):   0.4% 3401/com.speedsoftware.rootexplorer: 0.3% user + 0.1% kernel / faults: 9 minor
E/ActivityManager(  459):   0.1% 953/com.lbe.security.miui:service: 0.1% user + 0% kernel / faults: 12 minor
E/ActivityManager(  459):   0% 192/adbd: 0% user + 0% kernel
E/ActivityManager(  459):   0% 819/com.android.phone: 0% user + 0% kernel / faults: 2 minor
E/ActivityManager(  459):   0% 834/com.trafficctr.miui: 0% user + 0% kernel / faults: 19 minor
E/ActivityManager(  459):   0% 55/kworker/0:2: 0% user + 0% kernel
E/ActivityManager(  459):   0% 873/com.lbe.security.miui: 0% user + 0% kernel / faults: 7 minor
E/ActivityManager(  459):   0% 1//init: 0% user + 0% kernel / faults: 30 minor
E/ActivityManager(  459):   0% 78/servicemanager: 0% user + 0% kernel
E/ActivityManager(  459):   0% 87/surfaceflinger: 0% user + 0% kernel
E/ActivityManager(  459):   0% 853/com.sec.android.provider.logsprovider: 0% user + 0% kernel / faults: 6 minor
E/ActivityManager(  459):   0% 890/com.android.deskclock: 0% user + 0% kernel / faults: 24 minor
E/ActivityManager(  459):   0% 899/com.xiaomi.xmsf: 0% user + 0% kernel / faults: 8 minor
E/ActivityManager(  459):   0% 1669/com.android.mms: 0% user + 0% kernel / faults: 6 minor
E/ActivityManager(  459):   0% 84/rild: 0% user + 0% kernel / faults: 6 minor
E/ActivityManager(  459):   0% 88/zygote: 0% user + 0% kernel / faults: 55 minor
E/ActivityManager(  459):   0% 929/com.android.MtpApplication: 0% user + 0% kernel / faults: 44 minor
E/ActivityManager(  459):   0% 973/com.google.process.gapps: 0% user + 0% kernel
E/ActivityManager(  459):   0% 992/android.process.media: 0% user + 0% kernel
E/ActivityManager(  459):   0% 1080/com.android.defcontainer: 0% user + 0% kernel / faults: 21 minor
E/ActivityManager(  459):   0% 1439/lbesec.loader: 0% user + 0% kernel / faults: 18 minor
E/ActivityManager(  459):   0% 1547/com.android.fileexplorer:remote: 0% user + 0% kernel / faults: 22 minor
E/ActivityManager(  459):   0% 1730/com.miui.guardprovider: 0% user + 0% kernel / faults: 28 minor
E/ActivityManager(  459):   0% 1984/com.android.calendar: 0% user + 0% kernel / faults: 14 minor
E/ActivityManager(  459):   0% 2221/com.android.musicfx: 0% user + 0% kernel / faults: 17 minor
E/ActivityManager(  459):   0% 2254/com.miui.guardprovider:remote: 0% user + 0% kernel / faults: 19 minor
E/ActivityManager(  459):   0% 2991/com.miui.weather2:reportweatherservice: 0% user + 0% kernel / faults: 28 minor
E/ActivityManager(  459):   0% 3775/logcat: 0% user + 0% kernel
E/ActivityManager(  459):  +0% 3838/kworker/0:3: 0% user + 0% kernel
E/ActivityManager(  459):  +0% 3844/com.baidu.input: 0% user + 0% kernel
E/ActivityManager(  459): 7.2% TOTAL: 3.5% user + 3.6% kernel + 0% iowait
E/ActivityManager(  459): CPU usage from 1173ms to 1698ms later:
E/ActivityManager(  459):   3.8% 459/system_server: 0% user + 3.8% kernel
E/ActivityManager(  459):     3.8% 478/ActivityManager: 1.9% user + 1.9% kernel
E/ActivityManager(  459): 7.6% TOTAL: 1.9% user + 5.7% kernel
W/ActivityManager(  459): Killing ProcessRecord{42568ae0 3844:com.baidu.input/u0a54}: background ANR
I/ActivityManager(  459): Process com.baidu.input (pid 3844) (adj 0) has died.
D/dalvikvm(  459): GC_CONCURRENT freed 1250K, 28% free 17644K/24391K, paused 15ms+10ms, total 108ms
D/dalvikvm(  459): WAIT_FOR_CONCURRENT_GC blocked 92ms
