D/SPRDENG (  175): eng_servermodem_comm: use SIM1 /dev/CHNPTY13
D/SPRDENG (  175): AT > AT+GCAP
D/SPRDENG (  175): 41
D/SPRDENG (  175): 54
D/SPRDENG (  175): 2b
D/SPRDENG (  175): 47
D/SPRDENG (  175): 43
D/SPRDENG (  175): 41
D/SPRDENG (  175): 50
D/SPRDENG (  175): d
D/SPRDENG (  175): eng_modem2server: use SIM1 /dev/CHNPTY13
D/SPRDENG (  175): AT < 
D/SPRDENG (  175): +CME ERROR: 4
D/SPRDENG (  175): 
E/SMD     (  101): After the Modem Read select 
E/SMD     (  101): Read 17 chars from SMD Modem file fd = 7
E/SMD     (  101):  Message: 
E/SMD     (  101): +CME ERROR: 4
E/SMD     (  101): 
E/SMD     (  101): ication CO.
E/SMD     (  101): 
E/SMD     (  101): OK
E/SMD     (  101): 
E/SMD     (  101): Before the Modem Read select 
E/DataRouter(   99): [socket:13]******* Received data notification *******
E/DataRouter(   99): [socket:13]read socket data[len:17]
E/DataRouter(   99): [socket:13]read socket data[message:
E/DataRouter(   99): +CME ERROR: 4
E/DataRouter(   99): 
E/DataRouter(   99): write [17] bytes of data to USB fd[9]
E/DataRouter(   99): [socket:13]dr_usb_write
E/DataRouter(   99): After the usb select 
E/DataRouter(   99): read usb data[len:1]
E/DataRouter(   99): read usb data message:A
E/DataRouter(   99): Before the usb select 
E/SMD     (  101): ***Received data notification[DR->SMD]***
E/SMD     (  101): Message:A
E/SMD     (  101): Sending data to SMD: Len = [1]
E/SMD     (  101):  buffer = [A]
E/SMD     (  101): Wrote 1 chars to SMD PORT fd=7 ch = 41
E/SMD     (  101): After the Modem Read select 
E/SMD     (  101): Read 1 chars from SMD Modem file fd = 7
E/SMD     (  101):  Message: A
E/SMD     (  101): +CME ERROR: 4
E/SMD     (  101): 
E/SMD     (  101): ication CO.
E/SMD     (  101): 
E/SMD     (  101): OK
E/SMD     (  101): 
E/SMD     (  101): Before the Modem Read select 
E/DataRouter(   99): [socket:13]******* Received data notification *******
E/DataRouter(   99): [socket:13]read socket data[len:1]
E/DataRouter(   99): [socket:13]read socket data[message:A
E/DataRouter(   99): write [1] bytes of data to USB fd[9]
E/DataRouter(   99): [socket:13]dr_usb_write
E/DataRouter(   99): After the usb select 
E/DataRouter(   99): read usb data[len:1]
E/DataRouter(   99): read usb data message:T
E/DataRouter(   99): Before the usb select 
E/SMD     (  101): ***Received data notification[DR->SMD]***
E/SMD     (  101): Message:T
E/SMD     (  101): Sending data to SMD: Len = [1]
E/SMD     (  101):  buffer = [T]
E/SMD     (  101): Wrote 1 chars to SMD PORT fd=7 ch = 54
E/SMD     (  101): After the Modem Read select 
E/SMD     (  101): Read 1 chars from SMD Modem file fd = 7
E/SMD     (  101):  Message: T
E/SMD     (  101): +CME ERROR: 4
E/SMD     (  101): 
E/SMD     (  101): ication CO.
E/SMD     (  101): 
E/SMD     (  101): OK
E/SMD     (  101): 
E/SMD     (  101): Before the Modem Read select 
E/DataRouter(   99): [socket:13]******* Received data notification *******
E/DataRouter(   99): [socket:13]read socket data[len:1]
E/DataRouter(   99): [socket:13]read socket data[message:T
E/DataRouter(   99): write [1] bytes of data to USB fd[9]
E/DataRouter(   99): [socket:13]dr_usb_write
E/DataRouter(   99): After the usb select 
E/DataRouter(   99): read usb data[len:1]
E/DataRouter(   99): read usb data message:I
E/DataRouter(   99): Before the usb select 
E/SMD     (  101): ***Received data notification[DR->SMD]***
E/SMD     (  101): Message:I
E/SMD     (  101): Sending data to SMD: Len = [1]
E/SMD     (  101):  buffer = [I]
E/SMD     (  101): Wrote 1 chars to SMD PORT fd=7 ch = 49
E/SMD     (  101): After the Modem Read select 
E/SMD     (  101): Read 1 chars from SMD Modem file fd = 7
E/SMD     (  101):  Message: I
E/SMD     (  101): +CME ERROR: 4
E/SMD     (  101): 
E/SMD     (  101): ication CO.
E/SMD     (  101): 
E/SMD     (  101): OK
E/SMD     (  101): 
E/SMD     (  101): Before the Modem Read select 
E/DataRouter(   99): [socket:13]******* Received data notification *******
E/DataRouter(   99): [socket:13]read socket data[len:1]
E/DataRouter(   99): [socket:13]read socket data[message:I
E/DataRouter(   99): write [1] bytes of data to USB fd[9]
E/DataRouter(   99): [socket:13]dr_usb_write
E/DataRouter(   99): After the usb select 
E/DataRouter(   99): read usb data[len:1]
E/DataRouter(   99): read usb data message:
E/DataRouter(   99): Before the usb select 
E/SMD     (  101): ***Received data notification[DR->SMD]***
E/SMD     (  101): Message:
E/SMD     (  101): Sending data to SMD: Len = [1]
E/SMD     (  101):  buffer = []
E/SMD     (  101): Wrote 1 chars to SMD PORT fd=7 ch = d
E/SMD     (  101): After the Modem Read select 
E/SMD     (  101): Read 1 chars from SMD Modem file fd = 7
E/SMD     (  101):  Message: 
E/SMD     (  101): +CME ERROR: 4
E/SMD     (  101): 
E/SMD     (  101): ication CO.
E/SMD     (  101): 
E/SMD     (  101): OK
E/SMD     (  101): 
E/SMD     (  101): Before the Modem Read select 
E/DataRouter(   99): [socket:13]******* Received data notification *******
E/DataRouter(   99): [socket:13]read socket data[len:1]
E/DataRouter(   99): [socket:13]read socket data[message:
E/DataRouter(   99): write [1] bytes of data to USB fd[9]
E/DataRouter(   99): [socket:13]dr_usb_write
D/SPRDENG (  175): eng_servermodem_comm: use SIM1 /dev/CHNPTY13
D/SPRDENG (  175): AT > ATI
D/SPRDENG (  175): 41
D/SPRDENG (  175): 54
D/SPRDENG (  175): 49
D/SPRDENG (  175): d
D/SPRDENG (  175): eng_modem2server: use SIM1 /dev/CHNPTY13
D/SPRDENG (  175): AT < 
D/SPRDENG (  175): +CME ERROR: 4
D/SPRDENG (  175): 
E/SMD     (  101): After the Modem Read select 
E/SMD     (  101): Read 17 chars from SMD Modem file fd = 7
E/SMD     (  101):  Message: 
E/SMD     (  101): +CME ERROR: 4
E/SMD     (  101): 
E/SMD     (  101): ication CO.
E/SMD     (  101): 
E/SMD     (  101): OK
E/SMD     (  101): 
E/SMD     (  101): Before the Modem Read select 
E/DataRouter(   99): [socket:13]******* Received data notification *******
E/DataRouter(   99): [socket:13]read socket data[len:17]
E/DataRouter(   99): [socket:13]read socket data[message:
E/DataRouter(   99): +CME ERROR: 4
E/DataRouter(   99): 
E/DataRouter(   99): write [17] bytes of data to USB fd[9]
E/DataRouter(   99): [socket:13]dr_usb_write
E/DataRouter(   99): After the usb select 
E/DataRouter(   99): read usb data[len:1]
E/DataRouter(   99): read usb data message:A
E/DataRouter(   99): Before the usb select 
E/SMD     (  101): ***Received data notification[DR->SMD]***
E/SMD     (  101): Message:A
E/SMD     (  101): Sending data to SMD: Len = [1]
E/SMD     (  101):  buffer = [A]
E/SMD     (  101): Wrote 1 chars to SMD PORT fd=7 ch = 41
E/SMD     (  101): After the Modem Read select 
E/SMD     (  101): Read 1 chars from SMD Modem file fd = 7
E/SMD     (  101):  Message: A
E/SMD     (  101): +CME ERROR: 4
E/SMD     (  101): 
E/SMD     (  101): ication CO.
E/SMD     (  101): 
E/SMD     (  101): OK
E/SMD     (  101): 
E/SMD     (  101): Before the Modem Read select 
E/DataRouter(   99): [socket:13]******* Received data notification *******
E/DataRouter(   99): [socket:13]read socket data[len:1]
E/DataRouter(   99): [socket:13]read socket data[message:A
E/DataRouter(   99): write [1] bytes of data to USB fd[9]
E/DataRouter(   99): [socket:13]dr_usb_write
E/DataRouter(   99): After the usb select 
E/DataRouter(   99): read usb data[len:1]
E/DataRouter(   99): read usb data message:T
E/DataRouter(   99): Before the usb select 
E/SMD     (  101): ***Received data notification[DR->SMD]***
E/SMD     (  101): Message:T
E/SMD     (  101): Sending data to SMD: Len = [1]
E/SMD     (  101):  buffer = [T]
E/SMD     (  101): Wrote 1 chars to SMD PORT fd=7 ch = 54
E/SMD     (  101): After the Modem Read select 
E/SMD     (  101): Read 1 chars from SMD Modem file fd = 7
E/SMD     (  101):  Message: T
E/SMD     (  101): +CME ERROR: 4
E/SMD     (  101): 
E/SMD     (  101): ication CO.
E/SMD     (  101): 
E/SMD     (  101): OK
E/SMD     (  101): 
E/SMD     (  101): Before the Modem Read select 
E/DataRouter(   99): [socket:13]******* Received data notification *******
E/DataRouter(   99): [socket:13]read socket data[len:1]
E/DataRouter(   99): [socket:13]read socket data[message:T
E/DataRouter(   99): write [1] bytes of data to USB fd[9]
E/DataRouter(   99): [socket:13]dr_usb_write
E/DataRouter(   99): After the usb select 
E/DataRouter(   99): read usb data[len:1]
E/DataRouter(   99): read usb data message:+
E/DataRouter(   99): Before the usb select 
E/SMD     (  101): ***Received data notification[DR->SMD]***
E/SMD     (  101): Message:+
E/SMD     (  101): Sending data to SMD: Len = [1]
E/SMD     (  101):  buffer = [+]
E/SMD     (  101): Wrote 1 chars to SMD PORT fd=7 ch = 2b
E/SMD     (  101): After the Modem Read select 
E/SMD     (  101): Read 1 chars from SMD Modem file fd = 7
E/SMD     (  101):  Message: +
E/SMD     (  101): +CME ERROR: 4
E/SMD     (  101): 
E/SMD     (  101): ication CO.
E/SMD     (  101): 
E/SMD     (  101): OK
E/SMD     (  101): 
E/SMD     (  101): Before the Modem Read select 
E/DataRouter(   99): [socket:13]******* Received data notification *******
E/DataRouter(   99): [socket:13]read socket data[len:1]
E/DataRouter(   99): [socket:13]read socket data[message:+
E/DataRouter(   99): write [1] bytes of data to USB fd[9]
E/DataRouter(   99): [socket:13]dr_usb_write
E/DataRouter(   99): After the usb select 
E/DataRouter(   99): read usb data[len:1]
E/DataRouter(   99): read usb data message:C
E/DataRouter(   99): Before the usb select 
E/SMD     (  101): ***Received data notification[DR->SMD]***
E/SMD     (  101): Message:C
E/SMD     (  101): Sending data to SMD: Len = [1]
E/SMD     (  101):  buffer = [C]
E/SMD     (  101): Wrote 1 chars to SMD PORT fd=7 ch = 43
E/SMD     (  101): After the Modem Read select 
E/SMD     (  101): Read 1 chars from SMD Modem file fd = 7
E/SMD     (  101):  Message: C
E/SMD     (  101): +CME ERROR: 4
E/SMD     (  101): 
E/SMD     (  101): ication CO.
E/SMD     (  101): 
E/SMD     (  101): OK
E/SMD     (  101): 
E/SMD     (  101): Before the Modem Read select 
E/DataRouter(   99): [socket:13]******* Received data notification *******
E/DataRouter(   99): [socket:13]read socket data[len:1]
E/DataRouter(   99): [socket:13]read socket data[message:C
E/DataRouter(   99): write [1] bytes of data to USB fd[9]
E/DataRouter(   99): [socket:13]dr_usb_write
E/DataRouter(   99): After the usb select 
E/DataRouter(   99): read usb data[len:1]
E/DataRouter(   99): read usb data message:P
E/DataRouter(   99): Before the usb select 
E/SMD     (  101): ***Received data notification[DR->SMD]***
E/SMD     (  101): Message:P
E/SMD     (  101): Sending data to SMD: Len = [1]
E/SMD     (  101):  buffer = [P]
E/SMD     (  101): Wrote 1 chars to SMD PORT fd=7 ch = 50
E/SMD     (  101): After the Modem Read select 
E/SMD     (  101): Read 1 chars from SMD Modem file fd = 7
E/SMD     (  101):  Message: P
E/SMD     (  101): +CME ERROR: 4
E/SMD     (  101): 
E/SMD     (  101): ication CO.
E/SMD     (  101): 
E/SMD     (  101): OK
E/SMD     (  101): 
E/SMD     (  101): Before the Modem Read select 
E/DataRouter(   99): [socket:13]******* Received data notification *******
E/DataRouter(   99): [socket:13]read socket data[len:1]
E/DataRouter(   99): [socket:13]read socket data[message:P
E/DataRouter(   99): write [1] bytes of data to USB fd[9]
E/DataRouter(   99): [socket:13]dr_usb_write
E/DataRouter(   99): After the usb select 
E/DataRouter(   99): read usb data[len:1]
E/DataRouter(   99): read usb data message:I
E/DataRouter(   99): Before the usb select 
E/SMD     (  101): ***Received data notification[DR->SMD]***
E/SMD     (  101): Message:I
E/SMD     (  101): Sending data to SMD: Len = [1]
E/SMD     (  101):  buffer = [I]
E/SMD     (  101): Wrote 1 chars to SMD PORT fd=7 ch = 49
E/SMD     (  101): After the Modem Read select 
E/SMD     (  101): Read 1 chars from SMD Modem file fd = 7
E/SMD     (  101):  Message: I
E/SMD     (  101): +CME ERROR: 4
E/SMD     (  101): 
E/SMD     (  101): ication CO.
E/SMD     (  101): 
E/SMD     (  101): OK
E/SMD     (  101): 
E/SMD     (  101): Before the Modem Read select 
E/DataRouter(   99): [socket:13]******* Received data notification *******
E/DataRouter(   99): [socket:13]read socket data[len:1]
E/DataRouter(   99): [socket:13]read socket data[message:I
E/DataRouter(   99): write [1] bytes of data to USB fd[9]
E/DataRouter(   99): [socket:13]dr_usb_write
E/DataRouter(   99): After the usb select 
E/DataRouter(   99): read usb data[len:1]
E/DataRouter(   99): read usb data message:N
E/DataRouter(   99): Before the usb select 
E/SMD     (  101): ***Received data notification[DR->SMD]***
E/SMD     (  101): Message:N
E/SMD     (  101): Sending data to SMD: Len = [1]
E/SMD     (  101):  buffer = [N]
E/SMD     (  101): Wrote 1 chars to SMD PORT fd=7 ch = 4e
E/SMD     (  101): After the Modem Read select 
E/SMD     (  101): Read 1 chars from SMD Modem file fd = 7
E/SMD     (  101):  Message: N
E/SMD     (  101): +CME ERROR: 4
E/SMD     (  101): 
E/SMD     (  101): ication CO.
E/SMD     (  101): 
E/SMD     (  101): OK
E/SMD     (  101): 
E/SMD     (  101): Before the Modem Read select 
E/DataRouter(   99): [socket:13]******* Received data notification *******
E/DataRouter(   99): [socket:13]read socket data[len:1]
E/DataRouter(   99): [socket:13]read socket data[message:N
E/DataRouter(   99): write [1] bytes of data to USB fd[9]
E/DataRouter(   99): [socket:13]dr_usb_write
E/DataRouter(   99): After the usb select 
E/DataRouter(   99): read usb data[len:1]
E/DataRouter(   99): read usb data message:?
E/DataRouter(   99): Before the usb select 
E/SMD     (  101): ***Received data notification[DR->SMD]***
E/SMD     (  101): Message:?
E/SMD     (  101): Sending data to SMD: Len = [1]
E/SMD     (  101):  buffer = [?]
E/SMD     (  101): Wrote 1 chars to SMD PORT fd=7 ch = 3f
E/SMD     (  101): After the Modem Read select 
E/SMD     (  101): Read 1 chars from SMD Modem file fd = 7
E/SMD     (  101):  Message: ?
E/SMD     (  101): +CME ERROR: 4
E/SMD     (  101): 
E/SMD     (  101): ication CO.
E/SMD     (  101): 
E/SMD     (  101): OK
E/SMD     (  101): 
E/SMD     (  101): Before the Modem Read select 
E/DataRouter(   99): [socket:13]******* Received data notification *******
E/DataRouter(   99): [socket:13]read socket data[len:1]
E/DataRouter(   99): [socket:13]read socket data[message:?
E/DataRouter(   99): write [1] bytes of data to USB fd[9]
E/DataRouter(   99): [socket:13]dr_usb_write
E/DataRouter(   99): After the usb select 
E/DataRouter(   99): read usb data[len:1]
E/DataRouter(   99): read usb data message:
E/DataRouter(   99): Before the usb select 
E/SMD     (  101): ***Received data notification[DR->SMD]***
E/SMD     (  101): Message:
E/SMD     (  101): Sending data to SMD: Len = [1]
E/SMD     (  101):  buffer = []
E/SMD     (  101): Wrote 1 chars to SMD PORT fd=7 ch = d
E/SMD     (  101): After the Modem Read select 
E/SMD     (  101): Read 1 chars from SMD Modem file fd = 7
E/SMD     (  101):  Message: 
E/SMD     (  101): +CME ERROR: 4
E/SMD     (  101): 
E/SMD     (  101): ication CO.
E/SMD     (  101): 
E/SMD     (  101): OK
E/SMD     (  101): 
E/SMD     (  101): Before the Modem Read select 
E/DataRouter(   99): [socket:13]******* Received data notification *******
E/DataRouter(   99): [socket:13]read socket data[len:1]
E/DataRouter(   99): [socket:13]read socket data[message:
E/DataRouter(   99): write [1] bytes of data to USB fd[9]
E/DataRouter(   99): [socket:13]dr_usb_write
D/SPRDENG (  175): eng_servermodem_comm: use SIM1 /dev/CHNPTY13
D/SPRDENG (  175): AT > AT+CPIN?
D/SPRDENG (  175): 41
D/SPRDENG (  175): 54
D/SPRDENG (  175): 2b
D/SPRDENG (  175): 43
D/SPRDENG (  175): 50
D/SPRDENG (  175): 49
D/SPRDENG (  175): 4e
D/SPRDENG (  175): 3f
D/SPRDENG (  175): d
D/SPRDENG (  175): eng_modem2server: use SIM1 /dev/CHNPTY13
D/SPRDENG (  175): AT < 
D/SPRDENG (  175): +CME ERROR: 10
D/SPRDENG (  175): 
E/SMD     (  101): After the Modem Read select 
E/SMD     (  101): Read 18 chars from SMD Modem file fd = 7
E/SMD     (  101):  Message: 
E/SMD     (  101): +CME ERROR: 10
E/SMD     (  101): 
E/SMD     (  101): ication CO.
E/SMD     (  101): 
E/SMD     (  101): OK
E/SMD     (  101): 
E/SMD     (  101): Before the Modem Read select 
E/DataRouter(   99): [socket:13]******* Received data notification *******
E/DataRouter(   99): [socket:13]read socket data[len:18]
E/DataRouter(   99): [socket:13]read socket data[message:
E/DataRouter(   99): +CME ERROR: 10
E/DataRouter(   99): 
E/DataRouter(   99): write [18] bytes of data to USB fd[9]
E/DataRouter(   99): [socket:13]dr_usb_write
E/DataRouter(   99): After the usb select 
E/DataRouter(   99): read usb data[len:1]
E/DataRouter(   99): read usb data message:A
E/DataRouter(   99): Before the usb select 
E/SMD     (  101): ***Received data notification[DR->SMD]***
E/SMD     (  101): Message:A
E/SMD     (  101): Sending data to SMD: Len = [1]
E/SMD     (  101):  buffer = [A]
E/SMD     (  101): Wrote 1 chars to SMD PORT fd=7 ch = 41
E/SMD     (  101): After the Modem Read select 
E/SMD     (  101): Read 1 chars from SMD Modem file fd = 7
E/SMD     (  101):  Message: A
E/SMD     (  101): +CME ERROR: 10
E/SMD     (  101): 
E/SMD     (  101): ication CO.
E/SMD     (  101): 
E/SMD     (  101): OK
E/SMD     (  101): 
E/SMD     (  101): Before the Modem Read select 
E/DataRouter(   99): [socket:13]******* Received data notification *******
E/DataRouter(   99): [socket:13]read socket data[len:1]
E/DataRouter(   99): [socket:13]read socket data[message:A
E/DataRouter(   99): write [1] bytes of data to USB fd[9]
E/DataRouter(   99): [socket:13]dr_usb_write
E/DataRouter(   99): After the usb select 
E/DataRouter(   99): read usb data[len:1]
E/DataRouter(   99): read usb data message:T
E/DataRouter(   99): Before the usb select 
E/SMD     (  101): ***Received data notification[DR->SMD]***
E/SMD     (  101): Message:T
E/SMD     (  101): Sending data to SMD: Len = [1]
E/SMD     (  101):  buffer = [T]
E/SMD     (  101): Wrote 1 chars to SMD PORT fd=7 ch = 54
E/SMD     (  101): After the Modem Read select 
E/SMD     (  101): Read 1 chars from SMD Modem file fd = 7
E/SMD     (  101):  Message: T
E/SMD     (  101): +CME ERROR: 10
E/SMD     (  101): 
E/SMD     (  101): ication CO.
E/SMD     (  101): 
E/SMD     (  101): OK
E/SMD     (  101): 
E/SMD     (  101): Before the Modem Read select 
E/DataRouter(   99): [socket:13]******* Received data notification *******
E/DataRouter(   99): [socket:13]read socket data[len:1]
E/DataRouter(   99): [socket:13]read socket data[message:T
E/DataRouter(   99): write [1] bytes of data to USB fd[9]
E/DataRouter(   99): [socket:13]dr_usb_write
E/DataRouter(   99): After the usb select 
E/DataRouter(   99): read usb data[len:1]
E/DataRouter(   99): read usb data message:+
E/DataRouter(   99): Before the usb select 
E/SMD     (  101): ***Received data notification[DR->SMD]***
E/SMD     (  101): Message:+
E/SMD     (  101): Sending data to SMD: Len = [1]
E/SMD     (  101):  buffer = [+]
E/SMD     (  101): Wrote 1 chars to SMD PORT fd=7 ch = 2b
E/SMD     (  101): After the Modem Read select 
E/SMD     (  101): Read 1 chars from SMD Modem file fd = 7
E/SMD     (  101):  Message: +
E/SMD     (  101): +CME ERROR: 10
E/SMD     (  101): 
E/SMD     (  101): ication CO.
E/SMD     (  101): 
E/SMD     (  101): OK
E/SMD     (  101): 
E/SMD     (  101): Before the Modem Read select 
E/DataRouter(   99): [socket:13]******* Received data notification *******
E/DataRouter(   99): [socket:13]read socket data[len:1]
E/DataRouter(   99): [socket:13]read socket data[message:+
E/DataRouter(   99): write [1] bytes of data to USB fd[9]
E/DataRouter(   99): [socket:13]dr_usb_write
E/DataRouter(   99): After the usb select 
E/DataRouter(   99): read usb data[len:1]
E/DataRouter(   99): read usb data message:C
E/DataRouter(   99): Before the usb select 
E/SMD     (  101): ***Received data notification[DR->SMD]***
E/SMD     (  101): Message:C
E/SMD     (  101): Sending data to SMD: Len = [1]
E/SMD     (  101):  buffer = [C]
E/SMD     (  101): Wrote 1 chars to SMD PORT fd=7 ch = 43
E/SMD     (  101): After the Modem Read select 
E/SMD     (  101): Read 1 chars from SMD Modem file fd = 7
E/SMD     (  101):  Message: C
E/SMD     (  101): +CME ERROR: 10
E/SMD     (  101): 
E/SMD     (  101): ication CO.
E/SMD     (  101): 
E/SMD     (  101): OK
E/SMD     (  101): 
E/SMD     (  101): Before the Modem Read select 
E/DataRouter(   99): [socket:13]******* Received data notification *******
E/DataRouter(   99): [socket:13]read socket data[len:1]
E/DataRouter(   99): [socket:13]read socket data[message:C
E/DataRouter(   99): write [1] bytes of data to USB fd[9]
E/DataRouter(   99): [socket:13]dr_usb_write
E/DataRouter(   99): After the usb select 
E/DataRouter(   99): read usb data[len:1]
E/DataRouter(   99): read usb data message:G
E/DataRouter(   99): Before the usb select 
E/SMD     (  101): ***Received data notification[DR->SMD]***
E/SMD     (  101): Message:G
E/SMD     (  101): Sending data to SMD: Len = [1]
E/SMD     (  101):  buffer = [G]
E/SMD     (  101): Wrote 1 chars to SMD PORT fd=7 ch = 47
E/SMD     (  101): After the Modem Read select 
E/SMD     (  101): Read 1 chars from SMD Modem file fd = 7
E/SMD     (  101):  Message: G
E/SMD     (  101): +CME ERROR: 10
E/SMD     (  101): 
E/SMD     (  101): ication CO.
E/SMD     (  101): 
E/SMD     (  101): OK
E/SMD     (  101): 
E/SMD     (  101): Before the Modem Read select 
E/DataRouter(   99): [socket:13]******* Received data notification *******
E/DataRouter(   99): [socket:13]read socket data[len:1]
E/DataRouter(   99): [socket:13]read socket data[message:G
E/DataRouter(   99): write [1] bytes of data to USB fd[9]
E/DataRouter(   99): [socket:13]dr_usb_write
E/DataRouter(   99): After the usb select 
E/DataRouter(   99): read usb data[len:1]
E/DataRouter(   99): read usb data message:M
E/DataRouter(   99): Before the usb select 
E/SMD     (  101): ***Received data notification[DR->SMD]***
E/SMD     (  101): Message:M
E/SMD     (  101): Sending data to SMD: Len = [1]
E/SMD     (  101):  buffer = [M]
E/SMD     (  101): Wrote 1 chars to SMD PORT fd=7 ch = 4d
E/SMD     (  101): After the Modem Read select 
E/SMD     (  101): Read 1 chars from SMD Modem file fd = 7
E/SMD     (  101):  Message: M
E/SMD     (  101): +CME ERROR: 10
E/SMD     (  101): 
E/SMD     (  101): ication CO.
E/SMD     (  101): 
E/SMD     (  101): OK
E/SMD     (  101): 
E/SMD     (  101): Before the Modem Read select 
E/DataRouter(   99): [socket:13]******* Received data notification *******
E/DataRouter(   99): [socket:13]read socket data[len:1]
E/DataRouter(   99): [socket:13]read socket data[message:M
E/DataRouter(   99): write [1] bytes of data to USB fd[9]
E/DataRouter(   99): [socket:13]dr_usb_write
E/DataRouter(   99): After the usb select 
E/DataRouter(   99): read usb data[len:1]
E/DataRouter(   99): read usb data message:M
E/DataRouter(   99): Before the usb select 
E/SMD     (  101): ***Received data notification[DR->SMD]***
E/SMD     (  101): Message:M
E/SMD     (  101): Sending data to SMD: Len = [1]
E/SMD     (  101):  buffer = [M]
E/SMD     (  101): Wrote 1 chars to SMD PORT fd=7 ch = 4d
E/SMD     (  101): After the Modem Read select 
E/SMD     (  101): Read 1 chars from SMD Modem file fd = 7
E/SMD     (  101):  Message: M
E/SMD     (  101): +CME ERROR: 10
E/SMD     (  101): 
E/SMD     (  101): ication CO.
E/SMD     (  101): 
E/SMD     (  101): OK
E/SMD     (  101): 
E/SMD     (  101): Before the Modem Read select 
E/DataRouter(   99): [socket:13]******* Received data notification *******
E/DataRouter(   99): [socket:13]read socket data[len:1]
E/DataRouter(   99): [socket:13]read socket data[message:M
E/DataRouter(   99): write [1] bytes of data to USB fd[9]
E/DataRouter(   99): [socket:13]dr_usb_write
E/DataRouter(   99): After the usb select 
E/DataRouter(   99): read usb data[len:1]
E/DataRouter(   99): read usb data message:
E/DataRouter(   99): Before the usb select 
E/SMD     (  101): ***Received data notification[DR->SMD]***
E/SMD     (  101): Message:
E/SMD     (  101): Sending data to SMD: Len = [1]
E/SMD     (  101):  buffer = []
E/SMD     (  101): Wrote 1 chars to SMD PORT fd=7 ch = d
E/SMD     (  101): After the Modem Read select 
E/SMD     (  101): Read 1 chars from SMD Modem file fd = 7
E/SMD     (  101):  Message: 
E/SMD     (  101): +CME ERROR: 10
E/SMD     (  101): 
E/SMD     (  101): ication CO.
E/SMD     (  101): 
E/SMD     (  101): OK
E/SMD     (  101): 
E/SMD     (  101): Before the Modem Read select 
E/DataRouter(   99): [socket:13]******* Received data notification *******
E/DataRouter(   99): [socket:13]read socket data[len:1]
E/DataRouter(   99): [socket:13]read socket data[message:
E/DataRouter(   99): write [1] bytes of data to USB fd[9]
E/DataRouter(   99): [socket:13]dr_usb_write
D/SPRDENG (  175): eng_servermodem_comm: use SIM1 /dev/CHNPTY13
D/SPRDENG (  175): AT > AT+CGMM
D/SPRDENG (  175): 41
D/SPRDENG (  175): 54
D/SPRDENG (  175): 2b
D/SPRDENG (  175): 43
D/SPRDENG (  175): 47
D/SPRDENG (  175): 4d
D/SPRDENG (  175): 4d
D/SPRDENG (  175): d
D/SPRDENG (  175): eng_modem2server: use SIM1 /dev/CHNPTY13
D/SPRDENG (  175): AT < 
D/SPRDENG (  175): V1.0.1-B7
D/SPRDENG (  175): 
D/SPRDENG (  175): OK
D/SPRDENG (  175): 
E/SMD     (  101): After the Modem Read select 
E/SMD     (  101): Read 19 chars from SMD Modem file fd = 7
E/SMD     (  101):  Message: 
E/SMD     (  101): V1.0.1-B7
E/SMD     (  101): 
E/SMD     (  101): OK
E/SMD     (  101): ication CO.
E/SMD     (  101): 
E/SMD     (  101): OK
E/SMD     (  101): 
E/SMD     (  101): Before the Modem Read select 
E/DataRouter(   99): [socket:13]******* Received data notification *******
E/DataRouter(   99): [socket:13]read socket data[len:19]
E/DataRouter(   99): [socket:13]read socket data[message:
E/DataRouter(   99): V1.0.1-B7
E/DataRouter(   99): 
E/DataRouter(   99): OK
E/DataRouter(   99): 
E/DataRouter(   99): write [19] bytes of data to USB fd[9]
E/DataRouter(   99): [socket:13]dr_usb_write
D/MDnsDS  ( 1738): MDnsSdListener::Hander starting up
D/MDnsDS  ( 1738): MDnsSdListener starting to monitor
D/MDnsDS  ( 1738): Going to poll with pollCount 1
D/AndroidRuntime( 1872): 
D/AndroidRuntime( 1872): >>>>>> AndroidRuntime START com.android.internal.os.ZygoteInit <<<<<<
D/AndroidRuntime( 1872): CheckJNI is OFF
E/AndroidRuntime( 1872): cannot open customer xml file
E/AndroidRuntime( 1872): /system/csc/customer.xml can't open file
D/AndroidRuntime( 1872): Set to default setting : language=-Duser.language= region=-Duser.region=
D/AndroidRuntime( 1872): readGMSProperty: start
D/AndroidRuntime( 1872): readGMSProperty: already setted!!
D/AndroidRuntime( 1872): readGMSProperty: end
D/dalvikvm( 1872): Trying to load lib libjavacore.so 0x0
D/dalvikvm( 1872): Added shared lib libjavacore.so 0x0
D/dalvikvm( 1872): Trying to load lib libnativehelper.so 0x0
D/dalvikvm( 1872): Added shared lib libnativehelper.so 0x0
D/dalvikvm( 1872): Note: class Landroid/app/ActivityManagerNative; has 156 unimplemented (abstract) methods
E/fm      ( 1872): failed to get fm instance
I/SamplingProfilerIntegration( 1872): Profiling disabled.
I/        ( 1872): apply sec hook
I/Zygote  ( 1872): !@beginofpreloadClasses()
I/Zygote  ( 1872): !@beginofpreloadResources()
D/dalvikvm( 1872): WAIT_FOR_CONCURRENT_GC blocked 0ms
I/Zygote  ( 1872): Preloading classes...
D/dalvikvm( 1872): GC_EXPLICIT freed 38K, 80% free 530K/2560K, paused 11ms+1ms, total 22ms
D/dalvikvm( 1872): WAIT_FOR_CONCURRENT_GC blocked 7ms
D/dalvikvm( 1872): GC_EXPLICIT freed 1K, 80% free 531K/2560K, paused 11ms+1ms, total 14ms
D/dalvikvm( 1872): GC_FOR_ALLOC freed 110K, 64% free 933K/2560K, paused 13ms, total 14ms
I/Zygote  ( 1872): Number of total Classes to prelaod: 2309
I/Zygote  ( 1872): Classes to load for thread1 0~1499
I/Zygote  ( 1872): Classes to load for thread2 1500~2308
I/dalvikvm( 1872): Could not find method android.content.res.Resources.addAccountsNames, referenced from method android.accounts.AccountManager.getAuthenticatorTypes
W/dalvikvm( 1872): VFY: unable to resolve virtual method 10412: Landroid/content/res/Resources;.addAccountsNames (Landroid/content/Context;[Landroid/accounts/AuthenticatorDescription;)V
D/dalvikvm( 1872): VFY: replacing opcode 0x6e at 0x0014
W/Zygote  ( 1872): Class not found for preloading: android.animation.ValueAnimator$2
W/Zygote  ( 1872): Class not found for preloading: android.animation.ValueAnimator$3
W/Zygote  ( 1872): Class not found for preloading: android.animation.ValueAnimator$4
W/Zygote  ( 1872): Class not found for preloading: android.animation.ValueAnimator$5
I/Zygote  ( 1872): Preloading resources...
W/Zygote  ( 1872): Preloaded drawable resource #0x108081c (res/drawable-hdpi/toast_frame_holo.9.png) that varies with configuration!!
W/Zygote  ( 1872): Preloaded drawable resource #0x108013a (res/drawable-hdpi/btn_default_pressed_holo_light.9.png) that varies with configuration!!
W/Zygote  ( 1872): Preloaded drawable resource #0x1080136 (res/drawable-hdpi/btn_default_normal_holo_light.9.png) that varies with configuration!!
W/Zygote  ( 1872): Preloaded drawable resource #0x108012e (res/drawable-hdpi/btn_default_focused_holo_light.9.png) that varies with configuration!!
W/Zygote  ( 1872): Preloaded drawable resource #0x108012b (res/drawable-hdpi/btn_default_disabled_holo_light.9.png) that varies with configuration!!
W/Zygote  ( 1872): Preloaded drawable resource #0x1080128 (res/drawable-hdpi/btn_default_disabled_focused_holo_light.9.png) that varies with configuration!!
W/Zygote  ( 1872): Preloaded drawable resource #0x1080130 (res/drawable/btn_default_holo_light.xml) that varies with configuration!!
W/Zygote  ( 1872): Preloaded drawable resource #0x1080536 (res/drawable/list_selector_holo_light.xml) that varies with configuration!!
D/dalvikvm( 1872): GC_FOR_ALLOC freed 177K, 52% free 1247K/2560K, paused 39ms, total 39ms
D/dalvikvm( 1872): GC_FOR_ALLOC freed 73K, 40% free 1554K/2560K, paused 17ms, total 17ms
D/dalvikvm( 1872): GC_FOR_ALLOC freed <1K, 16% free 2175K/2560K, paused 24ms, total 24ms
W/Zygote  ( 1872): Preloaded drawable resource #0x108063e (res/drawable/progress_horizontal_holo_dark.xml) that varies with configuration!!
D/dalvikvm( 1872): GC_FOR_ALLOC freed 335K, 13% free 2351K/2691K, paused 21ms, total 22ms
W/Zygote  ( 1872): Preloaded drawable resource #0x1080640 (res/drawable/progress_indeterminate_horizontal_holo.xml) that varies with configuration!!
W/Zygote  ( 1872): Preloaded drawable resource #0x1080647 (res/drawable-hdpi/progress_primary_holo_dark.9.png) that varies with configuration!!
W/Zygote  ( 1872): Preloaded drawable resource #0x1080649 (res/drawable-hdpi/progress_secondary_holo_dark.9.png) that varies with configuration!!
D/dalvikvm( 1872): GC_FOR_ALLOC freed 46K, 7% free 2529K/2691K, paused 24ms, total 24ms
D/dalvikvm( 1872): GC_FOR_ALLOC freed <1K, 6% free 3553K/3779K, paused 34ms, total 34ms
D/dalvikvm( 1872): GC_FOR_ALLOC freed 31K, 5% free 3593K/3779K, paused 22ms, total 23ms
D/dalvikvm( 1872): GC_FOR_ALLOC freed <1K, 6% free 4617K/4867K, paused 25ms, total 25ms
W/Zygote  ( 1872): Preloaded drawable resource #0x10806bb (res/drawable-hdpi/scrollbar_handle_holo_dark.9.png) that varies with configuration!!
W/Zygote  ( 1872): Preloaded drawable resource #0x10800c2 (res/drawable-hdpi/ab_transparent_dark_holo.9.png) that varies with configuration!!
I/dalvikvm( 1872): Could not find method android.content.res.Resources.addAppsNames, referenced from method android.app.ApplicationPackageManager.queryIntentActivities
W/dalvikvm( 1872): VFY: unable to resolve virtual method 10413: Landroid/content/res/Resources;.addAppsNames (Landroid/content/Context;Landroid/content/pm/PackageManager;Ljava/util/List;)V
D/dalvikvm( 1872): VFY: replacing opcode 0x6e at 0x0022
I/dalvikvm( 1872): Could not find method android.content.res.Resources.addAppsNames, referenced from method android.app.ApplicationPackageManager.queryIntentServices
W/dalvikvm( 1872): VFY: unable to resolve virtual method 10413: Landroid/content/res/Resources;.addAppsNames (Landroid/content/Context;Landroid/content/pm/PackageManager;Ljava/util/List;)V
D/dalvikvm( 1872): VFY: replacing opcode 0x6e at 0x0022
W/Zygote  ( 1872): Preloaded drawable resource #0x10800c0 (res/drawable-hdpi/ab_stacked_transparent_dark_holo.9.png) that varies with configuration!!
W/Zygote  ( 1872): Preloaded drawable resource #0x10800a1 (res/drawable-hdpi/ab_bottom_transparent_dark_holo.9.png) that varies with configuration!!
W/Zygote  ( 1872): Preloaded drawable resource #0x10800bb (res/drawable-hdpi/ab_solid_light_holo.9.png) that varies with configuration!!
W/Zygote  ( 1872): Preloaded drawable resource #0x10800bf (res/drawable-hdpi/ab_stacked_solid_light_holo.9.png) that varies with configuration!!
W/Zygote  ( 1872): Preloaded drawable resource #0x10800a0 (res/drawable-hdpi/ab_bottom_solid_light_holo.9.png) that varies with configuration!!
W/Zygote  ( 1872): Preloaded drawable resource #0x10800bc (res/drawable-hdpi/ab_solid_shadow_holo.9.png) that varies with configuration!!
W/Zygote  ( 1872): Preloaded drawable resource #0x10803e1 (res/drawable/item_background_holo_dark.xml) that varies with configuration!!
W/Zygote  ( 1872): Preloaded drawable resource #0x10803e2 (res/drawable/item_background_holo_light.xml) that varies with configuration!!
W/Zygote  ( 1872): Preloaded drawable resource #0x108029a (res/drawable-hdpi/fastscroll_label_left_holo_light.9.png) that varies with configuration!!
W/Zygote  ( 1872): Preloaded drawable resource #0x108029c (res/drawable-hdpi/fastscroll_label_right_holo_light.9.png) that varies with configuration!!
W/Zygote  ( 1872): Preloaded drawable resource #0x10806be (res/drawable-hdpi/scrollbar_handle_vertical.9.png) that varies with configuration!!
W/Zygote  ( 1872): Preloaded drawable resource #0x10806bd (res/drawable-hdpi/scrollbar_handle_horizontal.9.png) that varies with configuration!!
W/dalvikvm( 1872): VFY: copy1 v0<-v22 type=2 cat=3
W/dalvikvm( 1872): VFY:  rejecting opcode 0x08 at 0x0087
W/dalvikvm( 1872): VFY:  rejected Landroid/content/ContentResolver;.query (Landroid/net/Uri;[Ljava/lang/String;Ljava/lang/String;[Ljava/lang/String;Ljava/lang/String;Landroid/os/CancellationSignal;)Landroid/database/Cursor;
W/dalvikvm( 1872): Verifier rejected class Landroid/content/ContentResolver;
W/Zygote  ( 1872): Class not found for preloading: android.app.ContextImpl$ApplicationContentResolver
W/Zygote  ( 1872): Preloaded drawable resource #0x1080532 (res/drawable-hdpi/list_selector_disabled_holo_light.9.png) that varies with configuration!!
W/Zygote  ( 1872): Preloaded drawable resource #0x1080096 (res/drawable-hdpi/toast_frame.9.png) that varies with configuration!!
W/Zygote  ( 1872): Preloaded drawable resource #0x1080531 (res/drawable-hdpi/list_selector_disabled_holo_dark.9.png) that varies with configuration!!
I/dalvikvm( 1872): Could not find method android.content.res.Resources.addAppsNames, referenced from method android.appwidget.AppWidgetManager.getInstalledProviders
W/dalvikvm( 1872): VFY: unable to resolve virtual method 10414: Landroid/content/res/Resources;.addAppsNames (Landroid/content/Context;Ljava/util/List;)V
D/dalvikvm( 1872): VFY: replacing opcode 0x6e at 0x0057
V/BluetoothAudioGateway.cpp( 1872): classInitNative
V/BT HSHFP( 1872): classInitNative
D/dalvikvm( 1872): GC_FOR_ALLOC freed 365K, 7% free 5461K/5827K, paused 37ms, total 39ms
I/dalvikvm( 1872): Rejecting re-init on previously-failed class Landroid/content/ContentResolver; v=0x411fbb18
W/Zygote  ( 1872): Class not found for preloading: android.content.ContentResolver
I/Zygote  ( 1872): ...preloaded 89 resources in 998ms.
I/Zygote  ( 1872): ...preloaded 0 resources in 1ms.
I/Zygote  ( 1872): !@End of preloadResources()
I/dalvikvm( 1872): Rejecting re-init on previously-failed class Landroid/content/ContentResolver; v=0x411fbb18
W/dalvikvm( 1872): VFY: unable to find class referenced in signature (Landroid/content/ContentResolver;)
W/dalvikvm( 1872): VFY: 'this' arg 'Ljava/lang/Object;' not instance of 'Landroid/content/ContentResolver;'
W/dalvikvm( 1872): VFY:  rejecting opcode 0x6e at 0x001b
W/dalvikvm( 1872): VFY:  rejected Landroid/content/Intent;.resolveType (Landroid/content/ContentResolver;)Ljava/lang/String;
W/dalvikvm( 1872): Verifier rejected class Landroid/content/Intent;
W/Zygote  ( 1872): Class not found for preloading: android.content.Intent
I/dalvikvm( 1872): Rejecting re-init on previously-failed class Landroid/content/ContentResolver; v=0x411fbb18
W/dalvikvm( 1872): VFY: unable to find class referenced in signature (Landroid/content/ContentResolver;)
I/dalvikvm( 1872): Rejecting re-init on previously-failed class Landroid/content/Intent; v=0x411fbb18
W/dalvikvm( 1872): VFY: unable to find class referenced in signature (Landroid/content/Intent;)
W/dalvikvm( 1872): VFY: 'this' arg 'Ljava/lang/Object;' not instance of 'Landroid/content/Intent;'
W/dalvikvm( 1872): VFY:  rejecting opcode 0x6e at 0x0002
W/dalvikvm( 1872): VFY:  rejected Landroid/content/IntentFilter;.match (Landroid/content/ContentResolver;Landroid/content/Intent;ZLjava/lang/String;)I
W/dalvikvm( 1872): Verifier rejected class Landroid/content/IntentFilter;
W/Zygote  ( 1872): Class not found for preloading: android.content.IntentFilter
I/dalvikvm( 1872): Rejecting re-init on previously-failed class Landroid/content/Intent; v=0x411fbb18
W/dalvikvm( 1872): VFY: unable to find class referenced in signature (Landroid/content/Intent;)
I/dalvikvm( 1872): Rejecting re-init on previously-failed class Landroid/content/Intent; v=0x411fbb18
W/dalvikvm( 1872): VFY: unable to find class referenced in signature (Landroid/content/Intent;)
I/dalvikvm( 1872): Rejecting re-init on previously-failed class Landroid/content/Intent; v=0x411fbb18
W/dalvikvm( 1872): VFY: unable to find class referenced in signature (Landroid/content/Intent;)
I/dalvikvm( 1872): Rejecting re-init on previously-failed class Landroid/content/Intent; v=0x411fbb18
W/dalvikvm( 1872): VFY: unable to find class referenced in signature (Landroid/content/Intent;)
I/dalvikvm( 1872): Rejecting re-init on previously-failed class Landroid/content/Intent; v=0x411fbb18
W/dalvikvm( 1872): VFY: unable to find class referenced in signature (Landroid/content/Intent;)
I/dalvikvm( 1872): Rejecting re-init on previously-failed class Landroid/content/Intent; v=0x411fbb18
W/dalvikvm( 1872): VFY: unable to find class referenced in signature (Landroid/content/Intent;)
I/dalvikvm( 1872): Rejecting re-init on previously-failed class Landroid/content/Intent; v=0x411fbb18
W/dalvikvm( 1872): VFY: unable to find class referenced in signature (Landroid/content/Intent;)
I/dalvikvm( 1872): Rejecting re-init on previously-failed class Landroid/content/Intent; v=0x411fbb18
W/dalvikvm( 1872): VFY: unable to find class referenced in signature (Landroid/content/Intent;)
I/dalvikvm( 1872): Rejecting re-init on previously-failed class Landroid/content/Intent; v=0x411fbb18
W/dalvikvm( 1872): VFY: unable to find class referenced in signature (Landroid/content/Intent;)
I/dalvikvm( 1872): Rejecting re-init on previously-failed class Landroid/content/Intent; v=0x411fbb18
W/dalvikvm( 1872): VFY: unable to find class referenced in signature (Landroid/content/Intent;)
I/dalvikvm( 1872): Rejecting re-init on previously-failed class Landroid/content/Intent; v=0x411fbb18
W/dalvikvm( 1872): VFY: unable to find class referenced in signature (Landroid/content/Intent;)
I/dalvikvm( 1872): Rejecting re-init on previously-failed class Landroid/content/IntentFilter; v=0x411fbb18
W/dalvikvm( 1872): VFY: unable to find class referenced in signature (Landroid/content/IntentFilter;)
I/dalvikvm( 1872): Rejecting re-init on previously-failed class Landroid/content/IntentFilter; v=0x411fbb18
W/dalvikvm( 1872): VFY: unable to find class referenced in signature (Landroid/content/IntentFilter;)
I/dalvikvm( 1872): Rejecting re-init on previously-failed class Landroid/content/IntentFilter; v=0x411fbb18
W/dalvikvm( 1872): VFY: unable to find class referenced in signature (Landroid/content/IntentFilter;)
I/dalvikvm( 1872): Rejecting re-init on previously-failed class Landroid/content/IntentFilter; v=0x411fbb18
W/dalvikvm( 1872): VFY: unable to find class referenced in signature (Landroid/content/IntentFilter;)
I/dalvikvm( 1872): Rejecting re-init on previously-failed class Landroid/content/IntentFilter; v=0x411fbb18
W/dalvikvm( 1872): VFY: unable to find class referenced in signature (Landroid/content/IntentFilter;)
W/dalvikvm( 1872): VFY: 'this' arg 'Ljava/lang/Object;' not instance of 'Landroid/content/IntentFilter;'
W/dalvikvm( 1872): VFY:  rejecting opcode 0x6e at 0x0014
W/dalvikvm( 1872): VFY:  rejected Landroid/content/pm/IPackageManager$Stub$Proxy;.addPreferredActivity (Landroid/content/IntentFilter;I[Landroid/content/ComponentName;Landroid/content/ComponentName;)V
W/dalvikvm( 1872): Verifier rejected class Landroid/content/pm/IPackageManager$Stub$Proxy;
W/Zygote  ( 1872): Class not found for preloading: android.content.pm.IPackageManager$Stub$Proxy
I/dalvikvm( 1872): Rejecting re-init on previously-failed class Landroid/content/IntentFilter; v=0x411fbb18
I/dalvikvm( 1872): Rejecting re-init on previously-failed class Landroid/content/IntentFilter; v=0x411fbb18
I/dalvikvm( 1872): Rejecting re-init on previously-failed class Landroid/content/IntentFilter; v=0x411fbb18
W/dalvikvm( 1872): VFY: 'this' arg 'Ljava/lang/Object;' not instance of 'Landroid/content/IntentFilter;'
W/dalvikvm( 1872): VFY:  rejecting opcode 0x6e at 0x002f
W/dalvikvm( 1872): VFY:  rejected Landroid/content/pm/ResolveInfo;.dump (Landroid/util/Printer;Ljava/lang/String;)V
W/dalvikvm( 1872): Verifier rejected class Landroid/content/pm/ResolveInfo;
W/Zygote  ( 1872): Class not found for preloading: android.content.pm.ResolveInfo
W/Zygote  ( 1872): Class not found for preloading: android.content.res.Resources$1
V/AudioFlinger( 1737): thread 0x42824008 type 0 TID 1825 going to sleep
W/Zygote  ( 1872): Class not found for preloading: android.database.sqlite.SQLiteCompiledSql
W/Zygote  ( 1872): Class not found for preloading: android.database.sqlite.SQLiteDatabase$DatabaseReentrantLock
I/dalvikvm( 1872): Rejecting re-init on previously-failed class Landroid/content/ContentResolver; v=0x411fbb18
W/dalvikvm( 1872): VFY: unable to find class referenced in signature (Landroid/content/ContentResolver;)
I/dalvikvm( 1872): Rejecting re-init on previously-failed class Landroid/content/ContentResolver; v=0x411fbb18
W/dalvikvm( 1872): VFY: unable to find class referenced in signature (Landroid/content/ContentResolver;)
I/dalvikvm( 1872): Could not find method android.content.res.Resources.getStringNames, referenced from method android.widget.TextView.setStringName
W/dalvikvm( 1872): VFY: unable to resolve virtual method 1591: Landroid/content/res/Resources;.getStringNames (Ljava/lang/CharSequence;)Ljava/lang/CharSequence;
D/dalvikvm( 1872): VFY: replacing opcode 0x6e at 0x0010
I/System  ( 1872): Loaded time zone names for  in 770ms (738ms in ICU)
D/TextLayoutCache( 1872): Using debug level = 0 - Debug Enabled = 0
W/Zygote  ( 1872): Class not found for preloading: android.media.AudioManager$2
I/dalvikvm( 1872): Rejecting re-init on previously-failed class Landroid/content/ContentResolver; v=0x411fbb18
W/dalvikvm( 1872): VFY: unable to find class referenced in signature (Landroid/content/ContentResolver;)
W/dalvikvm( 1872): VFY: 'this' arg 'Ljava/lang/Object;' not instance of 'Landroid/content/ContentResolver;'
W/dalvikvm( 1872): VFY:  rejecting opcode 0x6e at 0x0024
W/dalvikvm( 1872): VFY:  rejected Landroid/mtp/MtpDatabase;.<init> (Landroid/content/Context;Ljava/lang/String;Ljava/lang/String;[Ljava/lang/String;)V
W/dalvikvm( 1872): Verifier rejected class Landroid/mtp/MtpDatabase;
I/dalvikvm( 1872): Rejecting re-init on previously-failed class Landroid/mtp/MtpDatabase; v=0x411fbb18
W/dalvikvm( 1872): Exception thrown (Ljava/lang/VerifyError;) while throwing internal exception (Ljava/lang/VerifyError;)
I/dalvikvm( 1872): Rejecting re-init on previously-failed class Landroid/mtp/MtpDatabase; v=0x411fbb18
W/dalvikvm( 1872): Exception thrown (Ljava/lang/VerifyError;) while throwing internal exception (Ljava/lang/VerifyError;)
I/dalvikvm( 1872): Rejecting re-init on previously-failed class Landroid/mtp/MtpDatabase; v=0x411fbb18
W/dalvikvm( 1872): Exception thrown (Ljava/lang/VerifyError;) while throwing internal exception (Ljava/lang/VerifyError;)
I/dalvikvm( 1872): Rejecting re-init on previously-failed class Landroid/mtp/MtpDatabase; v=0x411fbb18
W/dalvikvm( 1872): Exception thrown (Ljava/lang/VerifyError;) while throwing internal exception (Ljava/lang/VerifyError;)
I/dalvikvm( 1872): Rejecting re-init on previously-failed class Landroid/mtp/MtpDatabase; v=0x411fbb18
W/dalvikvm( 1872): Exception thrown (Ljava/lang/VerifyError;) while throwing internal exception (Ljava/lang/VerifyError;)
I/dalvikvm( 1872): Rejecting re-init on previously-failed class Landroid/mtp/MtpDatabase; v=0x411fbb18
W/dalvikvm( 1872): Exception thrown (Ljava/lang/VerifyError;) while throwing internal exception (Ljava/lang/VerifyError;)
I/dalvikvm( 1872): Rejecting re-init on previously-failed class Landroid/mtp/MtpDatabase; v=0x411fbb18
W/dalvikvm( 1872): Exception thrown (Ljava/lang/VerifyError;) while throwing internal exception (Ljava/lang/VerifyError;)
I/dalvikvm( 1872): Rejecting re-init on previously-failed class Landroid/mtp/MtpDatabase; v=0x411fbb18
W/dalvikvm( 1872): Exception thrown (Ljava/lang/VerifyError;) while throwing internal exception (Ljava/lang/VerifyError;)
I/dalvikvm( 1872): Rejecting re-init on previously-failed class Landroid/mtp/MtpDatabase; v=0x411fbb18
W/dalvikvm( 1872): Exception thrown (Ljava/lang/VerifyError;) while throwing internal exception (Ljava/lang/VerifyError;)
I/dalvikvm( 1872): Rejecting re-init on previously-failed class Landroid/mtp/MtpDatabase; v=0x411fbb18
W/dalvikvm( 1872): Exception thrown (Ljava/lang/VerifyError;) while throwing internal exception (Ljava/lang/VerifyError;)
I/dalvikvm( 1872): Rejecting re-init on previously-failed class Landroid/mtp/MtpDatabase; v=0x411fbb18
W/dalvikvm( 1872): Exception thrown (Ljava/lang/VerifyError;) while throwing internal exception (Ljava/lang/VerifyError;)
I/dalvikvm( 1872): Rejecting re-init on previously-failed class Landroid/mtp/MtpDatabase; v=0x411fbb18
W/dalvikvm( 1872): Exception thrown (Ljava/lang/VerifyError;) while throwing internal exception (Ljava/lang/VerifyError;)
I/dalvikvm( 1872): Rejecting re-init on previously-failed class Landroid/mtp/MtpDatabase; v=0x411fbb18
W/dalvikvm( 1872): Exception thrown (Ljava/lang/VerifyError;) while throwing internal exception (Ljava/lang/VerifyError;)
I/dalvikvm( 1872): Rejecting re-init on previously-failed class Landroid/mtp/MtpDatabase; v=0x411fbb18
W/dalvikvm( 1872): Exception thrown (Ljava/lang/VerifyError;) while throwing internal exception (Ljava/lang/VerifyError;)
I/dalvikvm( 1872): Rejecting re-init on previously-failed class Landroid/mtp/MtpDatabase; v=0x411fbb18
W/dalvikvm( 1872): Exception thrown (Ljava/lang/VerifyError;) while throwing internal exception (Ljava/lang/VerifyError;)
I/dalvikvm( 1872): Rejecting re-init on previously-failed class Landroid/mtp/MtpDatabase; v=0x411fbb18
W/dalvikvm( 1872): Exception thrown (Ljava/lang/VerifyError;) while throwing internal exception (Ljava/lang/VerifyError;)
I/dalvikvm( 1872): Rejecting re-init on previously-failed class Landroid/mtp/MtpDatabase; v=0x411fbb18
W/dalvikvm( 1872): Exception thrown (Ljava/lang/VerifyError;) while throwing internal exception (Ljava/lang/VerifyError;)
I/dalvikvm( 1872): Rejecting re-init on previously-failed class Landroid/mtp/MtpDatabase; v=0x411fbb18
W/dalvikvm( 1872): Exception thrown (Ljava/lang/VerifyError;) while throwing internal exception (Ljava/lang/VerifyError;)
I/dalvikvm( 1872): Rejecting re-init on previously-failed class Landroid/mtp/MtpDatabase; v=0x411fbb18
W/dalvikvm( 1872): Exception thrown (Ljava/lang/VerifyError;) while throwing internal exception (Ljava/lang/VerifyError;)
E/MtpDatabaseJNI( 1872): Can't find MtpDatabase.mNativeContext
E/MediaPlayer-JNI( 1872): ERROR: MtpDatabase native registration failed
W/dalvikvm( 1872): JNI_OnLoad returned bad version (-1) in /system/lib/libmedia_jni.so 0x0
W/dalvikvm( 1872): Exception Ljava/lang/VerifyError; thrown while initializing Landroid/media/CameraProfile;
E/Zygote  ( 1872): Error preloading android.media.CameraProfile.
E/Zygote  ( 1872): java.lang.ExceptionInInitializerError
E/Zygote  ( 1872): 	at java.lang.Class.classForName(Native Method)
E/Zygote  ( 1872): 	at java.lang.Class.forName(Class.java:217)
E/Zygote  ( 1872): 	at java.lang.Class.forName(Class.java:172)
E/Zygote  ( 1872): 	at com.android.internal.os.ZygoteInit$2.run(ZygoteInit.java:468)
E/Zygote  ( 1872): 	at java.lang.Thread.run(Thread.java:856)
E/Zygote  ( 1872): Caused by: java.lang.VerifyError: android/mtp/MtpDatabase
E/Zygote  ( 1872): 	at java.lang.Runtime.nativeLoad(Native Method)
E/Zygote  ( 1872): 	at java.lang.Runtime.loadLibrary(Runtime.java:382)
E/Zygote  ( 1872): 	at java.lang.System.loadLibrary(System.java:535)
E/Zygote  ( 1872): 	at android.media.CameraProfile.<clinit>(CameraProfile.java:92)
E/Zygote  ( 1872): 	... 5 more
W/dalvikvm( 1872): threadid=6: thread exiting with uncaught exception (group=0x412062b8)
I/System  ( 1872): Loaded time zone names for en_US in 582ms (569ms in ICU)
I/System  ( 1872): Loaded time zone names for zh_CN in 486ms (476ms in ICU)
I/Zygote  ( 1872): ...preloaded 2309 classes in 2862ms.
I/Zygote  ( 1872): !@EndofpreloadClasses()
D/dalvikvm( 1872): WAIT_FOR_CONCURRENT_GC blocked 0ms
D/dalvikvm( 1872): GC_EXPLICIT freed 982K, 16% free 5566K/6595K, paused 1ms+2ms, total 48ms
