I/DEBUG   (   87):     4006d2a4 4a17b123 447a2401 47986014 20274911  #..J.$zD.`.G.I' 
I/DEBUG   (   87):     4006d2b4 70082400 ebc6f7f4 f7f52106 a902ed06  .$.p.....!......
I/DEBUG   (   87):     4006d2c4 f04f2006 460a5380 94029304 f7f59403  . O..S.F........
I/DEBUG   (   87):     4006d2d4 4629e8e4 20024622 e8ecf7f5 ebb2f7f4  ..)F"F. ........
I/DEBUG   (   87): 
I/DEBUG   (   87): code around lr:
I/DEBUG   (   87):     40070bf8 41f0e92d 4c0b2600 447c4680 68a56824  -..A.&.L.F|D$h.h
I/DEBUG   (   87):     40070c08 e0076867 300cf9b5 dd022b00 47c04628  gh.....0.+..(F.G
I/DEBUG   (   87):     40070c18 35544306 d5f53f01 2c006824 4630d1ef  .CT5.?..$h.,..0F
I/DEBUG   (   87):     40070c28 81f0e8bd 000288fe 43f0e92d fb01461f  ........-..C.F..
I/DEBUG   (   87):     40070c38 f8dff602 b0878058 44f8460c 8000f8d8  ....X....F.D....
I/DEBUG   (   87): 
I/DEBUG   (   87): memory map around fault addr deadbaad:
I/DEBUG   (   87):     bed52000-bed73000 [stack]
I/DEBUG   (   87):     (no map for address)
I/DEBUG   (   87):     (no map above)
I/DEBUG   (   87): !@dumpstate -k -t -z -d -o /data/log/dumpstate_app_native -m 1429
I/dumpstate( 1568): begin
V/AudioFlinger( 1427): thread 0x41b7f008 type 0 TID 1539 going to sleep
E/LBE-Sec ( 1578): stat /data/data/com.lbe.security.miui failed with 2: No such file or directory
W/LBE-Sec ( 1578): request rejected (2000->0 lsof)
E/LBE-Sec ( 1583): stat /data/data/com.lbe.security.miui failed with 2: No such file or directory
W/LBE-Sec ( 1583): request rejected (2000->0 sqlite3)
E/LBE-Sec ( 1585): stat /data/data/com.lbe.security.miui failed with 2: No such file or directory
W/LBE-Sec ( 1585): request rejected (2000->0 netcfg)
E/LBE-Sec ( 1593): stat /data/data/com.lbe.security.miui failed with 2: No such file or directory
W/LBE-Sec ( 1593): request rejected (2000->0 iptables)
E/LBE-Sec ( 1595): stat /data/data/com.lbe.security.miui failed with 2: No such file or directory
W/LBE-Sec ( 1595): request rejected (2000->0 ip6tables)
E/LBE-Sec ( 1597): stat /data/data/com.lbe.security.miui failed with 2: No such file or directory
W/LBE-Sec ( 1597): request rejected (2000->0 iptables)
E/LBE-Sec ( 1599): stat /data/data/com.lbe.security.miui failed with 2: No such file or directory
W/LBE-Sec ( 1599): request rejected (2000->0 iptables)
E/LBE-Sec ( 1601): stat /data/data/com.lbe.security.miui failed with 2: No such file or directory
W/LBE-Sec ( 1601): request rejected (2000->0 ip6tables)
E/LBE-Sec ( 1603): stat /data/data/com.lbe.security.miui failed with 2: No such file or directory
W/LBE-Sec ( 1603): request rejected (2000->0 wpa_cli)
D/VoldCmdListener(   80): asec list
E/LBE-Sec ( 1608): stat /data/data/com.lbe.security.miui failed with 2: No such file or directory
W/LBE-Sec ( 1608): request rejected (2000->0 cat)
E/LBE-Sec ( 1611): stat /data/data/com.lbe.security.miui failed with 2: No such file or directory
W/LBE-Sec ( 1611): request rejected (2000->0 vril-dump)
E/LBE-Sec ( 1613): stat /data/data/com.lbe.security.miui failed with 2: No such file or directory
W/LBE-Sec ( 1613): request rejected (2000->0 cat)
I/dumpstate( 1568): done
I/ServiceManager(   79): service 'sprd.volume_manager' died
I/ServiceManager(   79): service 'media.audio_flinger' died
I/ServiceManager(   79): service 'media.player' died
I/ServiceManager(   79): service 'media.camera' died
I/ServiceManager(   79): service 'media.audio_policy' died
I/Netd    ( 1615): Netd 1.0 starting
D/AndroidRuntime( 1616): 
D/AndroidRuntime( 1616): >>>>>> AndroidRuntime START com.android.internal.os.ZygoteInit <<<<<<
D/AndroidRuntime( 1616): CheckJNI is OFF
E/AndroidRuntime( 1616): cannot open customer xml file
E/AndroidRuntime( 1616): /system/csc/customer.xml can't open file
D/AndroidRuntime( 1616): Set to default setting : language=-Duser.language= region=-Duser.region=
D/AndroidRuntime( 1616): readGMSProperty: start
D/AndroidRuntime( 1616): readGMSProperty: already setted!!
D/AndroidRuntime( 1616): readGMSProperty: end
D/dalvikvm( 1616): DexOpt: incorrect opt magic number (0xff ff ff ff)
D/dalvikvm( 1616): ODEX file is stale or bad; removing and retrying (/data/dalvik-cache/system@framework@framework.jar@classes.dex)
I/mediaserver( 1614): ServiceManager: 0x41aab588
I/AudioFlinger( 1614): Using default 3000 mSec as standby time.
W/streamFormatVolumeTable.cpp( 1614): streamFormatVolumeTable open in (0)
E/XMLTREEFILE( 1614): XMLTreeFile can't open file /data/formatvolume.xml
W/streamFormatVolumeTable.cpp( 1614): streamFormatVolumeTable.open ok
I/VolumeManager.cpp( 1614): VolumeManager open type 1 ret 0
E/AudioFlinger( 1614): corrupt profile data: 11 streams should be 16, 6 formats
E/AudioFlinger( 1614): can't load format volume profiles, load default
V/MediaPlayerService( 1614): MediaPlayerService created
I/CameraService( 1614): CameraService started (pid=1614)
V/SprdCameraHardware( 1614): int android::HAL_getNumberOfCameras()
V/SprdCameraHardware( 1614): HAL_getNumberOfCameras,1.
I/AudioPolicyManagerBase( 1614): ### stringToEnum() found AUDIO_DEVICE_OUT_EARPIECE
I/AudioPolicyManagerBase( 1614): ### stringToEnum() found AUDIO_DEVICE_OUT_SPEAKER
V/AudioPolicyManagerBase( 1614): loadGlobalConfig() mAttachedOutputDevices 0003
I/AudioPolicyManagerBase( 1614): ### stringToEnum() found AUDIO_DEVICE_OUT_SPEAKER
V/AudioPolicyManagerBase( 1614): loadGlobalConfig() mDefaultOutputDevice 0002
I/AudioPolicyManagerBase( 1614): ### stringToEnum() found AUDIO_DEVICE_IN_BUILTIN_MIC
I/AudioPolicyManagerBase( 1614): ### stringToEnum() found AUDIO_DEVICE_IN_VOICE_CALL
V/AudioPolicyManagerBase( 1614): loadGlobalConfig() mAvailableInputDevices 1100000
V/AudioPolicyManagerBase( 1614): loadHwModules() loading module primary
V/AudioPolicyManagerBase( 1614): loadHwModule() loading output primary
V/AudioPolicyManagerBase( 1614): loadSamplingRates() adding rate 44100
V/AudioPolicyManagerBase( 1614): loadOutChannels() AUDIO_CHANNEL_OUT_STEREO
I/AudioPolicyManagerBase( 1614): ### stringToEnum() found AUDIO_CHANNEL_OUT_STEREO
I/AudioPolicyManagerBase( 1614): ### stringToEnum() found AUDIO_FORMAT_PCM_16_BIT
I/AudioPolicyManagerBase( 1614): ### stringToEnum() found AUDIO_DEVICE_OUT_EARPIECE
I/AudioPolicyManagerBase( 1614): ### stringToEnum() found AUDIO_DEVICE_OUT_SPEAKER
I/AudioPolicyManagerBase( 1614): ### stringToEnum() found AUDIO_DEVICE_OUT_WIRED_HEADSET
I/AudioPolicyManagerBase( 1614): ### stringToEnum() found AUDIO_DEVICE_OUT_WIRED_HEADPHONE
I/AudioPolicyManagerBase( 1614): ### stringToEnum() found AUDIO_DEVICE_OUT_ALL_SCO
I/AudioPolicyManagerBase( 1614): ### stringToEnum() found AUDIO_DEVICE_OUT_AUX_DIGITAL
I/AudioPolicyManagerBase( 1614): ### stringToEnum() found AUDIO_DEVICE_OUT_DGTL_DOCK_HEADSET
I/AudioPolicyManagerBase( 1614): ### stringToEnum() found AUDIO_OUTPUT_FLAG_PRIMARY
V/AudioPolicyManagerBase( 1614): loadOutput() adding output mSupportedDevices 147f, mFlags 0002
V/AudioPolicyManagerBase( 1614): loadHwModule() loading input primary
V/AudioPolicyManagerBase( 1614): loadSamplingRates() adding rate 8000
V/AudioPolicyManagerBase( 1614): loadSamplingRates() adding rate 11025
V/AudioPolicyManagerBase( 1614): loadSamplingRates() adding rate 16000
V/AudioPolicyManagerBase( 1614): loadSamplingRates() adding rate 22050
V/AudioPolicyManagerBase( 1614): loadSamplingRates() adding rate 24000
V/AudioPolicyManagerBase( 1614): loadSamplingRates() adding rate 32000
V/AudioPolicyManagerBase( 1614): loadSamplingRates() adding rate 44100
V/AudioPolicyManagerBase( 1614): loadSamplingRates() adding rate 48000
V/AudioPolicyManagerBase( 1614): loadInChannels() AUDIO_CHANNEL_IN_MONO
I/AudioPolicyManagerBase( 1614): ### stringToEnum() found AUDIO_CHANNEL_IN_MONO
V/AudioPolicyManagerBase( 1614): loadInChannels() adding channelMask 0010
I/AudioPolicyManagerBase( 1614): ### stringToEnum() found AUDIO_CHANNEL_IN_STEREO
V/AudioPolicyManagerBase( 1614): loadInChannels() adding channelMask 000c
I/AudioPolicyManagerBase( 1614): ### stringToEnum() found AUDIO_FORMAT_PCM_16_BIT
I/AudioPolicyManagerBase( 1614): ### stringToEnum() found AUDIO_DEVICE_IN_BUILTIN_MIC
I/AudioPolicyManagerBase( 1614): ### stringToEnum() found AUDIO_DEVICE_IN_BLUETOOTH_SCO_HEADSET
I/AudioPolicyManagerBase( 1614): ### stringToEnum() found AUDIO_DEVICE_IN_WIRED_HEADSET
I/AudioPolicyManagerBase( 1614): ### stringToEnum() found AUDIO_DEVICE_IN_VOICE_CALL
V/AudioPolicyManagerBase( 1614): loadInput() adding input mSupportedDevices 1700000
V/AudioPolicyManagerBase( 1614): loadHwModules() loading module a2dp
V/AudioPolicyManagerBase( 1614): loadHwModule() loading output a2dp
V/AudioPolicyManagerBase( 1614): loadSamplingRates() adding rate 44100
V/AudioPolicyManagerBase( 1614): loadOutChannels() AUDIO_CHANNEL_OUT_STEREO
I/AudioPolicyManagerBase( 1614): ### stringToEnum() found AUDIO_CHANNEL_OUT_STEREO
I/AudioPolicyManagerBase( 1614): ### stringToEnum() found AUDIO_FORMAT_PCM_16_BIT
I/AudioPolicyManagerBase( 1614): ### stringToEnum() found AUDIO_DEVICE_OUT_ALL_A2DP
V/AudioPolicyManagerBase( 1614): loadOutput() adding output mSupportedDevices 0380, mFlags 0000
V/AudioPolicyManagerBase( 1614): loadHwModules() loading module usb
V/AudioPolicyManagerBase( 1614): loadHwModule() loading output usb_accessory
V/AudioPolicyManagerBase( 1614): loadSamplingRates() adding rate 44100
V/AudioPolicyManagerBase( 1614): loadOutChannels() AUDIO_CHANNEL_OUT_STEREO
I/AudioPolicyManagerBase( 1614): ### stringToEnum() found AUDIO_CHANNEL_OUT_STEREO
I/AudioPolicyManagerBase( 1614): ### stringToEnum() found AUDIO_FORMAT_PCM_16_BIT
I/AudioPolicyManagerBase( 1614): ### stringToEnum() found AUDIO_DEVICE_OUT_USB_ACCESSORY
V/AudioPolicyManagerBase( 1614): loadOutput() adding output mSupportedDevices 2000, mFlags 0000
V/AudioPolicyManagerBase( 1614): loadHwModule() loading output usb_device
V/AudioPolicyManagerBase( 1614): loadSamplingRates() adding rate 44100
V/AudioPolicyManagerBase( 1614): loadOutChannels() AUDIO_CHANNEL_OUT_STEREO
I/AudioPolicyManagerBase( 1614): ### stringToEnum() found AUDIO_CHANNEL_OUT_STEREO
I/AudioPolicyManagerBase( 1614): ### stringToEnum() found AUDIO_FORMAT_PCM_16_BIT
I/AudioPolicyManagerBase( 1614): ### stringToEnum() found AUDIO_DEVICE_OUT_USB_DEVICE
V/AudioPolicyManagerBase( 1614): loadOutput() adding output mSupportedDevices 4000, mFlags 0000
I/AudioPolicyManagerBase( 1614): loadAudioPolicyConfig() loaded /system/etc/audio_policy.conf
V/AudioFlinger( 1614): registerClient() client 0x41aab900, pid 1614
I/audio_hw_primary( 1614): adev_open
I/Alsa_Util( 1614): card name is Dummy, query card=0
I/Alsa_Util( 1614): card name is VIRTUAL AUDIO, query card=1
I/Alsa_Util( 1614): card name is sprdphone, query card=2
I/Alsa_Util( 1614): Search Completed, cur_name is sprdphone, card_num=2
I/Alsa_Util( 1614): card name is Dummy, query card=0
I/Alsa_Util( 1614): card name is VIRTUAL AUDIO, query card=1
I/Alsa_Util( 1614): Search Completed, cur_name is VIRTUAL AUDIO, card_num=1
I/audio_hw_primary( 1614): s_tinycard = 2, s_vaudio = 1
V/audio_hw_primary( 1614): Reading configuration from /system/etc/tiny_hw.xml
I/audio_hw_primary( 1614): Parsing control HeadPhone Playback Volume => 12
I/audio_hw_primary( 1614): s->path_len=1
I/audio_hw_primary( 1614): Parsing control Master Playback Volume => 12
I/audio_hw_primary( 1614): s->path_len=2
I/audio_hw_primary( 1614): Parsing control Inter PA Playback Volume => 12
I/audio_hw_primary( 1614): s->path_len=3
I/audio_hw_primary( 1614): Parsing control Ear Boost Volume => 1
I/audio_hw_primary( 1614): s->path_len=4
I/audio_hw_primary( 1614): Parsing control Capture Volume => 12
I/audio_hw_primary( 1614): s->path_len=5
I/audio_hw_primary( 1614): Parsing control Mic Boost Volume => 1
I/audio_hw_primary( 1614): s->path_len=6
I/audio_hw_primary( 1614): Parsing control Line Playback Volume => 12
I/audio_hw_primary( 1614): s->path_len=7
I/audio_hw_primary( 1614): Parsing control LineinRec Capture Volume => 8
I/audio_hw_primary( 1614): s->path_len=8
I/audio_hw_primary( 1614): Applying 8 element default route
I/audio_hw_primary( 1614): Set 'HeadPhone Playback Volume'.0 to 12
I/audio_hw_primary( 1614): Set 'HeadPhone Playback Volume'.1 to 12
I/audio_hw_primary( 1614): Set 'Master Playback Volume'.0 to 12
I/audio_hw_primary( 1614): Set 'Master Playback Volume'.1 to 12
I/audio_hw_primary( 1614): Set 'Inter PA Playback Volume'.0 to 12
E/BandwidthController( 1615): runIptablesCmd(): failed /system/bin/iptables -t raw -N bw_raw_PREROUTING res=256
I/audio_hw_primary( 1614): Set 'Ear Boost Volume'.0 to 1
E/BandwidthController( 1615): runIptablesCmd(): failed /system/bin/ip6tables -t raw -N bw_raw_PREROUTING res=256
I/audio_hw_primary( 1614): Set 'Capture Volume'.0 to 12
I/audio_hw_primary( 1614): Set 'Mic Boost Volume'.0 to 1
I/audio_hw_primary( 1614): Set 'Line Playback Volume'.0 to 12
I/audio_hw_primary( 1614): Set 'Line Playback Volume'.1 to 12
I/audio_hw_primary( 1614): Set 'LineinRec Capture Volume'.0 to 8
I/audio_hw_primary( 1614): Allocating device speaker
I/audio_hw_primary( 1614): Parsing control Speaker Function => 1
I/audio_hw_primary( 1614): s->path_len=1
I/audio_hw_primary( 1614): 1 element on sequence
I/audio_hw_primary( 1614): Parsing control Speaker Function => 0
I/audio_hw_primary( 1614): s->path_len=1
I/audio_hw_primary( 1614): 1 element off sequence
I/audio_hw_primary( 1614): Set 'Speaker Function'.0 to 0
I/audio_hw_primary( 1614): Allocating device headphone
I/audio_hw_primary( 1614): Parsing control HeadPhone Function => 1
I/audio_hw_primary( 1614): s->path_len=1
I/audio_hw_primary( 1614): 1 element on sequence
I/audio_hw_primary( 1614): Parsing control HeadPhone Function => 0
I/audio_hw_primary( 1614): s->path_len=1
I/audio_hw_primary( 1614): 1 element off sequence
I/audio_hw_primary( 1614): Set 'HeadPhone Function'.0 to 0
I/audio_hw_primary( 1614): Allocating device earpiece
I/audio_hw_primary( 1614): Parsing control Earpiece Function => 1
I/audio_hw_primary( 1614): s->path_len=1
I/audio_hw_primary( 1614): 1 element on sequence
I/audio_hw_primary( 1614): Parsing control Earpiece Function => 0
I/audio_hw_primary( 1614): s->path_len=1
I/audio_hw_primary( 1614): 1 element off sequence
I/audio_hw_primary( 1614): Set 'Earpiece Function'.0 to 0
I/audio_hw_primary( 1614): Allocating device builtin-mic
I/audio_hw_primary( 1614): Parsing control Mic Function => 1
I/audio_hw_primary( 1614): s->path_len=1
I/audio_hw_primary( 1614): 1 element on sequence
I/audio_hw_primary( 1614): Parsing control Mic Function => 0
I/audio_hw_primary( 1614): s->path_len=1
I/audio_hw_primary( 1614): 1 element off sequence
I/audio_hw_primary( 1614): Set 'Mic Function'.0 to 0
I/audio_hw_primary( 1614): Allocating device headset-in
I/audio_hw_primary( 1614): Parsing control HP Mic Function => 1
I/audio_hw_primary( 1614): s->path_len=1
I/audio_hw_primary( 1614): 1 element on sequence
I/audio_hw_primary( 1614): Parsing control HP Mic Function => 0
I/audio_hw_primary( 1614): s->path_len=1
I/audio_hw_primary( 1614): 1 element off sequence
I/audio_hw_primary( 1614): Set 'HP Mic Function'.0 to 0
I/audio_hw_primary( 1614): Allocating device line
I/audio_hw_primary( 1614): Parsing control Line Function => 1
I/audio_hw_primary( 1614): s->path_len=1
I/audio_hw_primary( 1614): 1 element on sequence
I/audio_hw_primary( 1614): Parsing control Line Function => 0
I/audio_hw_primary( 1614): s->path_len=1
I/audio_hw_primary( 1614): 1 element off sequence
I/audio_hw_primary( 1614): Set 'Line Function'.0 to 0
I/audio_hw_primary( 1614): Parsing control Linein Rec Function => 1
I/audio_hw_primary( 1614): s->path_len=1
I/audio_hw_primary( 1614): Applying 1 element default route
I/audio_hw_primary( 1614): Set 'Linein Rec Function'.0 to 1
I/audio_hw_primary( 1614): Parsing control Linein Rec Function => 0
I/audio_hw_primary( 1614): s->path_len=1
I/audio_hw_primary( 1614): Applying 1 element default route
I/audio_hw_primary( 1614): Set 'Linein Rec Function'.0 to 0
W/audio_hw_primary( 1614): s->adev->private_ctl.vbc_switch is successful
W/audio_hw_primary( 1614): s->adev->private_ctl.vbc_eq_switch is successful
W/audio_hw_primary( 1614): s->adev->private_ctl.vbc_eq_update is successful
W/audio_hw_primary( 1614): s->adev->private_ctl.vbc_eq_profile_select is successful
I/audio_hw_primary( 1614): ret=0, num_dev_cfgs=6
I/audio_hw_primary( 1614): dev_cfgs_on depth=1, dev_cfgs_off depth=1
I/vb_effect( 1614): create_vb_effect_params...start
I/vb_effect( 1614): do_parse...start
I/vb_effect( 1614): fd_dest_paras(0x40086cbc), header_len(12), profile_len(280)
I/vb_effect( 1614): effect_profile->name is Headset
I/vb_effect( 1614): effect_profile->name is Headfree
I/vb_effect( 1614): effect_profile->name is Handset
I/vb_effect( 1614): effect_profile->name is Handsfree
I/vb_effect( 1614): do_parse...end
I/vb_effect( 1614): create_vb_effect_params...done
I/audio_hw_primary( 1614): eq_loading, ret(-1), eq_available(0)
I/audio_pga( 1614): The codec name is dolphin
D/audio_pga( 1614): profile name is 'speaker-l'
D/audio_pga( 1614): pga name is 'Master Playback Volume', val is '0'
D/audio_pga( 1614): pga name is 'Inter PA Playback Volume', val is '4'
D/audio_pga( 1614): pga name is 'VBC DACL DG Set', val is '16'
D/audio_pga( 1614): pga name is 'VBC DACL DG Switch', val is '31'
D/audio_pga( 1614): profile name is 'speaker-r'
D/audio_pga( 1614): pga name is 'Master Playback Volume', val is '0'
D/audio_pga( 1614): pga name is 'Inter PA Playback Volume', val is '4'
D/audio_pga( 1614): pga name is 'VBC DACR DG Set', val is '16'
D/audio_pga( 1614): pga name is 'VBC DACR DG Switch', val is '31'
D/audio_pga( 1614): profile name is 'headphone-l'
D/audio_pga( 1614): pga name is 'Master Playback Volume', val is '0'
D/audio_pga( 1614): pga name is 'HeadPhone Playback Volume', val is '4'
D/audio_pga( 1614): pga name is 'VBC DACL DG Set', val is '16'
D/audio_pga( 1614): pga name is 'VBC DACL DG Switch', val is '31'
D/audio_pga( 1614): profile name is 'headphone-r'
D/audio_pga( 1614): pga name is 'Master Playback Volume', val is '0'
D/audio_pga( 1614): pga name is 'HeadPhone Playback Volume', val is '4'
D/audio_pga( 1614): pga name is 'VBC DACR DG Set', val is '16'
D/audio_pga( 1614): pga name is 'VBC DACR DG Switch', val is '31'
D/audio_pga( 1614): profile name is 'headphone-spk-l'
D/audio_pga( 1614): pga name is 'Master Playback Volume', val is '0'
D/audio_pga( 1614): pga name is 'HeadPhone Playback Volume', val is '4'
D/audio_pga( 1614): pga name is 'VBC DACL DG Set', val is '16'
D/audio_pga( 1614): pga name is 'VBC DACL DG Switch', val is '31'
D/audio_pga( 1614): profile name is 'headphone-spk-r'
D/audio_pga( 1614): pga name is 'Master Playback Volume', val is '0'
D/audio_pga( 1614): pga name is 'HeadPhone Playback Volume', val is '4'
D/audio_pga( 1614): pga name is 'VBC DACR DG Set', val is '16'
D/audio_pga( 1614): pga name is 'VBC DACR DG Switch', val is '31'
D/audio_pga( 1614): profile name is 'earpiece'
D/audio_pga( 1614): pga name is 'Master Playback Volume', val is '0'
D/audio_pga( 1614): pga name is 'Ear Boost Volume', val is '4'
D/audio_pga( 1614): pga name is 'VBC DACL DG Set', val is '16'
D/audio_pga( 1614): pga name is 'VBC DACL DG Switch', val is '31'
D/audio_pga( 1614): profile name is 'linein-spk-l'
D/audio_pga( 1614): pga name is 'Line Playback Volume', val is '0'
D/audio_pga( 1614): pga name is 'Inter PA Playback Volume', val is '5'
D/audio_pga( 1614): pga name is 'VBC DACL DG Set', val is '16'
D/audio_pga( 1614): pga name is 'VBC DACL DG Switch', val is '31'
D/audio_pga( 1614): profile name is 'linein-spk-r'
D/audio_pga( 1614): pga name is 'Line Playback Volume', val is '0'
D/audio_pga( 1614): pga name is 'Inter PA Playback Volume', val is '5'
D/audio_pga( 1614): pga name is 'VBC DACR DG Set', val is '16'
D/audio_pga( 1614): pga name is 'VBC DACR DG Switch', val is '31'
D/audio_pga( 1614): profile name is 'linein-hp-l'
D/audio_pga( 1614): pga name is 'Line Playback Volume', val is '0'
D/audio_pga( 1614): pga name is 'HeadPhone Playback Volume', val is '5'
D/audio_pga( 1614): pga name is 'VBC DACL DG Set', val is '16'
D/audio_pga( 1614): pga name is 'VBC DACL DG Switch', val is '31'
D/audio_pga( 1614): profile name is 'linein-hp-r'
D/audio_pga( 1614): pga name is 'Line Playback Volume', val is '0'
D/audio_pga( 1614): pga name is 'HeadPhone Playback Volume', val is '5'
D/audio_pga( 1614): pga name is 'VBC DACR DG Set', val is '16'
D/audio_pga( 1614): pga name is 'VBC DACR DG Switch', val is '31'
D/audio_pga( 1614): profile name is 'capture-l'
D/audio_pga( 1614): pga name is 'Capture Volume', val is '0'
D/audio_pga( 1614): pga name is 'Mic Boost Volume', val is '4'
D/audio_pga( 1614): pga name is 'VBC ADCL DG Set', val is '8'
D/audio_pga( 1614): pga name is 'VBC ADCL DG Switch', val is '15'
D/audio_pga( 1614): profile name is 'capture-r'
D/audio_pga( 1614): pga name is 'Capture Volume', val is '0'
D/audio_pga( 1614): pga name is 'Mic Boost Volume', val is '4'
D/audio_pga( 1614): pga name is 'VBC ADCR DG Set', val is '8'
D/audio_pga( 1614): pga name is 'VBC ADCR DG Switch', val is '15'
D/audio_pga( 1614): profile name is 'linein-capture-l'
D/audio_pga( 1614): pga name is 'Capture Volume', val is '0'
D/audio_pga( 1614): pga name is 'Mic Boost Volume', val is '4'
D/audio_pga( 1614): pga name is 'LineinRec Capture Volume', val is '5'
D/audio_pga( 1614): pga name is 'VBC ADCL DG Set', val is '8'
D/audio_pga( 1614): pga name is 'VBC ADCL DG Switch', val is '15'
D/audio_pga( 1614): profile name is 'linein-capture-r'
D/audio_pga( 1614): pga name is 'Capture Volume', val is '0'
D/audio_pga( 1614): pga name is 'Mic Boost Volume', val is '4'
D/audio_pga( 1614): pga name is 'LineinRec Capture Volume', val is '5'
D/audio_pga( 1614): pga name is 'VBC ADCR DG Set', val is '8'
D/audio_pga( 1614): pga name is 'VBC ADCR DG Switch', val is '15'
D/audio_pga( 1614): mixer name is 'Master Playback Volume'
D/audio_pga( 1614): attribute max is '15', inverse is '1'
D/audio_pga( 1614): mixer name is 'HeadPhone Playback Volume'
D/audio_pga( 1614): attribute max is '31', inverse is '1'
D/audio_pga( 1614): mixer name is 'Line Playback Volume'
D/audio_pga( 1614): attribute max is '19', inverse is '1'
D/audio_pga( 1614): mixer name is 'LineinRec Capture Volume'
D/audio_pga( 1614): attribute max is '7', inverse is '0'
D/audio_pga( 1614): mixer name is 'Inter PA Playback Volume'
D/audio_pga( 1614): attribute max is '15', inverse is '0'
D/audio_pga( 1614): mixer name is 'Ear Boost Volume'
D/audio_pga( 1614): attribute max is '1', inverse is '0'
D/audio_pga( 1614): mixer name is 'Capture Volume'
D/audio_pga( 1614): attribute max is '15', inverse is '0'
D/audio_pga( 1614): mixer name is 'Mic Boost Volume'
D/audio_pga( 1614): attribute max is '1', inverse is '0'
D/audio_pga( 1614): mixer name is 'VBC DACL DG Set'
D/audio_pga( 1614): attribute max is '127', inverse is '0'
D/audio_pga( 1614): mixer name is 'VBC DACR DG Set'
D/audio_pga( 1614): attribute max is '127', inverse is '0'
D/audio_pga( 1614): mixer name is 'VBC DACL DG Switch'
D/audio_pga( 1614): attribute max is '1', inverse is '0'
D/audio_pga( 1614): mixer name is 'VBC DACR DG Switch'
D/audio_pga( 1614): attribute max is '1', inverse is '0'
D/audio_pga( 1614): mixer name is 'VBC ADCL DG Set'
D/audio_pga( 1614): attribute max is '127', inverse is '0'
D/audio_pga( 1614): mixer name is 'VBC ADCR DG Set'
D/audio_pga( 1614): attribute max is '127', inverse is '0'
D/audio_pga( 1614): mixer name is 'VBC ADCL DG Switch'
D/audio_pga( 1614): attribute max is '1', inverse is '0'
D/audio_pga( 1614): mixer name is 'VBC ADCR DG Switch'
D/audio_pga( 1614): attribute max is '1', inverse is '0'
I/audio_hw_primary( 1614): select_devices_signal starting...
I/audio_hw_primary( 1614): select_devices_signal finished.
V/audio_hw_primary( 1614): adev_open: create lvve engine.
D/LVVE_Engine( 1614): LVVEFS_TRACE: FUNCTION: LVVEFS_Create: There are 1 instances of LVVEFS active, id = 1074085689 at 168 in ../SRC/LVVEFS_Create.c
D/LVVE_Engine( 1614): LVVEFS_TRACE: FUNCTION: LVVEFS_CreateParamTable: LVVEFS_ParseFile starting at 132 in ../SRC/LVVEFS_Params.c
D/LVVE_Engine( 1614): LVVEFS_TRACE: FUNCTION: LVVEFS_ParseFile at 95 in ../SRC/LVVEFS_Parser.c
D/LVVE_Engine( 1614): LVVEFS_TRACE: FUNCTION: LVVEFS_ArgsReadData at 318 in ../SRC/LVVEFS_Args.c
D/LVVE_Engine( 1614): LVVEFS_TRACE: FUNCTION: LVVEFS_ParseFile: Set Rx Config Params at 151 in ../SRC/LVVEFS_Parser.c
D/LVVE_Engine( 1614): LVVEFS_TRACE: FUNCTION: LVVEFS_Rx_Array2ControlParameters at 922 in ../SRC/LVVEFS_Parser.c
D/LVVE_Engine( 1614): LVVEFS_TRACE: FUNCTION: LVVEFS_CreateParamTable: LVVEFS_ParseFile of LVVEFS_Rx_ControlParams returned successful at 141 in ../SRC/LVVEFS_Params.c
D/LVVE_Engine( 1614): LVVEFS_TRACE: FUNCTION: LVVEFS_ParseFile at 95 in ../SRC/LVVEFS_Parser.c
D/LVVE_Engine( 1614): LVVEFS_TRACE: FUNCTION: LVVEFS_ArgsReadData at 318 in ../SRC/LVVEFS_Args.c
D/LVVE_Engine( 1614): LVVEFS_TRACE: FUNCTION: LVVEFS_ParseFile: Set Tx Config Params at 161 in ../SRC/LVVEFS_Parser.c
D/LVVE_Engine( 1614): LVVEFS_TRACE: FUNCTION: LVVEFS_CreateParamTable: LVVEFS_ParseFile of LVVEFS_Tx_ControlParams returned successful at 156 in ../SRC/LVVEFS_Params.c
D/LVVE_Engine( 1614): LVVEFS_TRACE: FUNCTION: LVVEFS_ParseFile at 95 in ../SRC/LVVEFS_Parser.c
D/LVVE_Engine( 1614): LVVEFS_TRACE: FUNCTION: LVVEFS_ArgsReadData at 318 in ../SRC/LVVEFS_Args.c
D/LVVE_Engine( 1614): LVVEFS_TRACE: FUNCTION: LVVEFS_ParseFile: Set Rx Control Params at 129 in ../SRC/LVVEFS_Parser.c
D/LVVE_Engine( 1614): LVVEFS_TRACE: FUNCTION: LVVEFS_CreateParamTable: LVVEFS_ParseFile of RxControl 0 returned successful at 208 in ../SRC/LVVEFS_Params.c
D/LVVE_Engine( 1614): LVVEFS_TRACE: FUNCTION: LVVEFS_ParseFile at 95 in ../SRC/LVVEFS_Parser.c
D/LVVE_Engine( 1614): LVVEFS_TRACE: FUNCTION: LVVEFS_ArgsReadData at 318 in ../SRC/LVVEFS_Args.c
D/LVVE_Engine( 1614): LVVEFS_TRACE: FUNCTION: LVVEFS_ParseFile: Set Rx Control Params at 129 in ../SRC/LVVEFS_Parser.c
D/LVVE_Engine( 1614): LVVEFS_TRACE: FUNCTION: LVVEFS_CreateParamTable: LVVEFS_ParseFile of RxControl 1 returned successful at 208 in ../SRC/LVVEFS_Params.c
D/LVVE_Engine( 1614): LVVEFS_TRACE: FUNCTION: LVVEFS_ParseFile at 95 in ../SRC/LVVEFS_Parser.c
D/LVVE_Engine( 1614): LVVEFS_TRACE: FUNCTION: LVVEFS_ArgsReadData at 318 in ../SRC/LVVEFS_Args.c
D/LVVE_Engine( 1614): LVVEFS_TRACE: FUNCTION: LVVEFS_ParseFile: Set Rx Control Params at 129 in ../SRC/LVVEFS_Parser.c
D/LVVE_Engine( 1614): LVVEFS_TRACE: FUNCTION: LVVEFS_CreateParamTable: LVVEFS_ParseFile of RxControl 2 returned successful at 208 in ../SRC/LVVEFS_Params.c
D/LVVE_Engine( 1614): LVVEFS_TRACE: FUNCTION: LVVEFS_ParseFile at 95 in ../SRC/LVVEFS_Parser.c
D/LVVE_Engine( 1614): LVVEFS_TRACE: FUNCTION: LVVEFS_ArgsReadData at 318 in ../SRC/LVVEFS_Args.c
D/LVVE_Engine( 1614): LVVEFS_TRACE: FUNCTION: LVVEFS_ParseFile: Set Rx Control Params at 129 in ../SRC/LVVEFS_Parser.c
D/LVVE_Engine( 1614): LVVEFS_TRACE: FUNCTION: LVVEFS_CreateParamTable: LVVEFS_ParseFile of RxControl 3 returned successful at 208 in ../SRC/LVVEFS_Params.c
D/LVVE_Engine( 1614): LVVEFS_TRACE: FUNCTION: LVVEFS_ParseFile at 95 in ../SRC/LVVEFS_Parser.c
D/LVVE_Engine( 1614): LVVEFS_TRACE: FUNCTION: LVVEFS_ArgsReadData at 318 in ../SRC/LVVEFS_Args.c
D/LVVE_Engine( 1614): LVVEFS_TRACE: FUNCTION: LVVEFS_ParseFile: Set Rx Control Params at 129 in ../SRC/LVVEFS_Parser.c
D/LVVE_Engine( 1614): LVVEFS_TRACE: FUNCTION: LVVEFS_CreateParamTable: LVVEFS_ParseFile of RxControl 4 returned successful at 208 in ../SRC/LVVEFS_Params.c
D/LVVE_Engine( 1614): LVVEFS_TRACE: FUNCTION: LVVEFS_ParseFile at 95 in ../SRC/LVVEFS_Parser.c
D/LVVE_Engine( 1614): LVVEFS_TRACE: FUNCTION: LVVEFS_ArgsReadData at 318 in ../SRC/LVVEFS_Args.c
D/LVVE_Engine( 1614): LVVEFS_TRACE: FUNCTION: LVVEFS_ParseFile: Set Rx Control Params at 129 in ../SRC/LVVEFS_Parser.c
D/LVVE_Engine( 1614): LVVEFS_TRACE: FUNCTION: LVVEFS_CreateParamTable: LVVEFS_ParseFile of RxControl 5 returned successful at 208 in ../SRC/LVVEFS_Params.c
D/LVVE_Engine( 1614): LVVEFS_TRACE: FUNCTION: LVVEFS_ParseFile at 95 in ../SRC/LVVEFS_Parser.c
D/LVVE_Engine( 1614): LVVEFS_TRACE: FUNCTION: LVVEFS_ArgsReadData at 318 in ../SRC/LVVEFS_Args.c
D/LVVE_Engine( 1614): LVVEFS_TRACE: FUNCTION: LVVEFS_ParseFile: Set Rx Control Params at 129 in ../SRC/LVVEFS_Parser.c
D/LVVE_Engine( 1614): LVVEFS_TRACE: FUNCTION: LVVEFS_CreateParamTable: LVVEFS_ParseFile of RxControl 6 returned successful at 208 in ../SRC/LVVEFS_Params.c
D/LVVE_Engine( 1614): LVVEFS_TRACE: FUNCTION: LVVEFS_ParseFile at 95 in ../SRC/LVVEFS_Parser.c
D/LVVE_Engine( 1614): LVVEFS_TRACE: FUNCTION: LVVEFS_ArgsReadData at 318 in ../SRC/LVVEFS_Args.c
D/LVVE_Engine( 1614): LVVEFS_TRACE: FUNCTION: LVVEFS_ParseFile: Set Rx Control Params at 129 in ../SRC/LVVEFS_Parser.c
D/LVVE_Engine( 1614): LVVEFS_TRACE: FUNCTION: LVVEFS_CreateParamTable: LVVEFS_ParseFile of RxControl 7 returned successful at 208 in ../SRC/LVVEFS_Params.c
D/LVVE_Engine( 1614): LVVEFS_TRACE: FUNCTION: LVVEFS_ParseFile at 95 in ../SRC/LVVEFS_Parser.c
D/LVVE_Engine( 1614): LVVEFS_TRACE: FUNCTION: LVVEFS_ArgsReadData at 318 in ../SRC/LVVEFS_Args.c
D/LVVE_Engine( 1614): LVVEFS_TRACE: FUNCTION: LVVEFS_ParseFile: Set Rx Control Params at 129 in ../SRC/LVVEFS_Parser.c
D/LVVE_Engine( 1614): LVVEFS_TRACE: FUNCTION: LVVEFS_CreateParamTable: LVVEFS_ParseFile of RxControl 8 returned successful at 208 in ../SRC/LVVEFS_Params.c
D/LVVE_Engine( 1614): LVVEFS_TRACE: FUNCTION: LVVEFS_ParseFile at 95 in ../SRC/LVVEFS_Parser.c
D/LVVE_Engine( 1614): LVVEFS_TRACE: FUNCTION: LVVEFS_ArgsReadData at 318 in ../SRC/LVVEFS_Args.c
D/LVVE_Engine( 1614): LVVEFS_TRACE: FUNCTION: LVVEFS_ParseFile: Set Rx Control Params at 129 in ../SRC/LVVEFS_Parser.c
D/LVVE_Engine( 1614): LVVEFS_TRACE: FUNCTION: LVVEFS_CreateParamTable: LVVEFS_ParseFile of RxControl 9 returned successful at 208 in ../SRC/LVVEFS_Params.c
D/LVVE_Engine( 1614): LVVEFS_TRACE: FUNCTION: LVVEFS_ParseFile at 95 in ../SRC/LVVEFS_Parser.c
D/LVVE_Engine( 1614): LVVEFS_TRACE: FUNCTION: LVVEFS_ArgsReadData at 318 in ../SRC/LVVEFS_Args.c
D/LVVE_Engine( 1614): LVVEFS_TRACE: FUNCTION: LVVEFS_ParseFile: Set Tx Control Params at 140 in ../SRC/LVVEFS_Parser.c
D/LVVE_Engine( 1614): LVVEFS_TRACE: FUNCTION: LVVEFS_CreateParamTable: LVVEFS_ParseFile of TxControl 0 returned successful at 230 in ../SRC/LVVEFS_Params.c
D/LVVE_Engine( 1614): LVVEFS_TRACE: FUNCTION: LVVEFS_ParseFile at 95 in ../SRC/LVVEFS_Parser.c
D/LVVE_Engine( 1614): LVVEFS_TRACE: FUNCTION: LVVEFS_ArgsReadData at 318 in ../SRC/LVVEFS_Args.c
D/LVVE_Engine( 1614): LVVEFS_TRACE: FUNCTION: LVVEFS_ParseFile: Set Tx Control Params at 140 in ../SRC/LVVEFS_Parser.c
D/LVVE_Engine( 1614): LVVEFS_TRACE: FUNCTION: LVVEFS_CreateParamTable: LVVEFS_ParseFile of TxControl 1 returned successful at 230 in ../SRC/LVVEFS_Params.c
D/LVVE_Engine( 1614): LVVEFS_TRACE: FUNCTION: LVVEFS_ParseFile at 95 in ../SRC/LVVEFS_Parser.c
D/LVVE_Engine( 1614): LVVEFS_TRACE: FUNCTION: LVVEFS_ArgsReadData at 318 in ../SRC/LVVEFS_Args.c
D/LVVE_Engine( 1614): LVVEFS_TRACE: FUNCTION: LVVEFS_ParseFile: Set Tx Control Params at 140 in ../SRC/LVVEFS_Parser.c
D/LVVE_Engine( 1614): LVVEFS_TRACE: FUNCTION: LVVEFS_CreateParamTable: LVVEFS_ParseFile of TxControl 2 returned successful at 230 in ../SRC/LVVEFS_Params.c
D/LVVE_Engine( 1614): LVVEFS_TRACE: FUNCTION: LVVEFS_ParseFile at 95 in ../SRC/LVVEFS_Parser.c
D/LVVE_Engine( 1614): LVVEFS_TRACE: FUNCTION: LVVEFS_ArgsReadData at 318 in ../SRC/LVVEFS_Args.c
D/LVVE_Engine( 1614): LVVEFS_TRACE: FUNCTION: LVVEFS_ParseFile: Set Tx Control Params at 140 in ../SRC/LVVEFS_Parser.c
D/LVVE_Engine( 1614): LVVEFS_TRACE: FUNCTION: LVVEFS_CreateParamTable: LVVEFS_ParseFile of TxControl 3 returned successful at 230 in ../SRC/LVVEFS_Params.c
D/LVVE_Engine( 1614): LVVEFS_TRACE: FUNCTION: LVVEFS_ParseFile at 95 in ../SRC/LVVEFS_Parser.c
D/LVVE_Engine( 1614): LVVEFS_TRACE: FUNCTION: LVVEFS_ArgsReadData at 318 in ../SRC/LVVEFS_Args.c
D/LVVE_Engine( 1614): LVVEFS_TRACE: FUNCTION: LVVEFS_ParseFile: Set Tx Control Params at 140 in ../SRC/LVVEFS_Parser.c
D/LVVE_Engine( 1614): LVVEFS_TRACE: FUNCTION: LVVEFS_CreateParamTable: LVVEFS_ParseFile of TxControl 4 returned successful at 230 in ../SRC/LVVEFS_Params.c
D/LVVE_Engine( 1614): LVVEFS_TRACE: FUNCTION: LVVEFS_ParseFile at 95 in ../SRC/LVVEFS_Parser.c
D/LVVE_Engine( 1614): LVVEFS_TRACE: FUNCTION: LVVEFS_ArgsReadData at 318 in ../SRC/LVVEFS_Args.c
D/LVVE_Engine( 1614): LVVEFS_TRACE: FUNCTION: LVVEFS_ParseFile: Set Tx Control Params at 140 in ../SRC/LVVEFS_Parser.c
D/LVVE_Engine( 1614): LVVEFS_TRACE: FUNCTION: LVVEFS_CreateParamTable: LVVEFS_ParseFile of TxControl 5 returned successful at 230 in ../SRC/LVVEFS_Params.c
D/LVVE_Engine( 1614): LVVEFS_TRACE: FUNCTION: LVVEFS_ParseFile at 95 in ../SRC/LVVEFS_Parser.c
D/LVVE_Engine( 1614): LVVEFS_TRACE: FUNCTION: LVVEFS_ArgsReadData at 318 in ../SRC/LVVEFS_Args.c
D/LVVE_Engine( 1614): LVVEFS_TRACE: FUNCTION: LVVEFS_ParseFile: Set Tx Control Params at 140 in ../SRC/LVVEFS_Parser.c
D/LVVE_Engine( 1614): LVVEFS_TRACE: FUNCTION: LVVEFS_CreateParamTable: LVVEFS_ParseFile of TxControl 6 returned successful at 230 in ../SRC/LVVEFS_Params.c
D/LVVE_Engine( 1614): LVVEFS_TRACE: FUNCTION: LVVEFS_ParseFile at 95 in ../SRC/LVVEFS_Parser.c
D/LVVE_Engine( 1614): LVVEFS_TRACE: FUNCTION: LVVEFS_ArgsReadData at 318 in ../SRC/LVVEFS_Args.c
D/LVVE_Engine( 1614): LVVEFS_TRACE: FUNCTION: LVVEFS_ParseFile: Set Tx Control Params at 140 in ../SRC/LVVEFS_Parser.c
D/LVVE_Engine( 1614): LVVEFS_TRACE: FUNCTION: LVVEFS_CreateParamTable: LVVEFS_ParseFile of TxControl 7 returned successful at 230 in ../SRC/LVVEFS_Params.c
D/LVVE_Engine( 1614): LVVEFS_TRACE: FUNCTION: LVVEFS_ParseFile at 95 in ../SRC/LVVEFS_Parser.c
D/LVVE_Engine( 1614): LVVEFS_TRACE: FUNCTION: LVVEFS_ArgsReadData at 318 in ../SRC/LVVEFS_Args.c
D/LVVE_Engine( 1614): LVVEFS_TRACE: FUNCTION: LVVEFS_ParseFile: Set Tx Control Params at 140 in ../SRC/LVVEFS_Parser.c
D/LVVE_Engine( 1614): LVVEFS_TRACE: FUNCTION: LVVEFS_CreateParamTable: LVVEFS_ParseFile of TxControl 8 returned successful at 230 in ../SRC/LVVEFS_Params.c
D/LVVE_Engine( 1614): LVVEFS_TRACE: FUNCTION: LVVEFS_ParseFile at 95 in ../SRC/LVVEFS_Parser.c
D/LVVE_Engine( 1614): LVVEFS_TRACE: FUNCTION: LVVEFS_ArgsReadData at 318 in ../SRC/LVVEFS_Args.c
D/LVVE_Engine( 1614): LVVEFS_TRACE: FUNCTION: LVVEFS_ParseFile: Set Tx Control Params at 140 in ../SRC/LVVEFS_Parser.c
D/LVVE_Engine( 1614): LVVEFS_TRACE: FUNCTION: LVVEFS_CreateParamTable: LVVEFS_ParseFile of TxControl 9 returned successful at 230 in ../SRC/LVVEFS_Params.c
D/LVVE_Engine( 1614): LVVEFS_TRACE: FUNCTION: LVVEFS_LVVE_Rx_Create at 410 in ../SRC/LVVEFS_Create.c
D/LVVE_Engine( 1614): LVVEFS_TRACE: FUNCTION: LVVEFS_Fifo_Create: FIFO 0 Malloc alignment at 0x41a93008 at 93 in ../SRC/LVVEFS_Fifo.c
D/LVVE_Engine( 1614): LVVEFS_TRACE: FUNCTION: LVVEFS_Fifo_Create: FIFO 1 Malloc alignment at 0x41bae008 at 93 in ../SRC/LVVEFS_Fifo.c
D/LVVE_Engine( 1614): LVVEFS_TRACE: 		LVVEFS_Rx_Create: pOutSave size is 1280 at 492 in ../SRC/LVVEFS_Create.c
D/LVVE_Engine( 1614): LVVEFS_TRACE: LVVEFS_LVVE_Rx_Create: successfully called LVVE_Rx_GetMemoryTable at 524 in ../SRC/LVVEFS_Create.c
D/LVVE_Engine( 1614): LVVEFS_TRACE: LVVEFS_LVVE_Rx_Create: successfully called LVVE_Rx_GetInstanceHandle at 545 in ../SRC/LVVEFS_Create.c
D/LVVE_Engine( 1614): LVVEFS_TRACE: LVVEFS_LVVE_Rx_Create: successfully called LVVE_Rx_GetMemoryTable at 524 in ../SRC/LVVEFS_Create.c
D/LVVE_Engine( 1614): LVVEFS_TRACE: LVVEFS_LVVE_Rx_Create: successfully called LVVE_Rx_GetInstanceHandle at 545 in ../SRC/LVVEFS_Create.c
D/LVVE_Engine( 1614): LVVEFS_TRACE: FUNCTION: LVVEFS_LVVE_Tx_Create at 600 in ../SRC/LVVEFS_Create.c
D/LVVE_Engine( 1614): LVVEFS_TRACE: FUNCTION: LVVEFS_LVVE_Tx_Create: LVVE Version is LVVE_3.18.03 at 608 in ../SRC/LVVEFS_Create.c
D/LVVE_Engine( 1614): LVVEFS_TRACE: FUNCTION: LVVEFS_Fifo_Create: FIFO 2 Malloc alignment at 0x41ebb008 at 93 in ../SRC/LVVEFS_Fifo.c
D/LVVE_Engine( 1614): LVVEFS_TRACE: FUNCTION: LVVEFS_Fifo_Create: FIFO 0 Malloc alignment at 0x41f5e008 at 93 in ../SRC/LVVEFS_Fifo.c
D/LVVE_Engine( 1614): LVVEFS_TRACE: FUNCTION: LVVEFS_Fifo_Create: FIFO 1 Malloc alignment at 0x41fde008 at 93 in ../SRC/LVVEFS_Fifo.c
D/LVVE_Engine( 1614): LVVEFS_TRACE: 		LVVEFS_Tx_Create: pOutSave size is 1280 at 689 in ../SRC/LVVEFS_Create.c
D/LVVE_Engine( 1614): LVVEFS_TRACE: FUNCTION: LVVEFS_LVVE_Tx_Create: successfully called LVVE_Tx_GetMemoryTable at 721 in ../SRC/LVVEFS_Create.c
D/LVVE_Engine( 1614): LVVEFS_TRACE: FUNCTION: LVVEFS_LVVE_Tx_Create: successfully called LVVE_Tx_GetInstanceHandle at 742 in ../SRC/LVVEFS_Create.c
D/LVVE_Engine( 1614): LVVEFS_TRACE: FUNCTION: LVVEFS_LVVE_Tx_Create: successfully called LVVE_Tx_GetMemoryTable at 721 in ../SRC/LVVEFS_Create.c
D/LVVE_Engine( 1614): LVVEFS_TRACE: FUNCTION: LVVEFS_LVVE_Tx_Create: successfully called LVVE_Tx_GetInstanceHandle at 742 in ../SRC/LVVEFS_Create.c
D/LVVE_Engine( 1614): LVVEFS_TRACE: FUNCTION: LVVEFS_Fifo_Create: FIFO 4 Malloc alignment at 0x41944a28 at 93 in ../SRC/LVVEFS_Fifo.c
D/LVVE_Engine( 1614): LVVEFS_TRACE: LVVEFS_Rx_Command, CmdCode=[3] at 82 in ../SRC/LVVEFS_Command.c
D/LVVE_Engine( 1614): LVVEFS_TRACE: LVVEFS_Rx_Command: LVVEFS_COMMAND_SET_PARAM: Mute=[0], VoiceMode=[1] at 235 in ../SRC/LVVEFS_Command.c
D/LVVE_Engine( 1614): LVVEFS_TRACE: LVVEFS_Tx_Command, CmdCode=[3] at 364 in ../SRC/LVVEFS_Command.c
D/LVVE_Engine( 1614): LVVEFS_TRACE: LVVEFS_Tx_Command: LVVEFS_COMMAND_SET_PARAM: Mute=[0], VoiceMode=[1] at 523 in ../SRC/LVVEFS_Command.c
D/LVVE_Engine( 1614): LVVEFS_TRACE: LVVEFS_Rx_Command, CmdCode=[5] at 82 in ../SRC/LVVEFS_Command.c
D/LVVE_Engine( 1614): LVVEFS_TRACE: LVVEFS_Rx_Command: LVVEFS_COMMAND_SET_DEVICE: NewDevice=[1], OldDevice=[-1] at 308 in ../SRC/LVVEFS_Command.c
D/LVVE_Engine( 1614): LVVEFS_TRACE: LVVEFS_Tx_Command, CmdCode=[5] at 364 in ../SRC/LVVEFS_Command.c
D/LVVE_Engine( 1614): LVVEFS_TRACE: LVVEFS_Tx_Command: LVVEFS_COMMAND_SET_DEVICE: NewDevice=[1], OldDevice=[-1] at 597 in ../SRC/LVVEFS_Command.c
D/LVVE_Engine( 1614): LVVEFS_TRACE: LVVEFS_Rx_Command, CmdCode=[6] at 82 in ../SRC/LVVEFS_Command.c
D/LVVE_Engine( 1614): LVVEFS_TRACE: LVVEFS_Rx_Command: LVVEFS_COMMAND_SET_VOLUME: NewVolumeLevel=[16777216], OldVolumeLevel=[-1] at 326 in ../SRC/LVVEFS_Command.c
D/LVVE_Engine( 1614): LVVEFS_TRACE: LVVEFS_Rx_ApplyReset: Reset of the instance at 204 in ../SRC/LVVEFS_Reset.c
D/LVVE_Engine( 1614): LVVEFS_TRACE: LVVEFS_Rx_ApplyReset: InBuffer alignment 0x419f211c at 219 in ../SRC/LVVEFS_Reset.c
D/LVVE_Engine( 1614): LVVEFS_TRACE: LVVEFS_Rx_ApplyReset: OutBuffer alignment 0x419f3f1c at 220 in ../SRC/LVVEFS_Reset.c
D/LVVE_Engine( 1614): LVVEFS_TRACE: LVVEFS_Tx_ApplyRefReset: Reset of the reference buffer at 166 in ../SRC/LVVEFS_Reset.c
D/LVVE_Engine( 1614): LVVEFS_TRACE: LVVEFS_Tx_ApplyReset: Reset of the instance at 93 in ../SRC/LVVEFS_Reset.c
D/LVVE_Engine( 1614): LVVEFS_TRACE: LVVEFS_Tx_ApplyReset: InBuffer0 alignment 0x41e43180 at 109 in ../SRC/LVVEFS_Reset.c
D/LVVE_Engine( 1614): LVVEFS_TRACE: LVVEFS_Tx_ApplyReset: InBuffer1 alignment 0x41e44f80 at 110 in ../SRC/LVVEFS_Reset.c
D/LVVE_Engine( 1614): LVVEFS_TRACE: LVVEFS_Tx_ApplyReset: OutBuffer alignment 0x41e46d80 at 111 in ../SRC/LVVEFS_Reset.c
D/LVVE_Engine( 1614): LVVEFS_TRACE: LVVEFS_Tx_ApplyReset: RefBuffer alignment 0x41e48b80 at 112 in ../SRC/LVVEFS_Reset.c
D/LVVE_Engine( 1614): LVVEFS_TRACE: LVVEFS_Rx_Command, CmdCode=[2] at 82 in ../SRC/LVVEFS_Command.c
D/LVVE_Engine( 1614): LVVEFS_TRACE: LVVEFS_Rx_Command: LVVEFS_COMMAND_SET_CAPABILITIES: new=[65535], old=[65535] at 216 in ../SRC/LVVEFS_Command.c
D/LVVE_Engine( 1614): LVVEFS_TRACE: LVVEFS_Tx_Command, CmdCode=[2] at 364 in ../SRC/LVVEFS_Command.c
D/LVVE_Engine( 1614): LVVEFS_TRACE: LVVEFS_Tx_Command: LVVEFS_COMMAND_SET_CAPABILITIES: new=[65535], old=[65535] at 505 in ../SRC/LVVEFS_Command.c
D/LVVE_Engine( 1614): LVVEFS_TRACE: LVVEFS_Tx_Command, CmdCode=[3] at 364 in ../SRC/LVVEFS_Command.c
D/LVVE_Engine( 1614): LVVEFS_TRACE: LVVEFS_Tx_Command: LVVEFS_COMMAND_SET_PARAM: Mute=[0], VoiceMode=[1] at 523 in ../SRC/LVVEFS_Command.c
D/LVVE_Engine( 1614): LVVEFS_TRACE: LVVEFS_Rx_Command, CmdCode=[6] at 82 in ../SRC/LVVEFS_Command.c
D/LVVE_Engine( 1614): LVVEFS_TRACE: LVVEFS_Rx_Command: LVVEFS_COMMAND_SET_VOLUME: NewVolumeLevel=[0], OldVolumeLevel=[-1] at 326 in ../SRC/LVVEFS_Command.c
D/LVVE_Engine( 1614): LVVEFS_TRACE: LVVEFS_Rx_Command, CmdCode=[3] at 82 in ../SRC/LVVEFS_Command.c
D/LVVE_Engine( 1614): LVVEFS_TRACE: LVVEFS_Rx_Command: LVVEFS_COMMAND_SET_PARAM: Mute=[0], VoiceMode=[1] at 235 in ../SRC/LVVEFS_Command.c
D/LVVE_Engine( 1614): LVVE_Engine::setDebugMode(): debugMode=[1]
D/LVVE_Engine( 1614): LVVE_Engine::setMode(): mode=[0]
W/audio_hw_primary( 1614): s_vbpipe_fd(17) open successfully.
W/audio_hw_primary( 1614): looping now...
W/audio_hw_primary( 1614): adev_init_check
I/AudioFlinger( 1614): loadHwModule() Loaded primary audio interface from Spreadtrum Audio HW HAL (audio) handle 1
V/AudioFlinger( 1614): openOutput(), module 1 Device 2, SamplingRate 44100, Format 1, Channels 3, flags 2
I/audio_hw_primary( 1614): adev_open_output_stream, devices=2
I/audio_hw_primary( 1614): stream_routing_thread looping now...
I/wrap_soundbooster( 1614): [wrap_soundbooster] CreateSoundBooster entered
I/wrap_soundbooster( 1614): [wrap_soundbooster] SoundBoosterInit entered
D/SoundBooster( 1614): SoundBoosterInit(): sampleRate=44100
D/LVVE_Engine( 1614): LVVEFS_TRACE: LVVEFS_Rx_Command, CmdCode=[1] at 82 in ../SRC/LVVEFS_Command.c
D/LVVE_Engine( 1614): LVVEFS_TRACE: LVVEFS_Rx_Command: LVVEFS_COMMAND_RESET at 204 in ../SRC/LVVEFS_Command.c
D/LVVE_Engine( 1614): LVVEFS_Rx_Command LVVEFS_COMMAND_RESET returns success
I/audio_hw_primary( 1614): Successful, adev_open_output_stream
V/AudioFlinger( 1614): openOutput() openOutputStream returned output 0x41940f28, SamplingRate 44100, Format 1, Channels 3, status 0
I/audio_hw_primary( 1614): out_get_buffer_size: size=960, frame_size=4, return 3840
I/AudioFlinger( 1614): HAL output buffer size 960 frames, normal mix buffer size 960 frames
V/AudioFlinger( 1614): MixerThread() id=2 device=2 type=0
V/AudioFlinger( 1614): mSampleRate=44100, mChannelMask=3, mChannelCount=2, mFormat=1, mFrameSize=4, mFrameCount=960, mNormalFrameCount=960
I/AudioMixer( 1614): found effect "Multichannel Downmix To Stereo" from The Android Open Source Project
I/audio_hw_primary( 1614): out_get_buffer_size: size=960, frame_size=4, return 3840
W/AudioFlinger( 1614): Scheduling Policy Service is not published, FastMixer init will be skipped
V/AudioFlinger( 1614): openOutput() created mixer output: ID 2 thread 0x419f7008
V/AudioFlinger( 1614): PlaybackThread::audioConfigChanged_l, thread 0x419f7008, event 0, param 0
I/AudioFlinger( 1614): Using module 1 has the primary audio interface
I/audio_hw_primary( 1614): adev_set_mode, mode=0
I/audio_hw_primary( 1614): adev_set_mode,the same mode(0)
W/audio_hw_primary( 1614): adev_set_master_volume in...devices:0x2 ,volume:1.000000 
W/audio_hw_primary( 1614): GetAudio_pga_nv, dac_pga_gain_l:0xa0 adc_pga_gain_l:0x9510 fm_pga_gain_l:0xff fm_pga_gain_r:0xff device:0x2 vol_level:0x1 
D/audio_pga( 1614): 'speaker-l' apply
I/audio_pga( 1614): 'Master Playback Volume' set to 15
I/AudioFlinger( 1614): AudioFlinger's thread 0x419f7008 ready to run
W/AudioFlinger( 1614): Thread AudioOut_2 cannot connect to the power manager service
V/AudioFlinger( 1614): Audio hardware entering standby, mixer 0x419f7008, suspend count 0
V/AudioFlinger( 1614): thread 0x419f7008 type 0 TID 1732 going to sleep
I/audio_pga( 1614): 'Inter PA Playback Volume' set to 10
I/audio_pga( 1614): 'VBC DACL DG Set' set to 0
I/audio_pga( 1614): 'VBC DACL DG Switch' set to 0
D/audio_pga( 1614): 'speaker-r' apply
I/audio_pga( 1614): 'Master Playback Volume' set to 15
I/audio_pga( 1614): 'Inter PA Playback Volume' set to 10
I/audio_pga( 1614): 'VBC DACR DG Set' set to 0
I/audio_pga( 1614): 'VBC DACR DG Switch' set to 0
W/audio_hw_primary( 1614): SetAudio_gain_by_devices out, devices:0x2 
V/AudioPolicyManagerBase( 1614): setOutputDevice() output 2 device 0002 force 1 delayMs 0 
V/AudioPolicyManagerBase( 1614): setOutputDevice() prevDevice 0002
V/AudioPolicyManagerBase( 1614): setOutputDevice() changing device(0x2)
V/AudioFlinger( 1614): setParameters(): io 2, keyvalue routing=2, tid 1690, calling pid 1614
V/AudioFlinger( 1614): ThreadBase::setParameters() routing=2
V/AudioFlinger( 1614): thread 0x419f7008 type 0 TID 1732 waking up
W/AudioFlinger( 1614): Thread AudioOut_2 cannot connect to the power manager service
I/audio_hw_primary( 1614): out_set_parameters, kvpairs=routing=2 devices:0x2 mode:0 
W/audio_hw_primary( 1614): [out_set_parameters],after str_parms_get_str,val(0x2) 
W/audio_hw_primary( 1614): [out_set_parameters out]devices(0x2) with mIsRouteActive(0) ...
W/audio_hw_primary( 1614): the same devices(0x2) with val(0x2) val is zero...
W/audio_hw_primary( 1614): out_set_parameters out...call_start:0
I/audio_hw_primary( 1614): adev_set_voice_volume in...volume:0.000000 mode:0 call_start:0 
E/AudioPolicyManagerBase( 1614): stream type [13], return media stratege
E/AudioPolicyManagerBase( 1614): stream type [14], return media stratege
E/AudioPolicyManagerBase( 1614): stream type [15], return media stratege
E/AudioPolicyManagerBase( 1614): stream type [13], return media stratege
E/AudioPolicyManagerBase( 1614): stream type [14], return media stratege
E/AudioPolicyManagerBase( 1614): stream type [15], return media stratege
E/AudioPolicyManagerBase( 1614): stream type [13], return media stratege
E/AudioPolicyManagerBase( 1614): stream type [14], return media stratege
E/AudioPolicyManagerBase( 1614): stream type [15], return media stratege
E/AudioPolicyManagerBase( 1614): stream type [13], return media stratege
E/AudioPolicyManagerBase( 1614): stream type [14], return media stratege
E/AudioPolicyManagerBase( 1614): stream type [15], return media stratege
E/AudioPolicyManagerBase( 1614): stream type [13], return media stratege
E/AudioPolicyManagerBase( 1614): stream type [14], return media stratege
E/AudioPolicyManagerBase( 1614): stream type [15], return media stratege
E/AudioPolicyManagerBase( 1614): stream type [13], return media stratege
E/AudioPolicyManagerBase( 1614): stream type [14], return media stratege
E/AudioPolicyManagerBase( 1614): stream type [15], return media stratege
V/AudioPolicyManagerBase( 1614): getNewDevice() selected device 0
V/AudioPolicyManagerBase( 1614): checkAndSetVolume() cannot set stream 6 volume with force use = 0 for comm
I/AudioFlinger( 1614): loadHwModule() Loaded a2dp audio interface from A2DP Audio HW HAL (audio) handle 3
E/AudioFlinger( 1614): int android::load_audio_interface(char const*, audio_hw_device_t**) couldn't load audio hw module audio.usb (No such file or directory)
I/AudioFlinger( 1614): loadHwModule() error -2 loading module usb 
W/AudioPolicyManagerBase( 1614): could not open HW module usb
D/MDnsDS  ( 1615): MDnsSdListener::Hander starting up
D/MDnsDS  ( 1615): MDnsSdListener starting to monitor
D/MDnsDS  ( 1615): Going to poll with pollCount 1
E/Audio_Control_CSC( 1614): /system/csc/customer.xml ==> cannot open file
E/Audio_Control_CSC( 1614): /system/csc/customer.xml ==> cannot open file
E/Audio_Control_CSC( 1614): /system/csc/sales_code.dat ==> cannot open file
D/Audio_Control_CSC( 1614): checkCSCAndSetSysProperty()_mCount = 6, mValue_salescode = 
D/Audio_Control_CSC( 1614): getCameraShutterOn()_mbIsShutterOn = 0
V/AudioPolicyManagerBase( 1614): setSystemProperty() property ro.camera.sound.forced, value 0
V/AudioPolicyManagerBase( 1614): ENFORCED_AUDIBLE can be muted
I/AudioPolicyService( 1614): Loaded audio policy from Samsung SPRD audio policy HAL (audio_policy)
D/dalvikvm( 1616): DexOpt: --- BEGIN 'framework.jar' (bootstrap=1) ---
E/dalvikvm( 1751): Out-of-order entry types: 0x12bb then 0x12bb
E/dalvikvm( 1751): Trouble with item 4441 @ offset 0x160440
E/dalvikvm( 1751): Cross-item verify of section type 1003 failed
E/dalvikvm( 1751): ERROR: Byte swap + verify failed
E/dalvikvm( 1751): Optimization failed
W/dalvikvm( 1616): DexOpt: --- END 'framework.jar' --- status=0xff00, process failed
E/dalvikvm( 1616): Unable to extract+optimize DEX from '/system/framework/framework.jar'
D/dalvikvm( 1616): Unable to process classpath element '/system/framework/framework.jar'
D/dalvikvm( 1616): Trying to load lib libjavacore.so 0x0
D/dalvikvm( 1616): Added shared lib libjavacore.so 0x0
D/dalvikvm( 1616): Trying to load lib libnativehelper.so 0x0
D/dalvikvm( 1616): Added shared lib libnativehelper.so 0x0
E/JNIHelp ( 1616): Native registration unable to find class 'android/debug/JNITest', aborting
F/libc    ( 1616): Fatal signal 11 (SIGSEGV) at 0xdeadbaad (code=1), thread 1616 (zygote)
I/DEBUG   (   87): *** *** *** *** *** *** *** *** *** *** *** *** *** *** *** ***
I/DEBUG   (   87): Build fingerprint: 'samsung/nevis3gzm/nevis3gcmcc:4.1.2/JZO54K/S6818ZMAMF8:user/release-keys'
I/DEBUG   (   87): pid: 1616, tid: 1616, name: zygote  >>> zygote <<<
I/DEBUG   (   87): signal 11 (SIGSEGV), code 1 (SEGV_MAPERR), fault addr deadbaad
I/DEBUG   (   87):     r0 00000027  r1 deadbaad  r2 40145b0c  r3 00000000
I/DEBUG   (   87):     r4 00000000  r5 bef569ec  r6 40255e68  r7 00000002
I/DEBUG   (   87):     r8 4025e810  r9 4009cfc1  sl 4009cf94  fp 4009cfca
I/DEBUG   (   87):     ip 400a2fe0  sp bef569e8  lr 40117c19  pc 401142b6  cpsr 60800030
I/DEBUG   (   87):     d0  0000000000000004  d1  0000000000000000
I/DEBUG   (   87):     d2  0000000000000000  d3  0000000000000000
I/DEBUG   (   87):     d4  0000000000000000  d5  0000000000000000
I/DEBUG   (   87):     d6  0000000000000000  d7  0603938c00000000
I/DEBUG   (   87):     d8  0000000000000000  d9  0000000000000000
I/DEBUG   (   87):     d10 0000000000000000  d11 0000000000000000
I/DEBUG   (   87):     d12 0000000000000000  d13 0000000000000000
I/DEBUG   (   87):     d14 0000000000000000  d15 0000000000000000
I/DEBUG   (   87):     d16 0000000000000017  d17 0000000000000000
I/DEBUG   (   87):     d18 0000000000000000  d19 0000000000000000
I/DEBUG   (   87):     d20 0000000000000000  d21 0000000000000000
