E/SMD     (  101): Read 1 chars from SMD Modem file fd = 7
E/SMD     (  101):  Message: I
E/SMD     (  101): +CME ERROR: 4
E/SMD     (  101): 
E/SMD     (  101): ication CO.
E/SMD     (  101): 
E/SMD     (  101): OK
E/SMD     (  101): "LD",0,"MC",0,"RC",0,"ME",0
E/SMD     (  101): 
E/SMD     (  101): +ECIND: 3,1
E/SMD     (  101): 
E/SMD     (  101): Before the Modem Read select 
E/DataRouter(   99): [socket:13]******* Received data notification *******
E/DataRouter(   99): [socket:13]read socket data[len:1]
E/DataRouter(   99): [socket:13]read socket data[message:I
E/DataRouter(   99): write [1] bytes of data to USB fd[9]
E/DataRouter(   99): [socket:13]dr_usb_write
E/DataRouter(   99): After the usb select 
E/DataRouter(   99): read usb data[len:1]
E/DataRouter(   99): read usb data message:
E/DataRouter(   99): Before the usb select 
E/SMD     (  101): ***Received data notification[DR->SMD]***
E/SMD     (  101): Message:
E/SMD     (  101): Sending data to SMD: Len = [1]
E/SMD     (  101):  buffer = []
E/SMD     (  101): Wrote 1 chars to SMD PORT fd=7 ch = d
E/SMD     (  101): After the Modem Read select 
E/SMD     (  101): Read 1 chars from SMD Modem file fd = 7
E/SMD     (  101):  Message: 
E/SMD     (  101): +CME ERROR: 4
E/SMD     (  101): 
E/SMD     (  101): ication CO.
E/SMD     (  101): 
E/SMD     (  101): OK
E/SMD     (  101): "LD",0,"MC",0,"RC",0,"ME",0
E/SMD     (  101): 
E/SMD     (  101): +ECIND: 3,1
E/SMD     (  101): 
E/SMD     (  101): Before the Modem Read select 
E/DataRouter(   99): [socket:13]******* Received data notification *******
E/DataRouter(   99): [socket:13]read socket data[len:1]
E/DataRouter(   99): [socket:13]read socket data[message:
E/DataRouter(   99): write [1] bytes of data to USB fd[9]
E/DataRouter(   99): [socket:13]dr_usb_write
D/SPRDENG (  130): eng_servermodem_comm: use SIM1 /dev/CHNPTY13
D/SPRDENG (  130): AT > ATI
D/SPRDENG (  130): 41
D/SPRDENG (  130): 54
D/SPRDENG (  130): 49
D/SPRDENG (  130): d
D/SPRDENG (  130): eng_modem2server: use SIM1 /dev/CHNPTY13
D/SPRDENG (  130): AT < 
D/SPRDENG (  130): +CME ERROR: 4
D/SPRDENG (  130): 
E/SMD     (  101): After the Modem Read select 
E/SMD     (  101): Read 17 chars from SMD Modem file fd = 7
E/SMD     (  101):  Message: 
E/SMD     (  101): +CME ERROR: 4
E/SMD     (  101): 
E/SMD     (  101): ication CO.
E/SMD     (  101): 
E/SMD     (  101): OK
E/SMD     (  101): "LD",0,"MC",0,"RC",0,"ME",0
E/SMD     (  101): 
E/SMD     (  101): +ECIND: 3,1
E/SMD     (  101): 
E/SMD     (  101): Before the Modem Read select 
E/DataRouter(   99): [socket:13]******* Received data notification *******
E/DataRouter(   99): [socket:13]read socket data[len:17]
E/DataRouter(   99): [socket:13]read socket data[message:
E/DataRouter(   99): +CME ERROR: 4
E/DataRouter(   99): 
E/DataRouter(   99): write [17] bytes of data to USB fd[9]
E/DataRouter(   99): [socket:13]dr_usb_write
E/DataRouter(   99): After the usb select 
E/DataRouter(   99): read usb data[len:1]
E/DataRouter(   99): read usb data message:A
E/DataRouter(   99): Before the usb select 
E/SMD     (  101): ***Received data notification[DR->SMD]***
E/SMD     (  101): Message:A
E/SMD     (  101): Sending data to SMD: Len = [1]
E/SMD     (  101):  buffer = [A]
E/SMD     (  101): Wrote 1 chars to SMD PORT fd=7 ch = 41
E/SMD     (  101): After the Modem Read select 
E/SMD     (  101): Read 1 chars from SMD Modem file fd = 7
E/SMD     (  101):  Message: A
E/SMD     (  101): +CME ERROR: 4
E/SMD     (  101): 
E/SMD     (  101): ication CO.
E/SMD     (  101): 
E/SMD     (  101): OK
E/SMD     (  101): "LD",0,"MC",0,"RC",0,"ME",0
E/SMD     (  101): 
E/SMD     (  101): +ECIND: 3,1
E/SMD     (  101): 
E/SMD     (  101): Before the Modem Read select 
E/DataRouter(   99): [socket:13]******* Received data notification *******
E/DataRouter(   99): [socket:13]read socket data[len:1]
E/DataRouter(   99): [socket:13]read socket data[message:A
E/DataRouter(   99): write [1] bytes of data to USB fd[9]
E/DataRouter(   99): [socket:13]dr_usb_write
E/DataRouter(   99): After the usb select 
E/DataRouter(   99): read usb data[len:1]
E/DataRouter(   99): read usb data message:T
E/DataRouter(   99): Before the usb select 
E/SMD     (  101): ***Received data notification[DR->SMD]***
E/SMD     (  101): Message:T
E/SMD     (  101): Sending data to SMD: Len = [1]
E/SMD     (  101):  buffer = [T]
E/SMD     (  101): Wrote 1 chars to SMD PORT fd=7 ch = 54
E/SMD     (  101): After the Modem Read select 
E/SMD     (  101): Read 1 chars from SMD Modem file fd = 7
E/SMD     (  101):  Message: T
E/SMD     (  101): +CME ERROR: 4
E/SMD     (  101): 
E/SMD     (  101): ication CO.
E/SMD     (  101): 
E/SMD     (  101): OK
E/SMD     (  101): "LD",0,"MC",0,"RC",0,"ME",0
E/SMD     (  101): 
E/SMD     (  101): +ECIND: 3,1
E/SMD     (  101): 
E/SMD     (  101): Before the Modem Read select 
E/DataRouter(   99): [socket:13]******* Received data notification *******
E/DataRouter(   99): [socket:13]read socket data[len:1]
E/DataRouter(   99): [socket:13]read socket data[message:T
E/DataRouter(   99): write [1] bytes of data to USB fd[9]
E/DataRouter(   99): [socket:13]dr_usb_write
E/DataRouter(   99): After the usb select 
E/DataRouter(   99): read usb data[len:1]
E/DataRouter(   99): read usb data message:+
E/DataRouter(   99): Before the usb select 
E/SMD     (  101): ***Received data notification[DR->SMD]***
E/SMD     (  101): Message:+
E/SMD     (  101): Sending data to SMD: Len = [1]
E/SMD     (  101):  buffer = [+]
E/SMD     (  101): Wrote 1 chars to SMD PORT fd=7 ch = 2b
E/SMD     (  101): After the Modem Read select 
E/SMD     (  101): Read 1 chars from SMD Modem file fd = 7
E/SMD     (  101):  Message: +
E/SMD     (  101): +CME ERROR: 4
E/SMD     (  101): 
E/SMD     (  101): ication CO.
E/SMD     (  101): 
E/SMD     (  101): OK
E/SMD     (  101): "LD",0,"MC",0,"RC",0,"ME",0
E/SMD     (  101): 
E/SMD     (  101): +ECIND: 3,1
E/SMD     (  101): 
E/SMD     (  101): Before the Modem Read select 
E/DataRouter(   99): [socket:13]******* Received data notification *******
E/DataRouter(   99): [socket:13]read socket data[len:1]
E/DataRouter(   99): [socket:13]read socket data[message:+
E/DataRouter(   99): write [1] bytes of data to USB fd[9]
E/DataRouter(   99): [socket:13]dr_usb_write
E/DataRouter(   99): After the usb select 
E/DataRouter(   99): read usb data[len:1]
E/DataRouter(   99): read usb data message:C
E/DataRouter(   99): Before the usb select 
E/SMD     (  101): ***Received data notification[DR->SMD]***
E/SMD     (  101): Message:C
E/SMD     (  101): Sending data to SMD: Len = [1]
E/SMD     (  101):  buffer = [C]
E/SMD     (  101): Wrote 1 chars to SMD PORT fd=7 ch = 43
E/SMD     (  101): After the Modem Read select 
E/SMD     (  101): Read 1 chars from SMD Modem file fd = 7
E/SMD     (  101):  Message: C
E/SMD     (  101): +CME ERROR: 4
E/SMD     (  101): 
E/SMD     (  101): ication CO.
E/SMD     (  101): 
E/SMD     (  101): OK
E/SMD     (  101): "LD",0,"MC",0,"RC",0,"ME",0
E/SMD     (  101): 
E/SMD     (  101): +ECIND: 3,1
E/SMD     (  101): 
E/SMD     (  101): Before the Modem Read select 
E/DataRouter(   99): [socket:13]******* Received data notification *******
E/DataRouter(   99): [socket:13]read socket data[len:1]
E/DataRouter(   99): [socket:13]read socket data[message:C
E/DataRouter(   99): write [1] bytes of data to USB fd[9]
E/DataRouter(   99): [socket:13]dr_usb_write
E/DataRouter(   99): After the usb select 
E/DataRouter(   99): read usb data[len:1]
E/DataRouter(   99): read usb data message:P
E/DataRouter(   99): Before the usb select 
E/SMD     (  101): ***Received data notification[DR->SMD]***
E/SMD     (  101): Message:P
E/SMD     (  101): Sending data to SMD: Len = [1]
E/SMD     (  101):  buffer = [P]
E/SMD     (  101): Wrote 1 chars to SMD PORT fd=7 ch = 50
E/SMD     (  101): After the Modem Read select 
E/SMD     (  101): Read 1 chars from SMD Modem file fd = 7
E/SMD     (  101):  Message: P
E/SMD     (  101): +CME ERROR: 4
E/SMD     (  101): 
E/SMD     (  101): ication CO.
E/SMD     (  101): 
E/SMD     (  101): OK
E/SMD     (  101): "LD",0,"MC",0,"RC",0,"ME",0
E/SMD     (  101): 
E/SMD     (  101): +ECIND: 3,1
E/SMD     (  101): 
E/SMD     (  101): Before the Modem Read select 
E/DataRouter(   99): [socket:13]******* Received data notification *******
E/DataRouter(   99): [socket:13]read socket data[len:1]
E/DataRouter(   99): [socket:13]read socket data[message:P
E/DataRouter(   99): write [1] bytes of data to USB fd[9]
E/DataRouter(   99): [socket:13]dr_usb_write
E/DataRouter(   99): After the usb select 
E/DataRouter(   99): read usb data[len:3]
E/DataRouter(   99): read usb data message:IN?
E/DataRouter(   99): Before the usb select 
E/SMD     (  101): ***Received data notification[DR->SMD]***
E/SMD     (  101): Path set is DATA_PATH_DR_SMD_MANAGER
E/DataRouter(   99): After the usb select 
E/DataRouter(   99): read usb data[len:1]
E/DataRouter(   99): read usb data message:
E/DataRouter(   99): Before the usb select 
E/SMD     (  101): ***Received data notification[DR->SMD]***
E/SMD     (  101): Message:N?
E/SMD     (  101): Sending data to SMD: Len = [1]
E/SMD     (  101):  buffer = [N?]
E/SMD     (  101): Wrote 1 chars to SMD PORT fd=7 ch = d
E/SMD     (  101): After the Modem Read select 
E/SMD     (  101): Read 1 chars from SMD Modem file fd = 7
E/SMD     (  101):  Message: 
E/SMD     (  101): +CME ERROR: 4
E/SMD     (  101): 
E/SMD     (  101): ication CO.
E/SMD     (  101): 
E/SMD     (  101): OK
E/SMD     (  101): "LD",0,"MC",0,"RC",0,"ME",0
E/SMD     (  101): 
E/SMD     (  101): +ECIND: 3,1
E/SMD     (  101): 
E/SMD     (  101): Before the Modem Read select 
E/DataRouter(   99): [socket:13]******* Received data notification *******
E/DataRouter(   99): [socket:13]read socket data[len:1]
E/DataRouter(   99): [socket:13]read socket data[message:
E/DataRouter(   99): write [1] bytes of data to USB fd[9]
E/DataRouter(   99): [socket:13]dr_usb_write
D/SPRDENG (  130): eng_servermodem_comm: use SIM1 /dev/CHNPTY13
D/SPRDENG (  130): AT > AT+CP
D/SPRDENG (  130): 41
D/SPRDENG (  130): 54
D/SPRDENG (  130): 2b
D/SPRDENG (  130): 43
D/SPRDENG (  130): 50
D/SPRDENG (  130): d
D/SPRDENG (  130): eng_modem2server: use SIM1 /dev/CHNPTY13
D/SPRDENG (  130): AT < 
D/SPRDENG (  130): +CME ERROR: 4
D/SPRDENG (  130): 
E/SMD     (  101): After the Modem Read select 
E/SMD     (  101): Read 17 chars from SMD Modem file fd = 7
E/SMD     (  101):  Message: 
E/SMD     (  101): +CME ERROR: 4
E/SMD     (  101): 
E/SMD     (  101): ication CO.
E/SMD     (  101): 
E/SMD     (  101): OK
E/SMD     (  101): "LD",0,"MC",0,"RC",0,"ME",0
E/SMD     (  101): 
E/SMD     (  101): +ECIND: 3,1
E/SMD     (  101): 
E/SMD     (  101): Before the Modem Read select 
E/DataRouter(   99): [socket:13]******* Received data notification *******
E/DataRouter(   99): [socket:13]read socket data[len:17]
E/DataRouter(   99): [socket:13]read socket data[message:
E/DataRouter(   99): +CME ERROR: 4
E/DataRouter(   99): 
E/DataRouter(   99): write [17] bytes of data to USB fd[9]
E/DataRouter(   99): [socket:13]dr_usb_write
E/DataRouter(   99): After the usb select 
E/DataRouter(   99): read usb data[len:1]
E/DataRouter(   99): read usb data message:A
E/DataRouter(   99): Before the usb select 
E/SMD     (  101): ***Received data notification[DR->SMD]***
E/SMD     (  101): Message:A
E/SMD     (  101): Sending data to SMD: Len = [1]
E/SMD     (  101):  buffer = [A]
E/SMD     (  101): Wrote 1 chars to SMD PORT fd=7 ch = 41
E/SMD     (  101): After the Modem Read select 
E/SMD     (  101): Read 1 chars from SMD Modem file fd = 7
E/SMD     (  101):  Message: A
E/SMD     (  101): +CME ERROR: 4
E/SMD     (  101): 
E/SMD     (  101): ication CO.
E/SMD     (  101): 
E/SMD     (  101): OK
E/SMD     (  101): "LD",0,"MC",0,"RC",0,"ME",0
E/SMD     (  101): 
E/SMD     (  101): +ECIND: 3,1
E/SMD     (  101): 
E/SMD     (  101): Before the Modem Read select 
E/DataRouter(   99): [socket:13]******* Received data notification *******
E/DataRouter(   99): [socket:13]read socket data[len:1]
E/DataRouter(   99): [socket:13]read socket data[message:A
E/DataRouter(   99): write [1] bytes of data to USB fd[9]
E/DataRouter(   99): [socket:13]dr_usb_write
E/DataRouter(   99): After the usb select 
E/DataRouter(   99): read usb data[len:1]
E/DataRouter(   99): read usb data message:T
E/DataRouter(   99): Before the usb select 
E/SMD     (  101): ***Received data notification[DR->SMD]***
E/SMD     (  101): Message:T
E/SMD     (  101): Sending data to SMD: Len = [1]
E/SMD     (  101):  buffer = [T]
E/SMD     (  101): Wrote 1 chars to SMD PORT fd=7 ch = 54
E/SMD     (  101): After the Modem Read select 
E/SMD     (  101): Read 1 chars from SMD Modem file fd = 7
E/SMD     (  101):  Message: T
E/SMD     (  101): +CME ERROR: 4
E/SMD     (  101): 
E/SMD     (  101): ication CO.
E/SMD     (  101): 
E/SMD     (  101): OK
E/SMD     (  101): "LD",0,"MC",0,"RC",0,"ME",0
E/SMD     (  101): 
E/SMD     (  101): +ECIND: 3,1
E/SMD     (  101): 
E/SMD     (  101): Before the Modem Read select 
E/DataRouter(   99): [socket:13]******* Received data notification *******
E/DataRouter(   99): [socket:13]read socket data[len:1]
E/DataRouter(   99): [socket:13]read socket data[message:T
E/DataRouter(   99): write [1] bytes of data to USB fd[9]
E/DataRouter(   99): [socket:13]dr_usb_write
E/DataRouter(   99): After the usb select 
E/DataRouter(   99): read usb data[len:1]
E/DataRouter(   99): read usb data message:+
E/DataRouter(   99): Before the usb select 
E/SMD     (  101): ***Received data notification[DR->SMD]***
E/SMD     (  101): Message:+
E/SMD     (  101): Sending data to SMD: Len = [1]
E/SMD     (  101):  buffer = [+]
E/SMD     (  101): Wrote 1 chars to SMD PORT fd=7 ch = 2b
E/SMD     (  101): After the Modem Read select 
E/SMD     (  101): Read 1 chars from SMD Modem file fd = 7
E/SMD     (  101):  Message: +
E/SMD     (  101): +CME ERROR: 4
E/SMD     (  101): 
E/SMD     (  101): ication CO.
E/SMD     (  101): 
E/SMD     (  101): OK
E/SMD     (  101): "LD",0,"MC",0,"RC",0,"ME",0
E/SMD     (  101): 
E/SMD     (  101): +ECIND: 3,1
E/SMD     (  101): 
E/SMD     (  101): Before the Modem Read select 
E/DataRouter(   99): [socket:13]******* Received data notification *******
E/DataRouter(   99): [socket:13]read socket data[len:1]
E/DataRouter(   99): [socket:13]read socket data[message:+
E/DataRouter(   99): write [1] bytes of data to USB fd[9]
E/DataRouter(   99): [socket:13]dr_usb_write
E/DataRouter(   99): After the usb select 
E/DataRouter(   99): read usb data[len:1]
E/DataRouter(   99): read usb data message:C
E/DataRouter(   99): Before the usb select 
E/SMD     (  101): ***Received data notification[DR->SMD]***
E/SMD     (  101): Message:C
E/SMD     (  101): Sending data to SMD: Len = [1]
E/SMD     (  101):  buffer = [C]
E/SMD     (  101): Wrote 1 chars to SMD PORT fd=7 ch = 43
E/SMD     (  101): After the Modem Read select 
E/SMD     (  101): Read 1 chars from SMD Modem file fd = 7
E/SMD     (  101):  Message: C
E/SMD     (  101): +CME ERROR: 4
E/SMD     (  101): 
E/SMD     (  101): ication CO.
E/SMD     (  101): 
E/SMD     (  101): OK
E/SMD     (  101): "LD",0,"MC",0,"RC",0,"ME",0
E/SMD     (  101): 
E/SMD     (  101): +ECIND: 3,1
E/SMD     (  101): 
E/SMD     (  101): Before the Modem Read select 
E/DataRouter(   99): [socket:13]******* Received data notification *******
E/DataRouter(   99): [socket:13]read socket data[len:1]
E/DataRouter(   99): [socket:13]read socket data[message:C
E/DataRouter(   99): write [1] bytes of data to USB fd[9]
E/DataRouter(   99): [socket:13]dr_usb_write
E/DataRouter(   99): After the usb select 
E/DataRouter(   99): read usb data[len:1]
E/DataRouter(   99): read usb data message:G
E/DataRouter(   99): Before the usb select 
E/SMD     (  101): ***Received data notification[DR->SMD]***
E/SMD     (  101): Message:G
E/SMD     (  101): Sending data to SMD: Len = [1]
E/SMD     (  101):  buffer = [G]
E/SMD     (  101): Wrote 1 chars to SMD PORT fd=7 ch = 47
E/SMD     (  101): After the Modem Read select 
E/SMD     (  101): Read 1 chars from SMD Modem file fd = 7
E/SMD     (  101):  Message: G
E/SMD     (  101): +CME ERROR: 4
E/SMD     (  101): 
E/SMD     (  101): ication CO.
E/SMD     (  101): 
E/SMD     (  101): OK
E/SMD     (  101): "LD",0,"MC",0,"RC",0,"ME",0
E/SMD     (  101): 
E/SMD     (  101): +ECIND: 3,1
E/SMD     (  101): 
E/SMD     (  101): Before the Modem Read select 
E/DataRouter(   99): [socket:13]******* Received data notification *******
E/DataRouter(   99): [socket:13]read socket data[len:1]
E/DataRouter(   99): [socket:13]read socket data[message:G
E/DataRouter(   99): write [1] bytes of data to USB fd[9]
E/DataRouter(   99): [socket:13]dr_usb_write
E/DataRouter(   99): After the usb select 
E/DataRouter(   99): read usb data[len:1]
E/DataRouter(   99): read usb data message:M
E/DataRouter(   99): Before the usb select 
E/SMD     (  101): ***Received data notification[DR->SMD]***
E/SMD     (  101): Message:M
E/SMD     (  101): Sending data to SMD: Len = [1]
E/SMD     (  101):  buffer = [M]
E/SMD     (  101): Wrote 1 chars to SMD PORT fd=7 ch = 4d
E/SMD     (  101): After the Modem Read select 
E/SMD     (  101): Read 1 chars from SMD Modem file fd = 7
E/SMD     (  101):  Message: M
E/SMD     (  101): +CME ERROR: 4
E/SMD     (  101): 
E/SMD     (  101): ication CO.
E/SMD     (  101): 
E/SMD     (  101): OK
E/SMD     (  101): "LD",0,"MC",0,"RC",0,"ME",0
E/SMD     (  101): 
E/SMD     (  101): +ECIND: 3,1
E/SMD     (  101): 
E/SMD     (  101): Before the Modem Read select 
E/DataRouter(   99): [socket:13]******* Received data notification *******
E/DataRouter(   99): [socket:13]read socket data[len:1]
E/DataRouter(   99): [socket:13]read socket data[message:M
E/DataRouter(   99): write [1] bytes of data to USB fd[9]
E/DataRouter(   99): [socket:13]dr_usb_write
E/DataRouter(   99): After the usb select 
E/DataRouter(   99): read usb data[len:1]
E/DataRouter(   99): read usb data message:M
E/DataRouter(   99): Before the usb select 
E/SMD     (  101): ***Received data notification[DR->SMD]***
E/SMD     (  101): Message:M
E/SMD     (  101): Sending data to SMD: Len = [1]
E/SMD     (  101):  buffer = [M]
E/SMD     (  101): Wrote 1 chars to SMD PORT fd=7 ch = 4d
E/SMD     (  101): After the Modem Read select 
E/SMD     (  101): Read 1 chars from SMD Modem file fd = 7
E/SMD     (  101):  Message: M
E/SMD     (  101): +CME ERROR: 4
E/SMD     (  101): 
E/SMD     (  101): ication CO.
E/SMD     (  101): 
E/SMD     (  101): OK
E/SMD     (  101): "LD",0,"MC",0,"RC",0,"ME",0
E/SMD     (  101): 
E/SMD     (  101): +ECIND: 3,1
E/SMD     (  101): 
E/SMD     (  101): Before the Modem Read select 
E/DataRouter(   99): [socket:13]******* Received data notification *******
E/DataRouter(   99): [socket:13]read socket data[len:1]
E/DataRouter(   99): [socket:13]read socket data[message:M
E/DataRouter(   99): write [1] bytes of data to USB fd[9]
E/DataRouter(   99): [socket:13]dr_usb_write
E/DataRouter(   99): After the usb select 
E/DataRouter(   99): read usb data[len:1]
E/DataRouter(   99): read usb data message:
E/DataRouter(   99): Before the usb select 
E/SMD     (  101): ***Received data notification[DR->SMD]***
E/SMD     (  101): Message:
E/SMD     (  101): Sending data to SMD: Len = [1]
E/SMD     (  101):  buffer = []
E/SMD     (  101): Wrote 1 chars to SMD PORT fd=7 ch = d
E/SMD     (  101): After the Modem Read select 
E/SMD     (  101): Read 1 chars from SMD Modem file fd = 7
E/SMD     (  101):  Message: 
E/SMD     (  101): +CME ERROR: 4
E/SMD     (  101): 
E/SMD     (  101): ication CO.
E/SMD     (  101): 
E/SMD     (  101): OK
E/SMD     (  101): "LD",0,"MC",0,"RC",0,"ME",0
E/SMD     (  101): 
E/SMD     (  101): +ECIND: 3,1
E/SMD     (  101): 
E/SMD     (  101): Before the Modem Read select 
E/DataRouter(   99): [socket:13]******* Received data notification *******
E/DataRouter(   99): [socket:13]read socket data[len:1]
E/DataRouter(   99): [socket:13]read socket data[message:
E/DataRouter(   99): write [1] bytes of data to USB fd[9]
E/DataRouter(   99): [socket:13]dr_usb_write
E/LBE-Sec (  497): stat /data/data/com.lbe.security.miui failed with 2: No such file or directory
W/LBE-Sec (  497): request rejected (2000->0 sqlite3)
D/SPRDENG (  130): eng_servermodem_comm: use SIM1 /dev/CHNPTY13
D/SPRDENG (  130): AT > AT+CGMM
D/SPRDENG (  130): 41
D/SPRDENG (  130): 54
D/SPRDENG (  130): 2b
D/SPRDENG (  130): 43
D/SPRDENG (  130): 47
D/SPRDENG (  130): 4d
D/SPRDENG (  130): 4d
D/SPRDENG (  130): d
D/SPRDENG (  130): eng_modem2server: use SIM1 /dev/CHNPTY13
D/SPRDENG (  130): AT < 
D/SPRDENG (  130): V1.0.1-B7
D/SPRDENG (  130): 
D/SPRDENG (  130): OK
D/SPRDENG (  130): 
E/SMD     (  101): After the Modem Read select 
E/SMD     (  101): Read 19 chars from SMD Modem file fd = 7
E/SMD     (  101):  Message: 
E/SMD     (  101): V1.0.1-B7
E/SMD     (  101): 
E/SMD     (  101): OK
E/SMD     (  101): ication CO.
E/SMD     (  101): 
E/SMD     (  101): OK
E/SMD     (  101): "LD",0,"MC",0,"RC",0,"ME",0
E/SMD     (  101): 
E/SMD     (  101): +ECIND: 3,1
E/SMD     (  101): 
E/SMD     (  101): Before the Modem Read select 
E/DataRouter(   99): [socket:13]******* Received data notification *******
E/DataRouter(   99): [socket:13]read socket data[len:19]
E/DataRouter(   99): [socket:13]read socket data[message:
E/DataRouter(   99): V1.0.1-B7
E/DataRouter(   99): 
E/DataRouter(   99): OK
E/DataRouter(   99): 
E/DataRouter(   99): write [19] bytes of data to USB fd[9]
E/DataRouter(   99): [socket:13]dr_usb_write
E/LBE-Sec (  499): stat /data/data/com.lbe.security.miui failed with 2: No such file or directory
W/LBE-Sec (  499): request rejected (2000->0 netcfg)
E/LBE-Sec (  509): stat /data/data/com.lbe.security.miui failed with 2: No such file or directory
W/LBE-Sec (  509): request rejected (2000->0 iptables)
E/LBE-Sec (  511): stat /data/data/com.lbe.security.miui failed with 2: No such file or directory
W/LBE-Sec (  511): request rejected (2000->0 ip6tables)
E/LBE-Sec (  513): stat /data/data/com.lbe.security.miui failed with 2: No such file or directory
W/LBE-Sec (  513): request rejected (2000->0 iptables)
E/LBE-Sec (  515): stat /data/data/com.lbe.security.miui failed with 2: No such file or directory
W/LBE-Sec (  515): request rejected (2000->0 iptables)
E/LBE-Sec (  517): stat /data/data/com.lbe.security.miui failed with 2: No such file or directory
W/LBE-Sec (  517): request rejected (2000->0 ip6tables)
E/LBE-Sec (  519): stat /data/data/com.lbe.security.miui failed with 2: No such file or directory
W/LBE-Sec (  519): request rejected (2000->0 wpa_cli)
D/VoldCmdListener(   79): asec list
E/LBE-Sec (  524): stat /data/data/com.lbe.security.miui failed with 2: No such file or directory
W/LBE-Sec (  524): request rejected (2000->0 cat)
E/LBE-Sec (  527): stat /data/data/com.lbe.security.miui failed with 2: No such file or directory
W/LBE-Sec (  527): request rejected (2000->0 vril-dump)
E/LBE-Sec (  529): stat /data/data/com.lbe.security.miui failed with 2: No such file or directory
W/LBE-Sec (  529): request rejected (2000->0 cat)
I/dumpstate(  482): done
W/AudioSystem(  300): AudioFlinger server died!
W/IMediaDeathNotifier(  300): media server died
E/MediaPlayer(  300): error (100, 0)
V/SamsungPowerSound(  300): msg=100, ext1=100, ext2=0
E/SamsungPowerSound(  300): Power sound play error (100, 0)
W/AudioSystem(  300): AudioPolicyService server died!
I/ServiceManager(   78): service 'sprd.volume_manager' died
I/ServiceManager(   78): service 'media.audio_flinger' died
I/ServiceManager(   78): service 'media.player' died
I/ServiceManager(   78): service 'media.camera' died
I/ServiceManager(   78): service 'media.audio_policy' died
I/ServiceManager(  300): Waiting for service media.audio_flinger...
E/SamsungPowerSound(  300): Can't get Audio Policy Service, so can't revert connection state
V/SamsungPowerSound(  300): -------- SamsungPowerSoundObserver Destructor ---------
I/Netd    (  531): Netd 1.0 starting
D/AndroidRuntime(  532): 
D/AndroidRuntime(  532): >>>>>> AndroidRuntime START com.android.internal.os.ZygoteInit <<<<<<
D/AndroidRuntime(  532): CheckJNI is OFF
E/AndroidRuntime(  532): cannot open customer xml file
E/AndroidRuntime(  532): /system/csc/customer.xml can't open file
D/AndroidRuntime(  532): Set to default setting : language=-Duser.language= region=-Duser.region=
D/AndroidRuntime(  532): readGMSProperty: start
D/AndroidRuntime(  532): readGMSProperty: already setted!!
D/AndroidRuntime(  532): readGMSProperty: end
D/dalvikvm(  532): DexOpt: incorrect opt magic number (0xff ff ff ff)
D/dalvikvm(  532): ODEX file is stale or bad; removing and retrying (/data/dalvik-cache/system@framework@framework.jar@classes.dex)
I/ServiceManager(  300): Waiting for service media.audio_flinger...
I/mediaserver(  530): ServiceManager: 0x41b19588
I/AudioFlinger(  530): Using default 3000 mSec as standby time.
W/streamFormatVolumeTable.cpp(  530): streamFormatVolumeTable open in (0)
E/XMLTREEFILE(  530): XMLTreeFile can't open file /data/formatvolume.xml
W/streamFormatVolumeTable.cpp(  530): streamFormatVolumeTable.open ok
I/VolumeManager.cpp(  530): VolumeManager open type 1 ret 0
E/AudioFlinger(  530): corrupt profile data: 11 streams should be 16, 6 formats
E/AudioFlinger(  530): can't load format volume profiles, load default
V/MediaPlayerService(  530): MediaPlayerService created
I/CameraService(  530): CameraService started (pid=530)
V/SprdCameraHardware(  530): int android::HAL_getNumberOfCameras()
V/SprdCameraHardware(  530): HAL_getNumberOfCameras,1.
I/AudioPolicyManagerBase(  530): ### stringToEnum() found AUDIO_DEVICE_OUT_EARPIECE
I/AudioPolicyManagerBase(  530): ### stringToEnum() found AUDIO_DEVICE_OUT_SPEAKER
V/AudioPolicyManagerBase(  530): loadGlobalConfig() mAttachedOutputDevices 0003
I/AudioPolicyManagerBase(  530): ### stringToEnum() found AUDIO_DEVICE_OUT_SPEAKER
V/AudioPolicyManagerBase(  530): loadGlobalConfig() mDefaultOutputDevice 0002
I/AudioPolicyManagerBase(  530): ### stringToEnum() found AUDIO_DEVICE_IN_BUILTIN_MIC
I/AudioPolicyManagerBase(  530): ### stringToEnum() found AUDIO_DEVICE_IN_VOICE_CALL
V/AudioPolicyManagerBase(  530): loadGlobalConfig() mAvailableInputDevices 1100000
V/AudioPolicyManagerBase(  530): loadHwModules() loading module primary
V/AudioPolicyManagerBase(  530): loadHwModule() loading output primary
V/AudioPolicyManagerBase(  530): loadSamplingRates() adding rate 44100
V/AudioPolicyManagerBase(  530): loadOutChannels() AUDIO_CHANNEL_OUT_STEREO
I/AudioPolicyManagerBase(  530): ### stringToEnum() found AUDIO_CHANNEL_OUT_STEREO
I/AudioPolicyManagerBase(  530): ### stringToEnum() found AUDIO_FORMAT_PCM_16_BIT
I/AudioPolicyManagerBase(  530): ### stringToEnum() found AUDIO_DEVICE_OUT_EARPIECE
I/AudioPolicyManagerBase(  530): ### stringToEnum() found AUDIO_DEVICE_OUT_SPEAKER
I/AudioPolicyManagerBase(  530): ### stringToEnum() found AUDIO_DEVICE_OUT_WIRED_HEADSET
I/AudioPolicyManagerBase(  530): ### stringToEnum() found AUDIO_DEVICE_OUT_WIRED_HEADPHONE
I/AudioPolicyManagerBase(  530): ### stringToEnum() found AUDIO_DEVICE_OUT_ALL_SCO
I/AudioPolicyManagerBase(  530): ### stringToEnum() found AUDIO_DEVICE_OUT_AUX_DIGITAL
I/AudioPolicyManagerBase(  530): ### stringToEnum() found AUDIO_DEVICE_OUT_DGTL_DOCK_HEADSET
I/AudioPolicyManagerBase(  530): ### stringToEnum() found AUDIO_OUTPUT_FLAG_PRIMARY
V/AudioPolicyManagerBase(  530): loadOutput() adding output mSupportedDevices 147f, mFlags 0002
V/AudioPolicyManagerBase(  530): loadHwModule() loading input primary
V/AudioPolicyManagerBase(  530): loadSamplingRates() adding rate 8000
V/AudioPolicyManagerBase(  530): loadSamplingRates() adding rate 11025
V/AudioPolicyManagerBase(  530): loadSamplingRates() adding rate 16000
V/AudioPolicyManagerBase(  530): loadSamplingRates() adding rate 22050
V/AudioPolicyManagerBase(  530): loadSamplingRates() adding rate 24000
V/AudioPolicyManagerBase(  530): loadSamplingRates() adding rate 32000
V/AudioPolicyManagerBase(  530): loadSamplingRates() adding rate 44100
V/AudioPolicyManagerBase(  530): loadSamplingRates() adding rate 48000
V/AudioPolicyManagerBase(  530): loadInChannels() AUDIO_CHANNEL_IN_MONO
I/AudioPolicyManagerBase(  530): ### stringToEnum() found AUDIO_CHANNEL_IN_MONO
V/AudioPolicyManagerBase(  530): loadInChannels() adding channelMask 0010
I/AudioPolicyManagerBase(  530): ### stringToEnum() found AUDIO_CHANNEL_IN_STEREO
V/AudioPolicyManagerBase(  530): loadInChannels() adding channelMask 000c
I/AudioPolicyManagerBase(  530): ### stringToEnum() found AUDIO_FORMAT_PCM_16_BIT
I/AudioPolicyManagerBase(  530): ### stringToEnum() found AUDIO_DEVICE_IN_BUILTIN_MIC
I/AudioPolicyManagerBase(  530): ### stringToEnum() found AUDIO_DEVICE_IN_BLUETOOTH_SCO_HEADSET
I/AudioPolicyManagerBase(  530): ### stringToEnum() found AUDIO_DEVICE_IN_WIRED_HEADSET
I/AudioPolicyManagerBase(  530): ### stringToEnum() found AUDIO_DEVICE_IN_VOICE_CALL
V/AudioPolicyManagerBase(  530): loadInput() adding input mSupportedDevices 1700000
V/AudioPolicyManagerBase(  530): loadHwModules() loading module a2dp
V/AudioPolicyManagerBase(  530): loadHwModule() loading output a2dp
V/AudioPolicyManagerBase(  530): loadSamplingRates() adding rate 44100
V/AudioPolicyManagerBase(  530): loadOutChannels() AUDIO_CHANNEL_OUT_STEREO
I/AudioPolicyManagerBase(  530): ### stringToEnum() found AUDIO_CHANNEL_OUT_STEREO
I/AudioPolicyManagerBase(  530): ### stringToEnum() found AUDIO_FORMAT_PCM_16_BIT
I/AudioPolicyManagerBase(  530): ### stringToEnum() found AUDIO_DEVICE_OUT_ALL_A2DP
V/AudioPolicyManagerBase(  530): loadOutput() adding output mSupportedDevices 0380, mFlags 0000
V/AudioPolicyManagerBase(  530): loadHwModules() loading module usb
V/AudioPolicyManagerBase(  530): loadHwModule() loading output usb_accessory
V/AudioPolicyManagerBase(  530): loadSamplingRates() adding rate 44100
V/AudioPolicyManagerBase(  530): loadOutChannels() AUDIO_CHANNEL_OUT_STEREO
I/AudioPolicyManagerBase(  530): ### stringToEnum() found AUDIO_CHANNEL_OUT_STEREO
I/AudioPolicyManagerBase(  530): ### stringToEnum() found AUDIO_FORMAT_PCM_16_BIT
I/AudioPolicyManagerBase(  530): ### stringToEnum() found AUDIO_DEVICE_OUT_USB_ACCESSORY
V/AudioPolicyManagerBase(  530): loadOutput() adding output mSupportedDevices 2000, mFlags 0000
V/AudioPolicyManagerBase(  530): loadHwModule() loading output usb_device
V/AudioPolicyManagerBase(  530): loadSamplingRates() adding rate 44100
V/AudioPolicyManagerBase(  530): loadOutChannels() AUDIO_CHANNEL_OUT_STEREO
I/AudioPolicyManagerBase(  530): ### stringToEnum() found AUDIO_CHANNEL_OUT_STEREO
I/AudioPolicyManagerBase(  530): ### stringToEnum() found AUDIO_FORMAT_PCM_16_BIT
I/AudioPolicyManagerBase(  530): ### stringToEnum() found AUDIO_DEVICE_OUT_USB_DEVICE
V/AudioPolicyManagerBase(  530): loadOutput() adding output mSupportedDevices 4000, mFlags 0000
I/AudioPolicyManagerBase(  530): loadAudioPolicyConfig() loaded /system/etc/audio_policy.conf
V/AudioFlinger(  530): registerClient() client 0x41b19900, pid 530
I/audio_hw_primary(  530): adev_open
I/Alsa_Util(  530): card name is Dummy, query card=0
I/Alsa_Util(  530): card name is VIRTUAL AUDIO, query card=1
I/Alsa_Util(  530): card name is sprdphone, query card=2
I/Alsa_Util(  530): Search Completed, cur_name is sprdphone, card_num=2
I/Alsa_Util(  530): card name is Dummy, query card=0
I/Alsa_Util(  530): card name is VIRTUAL AUDIO, query card=1
I/Alsa_Util(  530): Search Completed, cur_name is VIRTUAL AUDIO, card_num=1
I/audio_hw_primary(  530): s_tinycard = 2, s_vaudio = 1
V/audio_hw_primary(  530): Reading configuration from /system/etc/tiny_hw.xml
I/audio_hw_primary(  530): Parsing control HeadPhone Playback Volume => 12
I/audio_hw_primary(  530): s->path_len=1
I/audio_hw_primary(  530): Parsing control Master Playback Volume => 12
I/audio_hw_primary(  530): s->path_len=2
I/audio_hw_primary(  530): Parsing control Inter PA Playback Volume => 12
I/audio_hw_primary(  530): s->path_len=3
I/audio_hw_primary(  530): Parsing control Ear Boost Volume => 1
I/audio_hw_primary(  530): s->path_len=4
I/audio_hw_primary(  530): Parsing control Capture Volume => 12
I/audio_hw_primary(  530): s->path_len=5
I/audio_hw_primary(  530): Parsing control Mic Boost Volume => 1
I/audio_hw_primary(  530): s->path_len=6
I/audio_hw_primary(  530): Parsing control Line Playback Volume => 12
I/audio_hw_primary(  530): s->path_len=7
I/audio_hw_primary(  530): Parsing control LineinRec Capture Volume => 8
I/audio_hw_primary(  530): s->path_len=8
I/audio_hw_primary(  530): Applying 8 element default route
I/audio_hw_primary(  530): Set 'HeadPhone Playback Volume'.0 to 12
I/audio_hw_primary(  530): Set 'HeadPhone Playback Volume'.1 to 12
I/audio_hw_primary(  530): Set 'Master Playback Volume'.0 to 12
I/audio_hw_primary(  530): Set 'Master Playback Volume'.1 to 12
E/BandwidthController(  531): runIptablesCmd(): failed /system/bin/iptables -t raw -N bw_raw_PREROUTING res=256
I/audio_hw_primary(  530): Set 'Inter PA Playback Volume'.0 to 12
E/BandwidthController(  531): runIptablesCmd(): failed /system/bin/ip6tables -t raw -N bw_raw_PREROUTING res=256
I/audio_hw_primary(  530): Set 'Ear Boost Volume'.0 to 1
I/audio_hw_primary(  530): Set 'Capture Volume'.0 to 12
I/audio_hw_primary(  530): Set 'Mic Boost Volume'.0 to 1
I/audio_hw_primary(  530): Set 'Line Playback Volume'.0 to 12
I/audio_hw_primary(  530): Set 'Line Playback Volume'.1 to 12
I/audio_hw_primary(  530): Set 'LineinRec Capture Volume'.0 to 8
I/audio_hw_primary(  530): Allocating device speaker
I/audio_hw_primary(  530): Parsing control Speaker Function => 1
I/audio_hw_primary(  530): s->path_len=1
I/audio_hw_primary(  530): 1 element on sequence
I/audio_hw_primary(  530): Parsing control Speaker Function => 0
I/audio_hw_primary(  530): s->path_len=1
I/audio_hw_primary(  530): 1 element off sequence
I/audio_hw_primary(  530): Set 'Speaker Function'.0 to 0
I/audio_hw_primary(  530): Allocating device headphone
I/audio_hw_primary(  530): Parsing control HeadPhone Function => 1
I/audio_hw_primary(  530): s->path_len=1
I/audio_hw_primary(  530): 1 element on sequence
I/audio_hw_primary(  530): Parsing control HeadPhone Function => 0
I/audio_hw_primary(  530): s->path_len=1
I/audio_hw_primary(  530): 1 element off sequence
I/audio_hw_primary(  530): Set 'HeadPhone Function'.0 to 0
I/audio_hw_primary(  530): Allocating device earpiece
I/audio_hw_primary(  530): Parsing control Earpiece Function => 1
I/audio_hw_primary(  530): s->path_len=1
I/audio_hw_primary(  530): 1 element on sequence
I/audio_hw_primary(  530): Parsing control Earpiece Function => 0
I/audio_hw_primary(  530): s->path_len=1
I/audio_hw_primary(  530): 1 element off sequence
I/audio_hw_primary(  530): Set 'Earpiece Function'.0 to 0
I/audio_hw_primary(  530): Allocating device builtin-mic
I/audio_hw_primary(  530): Parsing control Mic Function => 1
I/audio_hw_primary(  530): s->path_len=1
I/audio_hw_primary(  530): 1 element on sequence
I/audio_hw_primary(  530): Parsing control Mic Function => 0
I/audio_hw_primary(  530): s->path_len=1
I/audio_hw_primary(  530): 1 element off sequence
I/audio_hw_primary(  530): Set 'Mic Function'.0 to 0
I/audio_hw_primary(  530): Allocating device headset-in
I/audio_hw_primary(  530): Parsing control HP Mic Function => 1
I/audio_hw_primary(  530): s->path_len=1
I/audio_hw_primary(  530): 1 element on sequence
I/audio_hw_primary(  530): Parsing control HP Mic Function => 0
I/audio_hw_primary(  530): s->path_len=1
I/audio_hw_primary(  530): 1 element off sequence
I/audio_hw_primary(  530): Set 'HP Mic Function'.0 to 0
I/audio_hw_primary(  530): Allocating device line
I/audio_hw_primary(  530): Parsing control Line Function => 1
I/audio_hw_primary(  530): s->path_len=1
I/audio_hw_primary(  530): 1 element on sequence
I/audio_hw_primary(  530): Parsing control Line Function => 0
I/audio_hw_primary(  530): s->path_len=1
I/audio_hw_primary(  530): 1 element off sequence
I/audio_hw_primary(  530): Set 'Line Function'.0 to 0
I/audio_hw_primary(  530): Parsing control Linein Rec Function => 1
I/audio_hw_primary(  530): s->path_len=1
I/audio_hw_primary(  530): Applying 1 element default route
I/audio_hw_primary(  530): Set 'Linein Rec Function'.0 to 1
I/audio_hw_primary(  530): Parsing control Linein Rec Function => 0
I/audio_hw_primary(  530): s->path_len=1
I/audio_hw_primary(  530): Applying 1 element default route
I/audio_hw_primary(  530): Set 'Linein Rec Function'.0 to 0
W/audio_hw_primary(  530): s->adev->private_ctl.vbc_switch is successful
W/audio_hw_primary(  530): s->adev->private_ctl.vbc_eq_switch is successful
W/audio_hw_primary(  530): s->adev->private_ctl.vbc_eq_update is successful
W/audio_hw_primary(  530): s->adev->private_ctl.vbc_eq_profile_select is successful
I/audio_hw_primary(  530): ret=0, num_dev_cfgs=6
I/audio_hw_primary(  530): dev_cfgs_on depth=1, dev_cfgs_off depth=1
I/vb_effect(  530): create_vb_effect_params...start
I/vb_effect(  530): do_parse...start
I/vb_effect(  530): fd_dest_paras(0x40134cbc), header_len(12), profile_len(280)
I/vb_effect(  530): effect_profile->name is Headset
I/vb_effect(  530): effect_profile->name is Headfree
I/vb_effect(  530): effect_profile->name is Handset
I/vb_effect(  530): effect_profile->name is Handsfree
I/vb_effect(  530): do_parse...end
I/vb_effect(  530): create_vb_effect_params...done
I/audio_hw_primary(  530): eq_loading, ret(-1), eq_available(0)
I/audio_pga(  530): The codec name is dolphin
D/audio_pga(  530): profile name is 'speaker-l'
D/audio_pga(  530): pga name is 'Master Playback Volume', val is '0'
D/audio_pga(  530): pga name is 'Inter PA Playback Volume', val is '4'
D/audio_pga(  530): pga name is 'VBC DACL DG Set', val is '16'
D/audio_pga(  530): pga name is 'VBC DACL DG Switch', val is '31'
D/audio_pga(  530): profile name is 'speaker-r'
D/audio_pga(  530): pga name is 'Master Playback Volume', val is '0'
D/audio_pga(  530): pga name is 'Inter PA Playback Volume', val is '4'
D/audio_pga(  530): pga name is 'VBC DACR DG Set', val is '16'
D/audio_pga(  530): pga name is 'VBC DACR DG Switch', val is '31'
D/audio_pga(  530): profile name is 'headphone-l'
D/audio_pga(  530): pga name is 'Master Playback Volume', val is '0'
D/audio_pga(  530): pga name is 'HeadPhone Playback Volume', val is '4'
D/audio_pga(  530): pga name is 'VBC DACL DG Set', val is '16'
D/audio_pga(  530): pga name is 'VBC DACL DG Switch', val is '31'
D/audio_pga(  530): profile name is 'headphone-r'
D/audio_pga(  530): pga name is 'Master Playback Volume', val is '0'
D/audio_pga(  530): pga name is 'HeadPhone Playback Volume', val is '4'
D/audio_pga(  530): pga name is 'VBC DACR DG Set', val is '16'
D/audio_pga(  530): pga name is 'VBC DACR DG Switch', val is '31'
D/audio_pga(  530): profile name is 'headphone-spk-l'
D/audio_pga(  530): pga name is 'Master Playback Volume', val is '0'
D/audio_pga(  530): pga name is 'HeadPhone Playback Volume', val is '4'
D/audio_pga(  530): pga name is 'VBC DACL DG Set', val is '16'
D/audio_pga(  530): pga name is 'VBC DACL DG Switch', val is '31'
D/audio_pga(  530): profile name is 'headphone-spk-r'
D/audio_pga(  530): pga name is 'Master Playback Volume', val is '0'
D/audio_pga(  530): pga name is 'HeadPhone Playback Volume', val is '4'
D/audio_pga(  530): pga name is 'VBC DACR DG Set', val is '16'
D/audio_pga(  530): pga name is 'VBC DACR DG Switch', val is '31'
D/audio_pga(  530): profile name is 'earpiece'
D/audio_pga(  530): pga name is 'Master Playback Volume', val is '0'
D/audio_pga(  530): pga name is 'Ear Boost Volume', val is '4'
D/audio_pga(  530): pga name is 'VBC DACL DG Set', val is '16'
D/audio_pga(  530): pga name is 'VBC DACL DG Switch', val is '31'
D/audio_pga(  530): profile name is 'linein-spk-l'
D/audio_pga(  530): pga name is 'Line Playback Volume', val is '0'
D/audio_pga(  530): pga name is 'Inter PA Playback Volume', val is '5'
D/audio_pga(  530): pga name is 'VBC DACL DG Set', val is '16'
D/audio_pga(  530): pga name is 'VBC DACL DG Switch', val is '31'
D/audio_pga(  530): profile name is 'linein-spk-r'
D/audio_pga(  530): pga name is 'Line Playback Volume', val is '0'
D/audio_pga(  530): pga name is 'Inter PA Playback Volume', val is '5'
D/audio_pga(  530): pga name is 'VBC DACR DG Set', val is '16'
D/audio_pga(  530): pga name is 'VBC DACR DG Switch', val is '31'
D/audio_pga(  530): profile name is 'linein-hp-l'
D/audio_pga(  530): pga name is 'Line Playback Volume', val is '0'
D/audio_pga(  530): pga name is 'HeadPhone Playback Volume', val is '5'
D/audio_pga(  530): pga name is 'VBC DACL DG Set', val is '16'
D/audio_pga(  530): pga name is 'VBC DACL DG Switch', val is '31'
D/audio_pga(  530): profile name is 'linein-hp-r'
D/audio_pga(  530): pga name is 'Line Playback Volume', val is '0'
D/audio_pga(  530): pga name is 'HeadPhone Playback Volume', val is '5'
D/audio_pga(  530): pga name is 'VBC DACR DG Set', val is '16'
D/audio_pga(  530): pga name is 'VBC DACR DG Switch', val is '31'
D/audio_pga(  530): profile name is 'capture-l'
D/audio_pga(  530): pga name is 'Capture Volume', val is '0'
D/audio_pga(  530): pga name is 'Mic Boost Volume', val is '4'
D/audio_pga(  530): pga name is 'VBC ADCL DG Set', val is '8'
D/audio_pga(  530): pga name is 'VBC ADCL DG Switch', val is '15'
D/audio_pga(  530): profile name is 'capture-r'
D/audio_pga(  530): pga name is 'Capture Volume', val is '0'
D/audio_pga(  530): pga name is 'Mic Boost Volume', val is '4'
D/audio_pga(  530): pga name is 'VBC ADCR DG Set', val is '8'
D/audio_pga(  530): pga name is 'VBC ADCR DG Switch', val is '15'
D/audio_pga(  530): profile name is 'linein-capture-l'
D/audio_pga(  530): pga name is 'Capture Volume', val is '0'
D/audio_pga(  530): pga name is 'Mic Boost Volume', val is '4'
D/audio_pga(  530): pga name is 'LineinRec Capture Volume', val is '5'
D/audio_pga(  530): pga name is 'VBC ADCL DG Set', val is '8'
D/audio_pga(  530): pga name is 'VBC ADCL DG Switch', val is '15'
D/audio_pga(  530): profile name is 'linein-capture-r'
D/audio_pga(  530): pga name is 'Capture Volume', val is '0'
D/audio_pga(  530): pga name is 'Mic Boost Volume', val is '4'
D/audio_pga(  530): pga name is 'LineinRec Capture Volume', val is '5'
D/audio_pga(  530): pga name is 'VBC ADCR DG Set', val is '8'
D/audio_pga(  530): pga name is 'VBC ADCR DG Switch', val is '15'
D/audio_pga(  530): mixer name is 'Master Playback Volume'
D/audio_pga(  530): attribute max is '15', inverse is '1'
D/audio_pga(  530): mixer name is 'HeadPhone Playback Volume'
D/audio_pga(  530): attribute max is '31', inverse is '1'
D/audio_pga(  530): mixer name is 'Line Playback Volume'
D/audio_pga(  530): attribute max is '19', inverse is '1'
D/audio_pga(  530): mixer name is 'LineinRec Capture Volume'
D/audio_pga(  530): attribute max is '7', inverse is '0'
D/audio_pga(  530): mixer name is 'Inter PA Playback Volume'
D/audio_pga(  530): attribute max is '15', inverse is '0'
D/audio_pga(  530): mixer name is 'Ear Boost Volume'
D/audio_pga(  530): attribute max is '1', inverse is '0'
D/audio_pga(  530): mixer name is 'Capture Volume'
D/audio_pga(  530): attribute max is '15', inverse is '0'
D/audio_pga(  530): mixer name is 'Mic Boost Volume'
D/audio_pga(  530): attribute max is '1', inverse is '0'
D/audio_pga(  530): mixer name is 'VBC DACL DG Set'
D/audio_pga(  530): attribute max is '127', inverse is '0'
D/audio_pga(  530): mixer name is 'VBC DACR DG Set'
D/audio_pga(  530): attribute max is '127', inverse is '0'
D/audio_pga(  530): mixer name is 'VBC DACL DG Switch'
D/audio_pga(  530): attribute max is '1', inverse is '0'
D/audio_pga(  530): mixer name is 'VBC DACR DG Switch'
D/audio_pga(  530): attribute max is '1', inverse is '0'
D/audio_pga(  530): mixer name is 'VBC ADCL DG Set'
D/audio_pga(  530): attribute max is '127', inverse is '0'
D/audio_pga(  530): mixer name is 'VBC ADCR DG Set'
D/audio_pga(  530): attribute max is '127', inverse is '0'
D/audio_pga(  530): mixer name is 'VBC ADCL DG Switch'
D/audio_pga(  530): attribute max is '1', inverse is '0'
D/audio_pga(  530): mixer name is 'VBC ADCR DG Switch'
D/audio_pga(  530): attribute max is '1', inverse is '0'
I/audio_hw_primary(  530): select_devices_signal starting...
I/audio_hw_primary(  530): select_devices_signal finished.
V/audio_hw_primary(  530): adev_open: create lvve engine.
D/LVVE_Engine(  530): LVVEFS_TRACE: FUNCTION: LVVEFS_Create: There are 1 instances of LVVEFS active, id = 1074798393 at 168 in ../SRC/LVVEFS_Create.c
D/LVVE_Engine(  530): LVVEFS_TRACE: FUNCTION: LVVEFS_CreateParamTable: LVVEFS_ParseFile starting at 132 in ../SRC/LVVEFS_Params.c
D/LVVE_Engine(  530): LVVEFS_TRACE: FUNCTION: LVVEFS_ParseFile at 95 in ../SRC/LVVEFS_Parser.c
D/LVVE_Engine(  530): LVVEFS_TRACE: FUNCTION: LVVEFS_ArgsReadData at 318 in ../SRC/LVVEFS_Args.c
D/LVVE_Engine(  530): LVVEFS_TRACE: FUNCTION: LVVEFS_ParseFile: Set Rx Config Params at 151 in ../SRC/LVVEFS_Parser.c
D/LVVE_Engine(  530): LVVEFS_TRACE: FUNCTION: LVVEFS_Rx_Array2ControlParameters at 922 in ../SRC/LVVEFS_Parser.c
D/LVVE_Engine(  530): LVVEFS_TRACE: FUNCTION: LVVEFS_CreateParamTable: LVVEFS_ParseFile of LVVEFS_Rx_ControlParams returned successful at 141 in ../SRC/LVVEFS_Params.c
D/LVVE_Engine(  530): LVVEFS_TRACE: FUNCTION: LVVEFS_ParseFile at 95 in ../SRC/LVVEFS_Parser.c
D/LVVE_Engine(  530): LVVEFS_TRACE: FUNCTION: LVVEFS_ArgsReadData at 318 in ../SRC/LVVEFS_Args.c
D/LVVE_Engine(  530): LVVEFS_TRACE: FUNCTION: LVVEFS_ParseFile: Set Tx Config Params at 161 in ../SRC/LVVEFS_Parser.c
D/LVVE_Engine(  530): LVVEFS_TRACE: FUNCTION: LVVEFS_CreateParamTable: LVVEFS_ParseFile of LVVEFS_Tx_ControlParams returned successful at 156 in ../SRC/LVVEFS_Params.c
D/LVVE_Engine(  530): LVVEFS_TRACE: FUNCTION: LVVEFS_ParseFile at 95 in ../SRC/LVVEFS_Parser.c
D/LVVE_Engine(  530): LVVEFS_TRACE: FUNCTION: LVVEFS_ArgsReadData at 318 in ../SRC/LVVEFS_Args.c
D/LVVE_Engine(  530): LVVEFS_TRACE: FUNCTION: LVVEFS_ParseFile: Set Rx Control Params at 129 in ../SRC/LVVEFS_Parser.c
D/LVVE_Engine(  530): LVVEFS_TRACE: FUNCTION: LVVEFS_CreateParamTable: LVVEFS_ParseFile of RxControl 0 returned successful at 208 in ../SRC/LVVEFS_Params.c
D/LVVE_Engine(  530): LVVEFS_TRACE: FUNCTION: LVVEFS_ParseFile at 95 in ../SRC/LVVEFS_Parser.c
D/LVVE_Engine(  530): LVVEFS_TRACE: FUNCTION: LVVEFS_ArgsReadData at 318 in ../SRC/LVVEFS_Args.c
D/LVVE_Engine(  530): LVVEFS_TRACE: FUNCTION: LVVEFS_ParseFile: Set Rx Control Params at 129 in ../SRC/LVVEFS_Parser.c
D/LVVE_Engine(  530): LVVEFS_TRACE: FUNCTION: LVVEFS_CreateParamTable: LVVEFS_ParseFile of RxControl 1 returned successful at 208 in ../SRC/LVVEFS_Params.c
D/LVVE_Engine(  530): LVVEFS_TRACE: FUNCTION: LVVEFS_ParseFile at 95 in ../SRC/LVVEFS_Parser.c
D/LVVE_Engine(  530): LVVEFS_TRACE: FUNCTION: LVVEFS_ArgsReadData at 318 in ../SRC/LVVEFS_Args.c
D/LVVE_Engine(  530): LVVEFS_TRACE: FUNCTION: LVVEFS_ParseFile: Set Rx Control Params at 129 in ../SRC/LVVEFS_Parser.c
D/LVVE_Engine(  530): LVVEFS_TRACE: FUNCTION: LVVEFS_CreateParamTable: LVVEFS_ParseFile of RxControl 2 returned successful at 208 in ../SRC/LVVEFS_Params.c
D/LVVE_Engine(  530): LVVEFS_TRACE: FUNCTION: LVVEFS_ParseFile at 95 in ../SRC/LVVEFS_Parser.c
D/LVVE_Engine(  530): LVVEFS_TRACE: FUNCTION: LVVEFS_ArgsReadData at 318 in ../SRC/LVVEFS_Args.c
D/LVVE_Engine(  530): LVVEFS_TRACE: FUNCTION: LVVEFS_ParseFile: Set Rx Control Params at 129 in ../SRC/LVVEFS_Parser.c
D/LVVE_Engine(  530): LVVEFS_TRACE: FUNCTION: LVVEFS_CreateParamTable: LVVEFS_ParseFile of RxControl 3 returned successful at 208 in ../SRC/LVVEFS_Params.c
D/LVVE_Engine(  530): LVVEFS_TRACE: FUNCTION: LVVEFS_ParseFile at 95 in ../SRC/LVVEFS_Parser.c
D/LVVE_Engine(  530): LVVEFS_TRACE: FUNCTION: LVVEFS_ArgsReadData at 318 in ../SRC/LVVEFS_Args.c
D/LVVE_Engine(  530): LVVEFS_TRACE: FUNCTION: LVVEFS_ParseFile: Set Rx Control Params at 129 in ../SRC/LVVEFS_Parser.c
D/LVVE_Engine(  530): LVVEFS_TRACE: FUNCTION: LVVEFS_CreateParamTable: LVVEFS_ParseFile of RxControl 4 returned successful at 208 in ../SRC/LVVEFS_Params.c
D/LVVE_Engine(  530): LVVEFS_TRACE: FUNCTION: LVVEFS_ParseFile at 95 in ../SRC/LVVEFS_Parser.c
D/LVVE_Engine(  530): LVVEFS_TRACE: FUNCTION: LVVEFS_ArgsReadData at 318 in ../SRC/LVVEFS_Args.c
D/LVVE_Engine(  530): LVVEFS_TRACE: FUNCTION: LVVEFS_ParseFile: Set Rx Control Params at 129 in ../SRC/LVVEFS_Parser.c
D/LVVE_Engine(  530): LVVEFS_TRACE: FUNCTION: LVVEFS_CreateParamTable: LVVEFS_ParseFile of RxControl 5 returned successful at 208 in ../SRC/LVVEFS_Params.c
D/LVVE_Engine(  530): LVVEFS_TRACE: FUNCTION: LVVEFS_ParseFile at 95 in ../SRC/LVVEFS_Parser.c
D/LVVE_Engine(  530): LVVEFS_TRACE: FUNCTION: LVVEFS_ArgsReadData at 318 in ../SRC/LVVEFS_Args.c
D/LVVE_Engine(  530): LVVEFS_TRACE: FUNCTION: LVVEFS_ParseFile: Set Rx Control Params at 129 in ../SRC/LVVEFS_Parser.c
D/LVVE_Engine(  530): LVVEFS_TRACE: FUNCTION: LVVEFS_CreateParamTable: LVVEFS_ParseFile of RxControl 6 returned successful at 208 in ../SRC/LVVEFS_Params.c
D/LVVE_Engine(  530): LVVEFS_TRACE: FUNCTION: LVVEFS_ParseFile at 95 in ../SRC/LVVEFS_Parser.c
D/LVVE_Engine(  530): LVVEFS_TRACE: FUNCTION: LVVEFS_ArgsReadData at 318 in ../SRC/LVVEFS_Args.c
D/LVVE_Engine(  530): LVVEFS_TRACE: FUNCTION: LVVEFS_ParseFile: Set Rx Control Params at 129 in ../SRC/LVVEFS_Parser.c
D/LVVE_Engine(  530): LVVEFS_TRACE: FUNCTION: LVVEFS_CreateParamTable: LVVEFS_ParseFile of RxControl 7 returned successful at 208 in ../SRC/LVVEFS_Params.c
D/LVVE_Engine(  530): LVVEFS_TRACE: FUNCTION: LVVEFS_ParseFile at 95 in ../SRC/LVVEFS_Parser.c
D/LVVE_Engine(  530): LVVEFS_TRACE: FUNCTION: LVVEFS_ArgsReadData at 318 in ../SRC/LVVEFS_Args.c
D/LVVE_Engine(  530): LVVEFS_TRACE: FUNCTION: LVVEFS_ParseFile: Set Rx Control Params at 129 in ../SRC/LVVEFS_Parser.c
