D/STATUSBAR-StatusBarManagerService(  459): manageDisableList what=0x1 pkg=android
D/STATUSBAR-StatusBarManagerService(  459): manageDisableList what=0x0 pkg=system
D/STATUSBAR-StatusBarManagerService(  459): manageDisableList what=0x1 pkg=android
D/PowerManagerService(  459): enableUserActivity true
D/STATUSBAR-StatusBarManagerService(  459): manageDisableList what=0x0 pkg=android
D/PhoneStatusBar(  761): disable: < expand icons alerts ticker system_info back home recent* clock >
D/PowerManagerService(  459): userActivity : mUserState 0x3
D/PowerManagerService(  459): releaseWakeLockLocked flags=0x0 tag=keyguard
I/PowerManagerService(  459): Ulight 0x7->0x3|0x0
D/STATUSBAR-NotificationService(  459): ACTION_USER_PRESENT
D/LightsService(  459): [SvcLED] setSvcLedStateLocked:: id = 4, color = 0, mode = Off, set = Off
E/MotionRecognitionService(  459):   mReceiver.onReceive : ACTION_USER_PRESENT  :: UNLOCK SCREEN
D/LightsService(  459): [SvcLED] wl is null.
V/WindowManager(  459): rotationForOrientationLw(orient=-1, last=0); user=0  mLidState=-1 mCoverState=-1 mDockMode=0 mHdmiPlugged=false mAccelerometerDefault=false sensorRotation=-1
D/STATUSBAR-StatusBarManagerService(  459): manageDisableList what=0x0 pkg=system
D/STATUSBAR-StatusBarManagerService(  459): manageDisableList what=0x0 pkg=android
D/PhoneStatusBar(  761): disable: < expand icons alerts ticker system_info back home recent clock >
D/WindowManager(  459): mInputFocus is not null.
D/WindowManager(  459): mInputFocus is not null.
D/STATUSBAR-StatusBarManagerService(  459): manageDisableList what=0x0 pkg=system
D/STATUSBAR-StatusBarManagerService(  459): manageDisableList what=0x0 pkg=android
D/STATUSBAR-StatusBarManagerService(  459): manageDisableList what=0x0 pkg=system
D/STATUSBAR-StatusBarManagerService(  459): manageDisableList what=0x0 pkg=android
D/STATUSBAR-StatusBarManagerService(  459): manageDisableList what=0x0 pkg=system
D/STATUSBAR-StatusBarManagerService(  459): manageDisableList what=0x0 pkg=android
W/InputMethodManagerService(  459): Window already focused, ignoring focus gain of: com.android.internal.view.IInputMethodClient$Stub$Proxy@427a1f28 attribute=null
D/STATUSBAR-StatusBarManagerService(  459): manageDisableList what=0x0 pkg=system
D/STATUSBAR-StatusBarManagerService(  459): manageDisableList what=0x0 pkg=android
V/AlarmManager(  459): waitForAlarm result :8
D/STATUSBAR-StatusBarManagerService(  459): setSystemUiVisibility(0x0)
D/STATUSBAR-StatusBarManagerService(  459): manageDisableList what=0x0 pkg=WindowManager.LayoutParams
D/STATUSBAR-StatusBarManagerService(  459): manageDisableList what=0x0 pkg=system
D/STATUSBAR-StatusBarManagerService(  459): manageDisableList what=0x0 pkg=android
D/STATUSBAR-StatusBarManagerService(  459): manageDisableList what=0x0 pkg=system
D/STATUSBAR-StatusBarManagerService(  459): manageDisableList what=0x0 pkg=android
V/AlarmManager(  459): ClockReceiver onReceive() ACTION_TIME_TICK
W/AlarmManager(  459): FACTORY_ON= 0
W/PowerManagerService(  459): Timer 0x3->0x3|0x0
V/WindowOrientationListener(  459): Proposed rotation changed!  proposedRotation=1currentRotation = 0
V/WindowManager(  459): rotationForOrientationLw(orient=-1, last=0); user=0  mLidState=-1 mCoverState=-1 mDockMode=0 mHdmiPlugged=false mAccelerometerDefault=false sensorRotation=1
I/ActivityManager(  459): Config changed: {Rect(388, 38 - 412, 442) 1 0 1.0 0mcc0mnc zh_CN sw320dp w533dp h294dp nrml long land finger -keyb/h/h -nav/h s.5 themeChanged=0 themeChangedFlags=0}
D/STATUSBAR-StatusBarManagerService(  459): manageDisableList what=0x0 pkg=system
D/STATUSBAR-StatusBarManagerService(  459): manageDisableList what=0x0 pkg=android
D/STATUSBAR-StatusBarManagerService(  459): manageDisableList what=0x0 pkg=android
D/WindowManager(  459): mInputFocus is not null.
D/STATUSBAR-StatusBarManagerService(  459): setSystemUiVisibility(0x0)
D/STATUSBAR-StatusBarManagerService(  459): manageDisableList what=0x0 pkg=WindowManager.LayoutParams
D/STATUSBAR-StatusBarManagerService(  459): manageDisableList what=0x0 pkg=android
D/STATUSBAR-StatusBarManagerService(  459): manageDisableList what=0x0 pkg=android
D/WindowManager(  459): mInputFocus is not null.
D/WindowManager(  459): mInputFocus is not null.
D/STATUSBAR-StatusBarManagerService(  459): manageDisableList what=0x0 pkg=android
D/WindowManager(  459): mInputFocus is not null.
D/WindowManager(  459): mInputFocus is not null.
D/STATUSBAR-StatusBarManagerService(  459): manageDisableList what=0x0 pkg=android
D/WindowManager(  459): mInputFocus is not null.
D/WindowManager(  459): mInputFocus is not null.
D/STATUSBAR-StatusBarManagerService(  459): manageDisableList what=0x0 pkg=android
D/WindowManager(  459): mInputFocus is not null.
D/STATUSBAR-StatusBarManagerService(  459): manageDisableList what=0x0 pkg=android
D/WindowManager(  459): mInputFocus is not null.
D/STATUSBAR-StatusBarManagerService(  459): manageDisableList what=0x0 pkg=android
D/WindowManager(  459): mInputFocus is not null.
D/WindowManager(  459): mInputFocus is not null.
D/STATUSBAR-StatusBarManagerService(  459): manageDisableList what=0x0 pkg=system
D/STATUSBAR-StatusBarManagerService(  459): setSystemUiVisibility(0x0)
D/STATUSBAR-StatusBarManagerService(  459): manageDisableList what=0x0 pkg=android
D/STATUSBAR-StatusBarManagerService(  459): manageDisableList what=0x0 pkg=WindowManager.LayoutParams
D/STATUSBAR-StatusBarManagerService(  459): manageDisableList what=0x0 pkg=system
D/STATUSBAR-StatusBarManagerService(  459): manageDisableList what=0x0 pkg=android
D/STATUSBAR-StatusBarManagerService(  459): manageDisableList what=0x0 pkg=system
D/STATUSBAR-StatusBarManagerService(  459): manageDisableList what=0x0 pkg=android
D/STATUSBAR-StatusBarManagerService(  459): manageDisableList what=0x0 pkg=system
D/STATUSBAR-StatusBarManagerService(  459): manageDisableList what=0x0 pkg=android
V/WindowManager(  459): rotationForOrientationLw(orient=-1, last=1); user=0  mLidState=-1 mCoverState=-1 mDockMode=0 mHdmiPlugged=false mAccelerometerDefault=false sensorRotation=-1
D/STATUSBAR-StatusBarManagerService(  459): manageDisableList what=0x0 pkg=system
D/STATUSBAR-StatusBarManagerService(  459): manageDisableList what=0x0 pkg=android
V/WindowOrientationListener(  459): Proposed rotation changed!  proposedRotation=0currentRotation = 1
V/WindowManager(  459): rotationForOrientationLw(orient=-1, last=1); user=0  mLidState=-1 mCoverState=-1 mDockMode=0 mHdmiPlugged=false mAccelerometerDefault=false sensorRotation=0
I/ActivityManager(  459): Config changed: {Rect(0, 426 - 480, 450) 1 0 1.0 0mcc0mnc zh_CN sw320dp w320dp h508dp nrml long port finger -keyb/h/h -nav/h s.6 themeChanged=0 themeChangedFlags=0}
D/STATUSBAR-StatusBarManagerService(  459): manageDisableList what=0x0 pkg=system
D/STATUSBAR-StatusBarManagerService(  459): manageDisableList what=0x0 pkg=android
D/STATUSBAR-StatusBarManagerService(  459): setSystemUiVisibility(0x0)
D/STATUSBAR-StatusBarManagerService(  459): manageDisableList what=0x0 pkg=WindowManager.LayoutParams
D/STATUSBAR-StatusBarManagerService(  459): manageDisableList what=0x0 pkg=system
D/STATUSBAR-StatusBarManagerService(  459): manageDisableList what=0x0 pkg=android
D/STATUSBAR-StatusBarManagerService(  459): setSystemUiVisibility(0x0)
D/STATUSBAR-StatusBarManagerService(  459): manageDisableList what=0x0 pkg=WindowManager.LayoutParams
D/STATUSBAR-StatusBarManagerService(  459): manageDisableList what=0x0 pkg=system
D/STATUSBAR-StatusBarManagerService(  459): manageDisableList what=0x0 pkg=android
D/STATUSBAR-StatusBarManagerService(  459): manageDisableList what=0x0 pkg=system
D/STATUSBAR-StatusBarManagerService(  459): manageDisableList what=0x0 pkg=android
D/STATUSBAR-StatusBarManagerService(  459): manageDisableList what=0x0 pkg=system
D/STATUSBAR-StatusBarManagerService(  459): manageDisableList what=0x0 pkg=android
D/STATUSBAR-StatusBarManagerService(  459): manageDisableList what=0x0 pkg=system
D/STATUSBAR-StatusBarManagerService(  459): manageDisableList what=0x0 pkg=android
D/STATUSBAR-StatusBarManagerService(  459): manageDisableList what=0x0 pkg=system
D/STATUSBAR-StatusBarManagerService(  459): manageDisableList what=0x0 pkg=android
D/STATUSBAR-StatusBarManagerService(  459): manageDisableList what=0x0 pkg=android
D/WindowManager(  459): mInputFocus is not null.
D/STATUSBAR-StatusBarManagerService(  459): manageDisableList what=0x0 pkg=android
D/WindowManager(  459): mInputFocus is not null.
D/WindowManager(  459): mInputFocus is not null.
D/STATUSBAR-StatusBarManagerService(  459): manageDisableList what=0x0 pkg=system
D/STATUSBAR-StatusBarManagerService(  459): manageDisableList what=0x0 pkg=android
D/STATUSBAR-StatusBarManagerService(  459): manageDisableList what=0x0 pkg=system
D/STATUSBAR-StatusBarManagerService(  459): manageDisableList what=0x0 pkg=android
D/STATUSBAR-StatusBarManagerService(  459): manageDisableList what=0x0 pkg=system
D/STATUSBAR-StatusBarManagerService(  459): manageDisableList what=0x0 pkg=android
D/STATUSBAR-StatusBarManagerService(  459): manageDisableList what=0x0 pkg=system
D/STATUSBAR-StatusBarManagerService(  459): manageDisableList what=0x0 pkg=android
V/WindowManager(  459): rotationForOrientationLw(orient=-1, last=0); user=0  mLidState=-1 mCoverState=-1 mDockMode=0 mHdmiPlugged=false mAccelerometerDefault=false sensorRotation=0
D/STATUSBAR-StatusBarManagerService(  459): manageDisableList what=0x0 pkg=system
D/STATUSBAR-StatusBarManagerService(  459): manageDisableList what=0x0 pkg=android
D/BatteryService(  459): update start
D/BatteryService(  459): level:97 scale:100 status:2 health:2 present:true voltage: 4350 temperature: 359 technology: Li-ion AC powered:false USB powered:true icon:17303345 invalid charger:0 online:1 charge type:0 current avg:0
W/PowerManagerService(  459): Timer 0x3->0x3|0x0
D/VibratorService(  459): JNI vibratorOff()
D/STATUSBAR-NotificationService(  459): updateLightsLocked() : Turn off notification light
D/LightsService(  459): [SvcLED] setSvcLedStateLocked:: id = 4, color = 0, mode = Off, set = Off
D/LightsService(  459): [SvcLED] wl is null.
D/STATUSBAR-StatusBarManagerService(  459): manageDisableList what=0x0 pkg=system
D/STATUSBAR-StatusBarManagerService(  459): setSystemUiVisibility(0x80000)
D/STATUSBAR-StatusBarManagerService(  459): manageDisableList what=0x80000 pkg=WindowManager.LayoutParams
D/STATUSBAR-StatusBarManagerService(  459): manageDisableList what=0x0 pkg=android
D/PhoneStatusBar(  761): disable: < expand icons alerts TICKER* system_info back home recent clock >
W/PowerManagerService(  459): Timer 0x3->0x3|0x0
D/PowerManagerService(  459): setScreenOffTimeouts mKeylightDelay=1500 mDimDelay=51500 mScreenOffDelay=7000 mDimScreen=true
V/WindowManager(  459): rotationForOrientationLw(orient=-1, last=0); user=0  mLidState=-1 mCoverState=-1 mDockMode=0 mHdmiPlugged=false mAccelerometerDefault=false sensorRotation=0
D/STATUSBAR-StatusBarManagerService(  459): manageDisableList what=0x0 pkg=system
D/STATUSBAR-StatusBarManagerService(  459): manageDisableList what=0x0 pkg=android
D/PowerManagerService(  459): setScreenOffTimeouts mKeylightDelay=1500 mDimDelay=51500 mScreenOffDelay=7000 mDimScreen=true
V/WindowOrientationListener(  459): WindowOrientationListener disabled
V/WindowManager(  459): rotationForOrientationLw(orient=-1, last=0); user=0 USER_ROTATION_LOCKED mLidState=-1 mCoverState=-1 mDockMode=0 mHdmiPlugged=false mAccelerometerDefault=false sensorRotation=-1
D/STATUSBAR-StatusBarManagerService(  459): manageDisableList what=0x0 pkg=system
D/STATUSBAR-StatusBarManagerService(  459): manageDisableList what=0x0 pkg=android
V/WindowManager(  459): rotationForOrientationLw(orient=-1, last=0); user=0 USER_ROTATION_LOCKED mLidState=-1 mCoverState=-1 mDockMode=0 mHdmiPlugged=false mAccelerometerDefault=false sensorRotation=-1
D/STATUSBAR-StatusBarManagerService(  459): manageDisableList what=0x0 pkg=system
D/STATUSBAR-StatusBarManagerService(  459): manageDisableList what=0x0 pkg=android
D/STATUSBAR-StatusBarManagerService(  459): manageDisableList what=0x0 pkg=system
D/STATUSBAR-StatusBarManagerService(  459): manageDisableList what=0x0 pkg=android
V/WindowManager(  459): rotationForOrientationLw(orient=-1, last=0); user=0 USER_ROTATION_LOCKED mLidState=-1 mCoverState=-1 mDockMode=0 mHdmiPlugged=false mAccelerometerDefault=false sensorRotation=-1
D/STATUSBAR-StatusBarManagerService(  459): manageDisableList what=0x0 pkg=system
D/STATUSBAR-StatusBarManagerService(  459): manageDisableList what=0x0 pkg=android
D/VibratorService(  459): JNI vibratorOff()
D/STATUSBAR-NotificationService(  459): updateLightsLocked() : Turn off notification light
D/LightsService(  459): [SvcLED] setSvcLedStateLocked:: id = 4, color = 0, mode = Off, set = Off
D/LightsService(  459): [SvcLED] wl is null.
D/STATUSBAR-StatusBarManagerService(  459): manageDisableList what=0x0 pkg=system
D/STATUSBAR-StatusBarManagerService(  459): manageDisableList what=0x0 pkg=android
D/STATUSBAR-StatusBarManagerService(  459): setSystemUiVisibility(0x0)
D/STATUSBAR-StatusBarManagerService(  459): manageDisableList what=0x0 pkg=WindowManager.LayoutParams
W/InputMethodManagerService(  459): Window already focused, ignoring focus gain of: com.android.internal.view.IInputMethodClient$Stub$Proxy@427c1810 attribute=null
D/PhoneStatusBar(  761): disable: < expand icons alerts ticker* system_info back home recent clock >
V/WindowManager(  459): rotationForOrientationLw(orient=1, last=0); user=0 USER_ROTATION_LOCKED mLidState=-1 mCoverState=-1 mDockMode=0 mHdmiPlugged=false mAccelerometerDefault=false sensorRotation=-1
D/STATUSBAR-StatusBarManagerService(  459): manageDisableList what=0x0 pkg=system
D/STATUSBAR-StatusBarManagerService(  459): manageDisableList what=0x0 pkg=android
D/WindowManager(  459): mInputFocus is not null.
D/STATUSBAR-StatusBarManagerService(  459): manageDisableList what=0x0 pkg=android
D/WindowManager(  459): mInputFocus is not null.
D/WindowManager(  459): mInputFocus is not null.
D/STATUSBAR-StatusBarManagerService(  459): manageDisableList what=0x1 pkg=android
D/STATUSBAR-StatusBarManagerService(  459): setSystemUiVisibility(0x0)
D/PhoneStatusBar(  761): disable: < expand icons alerts ticker system_info back home recent clock >
D/STATUSBAR-StatusBarManagerService(  459): manageDisableList what=0x0 pkg=WindowManager.LayoutParams
D/STATUSBAR-StatusBarManagerService(  459): manageDisableList what=0x1 pkg=android
D/STATUSBAR-StatusBarManagerService(  459): manageDisableList what=0x0 pkg=system
D/STATUSBAR-StatusBarManagerService(  459): manageDisableList what=0x1 pkg=android
D/STATUSBAR-StatusBarManagerService(  459): manageDisableList what=0x0 pkg=system
D/STATUSBAR-StatusBarManagerService(  459): manageDisableList what=0x1 pkg=android
D/STATUSBAR-StatusBarManagerService(  459): manageDisableList what=0x0 pkg=system
D/STATUSBAR-StatusBarManagerService(  459): manageDisableList what=0x1 pkg=android
D/STATUSBAR-StatusBarManagerService(  459): manageDisableList what=0x0 pkg=system
D/STATUSBAR-StatusBarManagerService(  459): manageDisableList what=0x1 pkg=android
D/STATUSBAR-StatusBarManagerService(  459): manageDisableList what=0x0 pkg=system
D/STATUSBAR-StatusBarManagerService(  459): manageDisableList what=0x1 pkg=android
D/STATUSBAR-StatusBarManagerService(  459): manageDisableList what=0x0 pkg=system
D/STATUSBAR-StatusBarManagerService(  459): manageDisableList what=0x1 pkg=android
D/STATUSBAR-StatusBarManagerService(  459): manageDisableList what=0x0 pkg=system
D/STATUSBAR-StatusBarManagerService(  459): manageDisableList what=0x1 pkg=android
D/STATUSBAR-StatusBarManagerService(  459): manageDisableList what=0x0 pkg=system
D/STATUSBAR-StatusBarManagerService(  459): manageDisableList what=0x1 pkg=android
D/STATUSBAR-StatusBarManagerService(  459): manageDisableList what=0x0 pkg=system
D/STATUSBAR-StatusBarManagerService(  459): manageDisableList what=0x1 pkg=android
W/PowerManagerService(  459): Timer 0x3->0x3|0x0
D/StatusBar.NetworkController(  761): updateTelephonySignalStrength: mSignalStrength == 16(GSM) 16(CDMA) 97(LTE)
V/WindowManager(  459): rotationForOrientationLw(orient=-1, last=0); user=0 USER_ROTATION_LOCKED mLidState=-1 mCoverState=-1 mDockMode=0 mHdmiPlugged=false mAccelerometerDefault=false sensorRotation=-1
D/WindowManager(  459): mInputFocus is not null.
D/STATUSBAR-StatusBarManagerService(  459): manageDisableList what=0x0 pkg=android
D/PhoneStatusBar(  761): disable: < expand icons alerts ticker system_info back home recent clock >
D/WindowManager(  459): mInputFocus is not null.
D/STATUSBAR-StatusBarManagerService(  459): manageDisableList what=0x0 pkg=android
D/WindowManager(  459): mInputFocus is not null.
D/WindowManager(  459): mInputFocus is not null.
D/STATUSBAR-StatusBarManagerService(  459): manageDisableList what=0x0 pkg=android
D/WindowManager(  459): mInputFocus is not null.
D/WindowManager(  459): mInputFocus is not null.
D/WindowManager(  459): mInputFocus is not null.
D/STATUSBAR-StatusBarManagerService(  459): manageDisableList what=0x0 pkg=system
D/STATUSBAR-StatusBarManagerService(  459): manageDisableList what=0x0 pkg=android
D/WindowManager(  459): mInputFocus is not null.
D/STATUSBAR-StatusBarManagerService(  459): manageDisableList what=0x0 pkg=system
D/STATUSBAR-StatusBarManagerService(  459): manageDisableList what=0x0 pkg=android
D/WindowManager(  459): mInputFocus is not null.
D/STATUSBAR-StatusBarManagerService(  459): manageDisableList what=0x0 pkg=system
D/STATUSBAR-StatusBarManagerService(  459): manageDisableList what=0x0 pkg=android
D/WindowManager(  459): mInputFocus is not null.
D/STATUSBAR-StatusBarManagerService(  459): manageDisableList what=0x0 pkg=system
D/STATUSBAR-StatusBarManagerService(  459): manageDisableList what=0x0 pkg=android
D/WindowManager(  459): mInputFocus is not null.
D/WindowManager(  459): mInputFocus is not null.
D/STATUSBAR-StatusBarManagerService(  459): manageDisableList what=0x0 pkg=system
D/STATUSBAR-StatusBarManagerService(  459): manageDisableList what=0x0 pkg=android
D/WindowManager(  459): mInputFocus is not null.
D/STATUSBAR-StatusBarManagerService(  459): manageDisableList what=0x0 pkg=system
D/STATUSBAR-StatusBarManagerService(  459): manageDisableList what=0x0 pkg=android
D/WindowManager(  459): mInputFocus is not null.
W/PowerManagerService(  459): Timer 0x3->0x3|0x0
D/StatusBar.NetworkController(  761): updateTelephonySignalStrength: mSignalStrength == 15(GSM) 16(CDMA) 97(LTE)
W/BackupManagerService(  459): dataChanged but no participant pkg='com.android.providers.settings' uid=10054
D/PowerManagerService(  459): setScreenOffTimeouts mKeylightDelay=1500 mDimDelay=51500 mScreenOffDelay=7000 mDimScreen=true
W/BackupManagerService(  459): dataChanged but no participant pkg='com.android.providers.settings' uid=10054
D/PowerManagerService(  459): setScreenOffTimeouts mKeylightDelay=1500 mDimDelay=51500 mScreenOffDelay=7000 mDimScreen=true
W/BackupManagerService(  459): dataChanged but no participant pkg='com.android.providers.settings' uid=10054
D/PowerManagerService(  459): setScreenOffTimeouts mKeylightDelay=1500 mDimDelay=51500 mScreenOffDelay=7000 mDimScreen=true
D/STATUSBAR-StatusBarManagerService(  459): manageDisableList what=0x0 pkg=system
D/STATUSBAR-StatusBarManagerService(  459): manageDisableList what=0x0 pkg=android
D/WindowManager(  459): mInputFocus is not null.
D/WindowManager(  459): mInputFocus is not null.
D/STATUSBAR-StatusBarManagerService(  459): manageDisableList what=0x0 pkg=system
D/STATUSBAR-StatusBarManagerService(  459): manageDisableList what=0x0 pkg=android
D/WindowManager(  459): mInputFocus is not null.
D/WindowManager(  459): mInputFocus is not null.
D/STATUSBAR-StatusBarManagerService(  459): manageDisableList what=0x0 pkg=system
D/STATUSBAR-StatusBarManagerService(  459): manageDisableList what=0x0 pkg=android
D/WindowManager(  459): mInputFocus is not null.
D/STATUSBAR-StatusBarManagerService(  459): manageDisableList what=0x0 pkg=system
D/STATUSBAR-StatusBarManagerService(  459): manageDisableList what=0x0 pkg=android
D/WindowManager(  459): mInputFocus is not null.
D/WindowManager(  459): mInputFocus is not null.
D/WindowManager(  459): mInputFocus is not null.
D/STATUSBAR-StatusBarManagerService(  459): manageDisableList what=0x0 pkg=system
D/STATUSBAR-StatusBarManagerService(  459): setSystemUiVisibility(0x0)
D/STATUSBAR-StatusBarManagerService(  459): manageDisableList what=0x0 pkg=WindowManager.LayoutParams
D/STATUSBAR-StatusBarManagerService(  459): manageDisableList what=0x0 pkg=android
D/STATUSBAR-StatusBarManagerService(  459): manageDisableList what=0x0 pkg=system
D/STATUSBAR-StatusBarManagerService(  459): manageDisableList what=0x0 pkg=android
D/STATUSBAR-StatusBarManagerService(  459): manageDisableList what=0x0 pkg=system
D/STATUSBAR-StatusBarManagerService(  459): manageDisableList what=0x0 pkg=android
D/STATUSBAR-StatusBarManagerService(  459): manageDisableList what=0x0 pkg=system
D/STATUSBAR-StatusBarManagerService(  459): manageDisableList what=0x0 pkg=android
D/STATUSBAR-StatusBarManagerService(  459): manageDisableList what=0x0 pkg=system
D/STATUSBAR-StatusBarManagerService(  459): manageDisableList what=0x0 pkg=android
D/STATUSBAR-StatusBarManagerService(  459): manageDisableList what=0x0 pkg=system
D/STATUSBAR-StatusBarManagerService(  459): manageDisableList what=0x0 pkg=android
D/STATUSBAR-StatusBarManagerService(  459): manageDisableList what=0x0 pkg=system
D/STATUSBAR-StatusBarManagerService(  459): manageDisableList what=0x0 pkg=android
D/StatusBar.NetworkController(  761): updateTelephonySignalStrength: mSignalStrength == 14(GSM) 16(CDMA) 97(LTE)
D/STATUSBAR-NotificationService(  459): enqueueToast()
D/WindowManager(  459): mInputFocus is not null.
D/STATUSBAR-StatusBarManagerService(  459): manageDisableList what=0x0 pkg=android
D/WindowManager(  459): mInputFocus is not null.
D/WindowManager(  459): mInputFocus is not null.
D/WindowManager(  459): mInputFocus is not null.
D/STATUSBAR-StatusBarManagerService(  459): manageDisableList what=0x0 pkg=android
D/WindowManager(  459): mInputFocus is not null.
D/PowerManagerService(  459): acquireWakeLock flags=0x2000000a tag=KEEP_SCREEN_ON_FLAG uid=1000 pid=459
D/WindowManager(  459): mInputFocus is not null.
D/STATUSBAR-StatusBarManagerService(  459): manageDisableList what=0x0 pkg=android
D/WindowManager(  459): mInputFocus is not null.
D/WindowManager(  459): mInputFocus is not null.
D/STATUSBAR-StatusBarManagerService(  459): manageDisableList what=0x0 pkg=android
D/STATUSBAR-StatusBarManagerService(  459): setSystemUiVisibility(0x0)
D/STATUSBAR-StatusBarManagerService(  459): manageDisableList what=0x0 pkg=WindowManager.LayoutParams
D/STATUSBAR-StatusBarManagerService(  459): manageDisableList what=0x0 pkg=android
D/STATUSBAR-StatusBarManagerService(  459): manageDisableList what=0x0 pkg=system
D/STATUSBAR-StatusBarManagerService(  459): manageDisableList what=0x0 pkg=android
D/STATUSBAR-StatusBarManagerService(  459): manageDisableList what=0x0 pkg=system
D/STATUSBAR-StatusBarManagerService(  459): manageDisableList what=0x0 pkg=android
D/STATUSBAR-StatusBarManagerService(  459): manageDisableList what=0x0 pkg=system
D/STATUSBAR-StatusBarManagerService(  459): manageDisableList what=0x0 pkg=android
D/STATUSBAR-StatusBarManagerService(  459): manageDisableList what=0x0 pkg=system
D/STATUSBAR-StatusBarManagerService(  459): manageDisableList what=0x0 pkg=android
D/STATUSBAR-StatusBarManagerService(  459): manageDisableList what=0x0 pkg=system
D/STATUSBAR-StatusBarManagerService(  459): manageDisableList what=0x0 pkg=android
D/STATUSBAR-StatusBarManagerService(  459): manageDisableList what=0x0 pkg=system
D/STATUSBAR-StatusBarManagerService(  459): manageDisableList what=0x0 pkg=android
W/PowerManagerService(  459): Timer 0x3->0x3|0x3
I/NotificationService(  459): cancelToast pkg=com.baidu.input callback=android.app.ITransientNotification$Stub$Proxy@424ae5d0
D/STATUSBAR-NotificationService(  459): cancelToast()
D/STATUSBAR-StatusBarManagerService(  459): manageDisableList what=0x0 pkg=system
D/STATUSBAR-StatusBarManagerService(  459): manageDisableList what=0x0 pkg=android
D/STATUSBAR-StatusBarManagerService(  459): manageDisableList what=0x0 pkg=system
D/STATUSBAR-StatusBarManagerService(  459): manageDisableList what=0x0 pkg=android
D/STATUSBAR-StatusBarManagerService(  459): manageDisableList what=0x0 pkg=system
D/STATUSBAR-StatusBarManagerService(  459): manageDisableList what=0x0 pkg=android
D/PowerManagerService(  459): releaseWakeLockLocked : ON_AFTER_RELEASE
D/PowerManagerService(  459): releaseWakeLockLocked flags=0x0 tag=KEEP_SCREEN_ON_FLAG
D/STATUSBAR-StatusBarManagerService(  459): manageDisableList what=0x0 pkg=system
D/STATUSBAR-StatusBarManagerService(  459): manageDisableList what=0x0 pkg=android
D/STATUSBAR-StatusBarManagerService(  459): manageDisableList what=0x0 pkg=android
D/WindowManager(  459): mInputFocus is not null.
D/WindowManager(  459): mInputFocus is not null.
V/WindowManager(  459): rotationForOrientationLw(orient=-1, last=0); user=0 USER_ROTATION_LOCKED mLidState=-1 mCoverState=-1 mDockMode=0 mHdmiPlugged=false mAccelerometerDefault=false sensorRotation=-1
D/STATUSBAR-StatusBarManagerService(  459): manageDisableList what=0x0 pkg=android
D/WindowManager(  459): mInputFocus is not null.
I/ActivityManager(  459): Config changed: {Rect(0, 426 - 480, 450) 1 0 1.0 0mcc0mnc zh_CN sw320dp w320dp h508dp nrml long port finger -keyb/v/h -nav/h s.7 themeChanged=0 themeChangedFlags=0}
D/STATUSBAR-StatusBarManagerService(  459): manageDisableList what=0x0 pkg=android
D/WindowManager(  459): mInputFocus is not null.
D/WindowManager(  459): mInputFocus is not null.
D/WindowManager(  459): mInputFocus is not null.
D/STATUSBAR-StatusBarManagerService(  459): manageDisableList what=0x0 pkg=android
D/WindowManager(  459): mInputFocus is not null.
D/WindowManager(  459): mInputFocus is not null.
D/STATUSBAR-StatusBarManagerService(  459): manageDisableList what=0x0 pkg=android
D/WindowManager(  459): mInputFocus is not null.
D/STATUSBAR-StatusBarManagerService(  459): manageDisableList what=0x0 pkg=android
D/WindowManager(  459): mInputFocus is not null.
D/STATUSBAR-StatusBarManagerService(  459): manageDisableList what=0x0 pkg=system
D/STATUSBAR-StatusBarManagerService(  459): manageDisableList what=0x0 pkg=android
V/WindowManager(  459): rotationForOrientationLw(orient=-1, last=0); user=0 USER_ROTATION_LOCKED mLidState=-1 mCoverState=-1 mDockMode=0 mHdmiPlugged=false mAccelerometerDefault=false sensorRotation=-1
D/STATUSBAR-StatusBarManagerService(  459): manageDisableList what=0x0 pkg=system
D/STATUSBAR-StatusBarManagerService(  459): manageDisableList what=0x0 pkg=android
D/STATUSBAR-StatusBarManagerService(  459): manageDisableList what=0x0 pkg=system
D/STATUSBAR-StatusBarManagerService(  459): manageDisableList what=0x0 pkg=android
D/STATUSBAR-StatusBarManagerService(  459): manageDisableList what=0x0 pkg=system
D/STATUSBAR-StatusBarManagerService(  459): manageDisableList what=0x0 pkg=android
D/STATUSBAR-StatusBarManagerService(  459): setSystemUiVisibility(0x0)
D/STATUSBAR-StatusBarManagerService(  459): manageDisableList what=0x0 pkg=WindowManager.LayoutParams
D/STATUSBAR-StatusBarManagerService(  459): setSystemUiVisibility(0x0)
D/STATUSBAR-StatusBarManagerService(  459): manageDisableList what=0x0 pkg=WindowManager.LayoutParams
D/STATUSBAR-StatusBarManagerService(  459): setSystemUiVisibility(0x0)
D/STATUSBAR-StatusBarManagerService(  459): manageDisableList what=0x0 pkg=WindowManager.LayoutParams
D/STATUSBAR-StatusBarManagerService(  459): manageDisableList what=0x0 pkg=system
D/STATUSBAR-StatusBarManagerService(  459): manageDisableList what=0x0 pkg=android
D/STATUSBAR-StatusBarManagerService(  459): manageDisableList what=0x0 pkg=system
D/STATUSBAR-StatusBarManagerService(  459): manageDisableList what=0x0 pkg=android
W/InputMethodManagerService(  459): Window already focused, ignoring focus gain of: com.android.internal.view.IInputMethodClient$Stub$Proxy@42cc0e00 attribute=null
D/STATUSBAR-StatusBarManagerService(  459): manageDisableList what=0x0 pkg=system
D/STATUSBAR-StatusBarManagerService(  459): manageDisableList what=0x0 pkg=android
D/STATUSBAR-StatusBarManagerService(  459): manageDisableList what=0x0 pkg=system
D/STATUSBAR-StatusBarManagerService(  459): manageDisableList what=0x0 pkg=android
D/STATUSBAR-StatusBarManagerService(  459): manageDisableList what=0x0 pkg=system
D/STATUSBAR-StatusBarManagerService(  459): manageDisableList what=0x0 pkg=android
D/STATUSBAR-StatusBarManagerService(  459): manageDisableList what=0x0 pkg=system
D/STATUSBAR-StatusBarManagerService(  459): manageDisableList what=0x0 pkg=android
D/STATUSBAR-StatusBarManagerService(  459): manageDisableList what=0x0 pkg=system
D/STATUSBAR-StatusBarManagerService(  459): manageDisableList what=0x0 pkg=android
D/STATUSBAR-StatusBarManagerService(  459): manageDisableList what=0x0 pkg=system
D/STATUSBAR-StatusBarManagerService(  459): manageDisableList what=0x0 pkg=android
V/WindowManager(  459): rotationForOrientationLw(orient=-1, last=0); user=0 USER_ROTATION_LOCKED mLidState=-1 mCoverState=-1 mDockMode=0 mHdmiPlugged=false mAccelerometerDefault=false sensorRotation=-1
D/STATUSBAR-StatusBarManagerService(  459): manageDisableList what=0x0 pkg=system
D/STATUSBAR-StatusBarManagerService(  459): manageDisableList what=0x0 pkg=android
W/PowerManagerService(  459): Timer 0x3->0x3|0x0
D/StatusBar.NetworkController(  761): updateTelephonySignalStrength: mSignalStrength == 13(GSM) 16(CDMA) 97(LTE)
D/WindowManager(  459): mInputFocus is not null.
V/WindowManager(  459): rotationForOrientationLw(orient=1, last=0); user=0 USER_ROTATION_LOCKED mLidState=-1 mCoverState=-1 mDockMode=0 mHdmiPlugged=false mAccelerometerDefault=false sensorRotation=-1
D/STATUSBAR-StatusBarManagerService(  459): manageDisableList what=0x0 pkg=android
D/StatusBar.NetworkController(  761): updateTelephonySignalStrength: mSignalStrength == 12(GSM) 16(CDMA) 97(LTE)
D/WindowManager(  459): mInputFocus is not null.
D/WindowManager(  459): mInputFocus is not null.
D/WindowManager(  459): mInputFocus is not null.
D/STATUSBAR-StatusBarManagerService(  459): manageDisableList what=0x0 pkg=android
D/STATUSBAR-StatusBarManagerService(  459): setSystemUiVisibility(0x0)
D/STATUSBAR-StatusBarManagerService(  459): manageDisableList what=0x0 pkg=WindowManager.LayoutParams
D/STATUSBAR-StatusBarManagerService(  459): manageDisableList what=0x0 pkg=android
D/STATUSBAR-StatusBarManagerService(  459): manageDisableList what=0x0 pkg=system
D/STATUSBAR-StatusBarManagerService(  459): manageDisableList what=0x0 pkg=android
D/STATUSBAR-StatusBarManagerService(  459): manageDisableList what=0x0 pkg=system
D/STATUSBAR-StatusBarManagerService(  459): manageDisableList what=0x0 pkg=android
D/STATUSBAR-StatusBarManagerService(  459): manageDisableList what=0x0 pkg=system
I/ActivityManager(  459): Process com.baidu.input (pid 3304) (adj 0) has died.
D/STATUSBAR-StatusBarManagerService(  459): manageDisableList what=0x0 pkg=android
D/STATUSBAR-StatusBarManagerService(  459): manageDisableList what=0x0 pkg=android
D/WindowManager(  459): mInputFocus is not null.
D/WindowManager(  459): mInputFocus is not null.
D/STATUSBAR-StatusBarManagerService(  459): manageDisableList what=0x0 pkg=android
D/WindowManager(  459): mInputFocus is not null.
D/WindowManager(  459): mInputFocus is not null.
D/STATUSBAR-StatusBarManagerService(  459): manageDisableList what=0x0 pkg=android
D/WindowManager(  459): mInputFocus is not null.
D/WindowManager(  459): mInputFocus is not null.
D/STATUSBAR-StatusBarManagerService(  459): manageDisableList what=0x0 pkg=android
D/WindowManager(  459): mInputFocus is not null.
D/STATUSBAR-StatusBarManagerService(  459): manageDisableList what=0x0 pkg=android
W/WindowManager(  459): Rebuild removed 5 windows but added 3
W/WindowManager(  459): Current app token list:
W/WindowManager(  459): Final window list:
D/WindowManager(  459): mInputFocus is not null.
D/WindowManager(  459): mInputFocus is not null.
D/WindowManager(  459): mInputFocus is not null.
D/STATUSBAR-StatusBarManagerService(  459): manageDisableList what=0x0 pkg=android
D/WindowManager(  459): mInputFocus is not null.
D/STATUSBAR-StatusBarManagerService(  459): manageDisableList what=0x1 pkg=android
D/STATUSBAR-StatusBarManagerService(  459): setSystemUiVisibility(0x0)
D/PhoneStatusBar(  761): disable: < expand icons alerts ticker system_info back home recent clock >
D/STATUSBAR-StatusBarManagerService(  459): manageDisableList what=0x0 pkg=WindowManager.LayoutParams
D/STATUSBAR-StatusBarManagerService(  459): manageDisableList what=0x1 pkg=android
D/STATUSBAR-StatusBarManagerService(  459): manageDisableList what=0x1 pkg=android
D/STATUSBAR-StatusBarManagerService(  459): manageDisableList what=0x0 pkg=system
D/STATUSBAR-StatusBarManagerService(  459): manageDisableList what=0x1 pkg=android
D/STATUSBAR-StatusBarManagerService(  459): manageDisableList what=0x0 pkg=system
D/STATUSBAR-StatusBarManagerService(  459): manageDisableList what=0x1 pkg=android
D/STATUSBAR-StatusBarManagerService(  459): manageDisableList what=0x0 pkg=system
D/STATUSBAR-StatusBarManagerService(  459): manageDisableList what=0x1 pkg=android
W/PowerManagerService(  459): Timer 0x3->0x3|0x0
D/STATUSBAR-StatusBarManagerService(  459): manageDisableList what=0x0 pkg=system
D/STATUSBAR-StatusBarManagerService(  459): manageDisableList what=0x1 pkg=android
D/STATUSBAR-StatusBarManagerService(  459): manageDisableList what=0x0 pkg=system
D/STATUSBAR-StatusBarManagerService(  459): manageDisableList what=0x1 pkg=android
D/STATUSBAR-StatusBarManagerService(  459): manageDisableList what=0x0 pkg=system
D/STATUSBAR-StatusBarManagerService(  459): manageDisableList what=0x1 pkg=android
D/StatusBar.NetworkController(  761): updateTelephonySignalStrength: mSignalStrength == 12(GSM) 16(CDMA) 97(LTE)
V/WindowManager(  459): rotationForOrientationLw(orient=-1, last=0); user=0 USER_ROTATION_LOCKED mLidState=-1 mCoverState=-1 mDockMode=0 mHdmiPlugged=false mAccelerometerDefault=false sensorRotation=-1
D/WindowManager(  459): mInputFocus is not null.
D/STATUSBAR-StatusBarManagerService(  459): manageDisableList what=0x0 pkg=android
D/PhoneStatusBar(  761): disable: < expand icons alerts ticker system_info back home recent clock >
D/WindowManager(  459): mInputFocus is not null.
D/WindowManager(  459): mInputFocus is not null.
D/STATUSBAR-StatusBarManagerService(  459): manageDisableList what=0x0 pkg=android
D/WindowManager(  459): mInputFocus is not null.
D/WindowManager(  459): mInputFocus is not null.
D/STATUSBAR-StatusBarManagerService(  459): manageDisableList what=0x0 pkg=android
D/WindowManager(  459): mInputFocus is not null.
D/WindowManager(  459): mInputFocus is not null.
D/WindowManager(  459): mInputFocus is not null.
D/STATUSBAR-StatusBarManagerService(  459): manageDisableList what=0x0 pkg=system
D/STATUSBAR-StatusBarManagerService(  459): manageDisableList what=0x0 pkg=android
D/WindowManager(  459): mInputFocus is not null.
D/STATUSBAR-StatusBarManagerService(  459): manageDisableList what=0x0 pkg=system
D/STATUSBAR-StatusBarManagerService(  459): manageDisableList what=0x0 pkg=android
D/WindowManager(  459): mInputFocus is not null.
D/STATUSBAR-StatusBarManagerService(  459): manageDisableList what=0x0 pkg=system
D/STATUSBAR-StatusBarManagerService(  459): manageDisableList what=0x0 pkg=android
D/WindowManager(  459): mInputFocus is not null.
D/STATUSBAR-StatusBarManagerService(  459): manageDisableList what=0x0 pkg=system
D/STATUSBAR-StatusBarManagerService(  459): manageDisableList what=0x0 pkg=android
D/WindowManager(  459): mInputFocus is not null.
D/WindowManager(  459): mInputFocus is not null.
D/STATUSBAR-StatusBarManagerService(  459): manageDisableList what=0x0 pkg=system
D/STATUSBAR-StatusBarManagerService(  459): manageDisableList what=0x0 pkg=android
D/WindowManager(  459): mInputFocus is not null.
D/STATUSBAR-StatusBarManagerService(  459): manageDisableList what=0x0 pkg=system
D/STATUSBAR-StatusBarManagerService(  459): manageDisableList what=0x0 pkg=android
D/WindowManager(  459): mInputFocus is not null.
W/PowerManagerService(  459): Timer 0x3->0x3|0x0
D/STATUSBAR-StatusBarManagerService(  459): manageDisableList what=0x0 pkg=system
D/STATUSBAR-StatusBarManagerService(  459): manageDisableList what=0x0 pkg=android
D/WindowManager(  459): mInputFocus is not null.
D/WindowManager(  459): mInputFocus is not null.
V/WindowManager(  459): rotationForOrientationLw(orient=1, last=0); user=0 USER_ROTATION_LOCKED mLidState=-1 mCoverState=-1 mDockMode=0 mHdmiPlugged=false mAccelerometerDefault=false sensorRotation=-1
D/STATUSBAR-StatusBarManagerService(  459): manageDisableList what=0x0 pkg=system
D/STATUSBAR-StatusBarManagerService(  459): manageDisableList what=0x0 pkg=android
D/WindowManager(  459): mInputFocus is not null.
D/WindowManager(  459): mInputFocus is not null.
D/STATUSBAR-StatusBarManagerService(  459): manageDisableList what=0x0 pkg=system
D/STATUSBAR-StatusBarManagerService(  459): manageDisableList what=0x0 pkg=android
D/WindowManager(  459): mInputFocus is not null.
D/STATUSBAR-StatusBarManagerService(  459): manageDisableList what=0x0 pkg=system
D/STATUSBAR-StatusBarManagerService(  459): manageDisableList what=0x0 pkg=android
D/WindowManager(  459): mInputFocus is not null.
D/WindowManager(  459): mInputFocus is not null.
W/ProcessStats(  459): Skipping unknown process pid 3365
D/WindowManager(  459): mInputFocus is not null.
D/STATUSBAR-StatusBarManagerService(  459): manageDisableList what=0x0 pkg=system
D/STATUSBAR-StatusBarManagerService(  459): setSystemUiVisibility(0x0)
D/STATUSBAR-StatusBarManagerService(  459): manageDisableList what=0x0 pkg=WindowManager.LayoutParams
D/STATUSBAR-StatusBarManagerService(  459): manageDisableList what=0x0 pkg=android
W/InputMethodManagerService(  459): Got RemoteException sending setActive(false) notification to pid 3304 uid 10054
D/STATUSBAR-StatusBarManagerService(  459): manageDisableList what=0x0 pkg=system
D/STATUSBAR-StatusBarManagerService(  459): manageDisableList what=0x0 pkg=android
D/STATUSBAR-StatusBarManagerService(  459): manageDisableList what=0x0 pkg=system
D/STATUSBAR-StatusBarManagerService(  459): manageDisableList what=0x0 pkg=android
D/STATUSBAR-StatusBarManagerService(  459): manageDisableList what=0x0 pkg=system
D/STATUSBAR-StatusBarManagerService(  459): manageDisableList what=0x0 pkg=android
D/STATUSBAR-StatusBarManagerService(  459): manageDisableList what=0x0 pkg=system
D/STATUSBAR-StatusBarManagerService(  459): manageDisableList what=0x0 pkg=android
D/STATUSBAR-StatusBarManagerService(  459): manageDisableList what=0x0 pkg=system
D/STATUSBAR-StatusBarManagerService(  459): manageDisableList what=0x0 pkg=android
D/STATUSBAR-StatusBarManagerService(  459): manageDisableList what=0x0 pkg=system
D/STATUSBAR-StatusBarManagerService(  459): manageDisableList what=0x0 pkg=android
W/ActivityManager(  459): performServiceRestartLocked packagename :com.baidu.input
I/ActivityManager(  459): Process com.baidu.input (pid 3346) (adj 0) has died.
D/STATUSBAR-StatusBarManagerService(  459): manageDisableList what=0x0 pkg=android
D/WindowManager(  459): mInputFocus is not null.
D/STATUSBAR-StatusBarManagerService(  459): manageDisableList what=0x0 pkg=android
D/WindowManager(  459): mInputFocus is not null.
D/WindowManager(  459): mInputFocus is not null.
D/STATUSBAR-StatusBarManagerService(  459): manageDisableList what=0x0 pkg=android
D/WindowManager(  459): mInputFocus is not null.
D/STATUSBAR-StatusBarManagerService(  459): manageDisableList what=0x1 pkg=android
D/STATUSBAR-StatusBarManagerService(  459): setSystemUiVisibility(0x0)
D/PhoneStatusBar(  761): disable: < expand icons alerts ticker system_info back home recent clock >
D/STATUSBAR-StatusBarManagerService(  459): manageDisableList what=0x0 pkg=WindowManager.LayoutParams
D/STATUSBAR-StatusBarManagerService(  459): manageDisableList what=0x1 pkg=android
D/STATUSBAR-StatusBarManagerService(  459): manageDisableList what=0x0 pkg=system
D/STATUSBAR-StatusBarManagerService(  459): manageDisableList what=0x1 pkg=android
D/STATUSBAR-StatusBarManagerService(  459): manageDisableList what=0x0 pkg=system
D/STATUSBAR-StatusBarManagerService(  459): manageDisableList what=0x1 pkg=android
D/STATUSBAR-StatusBarManagerService(  459): manageDisableList what=0x0 pkg=system
D/STATUSBAR-StatusBarManagerService(  459): manageDisableList what=0x1 pkg=android
D/STATUSBAR-StatusBarManagerService(  459): manageDisableList what=0x0 pkg=system
D/STATUSBAR-StatusBarManagerService(  459): manageDisableList what=0x1 pkg=android
D/STATUSBAR-StatusBarManagerService(  459): manageDisableList what=0x0 pkg=system
D/STATUSBAR-StatusBarManagerService(  459): manageDisableList what=0x1 pkg=android
D/STATUSBAR-StatusBarManagerService(  459): manageDisableList what=0x0 pkg=system
D/STATUSBAR-StatusBarManagerService(  459): manageDisableList what=0x1 pkg=android
D/STATUSBAR-StatusBarManagerService(  459): manageDisableList what=0x0 pkg=system
D/STATUSBAR-StatusBarManagerService(  459): manageDisableList what=0x1 pkg=android
V/WindowManager(  459): rotationForOrientationLw(orient=-1, last=0); user=0 USER_ROTATION_LOCKED mLidState=-1 mCoverState=-1 mDockMode=0 mHdmiPlugged=false mAccelerometerDefault=false sensorRotation=-1
D/WindowManager(  459): mInputFocus is not null.
D/STATUSBAR-StatusBarManagerService(  459): manageDisableList what=0x0 pkg=android
D/PhoneStatusBar(  761): disable: < expand icons alerts ticker system_info back home recent clock >
D/WindowManager(  459): mInputFocus is not null.
D/WindowManager(  459): mInputFocus is not null.
D/WindowManager(  459): mInputFocus is not null.
D/STATUSBAR-StatusBarManagerService(  459): manageDisableList what=0x0 pkg=system
D/STATUSBAR-StatusBarManagerService(  459): manageDisableList what=0x0 pkg=android
D/WindowManager(  459): mInputFocus is not null.
D/STATUSBAR-StatusBarManagerService(  459): manageDisableList what=0x0 pkg=system
D/STATUSBAR-StatusBarManagerService(  459): manageDisableList what=0x0 pkg=android
D/WindowManager(  459): mInputFocus is not null.
D/STATUSBAR-StatusBarManagerService(  459): manageDisableList what=0x0 pkg=system
D/STATUSBAR-StatusBarManagerService(  459): manageDisableList what=0x0 pkg=android
D/WindowManager(  459): mInputFocus is not null.
D/WindowManager(  459): mInputFocus is not null.
D/STATUSBAR-StatusBarManagerService(  459): manageDisableList what=0x0 pkg=system
D/STATUSBAR-StatusBarManagerService(  459): manageDisableList what=0x0 pkg=android
D/WindowManager(  459): mInputFocus is not null.
D/STATUSBAR-StatusBarManagerService(  459): manageDisableList what=0x0 pkg=system
D/STATUSBAR-StatusBarManagerService(  459): manageDisableList what=0x0 pkg=android
D/WindowManager(  459): mInputFocus is not null.
W/PowerManagerService(  459): Timer 0x3->0x3|0x0
D/WindowManager(  459): mInputFocus is not null.
D/STATUSBAR-StatusBarManagerService(  459): manageDisableList what=0x0 pkg=system
D/STATUSBAR-StatusBarManagerService(  459): manageDisableList what=0x0 pkg=android
D/STATUSBAR-StatusBarManagerService(  459): setSystemUiVisibility(0x0)
D/STATUSBAR-StatusBarManagerService(  459): manageDisableList what=0x0 pkg=WindowManager.LayoutParams
D/STATUSBAR-StatusBarManagerService(  459): manageDisableList what=0x0 pkg=system
D/STATUSBAR-StatusBarManagerService(  459): manageDisableList what=0x0 pkg=android
W/InputMethodManagerService(  459): Got RemoteException sending setActive(false) notification to pid 3346 uid 10054
D/STATUSBAR-StatusBarManagerService(  459): manageDisableList what=0x0 pkg=system
D/STATUSBAR-StatusBarManagerService(  459): manageDisableList what=0x0 pkg=android
D/STATUSBAR-StatusBarManagerService(  459): manageDisableList what=0x0 pkg=system
D/STATUSBAR-StatusBarManagerService(  459): manageDisableList what=0x0 pkg=android
D/STATUSBAR-StatusBarManagerService(  459): manageDisableList what=0x0 pkg=system
D/STATUSBAR-StatusBarManagerService(  459): manageDisableList what=0x0 pkg=android
D/STATUSBAR-StatusBarManagerService(  459): manageDisableList what=0x0 pkg=system
D/STATUSBAR-StatusBarManagerService(  459): manageDisableList what=0x0 pkg=android
D/STATUSBAR-StatusBarManagerService(  459): manageDisableList what=0x0 pkg=system
D/STATUSBAR-StatusBarManagerService(  459): manageDisableList what=0x0 pkg=android
D/StatusBar.NetworkController(  761): updateTelephonySignalStrength: mSignalStrength == 12(GSM) 16(CDMA) 97(LTE)
W/SocketClient(   85): write error (Broken pipe)
V/AlarmManager(  459): waitForAlarm result :8
V/AlarmManager(  459): ClockReceiver onReceive() ACTION_TIME_TICK
W/AlarmManager(  459): FACTORY_ON= 0
D/WindowManager(  459): mInputFocus is not null.
D/STATUSBAR-StatusBarManagerService(  459): manageDisableList what=0x0 pkg=android
D/WindowManager(  459): mInputFocus is not null.
D/WindowManager(  459): mInputFocus is not null.
D/StatusBar.NetworkController(  761): updateTelephonySignalStrength: mSignalStrength == 13(GSM) 16(CDMA) 97(LTE)
D/WindowManager(  459): mInputFocus is not null.
D/STATUSBAR-StatusBarManagerService(  459): manageDisableList what=0x0 pkg=android
D/STATUSBAR-StatusBarManagerService(  459): setSystemUiVisibility(0x0)
D/STATUSBAR-StatusBarManagerService(  459): manageDisableList what=0x0 pkg=WindowManager.LayoutParams
D/STATUSBAR-StatusBarManagerService(  459): manageDisableList what=0x0 pkg=android
D/STATUSBAR-StatusBarManagerService(  459): manageDisableList what=0x0 pkg=system
D/STATUSBAR-StatusBarManagerService(  459): manageDisableList what=0x0 pkg=android
D/STATUSBAR-StatusBarManagerService(  459): manageDisableList what=0x0 pkg=system
D/STATUSBAR-StatusBarManagerService(  459): manageDisableList what=0x0 pkg=android
D/STATUSBAR-StatusBarManagerService(  459): manageDisableList what=0x0 pkg=system
D/STATUSBAR-StatusBarManagerService(  459): manageDisableList what=0x0 pkg=android
D/STATUSBAR-StatusBarManagerService(  459): manageDisableList what=0x0 pkg=system
D/STATUSBAR-StatusBarManagerService(  459): manageDisableList what=0x0 pkg=android
D/STATUSBAR-StatusBarManagerService(  459): manageDisableList what=0x0 pkg=system
D/STATUSBAR-StatusBarManagerService(  459): manageDisableList what=0x0 pkg=android
I/ActivityManager(  459): Process com.baidu.input (pid 3370) (adj 0) has died.
D/STATUSBAR-StatusBarManagerService(  459): manageDisableList what=0x0 pkg=android
D/WindowManager(  459): mInputFocus is not null.
D/STATUSBAR-StatusBarManagerService(  459): manageDisableList what=0x0 pkg=android
D/WindowManager(  459): mInputFocus is not null.
D/WindowManager(  459): mInputFocus is not null.
V/WindowManager(  459): rotationForOrientationLw(orient=1, last=0); user=0 USER_ROTATION_LOCKED mLidState=-1 mCoverState=-1 mDockMode=0 mHdmiPlugged=false mAccelerometerDefault=false sensorRotation=-1
D/STATUSBAR-StatusBarManagerService(  459): manageDisableList what=0x1 pkg=android
D/STATUSBAR-StatusBarManagerService(  459): setSystemUiVisibility(0x0)
D/PhoneStatusBar(  761): disable: < expand icons alerts ticker system_info back home recent clock >
D/STATUSBAR-StatusBarManagerService(  459): manageDisableList what=0x0 pkg=WindowManager.LayoutParams
D/STATUSBAR-StatusBarManagerService(  459): manageDisableList what=0x1 pkg=android
W/PowerManagerService(  459): Timer 0x3->0x3|0x0
D/STATUSBAR-StatusBarManagerService(  459): manageDisableList what=0x1 pkg=android
D/STATUSBAR-StatusBarManagerService(  459): manageDisableList what=0x0 pkg=system
D/STATUSBAR-StatusBarManagerService(  459): manageDisableList what=0x1 pkg=android
D/STATUSBAR-StatusBarManagerService(  459): manageDisableList what=0x0 pkg=system
D/STATUSBAR-StatusBarManagerService(  459): manageDisableList what=0x1 pkg=android
D/STATUSBAR-StatusBarManagerService(  459): manageDisableList what=0x0 pkg=system
D/STATUSBAR-StatusBarManagerService(  459): manageDisableList what=0x1 pkg=android
D/STATUSBAR-StatusBarManagerService(  459): manageDisableList what=0x0 pkg=system
D/STATUSBAR-StatusBarManagerService(  459): manageDisableList what=0x1 pkg=android
D/STATUSBAR-StatusBarManagerService(  459): manageDisableList what=0x0 pkg=system
D/STATUSBAR-StatusBarManagerService(  459): manageDisableList what=0x1 pkg=android
D/STATUSBAR-StatusBarManagerService(  459): manageDisableList what=0x0 pkg=system
D/STATUSBAR-StatusBarManagerService(  459): manageDisableList what=0x1 pkg=android
V/WindowManager(  459): rotationForOrientationLw(orient=-1, last=0); user=0 USER_ROTATION_LOCKED mLidState=-1 mCoverState=-1 mDockMode=0 mHdmiPlugged=false mAccelerometerDefault=false sensorRotation=-1
D/WindowManager(  459): mInputFocus is not null.
D/STATUSBAR-StatusBarManagerService(  459): manageDisableList what=0x0 pkg=android
D/PhoneStatusBar(  761): disable: < expand icons alerts ticker system_info back home recent clock >
D/WindowManager(  459): mInputFocus is not null.
D/WindowManager(  459): mInputFocus is not null.
D/STATUSBAR-StatusBarManagerService(  459): manageDisableList what=0x0 pkg=android
D/WindowManager(  459): mInputFocus is not null.
D/WindowManager(  459): mInputFocus is not null.
D/STATUSBAR-StatusBarManagerService(  459): manageDisableList what=0x0 pkg=android
D/WindowManager(  459): mInputFocus is not null.
D/WindowManager(  459): mInputFocus is not null.
D/WindowManager(  459): mInputFocus is not null.
D/STATUSBAR-StatusBarManagerService(  459): manageDisableList what=0x0 pkg=system
D/STATUSBAR-StatusBarManagerService(  459): manageDisableList what=0x0 pkg=android
D/WindowManager(  459): mInputFocus is not null.
D/STATUSBAR-StatusBarManagerService(  459): manageDisableList what=0x0 pkg=system
D/STATUSBAR-StatusBarManagerService(  459): manageDisableList what=0x0 pkg=android
D/WindowManager(  459): mInputFocus is not null.
