E/SMD     (  101): 
E/SMD     (  101): OK
E/SMD     (  101): 0,"RC",0,"ME",0
E/SMD     (  101): 
E/SMD     (  101): Before the Modem Read select 
E/DataRouter(   99): [socket:13]******* Received data notification *******
E/DataRouter(   99): [socket:13]read socket data[len:1]
E/DataRouter(   99): [socket:13]read socket data[message:C
E/DataRouter(   99): write [1] bytes of data to USB fd[9]
E/DataRouter(   99): [socket:13]dr_usb_write
E/DataRouter(   99): After the usb select 
E/DataRouter(   99): read usb data[len:1]
E/DataRouter(   99): read usb data message:P
E/DataRouter(   99): Before the usb select 
E/SMD     (  101): ***Received data notification[DR->SMD]***
E/SMD     (  101): Message:P
E/SMD     (  101): Sending data to SMD: Len = [1]
E/SMD     (  101):  buffer = [P]
E/SMD     (  101): Wrote 1 chars to SMD PORT fd=7 ch = 50
E/SMD     (  101): After the Modem Read select 
E/SMD     (  101): Read 1 chars from SMD Modem file fd = 7
E/SMD     (  101):  Message: P
E/SMD     (  101): +CME ERROR: 4
E/SMD     (  101): 
E/SMD     (  101): ication CO.
E/SMD     (  101): 
E/SMD     (  101): OK
E/SMD     (  101): 0,"RC",0,"ME",0
E/SMD     (  101): 
E/SMD     (  101): Before the Modem Read select 
E/DataRouter(   99): [socket:13]******* Received data notification *******
E/DataRouter(   99): [socket:13]read socket data[len:1]
E/DataRouter(   99): [socket:13]read socket data[message:P
E/DataRouter(   99): write [1] bytes of data to USB fd[9]
E/DataRouter(   99): [socket:13]dr_usb_write
E/DataRouter(   99): After the usb select 
E/DataRouter(   99): read usb data[len:1]
E/DataRouter(   99): read usb data message:I
E/DataRouter(   99): Before the usb select 
E/SMD     (  101): ***Received data notification[DR->SMD]***
E/SMD     (  101): Message:I
E/SMD     (  101): Sending data to SMD: Len = [1]
E/SMD     (  101):  buffer = [I]
E/SMD     (  101): Wrote 1 chars to SMD PORT fd=7 ch = 49
E/SMD     (  101): After the Modem Read select 
E/SMD     (  101): Read 1 chars from SMD Modem file fd = 7
E/SMD     (  101):  Message: I
E/SMD     (  101): +CME ERROR: 4
E/SMD     (  101): 
E/SMD     (  101): ication CO.
E/SMD     (  101): 
E/SMD     (  101): OK
E/SMD     (  101): 0,"RC",0,"ME",0
E/SMD     (  101): 
E/SMD     (  101): Before the Modem Read select 
E/DataRouter(   99): [socket:13]******* Received data notification *******
E/DataRouter(   99): [socket:13]read socket data[len:1]
E/DataRouter(   99): [socket:13]read socket data[message:I
E/DataRouter(   99): write [1] bytes of data to USB fd[9]
E/DataRouter(   99): [socket:13]dr_usb_write
E/DataRouter(   99): After the usb select 
E/DataRouter(   99): read usb data[len:1]
E/DataRouter(   99): read usb data message:N
E/DataRouter(   99): Before the usb select 
E/SMD     (  101): ***Received data notification[DR->SMD]***
E/SMD     (  101): Message:N
E/SMD     (  101): Sending data to SMD: Len = [1]
E/SMD     (  101):  buffer = [N]
E/SMD     (  101): Wrote 1 chars to SMD PORT fd=7 ch = 4e
E/SMD     (  101): After the Modem Read select 
E/SMD     (  101): Read 1 chars from SMD Modem file fd = 7
E/SMD     (  101):  Message: N
E/SMD     (  101): +CME ERROR: 4
E/SMD     (  101): 
E/SMD     (  101): ication CO.
E/SMD     (  101): 
E/SMD     (  101): OK
E/SMD     (  101): 0,"RC",0,"ME",0
E/SMD     (  101): 
E/SMD     (  101): Before the Modem Read select 
E/DataRouter(   99): [socket:13]******* Received data notification *******
E/DataRouter(   99): [socket:13]read socket data[len:1]
E/DataRouter(   99): [socket:13]read socket data[message:N
E/DataRouter(   99): write [1] bytes of data to USB fd[9]
E/DataRouter(   99): [socket:13]dr_usb_write
E/DataRouter(   99): After the usb select 
E/DataRouter(   99): read usb data[len:1]
E/DataRouter(   99): read usb data message:?
E/DataRouter(   99): Before the usb select 
E/SMD     (  101): ***Received data notification[DR->SMD]***
E/SMD     (  101): Message:?
E/SMD     (  101): Sending data to SMD: Len = [1]
E/SMD     (  101):  buffer = [?]
E/SMD     (  101): Wrote 1 chars to SMD PORT fd=7 ch = 3f
E/SMD     (  101): After the Modem Read select 
E/SMD     (  101): Read 1 chars from SMD Modem file fd = 7
E/SMD     (  101):  Message: ?
E/SMD     (  101): +CME ERROR: 4
E/SMD     (  101): 
E/SMD     (  101): ication CO.
E/SMD     (  101): 
E/SMD     (  101): OK
E/SMD     (  101): 0,"RC",0,"ME",0
E/SMD     (  101): 
E/SMD     (  101): Before the Modem Read select 
E/DataRouter(   99): [socket:13]******* Received data notification *******
E/DataRouter(   99): [socket:13]read socket data[len:1]
E/DataRouter(   99): [socket:13]read socket data[message:?
E/DataRouter(   99): write [1] bytes of data to USB fd[9]
E/DataRouter(   99): [socket:13]dr_usb_write
E/DataRouter(   99): After the usb select 
E/DataRouter(   99): read usb data[len:1]
E/DataRouter(   99): read usb data message:
E/DataRouter(   99): Before the usb select 
E/SMD     (  101): ***Received data notification[DR->SMD]***
E/SMD     (  101): Message:
E/SMD     (  101): Sending data to SMD: Len = [1]
E/SMD     (  101):  buffer = []
E/SMD     (  101): Wrote 1 chars to SMD PORT fd=7 ch = d
E/SMD     (  101): After the Modem Read select 
E/SMD     (  101): Read 1 chars from SMD Modem file fd = 7
E/SMD     (  101):  Message: 
E/SMD     (  101): +CME ERROR: 4
E/SMD     (  101): 
E/SMD     (  101): ication CO.
E/SMD     (  101): 
E/SMD     (  101): OK
E/SMD     (  101): 0,"RC",0,"ME",0
E/SMD     (  101): 
E/SMD     (  101): Before the Modem Read select 
E/DataRouter(   99): [socket:13]******* Received data notification *******
E/DataRouter(   99): [socket:13]read socket data[len:1]
E/DataRouter(   99): [socket:13]read socket data[message:
E/DataRouter(   99): write [1] bytes of data to USB fd[9]
E/DataRouter(   99): [socket:13]dr_usb_write
D/SPRDENG (  148): eng_servermodem_comm: use SIM1 /dev/CHNPTY13
D/SPRDENG (  148): AT > AT+CPIN?
D/SPRDENG (  148): 41
D/SPRDENG (  148): 54
D/SPRDENG (  148): 2b
D/SPRDENG (  148): 43
D/SPRDENG (  148): 50
D/SPRDENG (  148): 49
D/SPRDENG (  148): 4e
D/SPRDENG (  148): 3f
D/SPRDENG (  148): d
D/SPRDENG (  148): eng_modem2server: use SIM1 /dev/CHNPTY13
D/SPRDENG (  148): AT < 
D/SPRDENG (  148): +CME ERROR: 10
D/SPRDENG (  148): 
E/SMD     (  101): After the Modem Read select 
E/SMD     (  101): Read 18 chars from SMD Modem file fd = 7
E/SMD     (  101):  Message: 
E/SMD     (  101): +CME ERROR: 10
E/SMD     (  101): 
E/SMD     (  101): ication CO.
E/SMD     (  101): 
E/SMD     (  101): OK
E/SMD     (  101): 0,"RC",0,"ME",0
E/SMD     (  101): 
E/SMD     (  101): Before the Modem Read select 
E/DataRouter(   99): [socket:13]******* Received data notification *******
E/DataRouter(   99): [socket:13]read socket data[len:18]
E/DataRouter(   99): [socket:13]read socket data[message:
E/DataRouter(   99): +CME ERROR: 10
E/DataRouter(   99): 
E/DataRouter(   99): write [18] bytes of data to USB fd[9]
E/DataRouter(   99): [socket:13]dr_usb_write
E/DataRouter(   99): After the usb select 
E/DataRouter(   99): read usb data[len:1]
E/DataRouter(   99): read usb data message:A
E/DataRouter(   99): Before the usb select 
E/SMD     (  101): ***Received data notification[DR->SMD]***
E/SMD     (  101): Message:A
E/SMD     (  101): Sending data to SMD: Len = [1]
E/SMD     (  101):  buffer = [A]
E/SMD     (  101): Wrote 1 chars to SMD PORT fd=7 ch = 41
E/SMD     (  101): After the Modem Read select 
E/SMD     (  101): Read 1 chars from SMD Modem file fd = 7
E/SMD     (  101):  Message: A
E/SMD     (  101): +CME ERROR: 10
E/SMD     (  101): 
E/SMD     (  101): ication CO.
E/SMD     (  101): 
E/SMD     (  101): OK
E/SMD     (  101): 0,"RC",0,"ME",0
E/SMD     (  101): 
E/SMD     (  101): Before the Modem Read select 
E/DataRouter(   99): [socket:13]******* Received data notification *******
E/DataRouter(   99): [socket:13]read socket data[len:1]
E/DataRouter(   99): [socket:13]read socket data[message:A
E/DataRouter(   99): write [1] bytes of data to USB fd[9]
E/DataRouter(   99): [socket:13]dr_usb_write
E/DataRouter(   99): After the usb select 
E/DataRouter(   99): read usb data[len:1]
E/DataRouter(   99): read usb data message:T
E/DataRouter(   99): Before the usb select 
E/SMD     (  101): ***Received data notification[DR->SMD]***
E/SMD     (  101): Message:T
E/SMD     (  101): Sending data to SMD: Len = [1]
E/SMD     (  101):  buffer = [T]
E/SMD     (  101): Wrote 1 chars to SMD PORT fd=7 ch = 54
E/SMD     (  101): After the Modem Read select 
E/SMD     (  101): Read 1 chars from SMD Modem file fd = 7
E/SMD     (  101):  Message: T
E/SMD     (  101): +CME ERROR: 10
E/SMD     (  101): 
E/SMD     (  101): ication CO.
E/SMD     (  101): 
E/SMD     (  101): OK
E/SMD     (  101): 0,"RC",0,"ME",0
E/SMD     (  101): 
E/SMD     (  101): Before the Modem Read select 
E/DataRouter(   99): [socket:13]******* Received data notification *******
E/DataRouter(   99): [socket:13]read socket data[len:1]
E/DataRouter(   99): [socket:13]read socket data[message:T
E/DataRouter(   99): write [1] bytes of data to USB fd[9]
E/DataRouter(   99): [socket:13]dr_usb_write
E/DataRouter(   99): After the usb select 
E/DataRouter(   99): read usb data[len:1]
E/DataRouter(   99): read usb data message:+
E/DataRouter(   99): Before the usb select 
E/SMD     (  101): ***Received data notification[DR->SMD]***
E/SMD     (  101): Message:+
E/SMD     (  101): Sending data to SMD: Len = [1]
E/SMD     (  101):  buffer = [+]
E/SMD     (  101): Wrote 1 chars to SMD PORT fd=7 ch = 2b
E/SMD     (  101): After the Modem Read select 
E/SMD     (  101): Read 1 chars from SMD Modem file fd = 7
E/SMD     (  101):  Message: +
E/SMD     (  101): +CME ERROR: 10
E/SMD     (  101): 
E/SMD     (  101): ication CO.
E/SMD     (  101): 
E/SMD     (  101): OK
E/SMD     (  101): 0,"RC",0,"ME",0
E/SMD     (  101): 
E/SMD     (  101): Before the Modem Read select 
E/DataRouter(   99): [socket:13]******* Received data notification *******
E/DataRouter(   99): [socket:13]read socket data[len:1]
E/DataRouter(   99): [socket:13]read socket data[message:+
E/DataRouter(   99): write [1] bytes of data to USB fd[9]
E/DataRouter(   99): [socket:13]dr_usb_write
E/DataRouter(   99): After the usb select 
E/DataRouter(   99): read usb data[len:1]
E/DataRouter(   99): read usb data message:C
E/DataRouter(   99): Before the usb select 
E/SMD     (  101): ***Received data notification[DR->SMD]***
E/SMD     (  101): Message:C
E/SMD     (  101): Sending data to SMD: Len = [1]
E/SMD     (  101):  buffer = [C]
E/SMD     (  101): Wrote 1 chars to SMD PORT fd=7 ch = 43
E/SMD     (  101): After the Modem Read select 
E/SMD     (  101): Read 1 chars from SMD Modem file fd = 7
E/SMD     (  101):  Message: C
E/SMD     (  101): +CME ERROR: 10
E/SMD     (  101): 
E/SMD     (  101): ication CO.
E/SMD     (  101): 
E/SMD     (  101): OK
E/SMD     (  101): 0,"RC",0,"ME",0
E/SMD     (  101): 
E/SMD     (  101): Before the Modem Read select 
E/DataRouter(   99): [socket:13]******* Received data notification *******
E/DataRouter(   99): [socket:13]read socket data[len:1]
E/DataRouter(   99): [socket:13]read socket data[message:C
E/DataRouter(   99): write [1] bytes of data to USB fd[9]
E/DataRouter(   99): [socket:13]dr_usb_write
E/DataRouter(   99): After the usb select 
E/DataRouter(   99): read usb data[len:1]
E/DataRouter(   99): read usb data message:G
E/DataRouter(   99): Before the usb select 
E/SMD     (  101): ***Received data notification[DR->SMD]***
E/SMD     (  101): Message:G
E/SMD     (  101): Sending data to SMD: Len = [1]
E/SMD     (  101):  buffer = [G]
E/SMD     (  101): Wrote 1 chars to SMD PORT fd=7 ch = 47
E/SMD     (  101): After the Modem Read select 
E/SMD     (  101): Read 1 chars from SMD Modem file fd = 7
E/SMD     (  101):  Message: G
E/SMD     (  101): +CME ERROR: 10
E/SMD     (  101): 
E/SMD     (  101): ication CO.
E/SMD     (  101): 
E/SMD     (  101): OK
E/SMD     (  101): 0,"RC",0,"ME",0
E/SMD     (  101): 
E/SMD     (  101): Before the Modem Read select 
E/DataRouter(   99): [socket:13]******* Received data notification *******
E/DataRouter(   99): [socket:13]read socket data[len:1]
E/DataRouter(   99): [socket:13]read socket data[message:G
E/DataRouter(   99): write [1] bytes of data to USB fd[9]
E/DataRouter(   99): [socket:13]dr_usb_write
E/DataRouter(   99): After the usb select 
E/DataRouter(   99): read usb data[len:1]
E/DataRouter(   99): read usb data message:M
E/DataRouter(   99): Before the usb select 
E/SMD     (  101): ***Received data notification[DR->SMD]***
E/SMD     (  101): Message:M
E/SMD     (  101): Sending data to SMD: Len = [1]
E/SMD     (  101):  buffer = [M]
E/SMD     (  101): Wrote 1 chars to SMD PORT fd=7 ch = 4d
E/SMD     (  101): After the Modem Read select 
E/SMD     (  101): Read 1 chars from SMD Modem file fd = 7
E/SMD     (  101):  Message: M
E/SMD     (  101): +CME ERROR: 10
E/SMD     (  101): 
E/SMD     (  101): ication CO.
E/SMD     (  101): 
E/SMD     (  101): OK
E/SMD     (  101): 0,"RC",0,"ME",0
E/SMD     (  101): 
E/SMD     (  101): Before the Modem Read select 
E/DataRouter(   99): [socket:13]******* Received data notification *******
E/DataRouter(   99): [socket:13]read socket data[len:1]
E/DataRouter(   99): [socket:13]read socket data[message:M
E/DataRouter(   99): write [1] bytes of data to USB fd[9]
E/DataRouter(   99): [socket:13]dr_usb_write
E/DataRouter(   99): After the usb select 
E/DataRouter(   99): read usb data[len:1]
E/DataRouter(   99): read usb data message:M
E/DataRouter(   99): Before the usb select 
E/SMD     (  101): ***Received data notification[DR->SMD]***
E/SMD     (  101): Message:M
E/SMD     (  101): Sending data to SMD: Len = [1]
E/SMD     (  101):  buffer = [M]
E/SMD     (  101): Wrote 1 chars to SMD PORT fd=7 ch = 4d
E/SMD     (  101): After the Modem Read select 
E/SMD     (  101): Read 1 chars from SMD Modem file fd = 7
E/SMD     (  101):  Message: M
E/SMD     (  101): +CME ERROR: 10
E/SMD     (  101): 
E/SMD     (  101): ication CO.
E/SMD     (  101): 
E/SMD     (  101): OK
E/SMD     (  101): 0,"RC",0,"ME",0
E/SMD     (  101): 
E/SMD     (  101): Before the Modem Read select 
E/DataRouter(   99): [socket:13]******* Received data notification *******
E/DataRouter(   99): [socket:13]read socket data[len:1]
E/DataRouter(   99): [socket:13]read socket data[message:M
E/DataRouter(   99): write [1] bytes of data to USB fd[9]
E/DataRouter(   99): [socket:13]dr_usb_write
E/DataRouter(   99): After the usb select 
E/DataRouter(   99): read usb data[len:1]
E/DataRouter(   99): read usb data message:
E/DataRouter(   99): Before the usb select 
E/SMD     (  101): ***Received data notification[DR->SMD]***
E/SMD     (  101): Message:
E/SMD     (  101): Sending data to SMD: Len = [1]
E/SMD     (  101):  buffer = []
E/SMD     (  101): Wrote 1 chars to SMD PORT fd=7 ch = d
E/SMD     (  101): After the Modem Read select 
E/SMD     (  101): Read 1 chars from SMD Modem file fd = 7
E/SMD     (  101):  Message: 
E/SMD     (  101): +CME ERROR: 10
E/SMD     (  101): 
E/SMD     (  101): ication CO.
E/SMD     (  101): 
E/SMD     (  101): OK
E/SMD     (  101): 0,"RC",0,"ME",0
E/SMD     (  101): 
E/SMD     (  101): Before the Modem Read select 
E/DataRouter(   99): [socket:13]******* Received data notification *******
E/DataRouter(   99): [socket:13]read socket data[len:1]
E/DataRouter(   99): [socket:13]read socket data[message:
E/DataRouter(   99): write [1] bytes of data to USB fd[9]
E/DataRouter(   99): [socket:13]dr_usb_write
D/SPRDENG (  148): eng_servermodem_comm: use SIM1 /dev/CHNPTY13
D/SPRDENG (  148): AT > AT+CGMM
D/SPRDENG (  148): 41
D/SPRDENG (  148): 54
D/SPRDENG (  148): 2b
D/SPRDENG (  148): 43
D/SPRDENG (  148): 47
D/SPRDENG (  148): 4d
D/SPRDENG (  148): 4d
D/SPRDENG (  148): d
D/SPRDENG (  148): eng_modem2server: use SIM1 /dev/CHNPTY13
D/SPRDENG (  148): AT < 
D/SPRDENG (  148): V1.0.1-B7
D/SPRDENG (  148): 
D/SPRDENG (  148): OK
D/SPRDENG (  148): 
E/SMD     (  101): After the Modem Read select 
E/SMD     (  101): Read 19 chars from SMD Modem file fd = 7
E/SMD     (  101):  Message: 
E/SMD     (  101): V1.0.1-B7
E/SMD     (  101): 
E/SMD     (  101): OK
E/SMD     (  101): ication CO.
E/SMD     (  101): 
E/SMD     (  101): OK
E/SMD     (  101): 0,"RC",0,"ME",0
E/SMD     (  101): 
E/SMD     (  101): Before the Modem Read select 
E/DataRouter(   99): [socket:13]******* Received data notification *******
E/DataRouter(   99): [socket:13]read socket data[len:19]
E/DataRouter(   99): [socket:13]read socket data[message:
E/DataRouter(   99): V1.0.1-B7
E/DataRouter(   99): 
E/DataRouter(   99): OK
E/DataRouter(   99): 
E/DataRouter(   99): write [19] bytes of data to USB fd[9]
E/DataRouter(   99): [socket:13]dr_usb_write
D/dalvikvm(  994): GC_CONCURRENT freed 432K, 16% free 6900K/8135K, paused 2ms+1ms, total 28ms
W/SignalStrength(  474): getGsmLevel=4
W/SignalStrength(  474): getLevel=4 (SignalStrength: 17 -1 -1 -1 -1 -1 -1 -1 -1 -1 -1 -1 gsm|lte 4)
W/SignalStrength(  710): getGsmAsuLevel=17
W/SignalStrength(  710): getCdmaAsuLevel=16
W/SignalStrength(  710): Lte Asu level: 97
W/SignalStrength(  710): getGsmLevel=4
W/SignalStrength(  710): getLevel=4 (SignalStrength: 17 -1 -1 -1 -1 -1 -1 -1 -1 -1 -1 -1 gsm|lte 4)
W/SignalStrength(  710): getEvdoLevel=0
D/StatusBar.NetworkController(  710): updateTelephonySignalStrength: mSignalStrength == 17(GSM) 16(CDMA) 97(LTE)
W/SignalStrength(  474): getGsmDbm=-79
W/SignalStrength(  474): getDbm=-79
W/SignalStrength(  474): getGsmAsuLevel=17
W/SignalStrength(  474): getAsuLevel=17
D/dalvikvm(  994): GC_CONCURRENT freed 383K, 16% free 6901K/8135K, paused 1ms+6ms, total 24ms
D/dalvikvm(  994): GC_CONCURRENT freed 384K, 16% free 6902K/8135K, paused 2ms+2ms, total 21ms
E/Watchdog(  474): !@Sync 3
D/dalvikvm(  994): GC_CONCURRENT freed 388K, 16% free 6901K/8135K, paused 2ms+1ms, total 17ms
W/ThrottleService(  474): unable to find stats for iface rmnet0
W/AlarmManager(  474): FACTORY_ON= 0
W/SocketClient(   85): write error (Broken pipe)
D/dalvikvm(  994): WAIT_FOR_CONCURRENT_GC blocked 0ms
D/dalvikvm(  994): GC_EXPLICIT freed 18K, 16% free 6901K/8135K, paused 2ms+2ms, total 28ms
D/dalvikvm(  994): GC_CONCURRENT freed 391K, 16% free 6902K/8135K, paused 2ms+2ms, total 17ms
E/MtpServerJNI(  994): server is null in send_object_removed
E/MtpServerJNI(  994): server is null in send_object_removed
E/MTPPlaObsrvr(  954): On change is called.false
E/MTPPlaObsrvr(  954): URI of the playlistcontent://media/external/audio/playlists
E/MTPPlaObsrvr(  954): Content resolver is not null
E/MTPPlaObsrvr(  954): Count0mCount0
E/MTPPlaObsrvr(  954): Neither deleted nor added. Could be rename
V/MediaScanner(  994): processDirectory :  /storage/sdcard0
D/MediaScanner(  994): BulkDeleter flush number : 2
D/MediaScanner(  994): BulkDeleter ID-info : [390, 472]
D/MediaScanner(  994): Skipping:
D/MediaScanner(  994): 7klwibgf7kdcbid(7DCRV75lpnvaubrtk7
D/dalvikvm(  474): WAIT_FOR_CONCURRENT_GC blocked 0ms
D/dalvikvm(  474): GC_EXPLICIT freed 542K, 24% free 16309K/21383K, paused 6ms+13ms, total 113ms
D/MediaScanner(  994): Skipping:
D/MediaScanner(  994): 7klwibgf7kdcbid(7Budiwrd7dblb7
D/MediaScanner(  994): Skipping:
D/MediaScanner(  994): 7klwibgf7kdcbid(75ebcf7
D/dalvikvm(  994): GC_CONCURRENT freed 220K, 14% free 7067K/8135K, paused 2ms+3ms, total 41ms
D/InputDispatcher(  474): notifyMotion - eventTime=236488211000, deviceId=2, source=0x1002, policyFlags=0x0, action=0x0, flags=0x0, metaState=0x0, buttonState=0x0, edgeFlags=0x0, xPrecision=1.002083, yPrecision=1.001250, downTime=236488211000
I/InputDispatcher(  474): Delivering touch to current input target: action: 0x0
I/InputDispatcher(  474): Delivering touch to current input target: action: 0x0
I/InputDispatcher(  474): Delivering touch to current input target: action: 0x0
D/InputDispatcher(  474): notifyMotion - eventTime=236550847000, deviceId=2, source=0x1002, policyFlags=0x0, action=0x1, flags=0x0, metaState=0x0, buttonState=0x0, edgeFlags=0x0, xPrecision=1.002083, yPrecision=1.001250, downTime=236488211000
I/InputDispatcher(  474): Delivering touch to current input target: action: 0x1
I/InputDispatcher(  474): Delivering touch to current input target: action: 0x1
I/InputDispatcher(  474): Delivering touch to current input target: action: 0x1
W/InputMethodManagerService(  474): Force disconnect/connect to the IME in showCurrentInputLocked()
I/MiuiCursorController( 1663): InsertionPointCursorController is hidden including all panels and handle
I/MiuiCursorController( 1663): InsertionPointCursorController show:[false, false, false, false]
I/MiuiCursorController( 1663): InsertionPointCursorController is shown with hidden panels and shown handle
I/MiuiHandleView( 1663): HandleView [0] is shown
I/MiuiCursorController( 1663): Show InsertionPointCursorController in one shot context
I/ClipboardService(  474): Got clipboard for user=0
I/ClipboardService(  474): Got clipboard for user=0
I/ClipboardService(  474): Got clipboard for user=0
I/ClipboardService(  474): Got clipboard for user=0
D/InputDispatcher(  474): notifyMotion - eventTime=236614793000, deviceId=2, source=0x1002, policyFlags=0x0, action=0x0, flags=0x0, metaState=0x0, buttonState=0x0, edgeFlags=0x0, xPrecision=1.002083, yPrecision=1.001250, downTime=236614793000
I/InputDispatcher(  474): Delivering touch to current input target: action: 0x0
I/InputDispatcher(  474): Delivering touch to current input target: action: 0x0
I/InputDispatcher(  474): Delivering touch to current input target: action: 0x0
D/dalvikvm(  474): WAIT_FOR_CONCURRENT_GC blocked 0ms
D/InputDispatcher(  474): notifyMotion - eventTime=236710136000, deviceId=2, source=0x1002, policyFlags=0x0, action=0x1, flags=0x0, metaState=0x0, buttonState=0x0, edgeFlags=0x0, xPrecision=1.002083, yPrecision=1.001250, downTime=236614793000
I/InputDispatcher(  474): Delivering touch to current input target: action: 0x1
I/InputDispatcher(  474): Delivering touch to current input target: action: 0x1
I/InputDispatcher(  474): Delivering touch to current input target: action: 0x1
D/InputDispatcher(  474): notifyMotion - eventTime=236790757000, deviceId=2, source=0x1002, policyFlags=0x0, action=0x0, flags=0x0, metaState=0x0, buttonState=0x0, edgeFlags=0x0, xPrecision=1.002083, yPrecision=1.001250, downTime=236790757000
I/InputDispatcher(  474): Delivering touch to current input target: action: 0x0
I/InputDispatcher(  474): Delivering touch to current input target: action: 0x0
I/InputDispatcher(  474): Delivering touch to current input target: action: 0x0
D/dalvikvm(  474): GC_EXPLICIT freed 166K, 24% free 16269K/21383K, paused 6ms+16ms, total 119ms
W/InputMethodManagerService(  474): Force disconnect/connect to the IME in showCurrentInputLocked()
I/MiuiCursorController( 1663): InsertionPointCursorController is hidden including all panels and handle
I/ClipboardService(  474): Got clipboard for user=0
I/MiuiCursorController( 1663): InsertionPointCursorController show:[false, false, false, false]
I/MiuiCursorController( 1663): InsertionPointCursorController is shown with hidden panels and shown handle
I/MiuiHandleView( 1663): HandleView [0] is shown
I/MiuiCursorController( 1663): Show InsertionPointCursorController in one shot context
I/ClipboardService(  474): Got clipboard for user=0
I/ClipboardService(  474): Got clipboard for user=0
I/ClipboardService(  474): Got clipboard for user=0
D/InputDispatcher(  474): notifyMotion - eventTime=236869351000, deviceId=2, source=0x1002, policyFlags=0x0, action=0x1, flags=0x0, metaState=0x0, buttonState=0x0, edgeFlags=0x0, xPrecision=1.002083, yPrecision=1.001250, downTime=236790757000
I/InputDispatcher(  474): Delivering touch to current input target: action: 0x1
I/InputDispatcher(  474): Delivering touch to current input target: action: 0x1
I/InputDispatcher(  474): Delivering touch to current input target: action: 0x1
D/dalvikvm(  994): WAIT_FOR_CONCURRENT_GC blocked 0ms
D/InputDispatcher(  474): notifyMotion - eventTime=236917424000, deviceId=2, source=0x1002, policyFlags=0x0, action=0x0, flags=0x0, metaState=0x0, buttonState=0x0, edgeFlags=0x0, xPrecision=1.002083, yPrecision=1.001250, downTime=236917424000
I/InputDispatcher(  474): Delivering touch to current input target: action: 0x0
I/InputDispatcher(  474): Delivering touch to current input target: action: 0x0
I/InputDispatcher(  474): Delivering touch to current input target: action: 0x0
D/dalvikvm(  994): GC_EXPLICIT freed 228K, 15% free 6971K/8135K, paused 2ms+3ms, total 37ms
D/InputDispatcher(  474): notifyMotion - eventTime=236996788000, deviceId=2, source=0x1002, policyFlags=0x0, action=0x1, flags=0x0, metaState=0x0, buttonState=0x0, edgeFlags=0x0, xPrecision=1.002083, yPrecision=1.001250, downTime=236917424000
I/InputDispatcher(  474): Delivering touch to current input target: action: 0x1
I/InputDispatcher(  474): Delivering touch to current input target: action: 0x1
I/InputDispatcher(  474): Delivering touch to current input target: action: 0x1
W/InputMethodManagerService(  474): Force disconnect/connect to the IME in showCurrentInputLocked()
I/MiuiCursorController( 1663): InsertionPointCursorController is hidden including all panels and handle
I/MiuiCursorController( 1663): InsertionPointCursorController show:[false, false, false, false]
I/MiuiCursorController( 1663): InsertionPointCursorController is shown with hidden panels and shown handle
I/MiuiHandleView( 1663): HandleView [0] is shown
I/MiuiCursorController( 1663): Show InsertionPointCursorController in one shot context
I/ClipboardService(  474): Got clipboard for user=0
I/ClipboardService(  474): Got clipboard for user=0
I/ClipboardService(  474): Got clipboard for user=0
I/ClipboardService(  474): Got clipboard for user=0
D/InputDispatcher(  474): notifyMotion - eventTime=237045375000, deviceId=2, source=0x1002, policyFlags=0x0, action=0x0, flags=0x0, metaState=0x0, buttonState=0x0, edgeFlags=0x0, xPrecision=1.002083, yPrecision=1.001250, downTime=237045375000
I/InputDispatcher(  474): Delivering touch to current input target: action: 0x0
I/InputDispatcher(  474): Delivering touch to current input target: action: 0x0
I/InputDispatcher(  474): Delivering touch to current input target: action: 0x0
D/InputDispatcher(  474): notifyMotion - eventTime=237124203000, deviceId=2, source=0x1002, policyFlags=0x0, action=0x1, flags=0x0, metaState=0x0, buttonState=0x0, edgeFlags=0x0, xPrecision=1.002083, yPrecision=1.001250, downTime=237045375000
I/InputDispatcher(  474): Delivering touch to current input target: action: 0x1
I/InputDispatcher(  474): Delivering touch to current input target: action: 0x1
I/InputDispatcher(  474): Delivering touch to current input target: action: 0x1
W/InputMethodManagerService(  474): Force disconnect/connect to the IME in showCurrentInputLocked()
I/MiuiCursorController( 1663): InsertionPointCursorController is hidden including all panels and handle
I/ClipboardService(  474): Got clipboard for user=0
I/MiuiCursorController( 1663): InsertionPointCursorController show:[false, false, false, false]
I/MiuiCursorController( 1663): InsertionPointCursorController is shown with hidden panels and shown handle
I/MiuiHandleView( 1663): HandleView [0] is shown
I/MiuiCursorController( 1663): Show InsertionPointCursorController in one shot context
I/ClipboardService(  474): Got clipboard for user=0
I/ClipboardService(  474): Got clipboard for user=0
I/ClipboardService(  474): Got clipboard for user=0
D/dalvikvm(  474): WAIT_FOR_CONCURRENT_GC blocked 0ms
D/dalvikvm(  474): GC_EXPLICIT freed 191K, 24% free 16284K/21383K, paused 6ms+25ms, total 122ms
D/dalvikvm(  994): GC_CONCURRENT freed 257K, 13% free 7099K/8135K, paused 2ms+3ms, total 20ms
V/AlarmManager(  474): waitForAlarm result :8
D/BatteryStatsImpl(  474): ++++++xy WakeLock start : pid=474, name=, type=0, tid=540, pid=474, pName=null
V/AlarmManager(  474): ClockReceiver onReceive() ACTION_TIME_TICK
W/AlarmManager(  474): FACTORY_ON= 0
D/PictureClock(  710): newTime=23:09
D/BatteryStatsImpl(  474): ++++++xy WakeLock stop : pid=474, name=, type=0, tid=493, pid=474, pName=null
D/dalvikvm(  474): WAIT_FOR_CONCURRENT_GC blocked 0ms
D/dalvikvm(  474): GC_EXPLICIT freed 170K, 24% free 16276K/21383K, paused 5ms+12ms, total 106ms
D/dalvikvm(  994): WAIT_FOR_CONCURRENT_GC blocked 0ms
W/PowerManagerService(  474): Timer 0x3->0x3|0x0
D/dalvikvm(  994): GC_EXPLICIT freed 241K, 15% free 6955K/8135K, paused 4ms+3ms, total 34ms
D/InputReader(  474): IInput event: device=0 type=0x0001 code=0x0026 value=0x00000001
D/InputReader(  474): IInput event: device=0 type=0x0001 code=0x0026 value=0x00000000
D/BatteryStatsImpl(  474): ++++++xy WakeLock start : pid=474, name=, type=0, tid=550, pid=474, pName=null
D/STATUSBAR-StatusBarManagerService(  474): manageDisableList what=0x0 pkg=system
D/STATUSBAR-StatusBarManagerService(  474): manageDisableList what=0x0 pkg=android
D/WindowManager(  474): PhoneWindowManager: focusChangedLw
D/WindowManager(  474): updateReadingMode
D/WindowManager(  474): mInputFocus is not null.
I/MiuiCursorController( 1663): InsertionPointCursorController is hidden including all panels and handle
I/RenderThread(  881): RenderThread resumed
D/STATUSBAR-StatusBarManagerService(  474): manageDisableList what=0x0 pkg=android
D/WindowManager(  474): mInputFocus is not null.
D/WindowManager(  474): mInputFocus is not null.
I/NotifierManager(  881): onRegister: miui.maml.NotifierManager$MultiBroadcastNotifier@418bc9a0
I/RenderThread(  881): Sleep for long time:9223372036854716377 ms
D/WindowManager(  474): PhoneWindowManager: focusChangedLw
D/WindowManager(  474): updateReadingMode
D/STATUSBAR-StatusBarManagerService(  474): manageDisableList what=0x1 pkg=android
D/STATUSBAR-StatusBarManagerService(  474): setSystemUiVisibility(0x0)
D/PhoneStatusBar(  710): disable: < expand icons alerts ticker system_info back home recent clock >
D/STATUSBAR-StatusBarManagerService(  474): manageDisableList what=0x0 pkg=WindowManager.LayoutParams
V/PhoneStatusBar(  710): setLightsOn(true)
I/[Gralloc](   87): PERFORM_CREATE hnd=0x40def468,fd=31,offset=0x0,size=1536000,base=0x42f58000,phys_addr=0xfaf2000
I/gralloc.sc8810(   87): ================allocat  ion memory for rgba xres*yres = 480*800 fd = 31:3
I/gralloc.sc8810(  881): ION_IOC_IMPORT success c7b0a6e0,phy addr = faf2000
I/RenderThread(  881): Sleep for long time:9223372036854716261 ms
D/STATUSBAR-StatusBarManagerService(  474): manageDisableList what=0x1 pkg=android
D/STATUSBAR-StatusBarManagerService(  474): manageDisableList what=0x0 pkg=system
D/STATUSBAR-StatusBarManagerService(  474): manageDisableList what=0x1 pkg=android
D/STATUSBAR-StatusBarManagerService(  474): manageDisableList what=0x0 pkg=system
D/BatteryStatsImpl(  474): ++++++xy WakeLock stop : pid=474, name=, type=0, tid=887, pid=474, pName=null
D/STATUSBAR-StatusBarManagerService(  474): manageDisableList what=0x1 pkg=android
D/STATUSBAR-StatusBarManagerService(  474): manageDisableList what=0x0 pkg=system
I/gralloc.sc8810( 1663): ION_IOC_FREE success cb96e6a0,phy addr = f97b000
D/STATUSBAR-StatusBarManagerService(  474): manageDisableList what=0x1 pkg=android
D/InputReader(  474): IInput event: device=0 type=0x0001 code=0x0026 value=0x00000001
D/STATUSBAR-StatusBarManagerService(  474): manageDisableList what=0x0 pkg=system
D/STATUSBAR-StatusBarManagerService(  474): manageDisableList what=0x1 pkg=android
D/STATUSBAR-StatusBarManagerService(  474): manageDisableList what=0x0 pkg=system
I/gralloc.sc8810(   87): FREE hnd=0x40fea110,fd=32,offset=0x0,size=1536000,base=42ac2000,phys_addr=0xf97b000
D/STATUSBAR-StatusBarManagerService(  474): manageDisableList what=0x1 pkg=android
I/gralloc.sc8810(   87): ================ free ion memory fd=32:2
D/Mms     ( 1663): [1] WorkingMessage.java(1083): [WorkingMessage] discard
I/MiuiCursorController( 1663): InsertionPointCursorController is hidden including all panels and handle
D/STATUSBAR-StatusBarManagerService(  474): manageDisableList what=0x0 pkg=system
D/STATUSBAR-StatusBarManagerService(  474): manageDisableList what=0x1 pkg=android
W/SignalStrength(  474): getGsmLevel=4
W/SignalStrength(  474): getLevel=4 (SignalStrength: 16 -1 -1 -1 -1 -1 -1 -1 -1 -1 -1 -1 gsm|lte 4)
W/SignalStrength(  474): getGsmDbm=-81
W/SignalStrength(  474): getDbm=-81
W/SignalStrength(  474): getGsmAsuLevel=16
W/SignalStrength(  474): getAsuLevel=16
W/SignalStrength(  710): getGsmAsuLevel=16
W/SignalStrength(  710): getCdmaAsuLevel=16
W/SignalStrength(  710): Lte Asu level: 97
W/SignalStrength(  710): getGsmLevel=4
W/SignalStrength(  710): getLevel=4 (SignalStrength: 16 -1 -1 -1 -1 -1 -1 -1 -1 -1 -1 -1 gsm|lte 4)
W/SignalStrength(  710): getEvdoLevel=0
D/StatusBar.NetworkController(  710): updateTelephonySignalStrength: mSignalStrength == 16(GSM) 16(CDMA) 97(LTE)
D/dalvikvm(  474): WAIT_FOR_CONCURRENT_GC blocked 0ms
D/dalvikvm(  474): GC_EXPLICIT freed 217K, 24% free 16296K/21383K, paused 8ms+14ms, total 133ms
D/BatteryStatsImpl(  474): ++++++xy WakeLock start : pid=474, name=, type=0, tid=542, pid=474, pName=null
D/VibratorService(  474): JNI vibratorOff()
D/VibratorService(  474): JNI vibratorOn() : 1
D/VibratorService(  474): JNI vibratorOn() : 21
D/dalvikvm( 2119): Trying to load lib /data/data/com.lbe.security.miui/app_hips/liblbeclient.so 0x41417208
D/dalvikvm( 2119): Added shared lib /data/data/com.lbe.security.miui/app_hips/liblbeclient.so 0x41417208
D/BatteryStatsImpl(  474): ++++++xy WakeLock stop : pid=474, name=, type=0, tid=2118, pid=474, pName=null
E/Trace   ( 2119): error opening trace file: No such file or directory (2)
D/dalvikvm( 2119): GC_CONCURRENT freed 202K, 11% free 6838K/7623K, paused 12ms+12ms, total 50ms
D/InputReader(  474): IInput event: device=0 type=0x0001 code=0x0026 value=0x00000000
D/dalvikvm(  930): GC_CONCURRENT freed 496K, 17% free 7076K/8455K, paused 24ms+27ms, total 88ms
D/dalvikvm(  930): WAIT_FOR_CONCURRENT_GC blocked 15ms
D/ads-notify-fd5dfce4( 2119): app: com.android.settings
D/dalvikvm( 2119): GC_CONCURRENT freed 348K, 12% free 7006K/7943K, paused 16ms+2ms, total 39ms
D/dalvikvm( 2119): WAIT_FOR_CONCURRENT_GC blocked 23ms
D/dalvikvm( 2119): GC_FOR_ALLOC freed 424K, 15% free 6976K/8135K, paused 33ms, total 40ms
D/ads-notify-fd5dfce4( 2119): logSender: com.xiaomi.miui.pushads.sdk.trace.AdsLogSender@414957e8
D/ads-notify-fd5dfce4( 2119): com.android.settings--->init channel
D/dalvikvm( 2119): GC_CONCURRENT freed 363K, 14% free 6997K/8135K, paused 12ms+1ms, total 57ms
D/PermissionCache(   87): checking android.permission.READ_FRAME_BUFFER for uid=1000 => granted (334 us)
E/        (  710): JNI_OnLoad
I/        (  710): RegisterNatives start for 'miui/util/ImageUtils'
I/        (  710): Load success
D/BatteryService(  474): update start
D/BatteryService(  474): level:100 scale:100 status:2 health:2 present:true voltage: 4358 temperature: 372 technology: Li-ion AC powered:false USB powered:true icon:17303345 invalid charger:0 online:1 charge type:0 current avg:0
D/BatteryInfoReceiver( 1106): 现有电量：100
E/MtpService(  954): In MTPAPP onReceive:android.intent.action.BATTERY_CHANGED
E/MtpService(  954): battPlugged Type : 2
D/WindowManager(  474): PhoneWindowManager: focusChangedLw
D/WindowManager(  474): updateReadingMode
D/STATUSBAR-StatusBarManagerService(  474): manageDisableList what=0x0 pkg=system
D/STATUSBAR-StatusBarManagerService(  474): manageDisableList what=0x1 pkg=android
D/STATUSBAR-StatusBarManagerService(  474): setSystemUiVisibility(0x0)
D/STATUSBAR-StatusBarManagerService(  474): manageDisableList what=0x0 pkg=WindowManager.LayoutParams
I/[Gralloc](   87): PERFORM_CREATE hnd=0x414574a8,fd=37,offset=0x0,size=1536000,base=0x42ac2000,phys_addr=0xf97b000
I/gralloc.sc8810(   87): ================allocat  ion memory for rgba xres*yres = 480*800 fd = 37:3
I/gralloc.sc8810(  710): ION_IOC_IMPORT success c77c1f60,phy addr = f97b000
W/ResourceType(  474): Invalid package identifier when getting bag for resource number 0x7f0f000d
D/STATUSBAR-StatusBarManagerService(  474): manageDisableList what=0x0 pkg=system
D/STATUSBAR-StatusBarManagerService(  474): manageDisableList what=0x1 pkg=android
I/[Gralloc](   87): PERFORM_CREATE hnd=0x41081450,fd=38,offset=0x0,size=1536000,base=0x436ab000,phys_addr=0xfc69000
I/gralloc.sc8810(   87): ================allocat  ion memory for rgba xres*yres = 480*800 fd = 38:4
I/gralloc.sc8810(  710): ION_IOC_IMPORT success c77c1f20,phy addr = fc69000
E/gralloc.sc8810(   87): ION_IOC_MAP fail
W/gralloc.sc8810(   87): ================allocat ion memory for rgba reserved buffer size too small,may allocat normal buffer
E/gralloc.sc8810(   87): ION_IOC_MAP fail
W/gralloc.sc8810(   87): ================allocat ion memory for rgba reserved buffer size too small,may allocat normal buffer
D/dalvikvm(  994): GC_CONCURRENT freed 244K, 13% free 7095K/8135K, paused 2ms+5ms, total 21ms
D/dalvikvm(  474): WAIT_FOR_CONCURRENT_GC blocked 0ms
W/PowerManagerService(  474): Timer 0x3->0x3|0x0
D/dalvikvm(  474): GC_EXPLICIT freed 204K, 24% free 16288K/21383K, paused 5ms+11ms, total 106ms
D/dalvikvm(  994): WAIT_FOR_CONCURRENT_GC blocked 0ms
D/dalvikvm(  994): GC_EXPLICIT freed 248K, 15% free 6992K/8135K, paused 3ms+3ms, total 32ms
D/InputDispatcher(  474): notifyMotion - eventTime=241744995000, deviceId=2, source=0x1002, policyFlags=0x0, action=0x0, flags=0x0, metaState=0x0, buttonState=0x0, edgeFlags=0x0, xPrecision=1.002083, yPrecision=1.001250, downTime=241744995000
I/InputDispatcher(  474): Delivering touch to current input target: action: 0x0
I/InputDispatcher(  474): Delivering touch to current input target: action: 0x0
I/InputDispatcher(  474): Delivering touch to current input target: action: 0x0
D/InputDispatcher(  474): notifyMotion - eventTime=241807758000, deviceId=2, source=0x1002, policyFlags=0x0, action=0x1, flags=0x0, metaState=0x0, buttonState=0x0, edgeFlags=0x0, xPrecision=1.002083, yPrecision=1.001250, downTime=241744995000
I/InputDispatcher(  474): Delivering touch to current input target: action: 0x1
I/InputDispatcher(  474): Delivering touch to current input target: action: 0x1
I/InputDispatcher(  474): Delivering touch to current input target: action: 0x1
I/AudioPolicyManagerBase(   90): getSituationVolume: isBTConnected:0 isHeadConnected:0
V/AudioPolicyManagerBase(   90): getParamFromPolicy  deviceInt = 0, situationInt = 1, situationVolume = 0.500000
V/audio_policy_sprd(   90): audio_io_handle_t android::ap_get_output(audio_policy*, audio_stream_type_t, uint32_t, audio_format_t, uint32_t, audio_output_flags_t): tid 425
V/AudioPolicyManagerBase(   90): getOutput() stream 1, samplingRate 0, format 0, channelMask 3, flags 0
V/AudioPolicyManagerBase(   90): getOutput() returns output 2
V/audio_policy_sprd(   90): audio_io_handle_t android::ap_get_output(audio_policy*, audio_stream_type_t, uint32_t, audio_format_t, uint32_t, audio_output_flags_t): tid 90
V/AudioPolicyManagerBase(   90): getOutput() stream 1, samplingRate 0, format 0, channelMask 3, flags 0
V/AudioPolicyManagerBase(   90): getOutput() returns output 2
V/audio_policy_sprd(   90): audio_io_handle_t android::ap_get_output(audio_policy*, audio_stream_type_t, uint32_t, audio_format_t, uint32_t, audio_output_flags_t): tid 457
V/AudioPolicyManagerBase(   90): getOutput() stream 1, samplingRate 44100, format 1, channelMask 3, flags 4
V/AudioPolicyManagerBase(   90): getOutput() returns output 2
V/AudioFlinger(   90): createTrack() sessionId: 0
V/AudioFlinger(   90): createTrack() lSessionId: 11
V/AudioFlinger(   90): AUDIO_OUTPUT_FLAG_FAST denied: isTimed=0 sharedBuffer=0x0 frameCount=3840 mFrameCount=960 format=1 isLinear=1 channelMask=3 sampleRate=44100 mSampleRate=44100 hasFastMixer=0 tid=2137 fastTrackAvailMask=0xfe
V/AudioFlinger(   90): Track constructor name 4098, calling pid 474
W/AudioTrack(  474): AudioTrack set for tack, mimeType=
E/AudioFlinger(   90): unkown mime type 
W/AudioFlinger(   90): setMimeType 0 () for track, stream=1
V/AudioFlinger(   90): acquiring 11 from 474
V/AudioFlinger(   90):  added new entry for 11
V/AudioFlinger(   90): start(4098), calling pid 474 session 11
V/AudioFlinger(   90): ? => ACTIVE (4098) on thread 0x41bfe508
V/AudioPolicyManagerBase(   90): startOutput() output 2, stream 1, session 11
V/AudioPolicyManagerBase(   90): changeRefCount() stream 1, count 1
E/AudioPolicyManagerBase(   90): stream type [13], return media stratege
E/AudioPolicyManagerBase(   90): stream type [14], return media stratege
E/AudioPolicyManagerBase(   90): stream type [15], return media stratege
E/AudioPolicyManagerBase(   90): stream type [13], return media stratege
E/AudioPolicyManagerBase(   90): stream type [14], return media stratege
E/AudioPolicyManagerBase(   90): stream type [15], return media stratege
E/AudioPolicyManagerBase(   90): stream type [13], return media stratege
E/AudioPolicyManagerBase(   90): stream type [14], return media stratege
E/AudioPolicyManagerBase(   90): stream type [15], return media stratege
E/AudioPolicyManagerBase(   90): stream type [13], return media stratege
E/AudioPolicyManagerBase(   90): stream type [14], return media stratege
E/AudioPolicyManagerBase(   90): stream type [15], return media stratege
E/AudioPolicyManagerBase(   90): stream type [13], return media stratege
E/AudioPolicyManagerBase(   90): stream type [14], return media stratege
E/AudioPolicyManagerBase(   90): stream type [15], return media stratege
V/AudioPolicyManagerBase(   90): getNewDevice() selected device 2
V/AudioPolicyManagerBase(   90): setOutputDevice() output 2 device 0002 force 0 delayMs 0 
V/AudioPolicyManagerBase(   90): setOutputDevice() prevDevice 0002
V/AudioPolicyManagerBase(   90): setOutputDevice() setting same device 0002 or null device for output 2
V/AudioFlinger(   90): mWaitWorkCV.broadcast
V/AudioFlinger(   90): thread 0x4312b008 type 0 TID 400 waking up
D/BatteryStatsImpl(  474): ++++++xy WakeLock start : pid=90, name=, type=0, tid=831, pid=474, pName=null
V/AudioFlinger(   90): acquireWakeLock_l() AudioOut_2 status 0
V/AudioFlinger(   90): releasing 10 from 474
V/AudioFlinger(   90):  decremented refcount to 0
V/AudioFlinger(   90): purging stale effects
V/AudioPolicyManagerBase(   90): releaseOutput() 2
V/AudioFlinger(   90): remove track (4099) and delete from mixer
V/AudioFlinger(   90): PlaybackThread::Track destructor
I/audio_hw_primary(   90): select_devices_signal starting...
I/audio_hw_primary(   90): select_devices_signal finished.
I/audio_hw_primary(   90): open s_tinycard in
I/audio_hw_primary(   90): Changing devices: 0x00000002
I/audio_hw_primary(   90): open s_tinycard successfully
I/audio_hw_primary(   90): start_output_stream: out->config: channels 2, rate 44100, period_size 7680
I/audio_hw_primary(   90): Set 'Speaker Function'.0 to 1
D/STATUSBAR-StatusBarManagerService(  474): manageDisableList what=0x0 pkg=system
D/STATUSBAR-StatusBarManagerService(  474): manageDisableList what=0x1 pkg=android
I/MiuiCursorController( 1663): InsertionPointCursorController is hidden including all panels and handle
I/ActivityManager(  474): Killing proc 2019:com.android.calendar/u0a8: kill background
D/STATUSBAR-StatusBarManagerService(  474): manageDisableList what=0x0 pkg=system
I/ActivityManager(  474): Killing proc 2086:com.android.quicksearchbox/u0a42: kill background
I/audio_hw_primary(   90): Set 'HeadPhone Function'.0 to 0
D/STATUSBAR-StatusBarManagerService(  474): manageDisableList what=0x1 pkg=android
I/audio_hw_primary(   90): Set 'Earpiece Function'.0 to 0
I/audio_hw_primary(   90): Set 'Mic Function'.0 to 0
I/audio_hw_primary(   90): Set 'HP Mic Function'.0 to 0
I/audio_hw_primary(   90): Set 'Line Function'.0 to 0
W/audio_hw_primary(   90): GetAudio_pga_nv, dac_pga_gain_l:0xa0 adc_pga_gain_l:0x9510 fm_pga_gain_l:0xff fm_pga_gain_r:0xff device:0x2 vol_level:0x1 
D/audio_pga(   90): 'speaker-l' apply
I/audio_pga(   90): 'Master Playback Volume' set to 15
I/ActivityManager(  474): Killing proc 1506:com.android.providers.calendar/u0a9: kill background
I/ActivityManager(  474): Killing proc 1543:com.android.email/u0a18: kill background
I/ActivityManager(  474): Killing proc 1378:com.miui.weather2:weatherservice/u0a49: kill background
I/ActivityManager(  474): Killing proc 2046:com.miui.weather2:receiverreportweather/u0a49: kill background
I/ActivityManager(  474): Killing proc 2059:com.miui.weather2:reportweatherservice/u0a49: kill background
I/ActivityManager(  474): Killing proc 1847:com.android.browser/u0a6: kill background
I/ActivityManager(  474): Killing proc 1394:com.android.updater/9802: kill background
I/ActivityManager(  474): Killing proc 1938:com.android.fileexplorer:remote/u0a19: kill background
V/AudioFlinger(   90): getNextBuffer() no more data for track 4098 on thread 0x4312b008
V/AudioFlinger(   90): stop(4098), calling pid 474
V/AudioFlinger(   90): not stopping/stopped => stopping/stopped (4098) on thread 0x4312b008
V/AudioPolicyManagerBase(   90): stopOutput() output 2, stream 1, session 11
V/AudioPolicyManagerBase(   90): changeRefCount() stream 1, count 0
E/AudioPolicyManagerBase(   90): stream type [13], return media stratege
E/AudioPolicyManagerBase(   90): stream type [14], return media stratege
E/AudioPolicyManagerBase(   90): stream type [15], return media stratege
E/AudioPolicyManagerBase(   90): stream type [13], return media stratege
E/AudioPolicyManagerBase(   90): stream type [14], return media stratege
E/AudioPolicyManagerBase(   90): stream type [15], return media stratege
E/AudioPolicyManagerBase(   90): stream type [13], return media stratege
E/AudioPolicyManagerBase(   90): stream type [14], return media stratege
E/AudioPolicyManagerBase(   90): stream type [15], return media stratege
E/AudioPolicyManagerBase(   90): stream type [13], return media stratege
E/AudioPolicyManagerBase(   90): stream type [14], return media stratege
E/AudioPolicyManagerBase(   90): stream type [15], return media stratege
E/AudioPolicyManagerBase(   90): stream type [13], return media stratege
E/AudioPolicyManagerBase(   90): stream type [14], return media stratege
E/AudioPolicyManagerBase(   90): stream type [15], return media stratege
E/AudioPolicyManagerBase(   90): stream type [13], return media stratege
E/AudioPolicyManagerBase(   90): stream type [14], return media stratege
E/AudioPolicyManagerBase(   90): stream type [15], return media stratege
V/AudioPolicyManagerBase(   90): getNewDevice() selected device 0
V/AudioPolicyManagerBase(   90): setOutputDevice() output 2 device 0000 force 0 delayMs 174 
V/AudioPolicyManagerBase(   90): setOutputDevice() prevDevice 0002
V/AudioPolicyManagerBase(   90): setOutputDevice() setting same device 0000 or null device for output 2
V/AudioFlinger(   90): presentationComplete() reset: mPresentationCompleteFrames 14396 audioHalFrames 3836
I/ActivityManager(  474): Killing proc 1251:com.cleanmaster.sdk/u0a25: kill background
I/ActivityManager(  474): Killing proc 1170:com.google.android.partnersetup/u0a23: kill background
I/ActivityManager(  474): Killing proc 1750:com.xiaomi.payment/u0a41: kill background
I/ActivityManager(  474): Killing proc 1331:com.android.thememanager/9801: kill background
V/AudioFlinger(   90): presentationComplete() session 11 complete: framesWritten 14400
V/AudioFlinger(   90): TrackBase::reset
I/ActivityManager(  474): Killing proc 1635:com.xiaomi.market/u0a45: kill background
I/audio_pga(   90): 'Inter PA Playback Volume' set to 10
I/audio_pga(   90): 'VBC DACL DG Set' set to 0
I/ActivityManager(  474): Killing proc 1716:com.xiaomi.o2o/u0a37: kill background
I/ActivityManager(  474): Killing proc 1733:com.sec.pcw.device/u0a39: kill background
I/ActivityManager(  474): Killing proc 1698:com.miui.notes/u0a36: kill background
I/ActivityManager(  474): Killing proc 1597:com.miui.gallery/u0a30: kill background
I/ActivityManager(  474): Killing proc 1616:com.miui.gallery:ScreensaverService/u0a30: kill background
I/ActivityManager(  474): Killing proc 1521:com.miui.cloudservice/u0a13: kill background
I/ActivityManager(  474): Killing proc 1468:com.samsung.map/u0a5: kill background
I/ActivityManager(  474): Killing proc 1287:com.miui.providers.datahub/u0a14: kill background
I/ActivityManager(  474): Killing proc 1269:com.miui.guardprovider:remote/u0a24: kill background
I/audio_pga(   90): 'VBC DACL DG Switch' set to 0
D/audio_pga(   90): 'speaker-r' apply
I/audio_pga(   90): 'Master Playback Volume' set to 15
I/audio_pga(   90): 'Inter PA Playback Volume' set to 10
I/audio_pga(   90): 'VBC DACR DG Set' set to 0
I/audio_pga(   90): 'VBC DACR DG Switch' set to 0
W/audio_hw_primary(   90): SetAudio_gain_by_devices out, devices:0x2 
I/audio_hw_primary(   90): stream_routing_thread looping done.
I/audio_hw_primary(   90): stream_routing_thread looping now...
W/PowerManagerService(  474): Timer 0x3->0x3|0x0
D/dalvikvm(  474): WAIT_FOR_CONCURRENT_GC blocked 0ms
D/dalvikvm(  474): GC_EXPLICIT freed 293K, 25% free 16230K/21383K, paused 17ms+23ms, total 205ms
D/STATUSBAR-NotificationService(  474): enqueueToast()
I/gralloc.sc8810(  710): ION_IOC_FREE success c77c1f60,phy addr = f97b000
I/gralloc.sc8810(  710): ION_IOC_FREE success c77c1f20,phy addr = fc69000
I/gralloc.sc8810(   87): FREE hnd=0x414574a8,fd=37,offset=0x0,size=1536000,base=42ac2000,phys_addr=0xf97b000
I/gralloc.sc8810(   87): ================ free ion memory fd=37:3
I/gralloc.sc8810(   87): FREE hnd=0x41081450,fd=38,offset=0x0,size=1536000,base=436ab000,phys_addr=0xfc69000
D/dalvikvm(  806): Trying to load lib /data/data/com.lbe.security.miui/app_hips/liblbeclient.so 0x41439540
D/dalvikvm(  806): Added shared lib /data/data/com.lbe.security.miui/app_hips/liblbeclient.so 0x41439540
D/dalvikvm(  856): Trying to load lib /data/data/com.lbe.security.miui/app_hips/liblbeclient.so 0x4144abc8
D/dalvikvm(  856): Added shared lib /data/data/com.lbe.security.miui/app_hips/liblbeclient.so 0x4144abc8
