--------- beginning of /dev/log/main
D/RAWDATAD(   80): Start RAWDATAD
D/RAWDATAD(   80): init_productinfo, BLOCK_NUM=4
D/RAWDATAD(   80): ==================init_productinfo Start==================
D/RAWDATAD(   80): init_productinfo: handle block[0]
D/RAWDATAD(   80): rawdata_check_block: partition=0, block=0
D/RAWDATAD(   80): read_mmc_partition: patrname=/dev/block/mmcblk0p20,offset=0
D/RAWDATAD(   80): failed to open /dev/block/mmcblk0p20
D/RAWDATAD(   80): rawdata_check_block: read /dev/block/mmcblk0p20 error, [No such file or directory]
D/RAWDATAD(   80): init_productinfo: Read /productinfo/productinfo.bin from /dev/block/mmcblk0p20 ERROR
D/RAWDATAD(   80): rawdata_check_block: partition=1, block=0
D/RAWDATAD(   80): read_mmc_partition: patrname=/dev/block/mmcblk0p21,offset=0
D/RAWDATAD(   80): failed to open /dev/block/mmcblk0p21
D/RAWDATAD(   80): rawdata_check_block: read /dev/block/mmcblk0p21 error, [No such file or directory]
D/RAWDATAD(   80): init_productinfo: Read /productinfo/productinfo.bin from /dev/block/mmcblk0p21 ERROR
D/RAWDATAD(   80): init_productinfo: /productinfo/productinfo.bin valid1=-1; valid2=-1
D/RAWDATAD(   80): init_productinfo: Get /productinfo/productinfo.bin CRC error
D/RAWDATAD(   80): init_productinfo: Won't create file /productinfo/productinfo.bin
D/RAWDATAD(   80): ==================init_productinfo End==================
D/RAWDATAD(   80): ==================init_productinfo Start==================
D/RAWDATAD(   80): init_productinfo: handle block[1]
D/RAWDATAD(   80): rawdata_check_block: partition=0, block=1
D/RAWDATAD(   80): read_mmc_partition: patrname=/dev/block/mmcblk0p20,offset=4096
D/RAWDATAD(   80): failed to open /dev/block/mmcblk0p20
D/RAWDATAD(   80): rawdata_check_block: read /dev/block/mmcblk0p20 error, [No such file or directory]
D/RAWDATAD(   80): init_productinfo: Read /productinfo/factorymode.file from /dev/block/mmcblk0p20 ERROR
D/RAWDATAD(   80): rawdata_check_block: partition=1, block=1
D/RAWDATAD(   80): read_mmc_partition: patrname=/dev/block/mmcblk0p21,offset=4096
D/RAWDATAD(   80): failed to open /dev/block/mmcblk0p21
D/RAWDATAD(   80): rawdata_check_block: read /dev/block/mmcblk0p21 error, [No such file or directory]
D/RAWDATAD(   80): init_productinfo: Read /productinfo/factorymode.file from /dev/block/mmcblk0p21 ERROR
D/RAWDATAD(   80): init_productinfo: /productinfo/factorymode.file valid1=-1; valid2=-1
D/RAWDATAD(   80): init_productinfo: Get /productinfo/factorymode.file CRC error
D/RAWDATAD(   80): init_productinfo: Won't create file /productinfo/factorymode.file
D/RAWDATAD(   80): ==================init_productinfo End==================
D/RAWDATAD(   80): ==================init_productinfo Start==================
D/RAWDATAD(   80): init_productinfo: handle block[2]
D/RAWDATAD(   80): rawdata_check_block: partition=0, block=2
D/RAWDATAD(   80): read_mmc_partition: patrname=/dev/block/mmcblk0p20,offset=8192
D/RAWDATAD(   80): failed to open /dev/block/mmcblk0p20
D/RAWDATAD(   80): rawdata_check_block: read /dev/block/mmcblk0p20 error, [No such file or directory]
D/RAWDATAD(   80): init_productinfo: Read /productinfo/alarm_flag from /dev/block/mmcblk0p20 ERROR
D/RAWDATAD(   80): rawdata_check_block: partition=1, block=2
D/RAWDATAD(   80): read_mmc_partition: patrname=/dev/block/mmcblk0p21,offset=8192
D/RAWDATAD(   80): failed to open /dev/block/mmcblk0p21
D/RAWDATAD(   80): rawdata_check_block: read /dev/block/mmcblk0p21 error, [No such file or directory]
D/RAWDATAD(   80): init_productinfo: Read /productinfo/alarm_flag from /dev/block/mmcblk0p21 ERROR
D/RAWDATAD(   80): init_productinfo: /productinfo/alarm_flag valid1=-1; valid2=-1
D/RAWDATAD(   80): init_productinfo: Get /productinfo/alarm_flag CRC error
D/RAWDATAD(   80): init_productinfo: Won't create file /productinfo/alarm_flag
D/RAWDATAD(   80): ==================init_productinfo End==================
D/RAWDATAD(   80): ==================init_productinfo Start==================
D/RAWDATAD(   80): init_productinfo: handle block[3]
D/RAWDATAD(   80): rawdata_check_block: partition=0, block=3
D/RAWDATAD(   80): read_mmc_partition: patrname=/dev/block/mmcblk0p20,offset=12288
D/RAWDATAD(   80): failed to open /dev/block/mmcblk0p20
D/RAWDATAD(   80): rawdata_check_block: read /dev/block/mmcblk0p20 error, [No such file or directory]
D/RAWDATAD(   80): init_productinfo: Read /productinfo/poweron_timeinmillis from /dev/block/mmcblk0p20 ERROR
D/RAWDATAD(   80): rawdata_check_block: partition=1, block=3
D/RAWDATAD(   80): read_mmc_partition: patrname=/dev/block/mmcblk0p21,offset=12288
D/RAWDATAD(   80): failed to open /dev/block/mmcblk0p21
D/RAWDATAD(   80): rawdata_check_block: read /dev/block/mmcblk0p21 error, [No such file or directory]
D/RAWDATAD(   80): init_productinfo: Read /productinfo/poweron_timeinmillis from /dev/block/mmcblk0p21 ERROR
D/RAWDATAD(   80): init_productinfo: /productinfo/poweron_timeinmillis valid1=-1; valid2=-1
D/RAWDATAD(   80): init_productinfo: Get /productinfo/poweron_timeinmillis CRC error
D/RAWDATAD(   80): init_productinfo: Won't create file /productinfo/poweron_timeinmillis
D/RAWDATAD(   80): ==================init_productinfo End==================
D/RAWDATAD(   80): Add /productinfo/ to watch
E/MODEMD  (   83):  modemd start!!  
E/MODEMD  (   83): gv_debug_level : 0  
E/DataRouter(   99): Main entered
E/DataRouter(   99): switchUser
E/DataRouter(   99): monitor_usb_thread
E/DataRouter(   99): server_init
E/DataRouter(   99): Initialise USB and start the thread 
E/DataRouter(   99): dr_usb_init
I/DEBUG   (   86): debuggerd: Jun 30 2013 12:27:59
E/DataRouter(   99): USB Interface is open with 0x9
E/DataRouter(   99): USB interface is now configured for usb_fd = 0x9
E/DataRouter(   99): THREAD LAUNCH 
E/DataRouter(   99): monitor_data_of_usb
E/DataRouter(   99): USB monitor thread launched, usb_fd= 0x9
E/DataRouter(   99): init_cur_sock
E/DataRouter(   99): Before the usb select 
I/installd(   92): add service shelld success!
I/installd(   92): add service oemfix success!
I/installd(   92): add service lbesec success!
W/installd(   92): service start entry  'shelld', flag :0
I/macloader(   96): WIFI MAC is valid
E/slog    (   97): main: Slog begin to work. [22]
E/slog    (   97): create_pidfile: Slog is running already, the quit immediately. [22]
W/installd(   92): starting 'shelld'
W/installd(   92): service start entry  'oemfix', flag :2
E/installd(   92): cannot find '/system/xbin/oemfix', disabling 'oemfix'
W/installd(   92): service start entry  'lbesec', flag :2
W/installd(   92): starting 'lbesec'
I/busybox (   77): reloc_library[1306]:   106 cannot locate '__set_syscall_errno'...
I/busybox (   77): CANNOT LINK EXECUTABLE
I/logwrapper(   77): /system/xbin/busybox terminated by exit(255)
I/installd(   92): receive signal in -1
I/installd(   92): receive signal in 1
I/installd(   92): waitpid returned pid 113, status = 00000000 because:Interrupted system call
I/installd(   92): process 'lbesec', pid 113 exited
I/LBE-Sec (  115): Security Service Loader version 5 is starting up
D/connfw  (  103): Main entered
D/connfw  (  103): switchUser
D/connfw  (  103): connect_dr_socket
E/connfw  (  103): connect error:111
D/Kies    (  100): Main entered
E/DTT     (  102): Main entered
E/DTT     (  102): connect_dr_socket
E/DTT     (  102): connect error:111
I/NPS_MOBEX(  104): Feature_Init
I/NPS_MOBEX(  104): Get_feature_xml
I/NPS_MOBEX(  104): Get_feature_xml fopen error
I/NPS_MOBEX(  104): Get_feature_defaul_xml
I/NPS_MOBEX(  104): [Feature_Init]GetBasemodel=GT-I9300
I/NPS_MOBEX(  104): [Feature_Init]feature_NPS=Splanner,Smemo2,Normal,Normal,none_Memo,Normal,Normal,Normal,Normal,Normal,Normal,Boost,Normal,Normal,Normal,Normal
I/NPS_MOBEX(  104): [Feature_Init]feature_DR=SN_IMEI_FILE,Ril_Sales,Normal,MSISDN_File,Normal,GT-I9300,Normal,Normal,Normal
I/NPS_MOBEX(  104): [Feature_Init]feature_APP=Device,Calendar,Contents,Phonebook,Memo,Message,Phonebook_com.android.exchange,Phonebook_com.google,Phonebook_com.osp.app.signin
I/NPS_MOBEX(  104): task Start
I/NPS_MOBEX(  104): wscMessageGet msgid:4097
I/NPS_MOBEX(  104): wifi_wscDataServiceStart
I/NPS_MOBEX(  104): wifi Create server_sockid: 7
D/nvitemd (   81): modem length : 13631488
D/nvitemd (   81): modem emmc dev : /dev/block/mmcblk0p7
D/nvitemd (   81): dsp emmc dev : /dev/block/mmcblk0p7
D/nvitemd (   81): reopen vbpipe
D/Kies    (  100): switchUser
D/Kies    (  100): dr_pcsync_init
E/SMD     (  101): SMD Main entered
I/Netd    (   85): Netd 1.0 starting
I/NPS_MOBEX(  104): wifi_wscDataServiceConnect
I/NPS_MOBEX(  104): wifi_wscDataServiceConnect START
D/Kies    (  100): dr_pcsync_launch_monitor_thread
D/Kies    (  100): connect_dr_socket
E/DataRouter(   99): conntected socket:10
E/DataRouter(   99): Add monitoring socket[index0 socket:10]
D/Kies    (  100): __pcsync_monitor_thread
D/Kies    (  100): Waiting for MOBEX connection
E/SMD     (  101): smd_init start 
E/SMD     (  101): smd Interface open failed errno is 2 -1
D/sprd_monitor(   82): start phoneserver!
D/SPRDENG (  130): eng_mcinit: persist.msms.phone_count is 1, n=1
D/SPRDENG (  132): eng_pcclient califlag=0, engtest=0
D/SPRDENG (  132): [9]/dev/umts_router --> /dev/pts/0
D/SPRDENG (  132): eng_modemreset_thread: persist.sys.sprd.modemreset is 1, n=1
E/MODEMD  (   83): vbpipe2 open : 7  
E/MODEMD  (   83): Start Modemd for Loop 
D/SPRDENG (  132): eng_modemreset_thread: Unable bind server modemd, waiting...
D/SPRDENG (  132): eng_modemreset_thread: Unable bind server modemd, waiting...
E/MODEMD  (   83): modemd_listenaccept_thread: Waiting for new connect ...
D/SPRDENG (  132): eng_modemreset_thread, fd=16, pipe_fd=11
D/SPRDENG (  132): eng_modemreset_thread: waiting for server modemd
E/MODEMD  (   83): modemd_listenaccept_thread: accept client n=11
E/MODEMD  (   83): modemd_listenaccept_thread: fill 11 to client[0]
E/MODEMD  (   83): modemd_listenaccept_thread: Waiting for new connect ...
E/SMD     (  101): smd Interface open failed errno is 2 -1
E/DataRouter(   99): conntected socket:11
E/DataRouter(   99): Add monitoring socket[index1 socket:11]
E/DataRouter(   99): After the usb select 
E/DataRouter(   99): read usb data[len:1]
E/DataRouter(   99): read usb data message:A
E/DataRouter(   99): Before the usb select 
D/Kies    (  100): [DR->KIES]Received data notification
D/Kies    (  100): NOT DEFINE
D/Kies    (  100): Message:A
D/connfw  (  103): [DR->CONNFW]Received data notification
D/connfw  (  103): NOT DEFINE
D/connfw  (  103): Message:A
E/DataRouter(   99): [socket:10]******* Received data notification *******
E/DataRouter(   99): [socket:11]******* Received data notification *******
E/DataRouter(   99): After the usb select 
E/DataRouter(   99): read usb data[len:1]
E/DataRouter(   99): read usb data message:T
E/DataRouter(   99): Before the usb select 
D/Kies    (  100): [DR->KIES]Received data notification
D/Kies    (  100): NOT DEFINE
D/Kies    (  100): Message:T
D/connfw  (  103): [DR->CONNFW]Received data notification
D/connfw  (  103): NOT DEFINE
D/connfw  (  103): Message:T
E/DataRouter(   99): [socket:10]******* Received data notification *******
E/DataRouter(   99): [socket:11]******* Received data notification *******
E/DataRouter(   99): After the usb select 
E/DataRouter(   99): read usb data[len:1]
E/DataRouter(   99): read usb data message:E
E/DataRouter(   99): Before the usb select 
D/Kies    (  100): [DR->KIES]Received data notification
D/Kies    (  100): NOT DEFINE
D/Kies    (  100): Message:E
D/connfw  (  103): [DR->CONNFW]Received data notification
D/connfw  (  103): NOT DEFINE
D/connfw  (  103): Message:E
E/DataRouter(   99): [socket:10]******* Received data notification *******
E/DataRouter(   99): [socket:11]******* Received data notification *******
D/AndroidRuntime(   88): 
D/AndroidRuntime(   88): >>>>>> AndroidRuntime START com.android.internal.os.ZygoteInit <<<<<<
D/AndroidRuntime(   88): CheckJNI is OFF
E/AndroidRuntime(   88): cannot open customer xml file
E/AndroidRuntime(   88): /system/csc/customer.xml can't open file
D/AndroidRuntime(   88): Set to default setting : language=-Duser.language= region=-Duser.region=
D/AndroidRuntime(   88): readGMSProperty: start
I/mshell  (  112): ServiceManager: 0x40eed610
I/SurfaceFlinger(   87): SurfaceFlinger is starting
D/AndroidRuntime(   88): readGMSProperty: end
I/SurfaceFlinger(   87): SurfaceFlinger's main thread ready to run. Initializing graphics H/W...
--------- beginning of /dev/log/system
I/Encryption(   79): Vold 2.1 (the revenge) firing up
E/Encryption(   79): created DirEncryptionManager
D/Vold    (   79): Volume sdcard state changing -1 (Initializing) -> 0 (No-Media)
D/Vold    (   79): Volume sda state changing -1 (Initializing) -> 0 (No-Media)
D/Vold    (   79): Volume sdb state changing -1 (Initializing) -> 0 (No-Media)
D/Vold    (   79): Volume sdc state changing -1 (Initializing) -> 0 (No-Media)
D/Vold    (   79): Volume sdd state changing -1 (Initializing) -> 0 (No-Media)
D/Vold    (   79): Volume sde state changing -1 (Initializing) -> 0 (No-Media)
D/Vold    (   79): Volume sdf state changing -1 (Initializing) -> 0 (No-Media)
E/DataRouter(   99): After the usb select 
E/DataRouter(   99): read usb data[len:1]
E/DataRouter(   99): read usb data message:1
E/DataRouter(   99): Before the usb select 
D/Kies    (  100): [DR->KIES]Received data notification
D/Kies    (  100): NOT DEFINE
D/Kies    (  100): Message:1
D/connfw  (  103): [DR->CONNFW]Received data notification
D/connfw  (  103): NOT DEFINE
D/connfw  (  103): Message:1
E/DataRouter(   99): [socket:10]******* Received data notification *******
E/DataRouter(   99): [socket:11]******* Received data notification *******
D/DirectVolume(   79): DirectVolume::readId -> path '/sys/devices/platform/sprd-sdhci.0/mmc_host/mmc1/mmc1:1234/block/mmcblk1/device/cid' 
D/DirectVolume(   79): DirectVolume::readId -> id '02544d5341303247049c3000d800a200' 
D/DirectVolume(   79): DirectVolume::handleDiskAdded -> mDiskMajor 179, mDiskMinor 32, NPARTS:1
D/Vold    (   79): Volume sdcard state changing 0 (No-Media) -> 2 (Pending)
D/DirectVolume(   79): DirectVolume::handlePartitionAdded -> major 179, minor 33, PARTN 1
D/Vold    (   79): Volume sdcard state changing 2 (Pending) -> 1 (Idle-Unmounted)
E/DataRouter(   99): After the usb select 
E/DataRouter(   99): read usb data[len:1]
E/DataRouter(   99): read usb data message: 
E/DataRouter(   99): Before the usb select 
D/Kies    (  100): [DR->KIES]Received data notification
D/Kies    (  100): NOT DEFINE
D/Kies    (  100): Message: 
D/connfw  (  103): [DR->CONNFW]Received data notification
D/connfw  (  103): NOT DEFINE
D/connfw  (  103): Message: 
E/DataRouter(   99): [socket:10]******* Received data notification *******
E/DataRouter(   99): [socket:11]******* Received data notification *******
E/DataRouter(   99): After the usb select 
E/DataRouter(   99): read usb data[len:1]
E/DataRouter(   99): read usb data message:E
E/DataRouter(   99): Before the usb select 
D/Kies    (  100): [DR->KIES]Received data notification
D/Kies    (  100): NOT DEFINE
D/Kies    (  100): Message:E
D/connfw  (  103): [DR->CONNFW]Received data notification
D/connfw  (  103): NOT DEFINE
D/connfw  (  103): Message:E
E/DataRouter(   99): [socket:10]******* Received data notification *******
E/DataRouter(   99): [socket:11]******* Received data notification *******
I/mediaserver(   90): ServiceManager: 0x41b46588
I/AudioFlinger(   90): Using default 3000 mSec as standby time.
W/streamFormatVolumeTable.cpp(   90): streamFormatVolumeTable open in (0)
E/XMLTREEFILE(   90): XMLTreeFile can't open file /data/formatvolume.xml
W/streamFormatVolumeTable.cpp(   90): streamFormatVolumeTable.open ok
I/VolumeManager.cpp(   90): VolumeManager open type 1 ret 0
E/AudioFlinger(   90): corrupt profile data: 11 streams should be 16, 6 formats
E/AudioFlinger(   90): can't load format volume profiles, load default
V/MediaPlayerService(   90): MediaPlayerService created
I/CameraService(   90): CameraService started (pid=90)
D/dalvikvm(   88): DexOpt: incorrect opt magic number (0xff ff ff ff)
D/dalvikvm(   88): ODEX file is stale or bad; removing and retrying (/data/dalvik-cache/system@framework@framework.jar@classes.dex)
V/SprdCameraHardware(   90): int android::HAL_getNumberOfCameras()
V/SprdCameraHardware(   90): HAL_getNumberOfCameras,1.
E/DataRouter(   99): After the usb select 
E/DataRouter(   99): read usb data[len:1]
E/DataRouter(   99): read usb data message:0
E/DataRouter(   99): Before the usb select 
D/Kies    (  100): [DR->KIES]Received data notification
D/Kies    (  100): NOT DEFINE
D/Kies    (  100): Message:0
D/connfw  (  103): [DR->CONNFW]Received data notification
D/connfw  (  103): NOT DEFINE
D/connfw  (  103): Message:0
E/DataRouter(   99): [socket:10]******* Received data notification *******
E/DataRouter(   99): [socket:11]******* Received data notification *******
I/AudioPolicyManagerBase(   90): ### stringToEnum() found AUDIO_DEVICE_OUT_EARPIECE
I/AudioPolicyManagerBase(   90): ### stringToEnum() found AUDIO_DEVICE_OUT_SPEAKER
V/AudioPolicyManagerBase(   90): loadGlobalConfig() mAttachedOutputDevices 0003
I/AudioPolicyManagerBase(   90): ### stringToEnum() found AUDIO_DEVICE_OUT_SPEAKER
V/AudioPolicyManagerBase(   90): loadGlobalConfig() mDefaultOutputDevice 0002
I/AudioPolicyManagerBase(   90): ### stringToEnum() found AUDIO_DEVICE_IN_BUILTIN_MIC
I/AudioPolicyManagerBase(   90): ### stringToEnum() found AUDIO_DEVICE_IN_VOICE_CALL
V/AudioPolicyManagerBase(   90): loadGlobalConfig() mAvailableInputDevices 1100000
V/AudioPolicyManagerBase(   90): loadHwModules() loading module primary
V/AudioPolicyManagerBase(   90): loadHwModule() loading output primary
V/AudioPolicyManagerBase(   90): loadSamplingRates() adding rate 44100
V/AudioPolicyManagerBase(   90): loadOutChannels() AUDIO_CHANNEL_OUT_STEREO
I/AudioPolicyManagerBase(   90): ### stringToEnum() found AUDIO_CHANNEL_OUT_STEREO
I/AudioPolicyManagerBase(   90): ### stringToEnum() found AUDIO_FORMAT_PCM_16_BIT
I/AudioPolicyManagerBase(   90): ### stringToEnum() found AUDIO_DEVICE_OUT_EARPIECE
I/AudioPolicyManagerBase(   90): ### stringToEnum() found AUDIO_DEVICE_OUT_SPEAKER
I/AudioPolicyManagerBase(   90): ### stringToEnum() found AUDIO_DEVICE_OUT_WIRED_HEADSET
I/AudioPolicyManagerBase(   90): ### stringToEnum() found AUDIO_DEVICE_OUT_WIRED_HEADPHONE
I/AudioPolicyManagerBase(   90): ### stringToEnum() found AUDIO_DEVICE_OUT_ALL_SCO
I/AudioPolicyManagerBase(   90): ### stringToEnum() found AUDIO_DEVICE_OUT_AUX_DIGITAL
I/AudioPolicyManagerBase(   90): ### stringToEnum() found AUDIO_DEVICE_OUT_DGTL_DOCK_HEADSET
I/AudioPolicyManagerBase(   90): ### stringToEnum() found AUDIO_OUTPUT_FLAG_PRIMARY
V/AudioPolicyManagerBase(   90): loadOutput() adding output mSupportedDevices 147f, mFlags 0002
V/AudioPolicyManagerBase(   90): loadHwModule() loading input primary
V/AudioPolicyManagerBase(   90): loadSamplingRates() adding rate 8000
V/AudioPolicyManagerBase(   90): loadSamplingRates() adding rate 11025
V/AudioPolicyManagerBase(   90): loadSamplingRates() adding rate 16000
V/AudioPolicyManagerBase(   90): loadSamplingRates() adding rate 22050
V/AudioPolicyManagerBase(   90): loadSamplingRates() adding rate 24000
V/AudioPolicyManagerBase(   90): loadSamplingRates() adding rate 32000
V/AudioPolicyManagerBase(   90): loadSamplingRates() adding rate 44100
V/AudioPolicyManagerBase(   90): loadSamplingRates() adding rate 48000
V/AudioPolicyManagerBase(   90): loadInChannels() AUDIO_CHANNEL_IN_MONO
I/AudioPolicyManagerBase(   90): ### stringToEnum() found AUDIO_CHANNEL_IN_MONO
V/AudioPolicyManagerBase(   90): loadInChannels() adding channelMask 0010
I/AudioPolicyManagerBase(   90): ### stringToEnum() found AUDIO_CHANNEL_IN_STEREO
V/AudioPolicyManagerBase(   90): loadInChannels() adding channelMask 000c
I/AudioPolicyManagerBase(   90): ### stringToEnum() found AUDIO_FORMAT_PCM_16_BIT
I/AudioPolicyManagerBase(   90): ### stringToEnum() found AUDIO_DEVICE_IN_BUILTIN_MIC
I/AudioPolicyManagerBase(   90): ### stringToEnum() found AUDIO_DEVICE_IN_BLUETOOTH_SCO_HEADSET
I/AudioPolicyManagerBase(   90): ### stringToEnum() found AUDIO_DEVICE_IN_WIRED_HEADSET
I/AudioPolicyManagerBase(   90): ### stringToEnum() found AUDIO_DEVICE_IN_VOICE_CALL
V/AudioPolicyManagerBase(   90): loadInput() adding input mSupportedDevices 1700000
V/AudioPolicyManagerBase(   90): loadHwModules() loading module a2dp
V/AudioPolicyManagerBase(   90): loadHwModule() loading output a2dp
V/AudioPolicyManagerBase(   90): loadSamplingRates() adding rate 44100
V/AudioPolicyManagerBase(   90): loadOutChannels() AUDIO_CHANNEL_OUT_STEREO
I/AudioPolicyManagerBase(   90): ### stringToEnum() found AUDIO_CHANNEL_OUT_STEREO
I/AudioPolicyManagerBase(   90): ### stringToEnum() found AUDIO_FORMAT_PCM_16_BIT
I/AudioPolicyManagerBase(   90): ### stringToEnum() found AUDIO_DEVICE_OUT_ALL_A2DP
V/AudioPolicyManagerBase(   90): loadOutput() adding output mSupportedDevices 0380, mFlags 0000
V/AudioPolicyManagerBase(   90): loadHwModules() loading module usb
V/AudioPolicyManagerBase(   90): loadHwModule() loading output usb_accessory
V/AudioPolicyManagerBase(   90): loadSamplingRates() adding rate 44100
V/AudioPolicyManagerBase(   90): loadOutChannels() AUDIO_CHANNEL_OUT_STEREO
I/AudioPolicyManagerBase(   90): ### stringToEnum() found AUDIO_CHANNEL_OUT_STEREO
I/AudioPolicyManagerBase(   90): ### stringToEnum() found AUDIO_FORMAT_PCM_16_BIT
I/AudioPolicyManagerBase(   90): ### stringToEnum() found AUDIO_DEVICE_OUT_USB_ACCESSORY
V/AudioPolicyManagerBase(   90): loadOutput() adding output mSupportedDevices 2000, mFlags 0000
V/AudioPolicyManagerBase(   90): loadHwModule() loading output usb_device
V/AudioPolicyManagerBase(   90): loadSamplingRates() adding rate 44100
V/AudioPolicyManagerBase(   90): loadOutChannels() AUDIO_CHANNEL_OUT_STEREO
I/AudioPolicyManagerBase(   90): ### stringToEnum() found AUDIO_CHANNEL_OUT_STEREO
I/AudioPolicyManagerBase(   90): ### stringToEnum() found AUDIO_FORMAT_PCM_16_BIT
I/AudioPolicyManagerBase(   90): ### stringToEnum() found AUDIO_DEVICE_OUT_USB_DEVICE
V/AudioPolicyManagerBase(   90): loadOutput() adding output mSupportedDevices 4000, mFlags 0000
I/AudioPolicyManagerBase(   90): loadAudioPolicyConfig() loaded /system/etc/audio_policy.conf
V/AudioFlinger(   90): registerClient() client 0x41b468f8, pid 90
I/audio_hw_primary(   90): adev_open
I/Alsa_Util(   90): card name is Dummy, query card=0
I/Alsa_Util(   90): card name is VIRTUAL AUDIO, query card=1
I/Alsa_Util(   90): card name is sprdphone, query card=2
I/Alsa_Util(   90): Search Completed, cur_name is sprdphone, card_num=2
I/Alsa_Util(   90): card name is Dummy, query card=0
I/Alsa_Util(   90): card name is VIRTUAL AUDIO, query card=1
I/Alsa_Util(   90): Search Completed, cur_name is VIRTUAL AUDIO, card_num=1
I/audio_hw_primary(   90): s_tinycard = 2, s_vaudio = 1
V/audio_hw_primary(   90): Reading configuration from /system/etc/tiny_hw.xml
I/audio_hw_primary(   90): Parsing control HeadPhone Playback Volume => 12
I/audio_hw_primary(   90): s->path_len=1
I/audio_hw_primary(   90): Parsing control Master Playback Volume => 12
I/audio_hw_primary(   90): s->path_len=2
I/audio_hw_primary(   90): Parsing control Inter PA Playback Volume => 12
I/audio_hw_primary(   90): s->path_len=3
I/audio_hw_primary(   90): Parsing control Ear Boost Volume => 1
I/audio_hw_primary(   90): s->path_len=4
I/audio_hw_primary(   90): Parsing control Capture Volume => 12
I/audio_hw_primary(   90): s->path_len=5
I/audio_hw_primary(   90): Parsing control Mic Boost Volume => 1
I/audio_hw_primary(   90): s->path_len=6
I/audio_hw_primary(   90): Parsing control Line Playback Volume => 12
I/audio_hw_primary(   90): s->path_len=7
I/audio_hw_primary(   90): Parsing control LineinRec Capture Volume => 8
I/audio_hw_primary(   90): s->path_len=8
I/audio_hw_primary(   90): Applying 8 element default route
I/audio_hw_primary(   90): Set 'HeadPhone Playback Volume'.0 to 12
E/SMD     (  101): smd Interface is open with 0x7
E/SMD     (  101): smd Interface is open with 0x7
E/SMD     (  101): m_setparms
E/SMD     (  101): [115200:8N1]
E/SMD     (  101): [S/W flow control : off]
E/SMD     (  101): [H/W flow control : off]
E/SMD     (  101): -
E/SMD     (  101): [*] dr_smd_ril_open_client sucess 400a0340
E/SMD     (  101): [dr_smd_ril_init] dr_smd_ril_open_client successful 
E/SMD     (  101): [*] RegisterUnsolicitedHandler() successfully done 
E/SMD     (  101): [dr_smd_ril_init] dr_smd_ril_register_UnSol_Hdlr successful 
E/SMD     (  101): [*] Connect_RILD()  done 
E/SMD     (  101): [dr_smd_ril_init] dr_smd_ril_Connect successful 
E/SMD     (  101): [dr_smd_ril_init] dr_smd_ril_Connect successful 
E/SMD     (  101): [dr_smd_ril_init] successful 
E/SMD     (  101): Data Routerdr_smd_ril_init Successfully done  
E/SMD     (  101): start pin ctrl to use secril
E/DataRouter(   99): conntected socket:12
E/DataRouter(   99): Add monitoring socket[index2 socket:12]
E/SMD     (  101): Before the Modem Read select 
I/[Gralloc](   87): using (fd=13)
I/[Gralloc](   87): id           = sc8810fb
I/[Gralloc](   87): xres         = 480 px
I/[Gralloc](   87): yres         = 800 px
I/[Gralloc](   87): xres_virtual = 480 px
I/[Gralloc](   87): yres_virtual = 1600 px
I/[Gralloc](   87): bpp          = 32
I/[Gralloc](   87): r            =  0:8
I/[Gralloc](   87): g            =  8:8
I/[Gralloc](   87): b            = 16:8
I/[Gralloc](   87): width        = 45 mm (270.933319 dpi)
I/[Gralloc](   87): height       = 75 mm (270.933319 dpi)
I/[Gralloc](   87): refresh rate = 57.87 Hz
E/DataRouter(   99): After the usb select 
E/DataRouter(   99): read usb data[len:1]
E/DataRouter(   99): read usb data message:
E/DataRouter(   99): Before the usb select 
D/Kies    (  100): [DR->KIES]Received data notification
D/Kies    (  100): NOT DEFINE
D/Kies    (  100): Message:
D/connfw  (  103): [DR->CONNFW]Received data notification
D/connfw  (  103): NOT DEFINE
D/connfw  (  103): Message:
E/DTT     (  102): [DR->DTT]Received data notification
E/DTT     (  102): NOT DEFINE
E/DTT     (  102): Message:
E/DataRouter(   99): [socket:10]******* Received data notification *******
E/DataRouter(   99): [socket:11]******* Received data notification *******
E/DataRouter(   99): [socket:12]******* Received data notification *******
I/audio_hw_primary(   90): Set 'HeadPhone Playback Volume'.1 to 12
D/WVMDrmPlugIn(   89): WVMDrmPlugin::onGetSupportInfo : 0
I/audio_hw_primary(   90): Set 'Master Playback Volume'.0 to 12
D/libEGL  (   87): loaded /system/lib/egl/libEGL_mali.so
I/audio_hw_primary(   90): Set 'Master Playback Volume'.1 to 12
I/audio_hw_primary(   90): Set 'Inter PA Playback Volume'.0 to 12
D/libEGL  (   87): loaded /system/lib/egl/libGLESv1_CM_mali.so
D/libEGL  (   87): loaded /system/lib/egl/libGLESv2_mali.so
I/audio_hw_primary(   90): Set 'Ear Boost Volume'.0 to 1
I/SurfaceFlinger(   87): EGL informations:
I/SurfaceFlinger(   87): # of configs : 21
I/SurfaceFlinger(   87): vendor    : Android
I/SurfaceFlinger(   87): version   : 1.4 Android META-EGL
I/SurfaceFlinger(   87): extensions: EGL_KHR_image EGL_KHR_image_base EGL_KHR_image_pixmap EGL_KHR_gl_texture_2D_image EGL_KHR_gl_texture_cubemap_image EGL_KHR_gl_renderbuffer_image EGL_KHR_fence_sync EGL_ANDROID_image_native_buffer 
I/SurfaceFlinger(   87): Client API: OpenGL_ES
I/SurfaceFlinger(   87): EGLSurface: 8-8-8-8, config=0x60000011
I/SurfaceFlinger(   87): OpenGL informations:
I/SurfaceFlinger(   87): vendor    : ARM
I/SurfaceFlinger(   87): renderer  : Mali-300
I/SurfaceFlinger(   87): version   : OpenGL ES-CM 1.1 Spreadtrum Build
I/SurfaceFlinger(   87): extensions: GL_EXT_debug_marker GL_OES_byte_coordinates GL_OES_fixed_point GL_OES_single_precision GL_OES_matrix_get GL_OES_read_format GL_OES_compressed_paletted_texture GL_OES_point_size_array GL_OES_point_sprite GL_OES_texture_npot GL_OES_query_matrix GL_OES_matrix_palette GL_OES_extended_matrix_palette GL_OES_compressed_ETC1_RGB8_texture GL_OES_EGL_image GL_OES_draw_texture GL_OES_depth_texture GL_OES_packed_depth_stencil GL_EXT_texture_format_BGRA8888 GL_OES_framebuffer_object GL_OES_stencil8 GL_OES_depth24 GL_ARM_rgba8 GL_OES_EGL_image_external GL_OES_EGL_sync GL_OES_rgb8_rgba8 GL_EXT_multisampled_render_to_texture GL_OES_texture_cube_map GL_EXT_discard_framebuffer 
I/SurfaceFlinger(   87): GL_MAX_TEXTURE_SIZE = 4096
I/SurfaceFlinger(   87): GL_MAX_VIEWPORT_DIMS = 4096 x 4096
I/SurfaceFlinger(   87): flags = 00000000
I/SPRDhwcomposer(   87): fb_width = 480,fb_height = 800
I/SPRDhwcomposer(   87): overlay_phy_addr = f600000
I/SPRDhwcomposer(   87): tmp  overlay_phy_addr = f8ee000
I/SurfaceFlinger(   87): EventThread ready to run.
I/audio_hw_primary(   90): Set 'Capture Volume'.0 to 12
I/audio_hw_primary(   90): Set 'Mic Boost Volume'.0 to 1
I/audio_hw_primary(   90): Set 'Line Playback Volume'.0 to 12
I/audio_hw_primary(   90): Set 'Line Playback Volume'.1 to 12
I/audio_hw_primary(   90): Set 'LineinRec Capture Volume'.0 to 8
I/audio_hw_primary(   90): Allocating device speaker
I/audio_hw_primary(   90): Parsing control Speaker Function => 1
I/audio_hw_primary(   90): s->path_len=1
I/audio_hw_primary(   90): 1 element on sequence
I/audio_hw_primary(   90): Parsing control Speaker Function => 0
I/audio_hw_primary(   90): s->path_len=1
I/audio_hw_primary(   90): 1 element off sequence
I/audio_hw_primary(   90): Set 'Speaker Function'.0 to 0
I/audio_hw_primary(   90): Allocating device headphone
I/audio_hw_primary(   90): Parsing control HeadPhone Function => 1
I/audio_hw_primary(   90): s->path_len=1
I/audio_hw_primary(   90): 1 element on sequence
I/audio_hw_primary(   90): Parsing control HeadPhone Function => 0
I/audio_hw_primary(   90): s->path_len=1
I/audio_hw_primary(   90): 1 element off sequence
I/audio_hw_primary(   90): Set 'HeadPhone Function'.0 to 0
I/audio_hw_primary(   90): Allocating device earpiece
I/audio_hw_primary(   90): Parsing control Earpiece Function => 1
I/audio_hw_primary(   90): s->path_len=1
I/audio_hw_primary(   90): 1 element on sequence
I/audio_hw_primary(   90): Parsing control Earpiece Function => 0
I/audio_hw_primary(   90): s->path_len=1
I/audio_hw_primary(   90): 1 element off sequence
I/audio_hw_primary(   90): Set 'Earpiece Function'.0 to 0
I/audio_hw_primary(   90): Allocating device builtin-mic
I/audio_hw_primary(   90): Parsing control Mic Function => 1
I/audio_hw_primary(   90): s->path_len=1
I/audio_hw_primary(   90): 1 element on sequence
I/audio_hw_primary(   90): Parsing control Mic Function => 0
I/audio_hw_primary(   90): s->path_len=1
I/audio_hw_primary(   90): 1 element off sequence
I/audio_hw_primary(   90): Set 'Mic Function'.0 to 0
I/audio_hw_primary(   90): Allocating device headset-in
I/audio_hw_primary(   90): Parsing control HP Mic Function => 1
I/audio_hw_primary(   90): s->path_len=1
I/audio_hw_primary(   90): 1 element on sequence
I/audio_hw_primary(   90): Parsing control HP Mic Function => 0
I/audio_hw_primary(   90): s->path_len=1
I/audio_hw_primary(   90): 1 element off sequence
I/audio_hw_primary(   90): Set 'HP Mic Function'.0 to 0
I/audio_hw_primary(   90): Allocating device line
I/audio_hw_primary(   90): Parsing control Line Function => 1
I/audio_hw_primary(   90): s->path_len=1
I/audio_hw_primary(   90): 1 element on sequence
I/audio_hw_primary(   90): Parsing control Line Function => 0
I/audio_hw_primary(   90): s->path_len=1
I/audio_hw_primary(   90): 1 element off sequence
I/audio_hw_primary(   90): Set 'Line Function'.0 to 0
I/audio_hw_primary(   90): Parsing control Linein Rec Function => 1
I/audio_hw_primary(   90): s->path_len=1
I/audio_hw_primary(   90): Applying 1 element default route
E/Trace   (   87): error opening trace file: No such file or directory (2)
I/audio_hw_primary(   90): Set 'Linein Rec Function'.0 to 1
I/audio_hw_primary(   90): Parsing control Linein Rec Function => 0
I/audio_hw_primary(   90): s->path_len=1
I/audio_hw_primary(   90): Applying 1 element default route
I/audio_hw_primary(   90): Set 'Linein Rec Function'.0 to 0
W/audio_hw_primary(   90): s->adev->private_ctl.vbc_switch is successful
W/audio_hw_primary(   90): s->adev->private_ctl.vbc_eq_switch is successful
W/audio_hw_primary(   90): s->adev->private_ctl.vbc_eq_update is successful
W/audio_hw_primary(   90): s->adev->private_ctl.vbc_eq_profile_select is successful
I/audio_hw_primary(   90): ret=0, num_dev_cfgs=6
I/audio_hw_primary(   90): dev_cfgs_on depth=1, dev_cfgs_off depth=1
I/vb_effect(   90): create_vb_effect_params...start
I/vb_effect(   90): do_parse...start
I/vb_effect(   90): fd_dest_paras(0x40142cbc), header_len(12), profile_len(280)
I/vb_effect(   90): effect_profile->name is Headset
I/vb_effect(   90): effect_profile->name is Headfree
I/vb_effect(   90): effect_profile->name is Handset
I/vb_effect(   90): effect_profile->name is Handsfree
I/vb_effect(   90): do_parse...end
I/vb_effect(   90): create_vb_effect_params...done
I/audio_hw_primary(   90): eq_loading, ret(-1), eq_available(0)
I/audio_pga(   90): The codec name is dolphin
D/audio_pga(   90): profile name is 'speaker-l'
D/audio_pga(   90): pga name is 'Master Playback Volume', val is '0'
D/audio_pga(   90): pga name is 'Inter PA Playback Volume', val is '4'
D/audio_pga(   90): pga name is 'VBC DACL DG Set', val is '16'
D/audio_pga(   90): pga name is 'VBC DACL DG Switch', val is '31'
D/audio_pga(   90): profile name is 'speaker-r'
D/audio_pga(   90): pga name is 'Master Playback Volume', val is '0'
D/audio_pga(   90): pga name is 'Inter PA Playback Volume', val is '4'
D/audio_pga(   90): pga name is 'VBC DACR DG Set', val is '16'
D/audio_pga(   90): pga name is 'VBC DACR DG Switch', val is '31'
D/audio_pga(   90): profile name is 'headphone-l'
D/audio_pga(   90): pga name is 'Master Playback Volume', val is '0'
D/audio_pga(   90): pga name is 'HeadPhone Playback Volume', val is '4'
D/audio_pga(   90): pga name is 'VBC DACL DG Set', val is '16'
D/audio_pga(   90): pga name is 'VBC DACL DG Switch', val is '31'
D/audio_pga(   90): profile name is 'headphone-r'
D/audio_pga(   90): pga name is 'Master Playback Volume', val is '0'
D/audio_pga(   90): pga name is 'HeadPhone Playback Volume', val is '4'
D/audio_pga(   90): pga name is 'VBC DACR DG Set', val is '16'
D/audio_pga(   90): pga name is 'VBC DACR DG Switch', val is '31'
D/audio_pga(   90): profile name is 'headphone-spk-l'
D/audio_pga(   90): pga name is 'Master Playback Volume', val is '0'
D/audio_pga(   90): pga name is 'HeadPhone Playback Volume', val is '4'
D/audio_pga(   90): pga name is 'VBC DACL DG Set', val is '16'
D/audio_pga(   90): pga name is 'VBC DACL DG Switch', val is '31'
D/audio_pga(   90): profile name is 'headphone-spk-r'
D/audio_pga(   90): pga name is 'Master Playback Volume', val is '0'
D/audio_pga(   90): pga name is 'HeadPhone Playback Volume', val is '4'
D/audio_pga(   90): pga name is 'VBC DACR DG Set', val is '16'
D/audio_pga(   90): pga name is 'VBC DACR DG Switch', val is '31'
D/audio_pga(   90): profile name is 'earpiece'
D/audio_pga(   90): pga name is 'Master Playback Volume', val is '0'
D/audio_pga(   90): pga name is 'Ear Boost Volume', val is '4'
D/audio_pga(   90): pga name is 'VBC DACL DG Set', val is '16'
D/audio_pga(   90): pga name is 'VBC DACL DG Switch', val is '31'
D/audio_pga(   90): profile name is 'linein-spk-l'
D/audio_pga(   90): pga name is 'Line Playback Volume', val is '0'
D/audio_pga(   90): pga name is 'Inter PA Playback Volume', val is '5'
D/audio_pga(   90): pga name is 'VBC DACL DG Set', val is '16'
D/audio_pga(   90): pga name is 'VBC DACL DG Switch', val is '31'
D/audio_pga(   90): profile name is 'linein-spk-r'
D/audio_pga(   90): pga name is 'Line Playback Volume', val is '0'
D/audio_pga(   90): pga name is 'Inter PA Playback Volume', val is '5'
D/audio_pga(   90): pga name is 'VBC DACR DG Set', val is '16'
D/audio_pga(   90): pga name is 'VBC DACR DG Switch', val is '31'
D/audio_pga(   90): profile name is 'linein-hp-l'
D/audio_pga(   90): pga name is 'Line Playback Volume', val is '0'
D/audio_pga(   90): pga name is 'HeadPhone Playback Volume', val is '5'
D/audio_pga(   90): pga name is 'VBC DACL DG Set', val is '16'
D/audio_pga(   90): pga name is 'VBC DACL DG Switch', val is '31'
D/audio_pga(   90): profile name is 'linein-hp-r'
D/audio_pga(   90): pga name is 'Line Playback Volume', val is '0'
D/audio_pga(   90): pga name is 'HeadPhone Playback Volume', val is '5'
D/audio_pga(   90): pga name is 'VBC DACR DG Set', val is '16'
D/audio_pga(   90): pga name is 'VBC DACR DG Switch', val is '31'
D/audio_pga(   90): profile name is 'capture-l'
D/audio_pga(   90): pga name is 'Capture Volume', val is '0'
D/audio_pga(   90): pga name is 'Mic Boost Volume', val is '4'
D/audio_pga(   90): pga name is 'VBC ADCL DG Set', val is '8'
D/audio_pga(   90): pga name is 'VBC ADCL DG Switch', val is '15'
D/audio_pga(   90): profile name is 'capture-r'
D/audio_pga(   90): pga name is 'Capture Volume', val is '0'
D/audio_pga(   90): pga name is 'Mic Boost Volume', val is '4'
D/audio_pga(   90): pga name is 'VBC ADCR DG Set', val is '8'
D/audio_pga(   90): pga name is 'VBC ADCR DG Switch', val is '15'
D/audio_pga(   90): profile name is 'linein-capture-l'
D/audio_pga(   90): pga name is 'Capture Volume', val is '0'
D/audio_pga(   90): pga name is 'Mic Boost Volume', val is '4'
D/audio_pga(   90): pga name is 'LineinRec Capture Volume', val is '5'
D/audio_pga(   90): pga name is 'VBC ADCL DG Set', val is '8'
D/audio_pga(   90): pga name is 'VBC ADCL DG Switch', val is '15'
D/audio_pga(   90): profile name is 'linein-capture-r'
D/audio_pga(   90): pga name is 'Capture Volume', val is '0'
D/audio_pga(   90): pga name is 'Mic Boost Volume', val is '4'
D/audio_pga(   90): pga name is 'LineinRec Capture Volume', val is '5'
D/audio_pga(   90): pga name is 'VBC ADCR DG Set', val is '8'
D/audio_pga(   90): pga name is 'VBC ADCR DG Switch', val is '15'
D/audio_pga(   90): mixer name is 'Master Playback Volume'
D/audio_pga(   90): attribute max is '15', inverse is '1'
D/audio_pga(   90): mixer name is 'HeadPhone Playback Volume'
D/audio_pga(   90): attribute max is '31', inverse is '1'
D/audio_pga(   90): mixer name is 'Line Playback Volume'
D/audio_pga(   90): attribute max is '19', inverse is '1'
D/audio_pga(   90): mixer name is 'LineinRec Capture Volume'
D/audio_pga(   90): attribute max is '7', inverse is '0'
D/audio_pga(   90): mixer name is 'Inter PA Playback Volume'
D/audio_pga(   90): attribute max is '15', inverse is '0'
D/audio_pga(   90): mixer name is 'Ear Boost Volume'
D/audio_pga(   90): attribute max is '1', inverse is '0'
D/audio_pga(   90): mixer name is 'Capture Volume'
D/audio_pga(   90): attribute max is '15', inverse is '0'
D/audio_pga(   90): mixer name is 'Mic Boost Volume'
D/audio_pga(   90): attribute max is '1', inverse is '0'
D/audio_pga(   90): mixer name is 'VBC DACL DG Set'
D/audio_pga(   90): attribute max is '127', inverse is '0'
D/audio_pga(   90): mixer name is 'VBC DACR DG Set'
D/audio_pga(   90): attribute max is '127', inverse is '0'
D/audio_pga(   90): mixer name is 'VBC DACL DG Switch'
D/audio_pga(   90): attribute max is '1', inverse is '0'
D/audio_pga(   90): mixer name is 'VBC DACR DG Switch'
D/audio_pga(   90): attribute max is '1', inverse is '0'
D/audio_pga(   90): mixer name is 'VBC ADCL DG Set'
D/audio_pga(   90): attribute max is '127', inverse is '0'
D/audio_pga(   90): mixer name is 'VBC ADCR DG Set'
D/audio_pga(   90): attribute max is '127', inverse is '0'
D/audio_pga(   90): mixer name is 'VBC ADCL DG Switch'
D/audio_pga(   90): attribute max is '1', inverse is '0'
D/audio_pga(   90): mixer name is 'VBC ADCR DG Switch'
D/audio_pga(   90): attribute max is '1', inverse is '0'
I/audio_hw_primary(   90): select_devices_signal starting...
I/audio_hw_primary(   90): select_devices_signal finished.
V/audio_hw_primary(   90): adev_open: create lvve engine.
D/LVVE_Engine(   90): LVVEFS_TRACE: FUNCTION: LVVEFS_Create: There are 1 instances of LVVEFS active, id = 1074855737 at 168 in ../SRC/LVVEFS_Create.c
D/LVVE_Engine(   90): LVVEFS_TRACE: FUNCTION: LVVEFS_CreateParamTable: LVVEFS_ParseFile starting at 132 in ../SRC/LVVEFS_Params.c
D/LVVE_Engine(   90): LVVEFS_TRACE: FUNCTION: LVVEFS_ParseFile at 95 in ../SRC/LVVEFS_Parser.c
D/LVVE_Engine(   90): LVVEFS_TRACE: FUNCTION: LVVEFS_ArgsReadData at 318 in ../SRC/LVVEFS_Args.c
D/LVVE_Engine(   90): LVVEFS_TRACE: FUNCTION: LVVEFS_ParseFile: Set Rx Config Params at 151 in ../SRC/LVVEFS_Parser.c
D/LVVE_Engine(   90): LVVEFS_TRACE: FUNCTION: LVVEFS_Rx_Array2ControlParameters at 922 in ../SRC/LVVEFS_Parser.c
D/LVVE_Engine(   90): LVVEFS_TRACE: FUNCTION: LVVEFS_CreateParamTable: LVVEFS_ParseFile of LVVEFS_Rx_ControlParams returned successful at 141 in ../SRC/LVVEFS_Params.c
D/LVVE_Engine(   90): LVVEFS_TRACE: FUNCTION: LVVEFS_ParseFile at 95 in ../SRC/LVVEFS_Parser.c
D/LVVE_Engine(   90): LVVEFS_TRACE: FUNCTION: LVVEFS_ArgsReadData at 318 in ../SRC/LVVEFS_Args.c
D/LVVE_Engine(   90): LVVEFS_TRACE: FUNCTION: LVVEFS_ParseFile: Set Tx Config Params at 161 in ../SRC/LVVEFS_Parser.c
D/LVVE_Engine(   90): LVVEFS_TRACE: FUNCTION: LVVEFS_CreateParamTable: LVVEFS_ParseFile of LVVEFS_Tx_ControlParams returned successful at 156 in ../SRC/LVVEFS_Params.c
D/LVVE_Engine(   90): LVVEFS_TRACE: FUNCTION: LVVEFS_ParseFile at 95 in ../SRC/LVVEFS_Parser.c
D/LVVE_Engine(   90): LVVEFS_TRACE: FUNCTION: LVVEFS_ArgsReadData at 318 in ../SRC/LVVEFS_Args.c
D/LVVE_Engine(   90): LVVEFS_TRACE: FUNCTION: LVVEFS_ParseFile: Set Rx Control Params at 129 in ../SRC/LVVEFS_Parser.c
D/LVVE_Engine(   90): LVVEFS_TRACE: FUNCTION: LVVEFS_CreateParamTable: LVVEFS_ParseFile of RxControl 0 returned successful at 208 in ../SRC/LVVEFS_Params.c
D/LVVE_Engine(   90): LVVEFS_TRACE: FUNCTION: LVVEFS_ParseFile at 95 in ../SRC/LVVEFS_Parser.c
D/LVVE_Engine(   90): LVVEFS_TRACE: FUNCTION: LVVEFS_ArgsReadData at 318 in ../SRC/LVVEFS_Args.c
D/LVVE_Engine(   90): LVVEFS_TRACE: FUNCTION: LVVEFS_ParseFile: Set Rx Control Params at 129 in ../SRC/LVVEFS_Parser.c
D/LVVE_Engine(   90): LVVEFS_TRACE: FUNCTION: LVVEFS_CreateParamTable: LVVEFS_ParseFile of RxControl 1 returned successful at 208 in ../SRC/LVVEFS_Params.c
D/LVVE_Engine(   90): LVVEFS_TRACE: FUNCTION: LVVEFS_ParseFile at 95 in ../SRC/LVVEFS_Parser.c
D/LVVE_Engine(   90): LVVEFS_TRACE: FUNCTION: LVVEFS_ArgsReadData at 318 in ../SRC/LVVEFS_Args.c
D/LVVE_Engine(   90): LVVEFS_TRACE: FUNCTION: LVVEFS_ParseFile: Set Rx Control Params at 129 in ../SRC/LVVEFS_Parser.c
D/LVVE_Engine(   90): LVVEFS_TRACE: FUNCTION: LVVEFS_CreateParamTable: LVVEFS_ParseFile of RxControl 2 returned successful at 208 in ../SRC/LVVEFS_Params.c
D/LVVE_Engine(   90): LVVEFS_TRACE: FUNCTION: LVVEFS_ParseFile at 95 in ../SRC/LVVEFS_Parser.c
D/LVVE_Engine(   90): LVVEFS_TRACE: FUNCTION: LVVEFS_ArgsReadData at 318 in ../SRC/LVVEFS_Args.c
D/LVVE_Engine(   90): LVVEFS_TRACE: FUNCTION: LVVEFS_ParseFile: Set Rx Control Params at 129 in ../SRC/LVVEFS_Parser.c
D/LVVE_Engine(   90): LVVEFS_TRACE: FUNCTION: LVVEFS_CreateParamTable: LVVEFS_ParseFile of RxControl 3 returned successful at 208 in ../SRC/LVVEFS_Params.c
D/LVVE_Engine(   90): LVVEFS_TRACE: FUNCTION: LVVEFS_ParseFile at 95 in ../SRC/LVVEFS_Parser.c
D/LVVE_Engine(   90): LVVEFS_TRACE: FUNCTION: LVVEFS_ArgsReadData at 318 in ../SRC/LVVEFS_Args.c
D/LVVE_Engine(   90): LVVEFS_TRACE: FUNCTION: LVVEFS_ParseFile: Set Rx Control Params at 129 in ../SRC/LVVEFS_Parser.c
D/LVVE_Engine(   90): LVVEFS_TRACE: FUNCTION: LVVEFS_CreateParamTable: LVVEFS_ParseFile of RxControl 4 returned successful at 208 in ../SRC/LVVEFS_Params.c
D/LVVE_Engine(   90): LVVEFS_TRACE: FUNCTION: LVVEFS_ParseFile at 95 in ../SRC/LVVEFS_Parser.c
D/LVVE_Engine(   90): LVVEFS_TRACE: FUNCTION: LVVEFS_ArgsReadData at 318 in ../SRC/LVVEFS_Args.c
D/LVVE_Engine(   90): LVVEFS_TRACE: FUNCTION: LVVEFS_ParseFile: Set Rx Control Params at 129 in ../SRC/LVVEFS_Parser.c
D/LVVE_Engine(   90): LVVEFS_TRACE: FUNCTION: LVVEFS_CreateParamTable: LVVEFS_ParseFile of RxControl 5 returned successful at 208 in ../SRC/LVVEFS_Params.c
D/LVVE_Engine(   90): LVVEFS_TRACE: FUNCTION: LVVEFS_ParseFile at 95 in ../SRC/LVVEFS_Parser.c
D/LVVE_Engine(   90): LVVEFS_TRACE: FUNCTION: LVVEFS_ArgsReadData at 318 in ../SRC/LVVEFS_Args.c
D/LVVE_Engine(   90): LVVEFS_TRACE: FUNCTION: LVVEFS_ParseFile: Set Rx Control Params at 129 in ../SRC/LVVEFS_Parser.c
D/LVVE_Engine(   90): LVVEFS_TRACE: FUNCTION: LVVEFS_CreateParamTable: LVVEFS_ParseFile of RxControl 6 returned successful at 208 in ../SRC/LVVEFS_Params.c
D/LVVE_Engine(   90): LVVEFS_TRACE: FUNCTION: LVVEFS_ParseFile at 95 in ../SRC/LVVEFS_Parser.c
D/LVVE_Engine(   90): LVVEFS_TRACE: FUNCTION: LVVEFS_ArgsReadData at 318 in ../SRC/LVVEFS_Args.c
D/LVVE_Engine(   90): LVVEFS_TRACE: FUNCTION: LVVEFS_ParseFile: Set Rx Control Params at 129 in ../SRC/LVVEFS_Parser.c
D/LVVE_Engine(   90): LVVEFS_TRACE: FUNCTION: LVVEFS_CreateParamTable: LVVEFS_ParseFile of RxControl 7 returned successful at 208 in ../SRC/LVVEFS_Params.c
D/LVVE_Engine(   90): LVVEFS_TRACE: FUNCTION: LVVEFS_ParseFile at 95 in ../SRC/LVVEFS_Parser.c
D/LVVE_Engine(   90): LVVEFS_TRACE: FUNCTION: LVVEFS_ArgsReadData at 318 in ../SRC/LVVEFS_Args.c
D/LVVE_Engine(   90): LVVEFS_TRACE: FUNCTION: LVVEFS_ParseFile: Set Rx Control Params at 129 in ../SRC/LVVEFS_Parser.c
D/LVVE_Engine(   90): LVVEFS_TRACE: FUNCTION: LVVEFS_CreateParamTable: LVVEFS_ParseFile of RxControl 8 returned successful at 208 in ../SRC/LVVEFS_Params.c
D/LVVE_Engine(   90): LVVEFS_TRACE: FUNCTION: LVVEFS_ParseFile at 95 in ../SRC/LVVEFS_Parser.c
D/LVVE_Engine(   90): LVVEFS_TRACE: FUNCTION: LVVEFS_ArgsReadData at 318 in ../SRC/LVVEFS_Args.c
D/LVVE_Engine(   90): LVVEFS_TRACE: FUNCTION: LVVEFS_ParseFile: Set Rx Control Params at 129 in ../SRC/LVVEFS_Parser.c
D/LVVE_Engine(   90): LVVEFS_TRACE: FUNCTION: LVVEFS_CreateParamTable: LVVEFS_ParseFile of RxControl 9 returned successful at 208 in ../SRC/LVVEFS_Params.c
D/LVVE_Engine(   90): LVVEFS_TRACE: FUNCTION: LVVEFS_ParseFile at 95 in ../SRC/LVVEFS_Parser.c
D/LVVE_Engine(   90): LVVEFS_TRACE: FUNCTION: LVVEFS_ArgsReadData at 318 in ../SRC/LVVEFS_Args.c
D/LVVE_Engine(   90): LVVEFS_TRACE: FUNCTION: LVVEFS_ParseFile: Set Tx Control Params at 140 in ../SRC/LVVEFS_Parser.c
D/LVVE_Engine(   90): LVVEFS_TRACE: FUNCTION: LVVEFS_CreateParamTable: LVVEFS_ParseFile of TxControl 0 returned successful at 230 in ../SRC/LVVEFS_Params.c
D/LVVE_Engine(   90): LVVEFS_TRACE: FUNCTION: LVVEFS_ParseFile at 95 in ../SRC/LVVEFS_Parser.c
D/LVVE_Engine(   90): LVVEFS_TRACE: FUNCTION: LVVEFS_ArgsReadData at 318 in ../SRC/LVVEFS_Args.c
D/LVVE_Engine(   90): LVVEFS_TRACE: FUNCTION: LVVEFS_ParseFile: Set Tx Control Params at 140 in ../SRC/LVVEFS_Parser.c
D/LVVE_Engine(   90): LVVEFS_TRACE: FUNCTION: LVVEFS_CreateParamTable: LVVEFS_ParseFile of TxControl 1 returned successful at 230 in ../SRC/LVVEFS_Params.c
D/LVVE_Engine(   90): LVVEFS_TRACE: FUNCTION: LVVEFS_ParseFile at 95 in ../SRC/LVVEFS_Parser.c
D/LVVE_Engine(   90): LVVEFS_TRACE: FUNCTION: LVVEFS_ArgsReadData at 318 in ../SRC/LVVEFS_Args.c
D/LVVE_Engine(   90): LVVEFS_TRACE: FUNCTION: LVVEFS_ParseFile: Set Tx Control Params at 140 in ../SRC/LVVEFS_Parser.c
D/LVVE_Engine(   90): LVVEFS_TRACE: FUNCTION: LVVEFS_CreateParamTable: LVVEFS_ParseFile of TxControl 2 returned successful at 230 in ../SRC/LVVEFS_Params.c
D/LVVE_Engine(   90): LVVEFS_TRACE: FUNCTION: LVVEFS_ParseFile at 95 in ../SRC/LVVEFS_Parser.c
D/LVVE_Engine(   90): LVVEFS_TRACE: FUNCTION: LVVEFS_ArgsReadData at 318 in ../SRC/LVVEFS_Args.c
D/LVVE_Engine(   90): LVVEFS_TRACE: FUNCTION: LVVEFS_ParseFile: Set Tx Control Params at 140 in ../SRC/LVVEFS_Parser.c
D/LVVE_Engine(   90): LVVEFS_TRACE: FUNCTION: LVVEFS_CreateParamTable: LVVEFS_ParseFile of TxControl 3 returned successful at 230 in ../SRC/LVVEFS_Params.c
D/LVVE_Engine(   90): LVVEFS_TRACE: FUNCTION: LVVEFS_ParseFile at 95 in ../SRC/LVVEFS_Parser.c
D/LVVE_Engine(   90): LVVEFS_TRACE: FUNCTION: LVVEFS_ArgsReadData at 318 in ../SRC/LVVEFS_Args.c
D/LVVE_Engine(   90): LVVEFS_TRACE: FUNCTION: LVVEFS_ParseFile: Set Tx Control Params at 140 in ../SRC/LVVEFS_Parser.c
D/LVVE_Engine(   90): LVVEFS_TRACE: FUNCTION: LVVEFS_CreateParamTable: LVVEFS_ParseFile of TxControl 4 returned successful at 230 in ../SRC/LVVEFS_Params.c
D/LVVE_Engine(   90): LVVEFS_TRACE: FUNCTION: LVVEFS_ParseFile at 95 in ../SRC/LVVEFS_Parser.c
D/LVVE_Engine(   90): LVVEFS_TRACE: FUNCTION: LVVEFS_ArgsReadData at 318 in ../SRC/LVVEFS_Args.c
D/LVVE_Engine(   90): LVVEFS_TRACE: FUNCTION: LVVEFS_ParseFile: Set Tx Control Params at 140 in ../SRC/LVVEFS_Parser.c
D/LVVE_Engine(   90): LVVEFS_TRACE: FUNCTION: LVVEFS_CreateParamTable: LVVEFS_ParseFile of TxControl 5 returned successful at 230 in ../SRC/LVVEFS_Params.c
D/LVVE_Engine(   90): LVVEFS_TRACE: FUNCTION: LVVEFS_ParseFile at 95 in ../SRC/LVVEFS_Parser.c
D/LVVE_Engine(   90): LVVEFS_TRACE: FUNCTION: LVVEFS_ArgsReadData at 318 in ../SRC/LVVEFS_Args.c
D/LVVE_Engine(   90): LVVEFS_TRACE: FUNCTION: LVVEFS_ParseFile: Set Tx Control Params at 140 in ../SRC/LVVEFS_Parser.c
D/LVVE_Engine(   90): LVVEFS_TRACE: FUNCTION: LVVEFS_CreateParamTable: LVVEFS_ParseFile of TxControl 6 returned successful at 230 in ../SRC/LVVEFS_Params.c
D/LVVE_Engine(   90): LVVEFS_TRACE: FUNCTION: LVVEFS_ParseFile at 95 in ../SRC/LVVEFS_Parser.c
D/LVVE_Engine(   90): LVVEFS_TRACE: FUNCTION: LVVEFS_ArgsReadData at 318 in ../SRC/LVVEFS_Args.c
D/LVVE_Engine(   90): LVVEFS_TRACE: FUNCTION: LVVEFS_ParseFile: Set Tx Control Params at 140 in ../SRC/LVVEFS_Parser.c
D/LVVE_Engine(   90): LVVEFS_TRACE: FUNCTION: LVVEFS_CreateParamTable: LVVEFS_ParseFile of TxControl 7 returned successful at 230 in ../SRC/LVVEFS_Params.c
D/LVVE_Engine(   90): LVVEFS_TRACE: FUNCTION: LVVEFS_ParseFile at 95 in ../SRC/LVVEFS_Parser.c
D/LVVE_Engine(   90): LVVEFS_TRACE: FUNCTION: LVVEFS_ArgsReadData at 318 in ../SRC/LVVEFS_Args.c
D/LVVE_Engine(   90): LVVEFS_TRACE: FUNCTION: LVVEFS_ParseFile: Set Tx Control Params at 140 in ../SRC/LVVEFS_Parser.c
