E/SMD     (  101):  buffer = [X]
E/SMD     (  101): Wrote 1 chars to SMD PORT fd=7 ch = 58
E/SMD     (  101): After the Modem Read select 
E/SMD     (  101): Read 1 chars from SMD Modem file fd = 7
E/SMD     (  101):  Message: X
E/SMD     (  101): OK
E/SMD     (  101): .1-B7
E/SMD     (  101): 
E/SMD     (  101): OK
E/SMD     (  101): ication CO.
E/SMD     (  101): 
E/SMD     (  101): OK
E/SMD     (  101): 0,"RC",0,"ME",0
E/SMD     (  101): 
E/SMD     (  101): Before the Modem Read select 
E/DataRouter(   99): [socket:13]******* Received data notification *******
E/DataRouter(   99): [socket:13]read socket data[len:1]
E/DataRouter(   99): [socket:13]read socket data[message:X
E/DataRouter(   99): write [1] bytes of data to USB fd[9]
E/DataRouter(   99): [socket:13]dr_usb_write
E/DataRouter(   99): After the usb select 
E/DataRouter(   99): read usb data[len:1]
E/DataRouter(   99): read usb data message:4
E/DataRouter(   99): Before the usb select 
E/SMD     (  101): ***Received data notification[DR->SMD]***
E/SMD     (  101): Message:4
E/SMD     (  101): Sending data to SMD: Len = [1]
E/SMD     (  101):  buffer = [4]
E/SMD     (  101): Wrote 1 chars to SMD PORT fd=7 ch = 34
E/SMD     (  101): After the Modem Read select 
E/SMD     (  101): Read 1 chars from SMD Modem file fd = 7
E/SMD     (  101):  Message: 4
E/SMD     (  101): OK
E/SMD     (  101): .1-B7
E/SMD     (  101): 
E/SMD     (  101): OK
E/SMD     (  101): ication CO.
E/SMD     (  101): 
E/SMD     (  101): OK
E/SMD     (  101): 0,"RC",0,"ME",0
E/SMD     (  101): 
E/SMD     (  101): Before the Modem Read select 
E/DataRouter(   99): [socket:13]******* Received data notification *******
E/DataRouter(   99): [socket:13]read socket data[len:1]
E/DataRouter(   99): [socket:13]read socket data[message:4
E/DataRouter(   99): write [1] bytes of data to USB fd[9]
E/DataRouter(   99): [socket:13]dr_usb_write
E/DataRouter(   99): After the usb select 
E/DataRouter(   99): read usb data[len:1]
E/DataRouter(   99): read usb data message:
E/DataRouter(   99): Before the usb select 
E/SMD     (  101): ***Received data notification[DR->SMD]***
E/SMD     (  101): Message:
E/SMD     (  101): Sending data to SMD: Len = [1]
E/SMD     (  101):  buffer = []
E/SMD     (  101): Wrote 1 chars to SMD PORT fd=7 ch = d
E/SMD     (  101): After the Modem Read select 
E/SMD     (  101): Read 1 chars from SMD Modem file fd = 7
E/SMD     (  101):  Message: 
E/SMD     (  101): OK
E/SMD     (  101): .1-B7
E/SMD     (  101): 
E/SMD     (  101): OK
E/SMD     (  101): ication CO.
E/SMD     (  101): 
E/SMD     (  101): OK
E/SMD     (  101): 0,"RC",0,"ME",0
E/SMD     (  101): 
E/SMD     (  101): Before the Modem Read select 
E/DataRouter(   99): [socket:13]******* Received data notification *******
E/DataRouter(   99): [socket:13]read socket data[len:1]
E/DataRouter(   99): [socket:13]read socket data[message:
E/DataRouter(   99): write [1] bytes of data to USB fd[9]
E/DataRouter(   99): [socket:13]dr_usb_write
D/SPRDENG (  148): eng_servermodem_comm: use SIM1 /dev/CHNPTY13
D/SPRDENG (  148): AT > ATX4
D/SPRDENG (  148): 41
D/SPRDENG (  148): 54
D/SPRDENG (  148): 58
D/SPRDENG (  148): 34
D/SPRDENG (  148): d
D/SPRDENG (  148): eng_modem2server: use SIM1 /dev/CHNPTY13
D/SPRDENG (  148): AT < 
D/SPRDENG (  148): OK
D/SPRDENG (  148): 
E/SMD     (  101): After the Modem Read select 
E/SMD     (  101): Read 6 chars from SMD Modem file fd = 7
E/SMD     (  101):  Message: 
E/SMD     (  101): OK
E/SMD     (  101): .1-B7
E/SMD     (  101): 
E/SMD     (  101): OK
E/SMD     (  101): ication CO.
E/SMD     (  101): 
E/SMD     (  101): OK
E/SMD     (  101): 0,"RC",0,"ME",0
E/SMD     (  101): 
E/SMD     (  101): Before the Modem Read select 
E/DataRouter(   99): [socket:13]******* Received data notification *******
E/DataRouter(   99): [socket:13]read socket data[len:6]
E/DataRouter(   99): [socket:13]read socket data[message:
E/DataRouter(   99): OK
E/DataRouter(   99): 
E/DataRouter(   99): write [6] bytes of data to USB fd[9]
E/DataRouter(   99): [socket:13]dr_usb_write
E/DataRouter(   99): After the usb select 
E/DataRouter(   99): read usb data[len:1]
E/DataRouter(   99): read usb data message:A
E/DataRouter(   99): Before the usb select 
E/SMD     (  101): ***Received data notification[DR->SMD]***
E/SMD     (  101): Message:A
E/SMD     (  101): Sending data to SMD: Len = [1]
E/SMD     (  101):  buffer = [A]
E/SMD     (  101): Wrote 1 chars to SMD PORT fd=7 ch = 41
E/SMD     (  101): After the Modem Read select 
E/SMD     (  101): Read 1 chars from SMD Modem file fd = 7
E/SMD     (  101):  Message: A
E/SMD     (  101): OK
E/SMD     (  101): .1-B7
E/SMD     (  101): 
E/SMD     (  101): OK
E/SMD     (  101): ication CO.
E/SMD     (  101): 
E/SMD     (  101): OK
E/SMD     (  101): 0,"RC",0,"ME",0
E/SMD     (  101): 
E/SMD     (  101): Before the Modem Read select 
E/DataRouter(   99): [socket:13]******* Received data notification *******
E/DataRouter(   99): [socket:13]read socket data[len:1]
E/DataRouter(   99): [socket:13]read socket data[message:A
E/DataRouter(   99): write [1] bytes of data to USB fd[9]
E/DataRouter(   99): [socket:13]dr_usb_write
E/DataRouter(   99): After the usb select 
E/DataRouter(   99): read usb data[len:1]
E/DataRouter(   99): read usb data message:T
E/DataRouter(   99): Before the usb select 
E/SMD     (  101): ***Received data notification[DR->SMD]***
E/SMD     (  101): Message:T
E/SMD     (  101): Sending data to SMD: Len = [1]
E/SMD     (  101):  buffer = [T]
E/SMD     (  101): Wrote 1 chars to SMD PORT fd=7 ch = 54
E/SMD     (  101): After the Modem Read select 
E/SMD     (  101): Read 1 chars from SMD Modem file fd = 7
E/SMD     (  101):  Message: T
E/SMD     (  101): OK
E/SMD     (  101): .1-B7
E/SMD     (  101): 
E/SMD     (  101): OK
E/SMD     (  101): ication CO.
E/SMD     (  101): 
E/SMD     (  101): OK
E/SMD     (  101): 0,"RC",0,"ME",0
E/SMD     (  101): 
E/SMD     (  101): Before the Modem Read select 
E/DataRouter(   99): [socket:13]******* Received data notification *******
E/DataRouter(   99): [socket:13]read socket data[len:1]
E/DataRouter(   99): [socket:13]read socket data[message:T
E/DataRouter(   99): write [1] bytes of data to USB fd[9]
E/DataRouter(   99): [socket:13]dr_usb_write
E/DataRouter(   99): After the usb select 
E/DataRouter(   99): read usb data[len:1]
E/DataRouter(   99): read usb data message:&
E/DataRouter(   99): Before the usb select 
E/SMD     (  101): ***Received data notification[DR->SMD]***
E/SMD     (  101): Message:&
E/SMD     (  101): Sending data to SMD: Len = [1]
E/SMD     (  101):  buffer = [&]
E/SMD     (  101): Wrote 1 chars to SMD PORT fd=7 ch = 26
E/SMD     (  101): After the Modem Read select 
E/SMD     (  101): Read 1 chars from SMD Modem file fd = 7
E/SMD     (  101):  Message: &
E/SMD     (  101): OK
E/SMD     (  101): .1-B7
E/SMD     (  101): 
E/SMD     (  101): OK
E/SMD     (  101): ication CO.
E/SMD     (  101): 
E/SMD     (  101): OK
E/SMD     (  101): 0,"RC",0,"ME",0
E/SMD     (  101): 
E/SMD     (  101): Before the Modem Read select 
E/DataRouter(   99): [socket:13]******* Received data notification *******
E/DataRouter(   99): [socket:13]read socket data[len:1]
E/DataRouter(   99): [socket:13]read socket data[message:&
E/DataRouter(   99): write [1] bytes of data to USB fd[9]
E/DataRouter(   99): [socket:13]dr_usb_write
E/DataRouter(   99): After the usb select 
E/DataRouter(   99): read usb data[len:1]
E/DataRouter(   99): read usb data message:C
E/DataRouter(   99): Before the usb select 
E/SMD     (  101): ***Received data notification[DR->SMD]***
E/SMD     (  101): Message:C
E/SMD     (  101): Sending data to SMD: Len = [1]
E/SMD     (  101):  buffer = [C]
E/SMD     (  101): Wrote 1 chars to SMD PORT fd=7 ch = 43
E/SMD     (  101): After the Modem Read select 
E/SMD     (  101): Read 1 chars from SMD Modem file fd = 7
E/SMD     (  101):  Message: C
E/SMD     (  101): OK
E/SMD     (  101): .1-B7
E/SMD     (  101): 
E/SMD     (  101): OK
E/SMD     (  101): ication CO.
E/SMD     (  101): 
E/SMD     (  101): OK
E/SMD     (  101): 0,"RC",0,"ME",0
E/SMD     (  101): 
E/SMD     (  101): Before the Modem Read select 
E/DataRouter(   99): [socket:13]******* Received data notification *******
E/DataRouter(   99): [socket:13]read socket data[len:1]
E/DataRouter(   99): [socket:13]read socket data[message:C
E/DataRouter(   99): write [1] bytes of data to USB fd[9]
E/DataRouter(   99): [socket:13]dr_usb_write
E/DataRouter(   99): After the usb select 
E/DataRouter(   99): read usb data[len:1]
E/DataRouter(   99): read usb data message:1
E/DataRouter(   99): Before the usb select 
E/SMD     (  101): ***Received data notification[DR->SMD]***
E/SMD     (  101): Message:1
E/SMD     (  101): Sending data to SMD: Len = [1]
E/SMD     (  101):  buffer = [1]
E/SMD     (  101): Wrote 1 chars to SMD PORT fd=7 ch = 31
E/SMD     (  101): After the Modem Read select 
E/SMD     (  101): Read 1 chars from SMD Modem file fd = 7
E/SMD     (  101):  Message: 1
E/SMD     (  101): OK
E/SMD     (  101): .1-B7
E/SMD     (  101): 
E/SMD     (  101): OK
E/SMD     (  101): ication CO.
E/SMD     (  101): 
E/SMD     (  101): OK
E/SMD     (  101): 0,"RC",0,"ME",0
E/SMD     (  101): 
E/SMD     (  101): Before the Modem Read select 
E/DataRouter(   99): [socket:13]******* Received data notification *******
E/DataRouter(   99): [socket:13]read socket data[len:1]
E/DataRouter(   99): [socket:13]read socket data[message:1
E/DataRouter(   99): write [1] bytes of data to USB fd[9]
E/DataRouter(   99): [socket:13]dr_usb_write
E/DataRouter(   99): After the usb select 
E/DataRouter(   99): read usb data[len:1]
E/DataRouter(   99): read usb data message:
E/DataRouter(   99): Before the usb select 
E/SMD     (  101): ***Received data notification[DR->SMD]***
E/SMD     (  101): Message:
E/SMD     (  101): Sending data to SMD: Len = [1]
E/SMD     (  101):  buffer = []
E/SMD     (  101): Wrote 1 chars to SMD PORT fd=7 ch = d
E/SMD     (  101): After the Modem Read select 
E/SMD     (  101): Read 1 chars from SMD Modem file fd = 7
E/SMD     (  101):  Message: 
E/SMD     (  101): OK
E/SMD     (  101): .1-B7
E/SMD     (  101): 
E/SMD     (  101): OK
E/SMD     (  101): ication CO.
E/SMD     (  101): 
E/SMD     (  101): OK
E/SMD     (  101): 0,"RC",0,"ME",0
E/SMD     (  101): 
E/SMD     (  101): Before the Modem Read select 
E/DataRouter(   99): [socket:13]******* Received data notification *******
E/DataRouter(   99): [socket:13]read socket data[len:1]
E/DataRouter(   99): [socket:13]read socket data[message:
E/DataRouter(   99): write [1] bytes of data to USB fd[9]
E/DataRouter(   99): [socket:13]dr_usb_write
D/SPRDENG (  148): eng_servermodem_comm: use SIM1 /dev/CHNPTY13
D/SPRDENG (  148): AT > AT&C1
D/SPRDENG (  148): 41
D/SPRDENG (  148): 54
D/SPRDENG (  148): 26
D/SPRDENG (  148): 43
D/SPRDENG (  148): 31
D/SPRDENG (  148): d
D/SPRDENG (  148): eng_modem2server: use SIM1 /dev/CHNPTY13
D/SPRDENG (  148): AT < 
D/SPRDENG (  148): OK
D/SPRDENG (  148): 
E/SMD     (  101): After the Modem Read select 
E/SMD     (  101): Read 6 chars from SMD Modem file fd = 7
E/SMD     (  101):  Message: 
E/SMD     (  101): OK
E/SMD     (  101): .1-B7
E/SMD     (  101): 
E/SMD     (  101): OK
E/SMD     (  101): ication CO.
E/SMD     (  101): 
E/SMD     (  101): OK
E/SMD     (  101): 0,"RC",0,"ME",0
E/SMD     (  101): 
E/SMD     (  101): Before the Modem Read select 
E/DataRouter(   99): [socket:13]******* Received data notification *******
E/DataRouter(   99): [socket:13]read socket data[len:6]
E/DataRouter(   99): [socket:13]read socket data[message:
E/DataRouter(   99): OK
E/DataRouter(   99): 
E/DataRouter(   99): write [6] bytes of data to USB fd[9]
E/DataRouter(   99): [socket:13]dr_usb_write
E/DataRouter(   99): After the usb select 
E/DataRouter(   99): read usb data[len:1]
E/DataRouter(   99): read usb data message:A
E/DataRouter(   99): Before the usb select 
E/SMD     (  101): ***Received data notification[DR->SMD]***
E/SMD     (  101): Message:A
E/SMD     (  101): Sending data to SMD: Len = [1]
E/SMD     (  101):  buffer = [A]
E/SMD     (  101): Wrote 1 chars to SMD PORT fd=7 ch = 41
E/SMD     (  101): After the Modem Read select 
E/SMD     (  101): Read 1 chars from SMD Modem file fd = 7
E/SMD     (  101):  Message: A
E/SMD     (  101): OK
E/SMD     (  101): .1-B7
E/SMD     (  101): 
E/SMD     (  101): OK
E/SMD     (  101): ication CO.
E/SMD     (  101): 
E/SMD     (  101): OK
E/SMD     (  101): 0,"RC",0,"ME",0
E/SMD     (  101): 
E/SMD     (  101): Before the Modem Read select 
E/DataRouter(   99): [socket:13]******* Received data notification *******
E/DataRouter(   99): [socket:13]read socket data[len:1]
E/DataRouter(   99): [socket:13]read socket data[message:A
E/DataRouter(   99): write [1] bytes of data to USB fd[9]
E/DataRouter(   99): [socket:13]dr_usb_write
E/DataRouter(   99): After the usb select 
E/DataRouter(   99): read usb data[len:1]
E/DataRouter(   99): read usb data message:T
E/DataRouter(   99): Before the usb select 
E/SMD     (  101): ***Received data notification[DR->SMD]***
E/SMD     (  101): Message:T
E/SMD     (  101): Sending data to SMD: Len = [1]
E/SMD     (  101):  buffer = [T]
E/SMD     (  101): Wrote 1 chars to SMD PORT fd=7 ch = 54
E/SMD     (  101): After the Modem Read select 
E/SMD     (  101): Read 1 chars from SMD Modem file fd = 7
E/SMD     (  101):  Message: T
E/SMD     (  101): OK
E/SMD     (  101): .1-B7
E/SMD     (  101): 
E/SMD     (  101): OK
E/SMD     (  101): ication CO.
E/SMD     (  101): 
E/SMD     (  101): OK
E/SMD     (  101): 0,"RC",0,"ME",0
E/SMD     (  101): 
E/SMD     (  101): Before the Modem Read select 
E/DataRouter(   99): [socket:13]******* Received data notification *******
E/DataRouter(   99): [socket:13]read socket data[len:1]
E/DataRouter(   99): [socket:13]read socket data[message:T
E/DataRouter(   99): write [1] bytes of data to USB fd[9]
E/DataRouter(   99): [socket:13]dr_usb_write
E/DataRouter(   99): After the usb select 
E/DataRouter(   99): read usb data[len:1]
E/DataRouter(   99): read usb data message:E
E/DataRouter(   99): Before the usb select 
E/SMD     (  101): ***Received data notification[DR->SMD]***
E/SMD     (  101): Message:E
E/SMD     (  101): Sending data to SMD: Len = [1]
E/SMD     (  101):  buffer = [E]
E/SMD     (  101): Wrote 1 chars to SMD PORT fd=7 ch = 45
E/SMD     (  101): After the Modem Read select 
E/SMD     (  101): Read 1 chars from SMD Modem file fd = 7
E/SMD     (  101):  Message: E
E/SMD     (  101): OK
E/SMD     (  101): .1-B7
E/SMD     (  101): 
E/SMD     (  101): OK
E/SMD     (  101): ication CO.
E/SMD     (  101): 
E/SMD     (  101): OK
E/SMD     (  101): 0,"RC",0,"ME",0
E/SMD     (  101): 
E/SMD     (  101): Before the Modem Read select 
E/DataRouter(   99): [socket:13]******* Received data notification *******
E/DataRouter(   99): [socket:13]read socket data[len:1]
E/DataRouter(   99): [socket:13]read socket data[message:E
E/DataRouter(   99): write [1] bytes of data to USB fd[9]
E/DataRouter(   99): [socket:13]dr_usb_write
E/DataRouter(   99): After the usb select 
E/DataRouter(   99): read usb data[len:1]
E/DataRouter(   99): read usb data message:0
E/DataRouter(   99): Before the usb select 
E/SMD     (  101): ***Received data notification[DR->SMD]***
E/SMD     (  101): Message:0
E/SMD     (  101): Sending data to SMD: Len = [1]
E/SMD     (  101):  buffer = [0]
E/SMD     (  101): After the Modem Read select 
E/SMD     (  101): Read 1 chars from SMD Modem file fd = 7
E/SMD     (  101):  Message: 0
E/SMD     (  101): OK
E/SMD     (  101): .1-B7
E/SMD     (  101): 
E/SMD     (  101): OK
E/SMD     (  101): ication CO.
E/SMD     (  101): 
E/SMD     (  101): OK
E/SMD     (  101): 0,"RC",0,"ME",0
E/SMD     (  101): 
E/SMD     (  101): Before the Modem Read select 
E/DataRouter(   99): [socket:13]******* Received data notification *******
E/DataRouter(   99): [socket:13]read socket data[len:1]
E/DataRouter(   99): [socket:13]read socket data[message:0
E/DataRouter(   99): write [1] bytes of data to USB fd[9]
E/DataRouter(   99): [socket:13]dr_usb_write
E/SMD     (  101): Wrote 1 chars to SMD PORT fd=7 ch = 30
E/DataRouter(   99): After the usb select 
E/DataRouter(   99): read usb data[len:1]
E/DataRouter(   99): read usb data message:
E/DataRouter(   99): Before the usb select 
E/SMD     (  101): ***Received data notification[DR->SMD]***
E/SMD     (  101): Message:
E/SMD     (  101): Sending data to SMD: Len = [1]
E/SMD     (  101):  buffer = []
E/SMD     (  101): Wrote 1 chars to SMD PORT fd=7 ch = d
E/SMD     (  101): After the Modem Read select 
E/SMD     (  101): Read 1 chars from SMD Modem file fd = 7
E/SMD     (  101):  Message: 
E/SMD     (  101): OK
E/SMD     (  101): .1-B7
E/SMD     (  101): 
E/SMD     (  101): OK
E/SMD     (  101): ication CO.
E/SMD     (  101): 
E/SMD     (  101): OK
E/SMD     (  101): 0,"RC",0,"ME",0
E/SMD     (  101): 
E/SMD     (  101): Before the Modem Read select 
E/DataRouter(   99): [socket:13]******* Received data notification *******
E/DataRouter(   99): [socket:13]read socket data[len:1]
E/DataRouter(   99): [socket:13]read socket data[message:
E/DataRouter(   99): write [1] bytes of data to USB fd[9]
E/DataRouter(   99): [socket:13]dr_usb_write
D/SPRDENG (  148): eng_servermodem_comm: use SIM1 /dev/CHNPTY13
D/SPRDENG (  148): AT > ATE0
D/SPRDENG (  148): 41
D/SPRDENG (  148): 54
D/SPRDENG (  148): 45
D/SPRDENG (  148): 30
D/SPRDENG (  148): d
D/SPRDENG (  148): eng_modem2server: use SIM1 /dev/CHNPTY13
D/SPRDENG (  148): AT < 
D/SPRDENG (  148): OK
D/SPRDENG (  148): 
E/SMD     (  101): After the Modem Read select 
E/SMD     (  101): Read 6 chars from SMD Modem file fd = 7
E/SMD     (  101):  Message: 
E/SMD     (  101): OK
E/SMD     (  101): .1-B7
E/SMD     (  101): 
E/SMD     (  101): OK
E/SMD     (  101): ication CO.
E/SMD     (  101): 
E/SMD     (  101): OK
E/SMD     (  101): 0,"RC",0,"ME",0
E/SMD     (  101): 
E/SMD     (  101): Before the Modem Read select 
E/DataRouter(   99): [socket:13]******* Received data notification *******
E/DataRouter(   99): [socket:13]read socket data[len:6]
E/DataRouter(   99): [socket:13]read socket data[message:
E/DataRouter(   99): OK
E/DataRouter(   99): 
E/DataRouter(   99): write [6] bytes of data to USB fd[9]
E/DataRouter(   99): [socket:13]dr_usb_write
E/DataRouter(   99): After the usb select 
E/DataRouter(   99): read usb data[len:1]
E/DataRouter(   99): read usb data message:A
E/DataRouter(   99): Before the usb select 
E/SMD     (  101): ***Received data notification[DR->SMD]***
E/SMD     (  101): Message:A
E/SMD     (  101): Sending data to SMD: Len = [1]
E/SMD     (  101):  buffer = [A]
E/SMD     (  101): Wrote 1 chars to SMD PORT fd=7 ch = 41
E/SMD     (  101): After the Modem Read select 
E/SMD     (  101): Read 1 chars from SMD Modem file fd = 7
E/SMD     (  101):  Message: A
E/SMD     (  101): OK
E/SMD     (  101): .1-B7
E/SMD     (  101): 
E/SMD     (  101): OK
E/SMD     (  101): ication CO.
E/SMD     (  101): 
E/SMD     (  101): OK
E/SMD     (  101): 0,"RC",0,"ME",0
E/SMD     (  101): 
E/SMD     (  101): Before the Modem Read select 
E/DataRouter(   99): [socket:13]******* Received data notification *******
E/DataRouter(   99): [socket:13]read socket data[len:1]
E/DataRouter(   99): [socket:13]read socket data[message:A
E/DataRouter(   99): write [1] bytes of data to USB fd[9]
E/DataRouter(   99): [socket:13]dr_usb_write
E/DataRouter(   99): After the usb select 
E/DataRouter(   99): read usb data[len:1]
E/DataRouter(   99): read usb data message:T
E/DataRouter(   99): Before the usb select 
E/SMD     (  101): ***Received data notification[DR->SMD]***
E/SMD     (  101): Message:T
E/SMD     (  101): Sending data to SMD: Len = [1]
E/SMD     (  101):  buffer = [T]
E/SMD     (  101): Wrote 1 chars to SMD PORT fd=7 ch = 54
E/SMD     (  101): After the Modem Read select 
E/SMD     (  101): Read 1 chars from SMD Modem file fd = 7
E/SMD     (  101):  Message: T
E/SMD     (  101): OK
E/SMD     (  101): .1-B7
E/SMD     (  101): 
E/SMD     (  101): OK
E/SMD     (  101): ication CO.
E/SMD     (  101): 
E/SMD     (  101): OK
E/SMD     (  101): 0,"RC",0,"ME",0
E/SMD     (  101): 
E/SMD     (  101): Before the Modem Read select 
E/DataRouter(   99): [socket:13]******* Received data notification *******
E/DataRouter(   99): [socket:13]read socket data[len:1]
E/DataRouter(   99): [socket:13]read socket data[message:T
E/DataRouter(   99): write [1] bytes of data to USB fd[9]
E/DataRouter(   99): [socket:13]dr_usb_write
E/DataRouter(   99): After the usb select 
E/DataRouter(   99): read usb data[len:1]
E/DataRouter(   99): read usb data message:+
E/DataRouter(   99): Before the usb select 
E/SMD     (  101): ***Received data notification[DR->SMD]***
E/SMD     (  101): Message:+
E/SMD     (  101): Sending data to SMD: Len = [1]
E/SMD     (  101):  buffer = [+]
E/SMD     (  101): Wrote 1 chars to SMD PORT fd=7 ch = 2b
E/SMD     (  101): After the Modem Read select 
E/SMD     (  101): Read 1 chars from SMD Modem file fd = 7
E/SMD     (  101):  Message: +
E/SMD     (  101): OK
E/SMD     (  101): .1-B7
E/SMD     (  101): 
E/SMD     (  101): OK
E/SMD     (  101): ication CO.
E/SMD     (  101): 
E/SMD     (  101): OK
E/SMD     (  101): 0,"RC",0,"ME",0
E/SMD     (  101): 
E/SMD     (  101): Before the Modem Read select 
E/DataRouter(   99): [socket:13]******* Received data notification *******
E/DataRouter(   99): [socket:13]read socket data[len:1]
E/DataRouter(   99): [socket:13]read socket data[message:+
E/DataRouter(   99): write [1] bytes of data to USB fd[9]
E/DataRouter(   99): [socket:13]dr_usb_write
E/DataRouter(   99): After the usb select 
E/DataRouter(   99): read usb data[len:1]
E/DataRouter(   99): read usb data message:C
E/DataRouter(   99): Before the usb select 
E/SMD     (  101): ***Received data notification[DR->SMD]***
E/SMD     (  101): Message:C
E/SMD     (  101): Sending data to SMD: Len = [1]
E/SMD     (  101):  buffer = [C]
E/SMD     (  101): Wrote 1 chars to SMD PORT fd=7 ch = 43
E/SMD     (  101): After the Modem Read select 
E/SMD     (  101): Read 1 chars from SMD Modem file fd = 7
E/SMD     (  101):  Message: C
E/SMD     (  101): OK
E/SMD     (  101): .1-B7
E/SMD     (  101): 
E/SMD     (  101): OK
E/SMD     (  101): ication CO.
E/SMD     (  101): 
E/SMD     (  101): OK
E/SMD     (  101): 0,"RC",0,"ME",0
E/SMD     (  101): 
E/SMD     (  101): Before the Modem Read select 
E/DataRouter(   99): [socket:13]******* Received data notification *******
E/DataRouter(   99): [socket:13]read socket data[len:1]
E/DataRouter(   99): [socket:13]read socket data[message:C
E/DataRouter(   99): write [1] bytes of data to USB fd[9]
E/DataRouter(   99): [socket:13]dr_usb_write
E/DataRouter(   99): After the usb select 
E/DataRouter(   99): read usb data[len:1]
E/DataRouter(   99): read usb data message:M
E/DataRouter(   99): Before the usb select 
E/SMD     (  101): ***Received data notification[DR->SMD]***
E/SMD     (  101): Message:M
E/SMD     (  101): Sending data to SMD: Len = [1]
E/SMD     (  101):  buffer = [M]
E/SMD     (  101): Wrote 1 chars to SMD PORT fd=7 ch = 4d
E/SMD     (  101): After the Modem Read select 
E/SMD     (  101): Read 1 chars from SMD Modem file fd = 7
E/SMD     (  101):  Message: M
E/SMD     (  101): OK
E/SMD     (  101): .1-B7
E/SMD     (  101): 
E/SMD     (  101): OK
E/SMD     (  101): ication CO.
E/SMD     (  101): 
E/SMD     (  101): OK
E/SMD     (  101): 0,"RC",0,"ME",0
E/SMD     (  101): 
E/SMD     (  101): Before the Modem Read select 
E/DataRouter(   99): [socket:13]******* Received data notification *******
E/DataRouter(   99): [socket:13]read socket data[len:1]
E/DataRouter(   99): [socket:13]read socket data[message:M
E/DataRouter(   99): write [1] bytes of data to USB fd[9]
E/DataRouter(   99): [socket:13]dr_usb_write
E/DataRouter(   99): After the usb select 
E/DataRouter(   99): read usb data[len:1]
E/DataRouter(   99): read usb data message:E
E/DataRouter(   99): Before the usb select 
E/SMD     (  101): ***Received data notification[DR->SMD]***
E/SMD     (  101): Message:E
E/SMD     (  101): Sending data to SMD: Len = [1]
E/SMD     (  101):  buffer = [E]
E/SMD     (  101): Wrote 1 chars to SMD PORT fd=7 ch = 45
E/SMD     (  101): After the Modem Read select 
E/SMD     (  101): Read 1 chars from SMD Modem file fd = 7
E/SMD     (  101):  Message: E
E/SMD     (  101): OK
E/SMD     (  101): .1-B7
E/SMD     (  101): 
E/SMD     (  101): OK
E/SMD     (  101): ication CO.
E/SMD     (  101): 
E/SMD     (  101): OK
E/SMD     (  101): 0,"RC",0,"ME",0
E/SMD     (  101): 
E/SMD     (  101): Before the Modem Read select 
E/DataRouter(   99): [socket:13]******* Received data notification *******
E/DataRouter(   99): [socket:13]read socket data[len:1]
E/DataRouter(   99): [socket:13]read socket data[message:E
E/DataRouter(   99): write [1] bytes of data to USB fd[9]
E/DataRouter(   99): [socket:13]dr_usb_write
E/DataRouter(   99): After the usb select 
E/DataRouter(   99): read usb data[len:1]
E/DataRouter(   99): read usb data message:E
E/DataRouter(   99): Before the usb select 
E/SMD     (  101): ***Received data notification[DR->SMD]***
E/SMD     (  101): Message:E
E/SMD     (  101): Sending data to SMD: Len = [1]
E/SMD     (  101):  buffer = [E]
E/SMD     (  101): Wrote 1 chars to SMD PORT fd=7 ch = 45
E/SMD     (  101): After the Modem Read select 
E/SMD     (  101): Read 1 chars from SMD Modem file fd = 7
E/SMD     (  101):  Message: E
E/SMD     (  101): OK
E/SMD     (  101): .1-B7
E/SMD     (  101): 
E/SMD     (  101): OK
E/SMD     (  101): ication CO.
E/SMD     (  101): 
E/SMD     (  101): OK
E/SMD     (  101): 0,"RC",0,"ME",0
E/SMD     (  101): 
E/SMD     (  101): Before the Modem Read select 
E/DataRouter(   99): [socket:13]******* Received data notification *******
E/DataRouter(   99): [socket:13]read socket data[len:1]
E/DataRouter(   99): [socket:13]read socket data[message:E
E/DataRouter(   99): write [1] bytes of data to USB fd[9]
E/DataRouter(   99): [socket:13]dr_usb_write
E/DataRouter(   99): After the usb select 
E/DataRouter(   99): read usb data[len:1]
E/DataRouter(   99): read usb data message:=
E/DataRouter(   99): Before the usb select 
E/SMD     (  101): ***Received data notification[DR->SMD]***
E/SMD     (  101): Message:=
E/SMD     (  101): Sending data to SMD: Len = [1]
E/SMD     (  101):  buffer = [=]
E/SMD     (  101): Wrote 1 chars to SMD PORT fd=7 ch = 3d
E/SMD     (  101): After the Modem Read select 
E/SMD     (  101): Read 1 chars from SMD Modem file fd = 7
E/SMD     (  101):  Message: =
E/SMD     (  101): OK
E/SMD     (  101): .1-B7
E/SMD     (  101): 
E/SMD     (  101): OK
E/SMD     (  101): ication CO.
E/SMD     (  101): 
E/SMD     (  101): OK
E/SMD     (  101): 0,"RC",0,"ME",0
E/SMD     (  101): 
E/SMD     (  101): Before the Modem Read select 
E/DataRouter(   99): [socket:13]******* Received data notification *******
E/DataRouter(   99): [socket:13]read socket data[len:1]
E/DataRouter(   99): [socket:13]read socket data[message:=
E/DataRouter(   99): write [1] bytes of data to USB fd[9]
E/DataRouter(   99): [socket:13]dr_usb_write
E/DataRouter(   99): After the usb select 
E/DataRouter(   99): read usb data[len:1]
E/DataRouter(   99): read usb data message:1
E/DataRouter(   99): Before the usb select 
E/SMD     (  101): ***Received data notification[DR->SMD]***
E/SMD     (  101): Message:1
E/SMD     (  101): Sending data to SMD: Len = [1]
E/SMD     (  101):  buffer = [1]
E/SMD     (  101): Wrote 1 chars to SMD PORT fd=7 ch = 31
E/SMD     (  101): After the Modem Read select 
E/SMD     (  101): Read 1 chars from SMD Modem file fd = 7
E/SMD     (  101):  Message: 1
E/SMD     (  101): OK
E/SMD     (  101): .1-B7
E/SMD     (  101): 
E/SMD     (  101): OK
E/SMD     (  101): ication CO.
E/SMD     (  101): 
E/SMD     (  101): OK
E/SMD     (  101): 0,"RC",0,"ME",0
E/SMD     (  101): 
E/SMD     (  101): Before the Modem Read select 
E/DataRouter(   99): [socket:13]******* Received data notification *******
E/DataRouter(   99): [socket:13]read socket data[len:1]
E/DataRouter(   99): [socket:13]read socket data[message:1
E/DataRouter(   99): write [1] bytes of data to USB fd[9]
E/DataRouter(   99): [socket:13]dr_usb_write
E/DataRouter(   99): After the usb select 
E/DataRouter(   99): read usb data[len:1]
E/DataRouter(   99): read usb data message:
E/DataRouter(   99): Before the usb select 
E/SMD     (  101): ***Received data notification[DR->SMD]***
E/SMD     (  101): Message:
E/SMD     (  101): Sending data to SMD: Len = [1]
E/SMD     (  101):  buffer = []
E/SMD     (  101): Wrote 1 chars to SMD PORT fd=7 ch = d
E/SMD     (  101): After the Modem Read select 
E/SMD     (  101): Read 1 chars from SMD Modem file fd = 7
E/SMD     (  101):  Message: 
E/SMD     (  101): OK
E/SMD     (  101): .1-B7
E/SMD     (  101): 
E/SMD     (  101): OK
E/SMD     (  101): ication CO.
E/SMD     (  101): 
E/SMD     (  101): OK
E/SMD     (  101): 0,"RC",0,"ME",0
E/SMD     (  101): 
E/SMD     (  101): Before the Modem Read select 
E/DataRouter(   99): [socket:13]******* Received data notification *******
E/DataRouter(   99): [socket:13]read socket data[len:1]
E/DataRouter(   99): [socket:13]read socket data[message:
E/DataRouter(   99): write [1] bytes of data to USB fd[9]
E/DataRouter(   99): [socket:13]dr_usb_write
D/SPRDENG (  148): eng_servermodem_comm: use SIM1 /dev/CHNPTY13
D/SPRDENG (  148): AT > AT+CMEE=1
D/SPRDENG (  148): 41
D/SPRDENG (  148): 54
D/SPRDENG (  148): 2b
D/SPRDENG (  148): 43
D/SPRDENG (  148): 4d
D/SPRDENG (  148): 45
D/SPRDENG (  148): 45
D/SPRDENG (  148): 3d
D/SPRDENG (  148): 31
D/SPRDENG (  148): d
D/SPRDENG (  148): eng_modem2server: use SIM1 /dev/CHNPTY13
D/SPRDENG (  148): AT < 
D/SPRDENG (  148): OK
D/SPRDENG (  148): 
E/SMD     (  101): After the Modem Read select 
E/SMD     (  101): Read 6 chars from SMD Modem file fd = 7
E/SMD     (  101):  Message: 
E/SMD     (  101): OK
E/SMD     (  101): .1-B7
E/SMD     (  101): 
E/SMD     (  101): OK
E/SMD     (  101): ication CO.
E/SMD     (  101): 
E/SMD     (  101): OK
E/SMD     (  101): 0,"RC",0,"ME",0
E/SMD     (  101): 
E/SMD     (  101): Before the Modem Read select 
E/DataRouter(   99): [socket:13]******* Received data notification *******
E/DataRouter(   99): [socket:13]read socket data[len:6]
E/DataRouter(   99): [socket:13]read socket data[message:
E/DataRouter(   99): OK
E/DataRouter(   99): 
E/DataRouter(   99): write [6] bytes of data to USB fd[9]
E/DataRouter(   99): [socket:13]dr_usb_write
E/DataRouter(   99): After the usb select 
E/DataRouter(   99): read usb data[len:1]
E/DataRouter(   99): read usb data message:A
E/DataRouter(   99): Before the usb select 
E/SMD     (  101): ***Received data notification[DR->SMD]***
E/SMD     (  101): Message:A
E/SMD     (  101): Sending data to SMD: Len = [1]
E/SMD     (  101):  buffer = [A]
E/SMD     (  101): Wrote 1 chars to SMD PORT fd=7 ch = 41
E/SMD     (  101): After the Modem Read select 
E/SMD     (  101): Read 1 chars from SMD Modem file fd = 7
E/SMD     (  101):  Message: A
E/SMD     (  101): OK
E/SMD     (  101): .1-B7
E/SMD     (  101): 
E/SMD     (  101): OK
E/SMD     (  101): ication CO.
E/SMD     (  101): 
E/SMD     (  101): OK
E/SMD     (  101): 0,"RC",0,"ME",0
E/SMD     (  101): 
E/SMD     (  101): Before the Modem Read select 
E/DataRouter(   99): [socket:13]******* Received data notification *******
E/DataRouter(   99): [socket:13]read socket data[len:1]
E/DataRouter(   99): [socket:13]read socket data[message:A
E/DataRouter(   99): write [1] bytes of data to USB fd[9]
E/DataRouter(   99): [socket:13]dr_usb_write
E/DataRouter(   99): After the usb select 
E/DataRouter(   99): read usb data[len:1]
E/DataRouter(   99): read usb data message:T
E/DataRouter(   99): Before the usb select 
E/SMD     (  101): ***Received data notification[DR->SMD]***
E/SMD     (  101): Message:T
E/SMD     (  101): Sending data to SMD: Len = [1]
E/SMD     (  101):  buffer = [T]
E/SMD     (  101): Wrote 1 chars to SMD PORT fd=7 ch = 54
E/SMD     (  101): After the Modem Read select 
E/SMD     (  101): Read 1 chars from SMD Modem file fd = 7
E/SMD     (  101):  Message: T
E/SMD     (  101): OK
E/SMD     (  101): .1-B7
E/SMD     (  101): 
E/SMD     (  101): OK
E/SMD     (  101): ication CO.
E/SMD     (  101): 
E/SMD     (  101): OK
E/SMD     (  101): 0,"RC",0,"ME",0
E/SMD     (  101): 
E/SMD     (  101): Before the Modem Read select 
E/DataRouter(   99): [socket:13]******* Received data notification *******
E/DataRouter(   99): [socket:13]read socket data[len:1]
E/DataRouter(   99): [socket:13]read socket data[message:T
E/DataRouter(   99): write [1] bytes of data to USB fd[9]
E/DataRouter(   99): [socket:13]dr_usb_write
E/DataRouter(   99): After the usb select 
E/DataRouter(   99): read usb data[len:1]
E/DataRouter(   99): read usb data message:+
E/DataRouter(   99): Before the usb select 
E/SMD     (  101): ***Received data notification[DR->SMD]***
E/SMD     (  101): Message:+
E/SMD     (  101): Sending data to SMD: Len = [1]
E/SMD     (  101):  buffer = [+]
E/SMD     (  101): Wrote 1 chars to SMD PORT fd=7 ch = 2b
E/SMD     (  101): After the Modem Read select 
E/SMD     (  101): Read 1 chars from SMD Modem file fd = 7
E/SMD     (  101):  Message: +
E/SMD     (  101): OK
E/SMD     (  101): .1-B7
E/SMD     (  101): 
E/SMD     (  101): OK
E/SMD     (  101): ication CO.
E/SMD     (  101): 
E/SMD     (  101): OK
E/SMD     (  101): 0,"RC",0,"ME",0
E/SMD     (  101): 
E/SMD     (  101): Before the Modem Read select 
E/DataRouter(   99): [socket:13]******* Received data notification *******
E/DataRouter(   99): [socket:13]read socket data[len:1]
E/DataRouter(   99): [socket:13]read socket data[message:+
E/DataRouter(   99): write [1] bytes of data to USB fd[9]
E/DataRouter(   99): [socket:13]dr_usb_write
E/DataRouter(   99): After the usb select 
E/DataRouter(   99): read usb data[len:1]
E/DataRouter(   99): read usb data message:G
E/DataRouter(   99): Before the usb select 
E/SMD     (  101): ***Received data notification[DR->SMD]***
E/SMD     (  101): Message:G
E/SMD     (  101): Sending data to SMD: Len = [1]
E/SMD     (  101):  buffer = [G]
E/SMD     (  101): Wrote 1 chars to SMD PORT fd=7 ch = 47
E/SMD     (  101): After the Modem Read select 
E/SMD     (  101): Read 1 chars from SMD Modem file fd = 7
E/SMD     (  101):  Message: G
E/SMD     (  101): OK
E/SMD     (  101): .1-B7
E/SMD     (  101): 
E/SMD     (  101): OK
E/SMD     (  101): ication CO.
E/SMD     (  101): 
E/SMD     (  101): OK
E/SMD     (  101): 0,"RC",0,"ME",0
E/SMD     (  101): 
E/SMD     (  101): Before the Modem Read select 
E/DataRouter(   99): [socket:13]******* Received data notification *******
E/DataRouter(   99): [socket:13]read socket data[len:1]
E/DataRouter(   99): [socket:13]read socket data[message:G
E/DataRouter(   99): write [1] bytes of data to USB fd[9]
E/DataRouter(   99): [socket:13]dr_usb_write
E/DataRouter(   99): After the usb select 
E/DataRouter(   99): read usb data[len:1]
E/DataRouter(   99): read usb data message:C
E/DataRouter(   99): Before the usb select 
E/SMD     (  101): ***Received data notification[DR->SMD]***
E/SMD     (  101): Message:C
E/SMD     (  101): Sending data to SMD: Len = [1]
E/SMD     (  101):  buffer = [C]
E/SMD     (  101): Wrote 1 chars to SMD PORT fd=7 ch = 43
E/SMD     (  101): After the Modem Read select 
E/SMD     (  101): Read 1 chars from SMD Modem file fd = 7
E/SMD     (  101):  Message: C
E/SMD     (  101): OK
E/SMD     (  101): .1-B7
E/SMD     (  101): 
E/SMD     (  101): OK
E/SMD     (  101): ication CO.
E/SMD     (  101): 
E/SMD     (  101): OK
E/SMD     (  101): 0,"RC",0,"ME",0
E/SMD     (  101): 
E/SMD     (  101): Before the Modem Read select 
E/DataRouter(   99): [socket:13]******* Received data notification *******
E/DataRouter(   99): [socket:13]read socket data[len:1]
E/DataRouter(   99): [socket:13]read socket data[message:C
E/DataRouter(   99): write [1] bytes of data to USB fd[9]
E/DataRouter(   99): [socket:13]dr_usb_write
E/DataRouter(   99): After the usb select 
E/DataRouter(   99): read usb data[len:1]
E/DataRouter(   99): read usb data message:A
E/DataRouter(   99): Before the usb select 
E/SMD     (  101): ***Received data notification[DR->SMD]***
E/SMD     (  101): Message:A
E/SMD     (  101): Sending data to SMD: Len = [1]
E/SMD     (  101):  buffer = [A]
E/SMD     (  101): Wrote 1 chars to SMD PORT fd=7 ch = 41
E/SMD     (  101): After the Modem Read select 
E/SMD     (  101): Read 1 chars from SMD Modem file fd = 7
E/SMD     (  101):  Message: A
E/SMD     (  101): OK
E/SMD     (  101): .1-B7
E/SMD     (  101): 
E/SMD     (  101): OK
E/SMD     (  101): ication CO.
E/SMD     (  101): 
E/SMD     (  101): OK
E/SMD     (  101): 0,"RC",0,"ME",0
E/SMD     (  101): 
E/SMD     (  101): Before the Modem Read select 
E/DataRouter(   99): [socket:13]******* Received data notification *******
E/DataRouter(   99): [socket:13]read socket data[len:1]
E/DataRouter(   99): [socket:13]read socket data[message:A
E/DataRouter(   99): write [1] bytes of data to USB fd[9]
E/DataRouter(   99): [socket:13]dr_usb_write
E/DataRouter(   99): After the usb select 
E/DataRouter(   99): read usb data[len:1]
E/DataRouter(   99): read usb data message:P
E/DataRouter(   99): Before the usb select 
E/SMD     (  101): ***Received data notification[DR->SMD]***
E/SMD     (  101): Message:P
E/SMD     (  101): Sending data to SMD: Len = [1]
E/SMD     (  101):  buffer = [P]
E/SMD     (  101): Wrote 1 chars to SMD PORT fd=7 ch = 50
E/SMD     (  101): After the Modem Read select 
E/SMD     (  101): Read 1 chars from SMD Modem file fd = 7
E/SMD     (  101):  Message: P
E/SMD     (  101): OK
E/SMD     (  101): .1-B7
E/SMD     (  101): 
E/SMD     (  101): OK
E/SMD     (  101): ication CO.
E/SMD     (  101): 
E/SMD     (  101): OK
E/SMD     (  101): 0,"RC",0,"ME",0
E/SMD     (  101): 
E/SMD     (  101): Before the Modem Read select 
E/DataRouter(   99): [socket:13]******* Received data notification *******
E/DataRouter(   99): [socket:13]read socket data[len:1]
E/DataRouter(   99): [socket:13]read socket data[message:P
E/DataRouter(   99): write [1] bytes of data to USB fd[9]
E/DataRouter(   99): [socket:13]dr_usb_write
E/DataRouter(   99): After the usb select 
E/DataRouter(   99): read usb data[len:1]
E/DataRouter(   99): read usb data message:
E/DataRouter(   99): Before the usb select 
E/SMD     (  101): ***Received data notification[DR->SMD]***
E/SMD     (  101): Message:
E/SMD     (  101): Sending data to SMD: Len = [1]
E/SMD     (  101):  buffer = []
E/SMD     (  101): Wrote 1 chars to SMD PORT fd=7 ch = d
E/SMD     (  101): After the Modem Read select 
E/SMD     (  101): Read 1 chars from SMD Modem file fd = 7
E/SMD     (  101):  Message: 
E/SMD     (  101): OK
E/SMD     (  101): .1-B7
E/SMD     (  101): 
E/SMD     (  101): OK
E/SMD     (  101): ication CO.
E/SMD     (  101): 
E/SMD     (  101): OK
E/SMD     (  101): 0,"RC",0,"ME",0
E/SMD     (  101): 
E/SMD     (  101): Before the Modem Read select 
E/DataRouter(   99): [socket:13]******* Received data notification *******
E/DataRouter(   99): [socket:13]read socket data[len:1]
E/DataRouter(   99): [socket:13]read socket data[message:
E/DataRouter(   99): write [1] bytes of data to USB fd[9]
E/DataRouter(   99): [socket:13]dr_usb_write
D/SPRDENG (  148): eng_servermodem_comm: use SIM1 /dev/CHNPTY13
D/SPRDENG (  148): AT > AT+GCAP
D/SPRDENG (  148): 41
D/SPRDENG (  148): 54
D/SPRDENG (  148): 2b
D/SPRDENG (  148): 47
D/SPRDENG (  148): 43
D/SPRDENG (  148): 41
D/SPRDENG (  148): 50
D/SPRDENG (  148): d
D/SPRDENG (  148): eng_modem2server: use SIM1 /dev/CHNPTY13
D/SPRDENG (  148): AT < 
D/SPRDENG (  148): +CME ERROR: 4
D/SPRDENG (  148): 
E/SMD     (  101): After the Modem Read select 
E/SMD     (  101): Read 17 chars from SMD Modem file fd = 7
E/SMD     (  101):  Message: 
E/SMD     (  101): +CME ERROR: 4
E/SMD     (  101): 
E/SMD     (  101): ication CO.
E/SMD     (  101): 
E/SMD     (  101): OK
E/SMD     (  101): 0,"RC",0,"ME",0
E/SMD     (  101): 
E/SMD     (  101): Before the Modem Read select 
E/DataRouter(   99): [socket:13]******* Received data notification *******
E/DataRouter(   99): [socket:13]read socket data[len:17]
E/DataRouter(   99): [socket:13]read socket data[message:
E/DataRouter(   99): +CME ERROR: 4
E/DataRouter(   99): 
E/DataRouter(   99): write [17] bytes of data to USB fd[9]
E/DataRouter(   99): [socket:13]dr_usb_write
E/DataRouter(   99): After the usb select 
E/DataRouter(   99): read usb data[len:1]
E/DataRouter(   99): read usb data message:A
E/DataRouter(   99): Before the usb select 
E/SMD     (  101): ***Received data notification[DR->SMD]***
E/SMD     (  101): Message:A
E/SMD     (  101): Sending data to SMD: Len = [1]
E/SMD     (  101):  buffer = [A]
E/SMD     (  101): Wrote 1 chars to SMD PORT fd=7 ch = 41
E/SMD     (  101): After the Modem Read select 
E/SMD     (  101): Read 1 chars from SMD Modem file fd = 7
E/SMD     (  101):  Message: A
E/SMD     (  101): +CME ERROR: 4
E/SMD     (  101): 
E/SMD     (  101): ication CO.
E/SMD     (  101): 
E/SMD     (  101): OK
E/SMD     (  101): 0,"RC",0,"ME",0
E/SMD     (  101): 
E/SMD     (  101): Before the Modem Read select 
E/DataRouter(   99): [socket:13]******* Received data notification *******
E/DataRouter(   99): [socket:13]read socket data[len:1]
E/DataRouter(   99): [socket:13]read socket data[message:A
E/DataRouter(   99): write [1] bytes of data to USB fd[9]
E/DataRouter(   99): [socket:13]dr_usb_write
E/DataRouter(   99): After the usb select 
E/DataRouter(   99): read usb data[len:1]
E/DataRouter(   99): read usb data message:T
E/DataRouter(   99): Before the usb select 
E/SMD     (  101): ***Received data notification[DR->SMD]***
E/SMD     (  101): Message:T
E/SMD     (  101): Sending data to SMD: Len = [1]
E/SMD     (  101):  buffer = [T]
E/SMD     (  101): Wrote 1 chars to SMD PORT fd=7 ch = 54
E/SMD     (  101): After the Modem Read select 
E/SMD     (  101): Read 1 chars from SMD Modem file fd = 7
E/SMD     (  101):  Message: T
E/SMD     (  101): +CME ERROR: 4
E/SMD     (  101): 
E/SMD     (  101): ication CO.
E/SMD     (  101): 
E/SMD     (  101): OK
E/SMD     (  101): 0,"RC",0,"ME",0
E/SMD     (  101): 
E/SMD     (  101): Before the Modem Read select 
E/DataRouter(   99): [socket:13]******* Received data notification *******
E/DataRouter(   99): [socket:13]read socket data[len:1]
E/DataRouter(   99): [socket:13]read socket data[message:T
E/DataRouter(   99): write [1] bytes of data to USB fd[9]
E/DataRouter(   99): [socket:13]dr_usb_write
E/DataRouter(   99): After the usb select 
E/DataRouter(   99): read usb data[len:1]
E/DataRouter(   99): read usb data message:I
E/DataRouter(   99): Before the usb select 
E/SMD     (  101): ***Received data notification[DR->SMD]***
E/SMD     (  101): Message:I
E/SMD     (  101): Sending data to SMD: Len = [1]
E/SMD     (  101):  buffer = [I]
E/SMD     (  101): Wrote 1 chars to SMD PORT fd=7 ch = 49
E/SMD     (  101): After the Modem Read select 
E/SMD     (  101): Read 1 chars from SMD Modem file fd = 7
E/SMD     (  101):  Message: I
E/SMD     (  101): +CME ERROR: 4
E/SMD     (  101): 
E/SMD     (  101): ication CO.
E/SMD     (  101): 
E/SMD     (  101): OK
E/SMD     (  101): 0,"RC",0,"ME",0
E/SMD     (  101): 
E/SMD     (  101): Before the Modem Read select 
E/DataRouter(   99): [socket:13]******* Received data notification *******
E/DataRouter(   99): [socket:13]read socket data[len:1]
E/DataRouter(   99): [socket:13]read socket data[message:I
E/DataRouter(   99): write [1] bytes of data to USB fd[9]
E/DataRouter(   99): [socket:13]dr_usb_write
E/DataRouter(   99): After the usb select 
E/DataRouter(   99): read usb data[len:1]
E/DataRouter(   99): read usb data message:
E/DataRouter(   99): Before the usb select 
E/SMD     (  101): ***Received data notification[DR->SMD]***
E/SMD     (  101): Message:
E/SMD     (  101): Sending data to SMD: Len = [1]
E/SMD     (  101):  buffer = []
E/SMD     (  101): Wrote 1 chars to SMD PORT fd=7 ch = d
E/SMD     (  101): After the Modem Read select 
E/SMD     (  101): Read 1 chars from SMD Modem file fd = 7
E/SMD     (  101):  Message: 
E/SMD     (  101): +CME ERROR: 4
E/SMD     (  101): 
E/SMD     (  101): ication CO.
E/SMD     (  101): 
E/SMD     (  101): OK
E/SMD     (  101): 0,"RC",0,"ME",0
E/SMD     (  101): 
E/SMD     (  101): Before the Modem Read select 
E/DataRouter(   99): [socket:13]******* Received data notification *******
E/DataRouter(   99): [socket:13]read socket data[len:1]
E/DataRouter(   99): [socket:13]read socket data[message:
E/DataRouter(   99): write [1] bytes of data to USB fd[9]
E/DataRouter(   99): [socket:13]dr_usb_write
D/SPRDENG (  148): eng_servermodem_comm: use SIM1 /dev/CHNPTY13
D/SPRDENG (  148): AT > ATI
D/SPRDENG (  148): 41
D/SPRDENG (  148): 54
D/SPRDENG (  148): 49
D/SPRDENG (  148): d
D/SPRDENG (  148): eng_modem2server: use SIM1 /dev/CHNPTY13
D/SPRDENG (  148): AT < 
D/SPRDENG (  148): +CME ERROR: 4
D/SPRDENG (  148): 
E/SMD     (  101): After the Modem Read select 
E/SMD     (  101): Read 17 chars from SMD Modem file fd = 7
E/SMD     (  101):  Message: 
E/SMD     (  101): +CME ERROR: 4
E/SMD     (  101): 
E/SMD     (  101): ication CO.
E/SMD     (  101): 
E/SMD     (  101): OK
E/SMD     (  101): 0,"RC",0,"ME",0
E/SMD     (  101): 
E/SMD     (  101): Before the Modem Read select 
E/DataRouter(   99): [socket:13]******* Received data notification *******
E/DataRouter(   99): [socket:13]read socket data[len:17]
E/DataRouter(   99): [socket:13]read socket data[message:
E/DataRouter(   99): +CME ERROR: 4
E/DataRouter(   99): 
E/DataRouter(   99): write [17] bytes of data to USB fd[9]
E/DataRouter(   99): [socket:13]dr_usb_write
E/DataRouter(   99): After the usb select 
E/DataRouter(   99): read usb data[len:1]
E/DataRouter(   99): read usb data message:A
E/DataRouter(   99): Before the usb select 
E/SMD     (  101): ***Received data notification[DR->SMD]***
E/SMD     (  101): Message:A
E/SMD     (  101): Sending data to SMD: Len = [1]
E/SMD     (  101):  buffer = [A]
E/SMD     (  101): Wrote 1 chars to SMD PORT fd=7 ch = 41
E/SMD     (  101): After the Modem Read select 
E/SMD     (  101): Read 1 chars from SMD Modem file fd = 7
E/SMD     (  101):  Message: A
E/SMD     (  101): +CME ERROR: 4
E/SMD     (  101): 
E/SMD     (  101): ication CO.
E/SMD     (  101): 
E/SMD     (  101): OK
E/SMD     (  101): 0,"RC",0,"ME",0
E/SMD     (  101): 
E/SMD     (  101): Before the Modem Read select 
E/DataRouter(   99): [socket:13]******* Received data notification *******
E/DataRouter(   99): [socket:13]read socket data[len:1]
E/DataRouter(   99): [socket:13]read socket data[message:A
E/DataRouter(   99): write [1] bytes of data to USB fd[9]
E/DataRouter(   99): [socket:13]dr_usb_write
E/DataRouter(   99): After the usb select 
E/DataRouter(   99): read usb data[len:1]
E/DataRouter(   99): read usb data message:T
E/DataRouter(   99): Before the usb select 
E/SMD     (  101): ***Received data notification[DR->SMD]***
E/SMD     (  101): Message:T
E/SMD     (  101): Sending data to SMD: Len = [1]
E/SMD     (  101):  buffer = [T]
E/SMD     (  101): Wrote 1 chars to SMD PORT fd=7 ch = 54
E/SMD     (  101): After the Modem Read select 
E/SMD     (  101): Read 1 chars from SMD Modem file fd = 7
E/SMD     (  101):  Message: T
E/SMD     (  101): +CME ERROR: 4
E/SMD     (  101): 
E/SMD     (  101): ication CO.
E/SMD     (  101): 
E/SMD     (  101): OK
E/SMD     (  101): 0,"RC",0,"ME",0
E/SMD     (  101): 
E/SMD     (  101): Before the Modem Read select 
E/DataRouter(   99): [socket:13]******* Received data notification *******
E/DataRouter(   99): [socket:13]read socket data[len:1]
E/DataRouter(   99): [socket:13]read socket data[message:T
E/DataRouter(   99): write [1] bytes of data to USB fd[9]
E/DataRouter(   99): [socket:13]dr_usb_write
E/DataRouter(   99): After the usb select 
E/DataRouter(   99): read usb data[len:1]
E/DataRouter(   99): read usb data message:+
E/DataRouter(   99): Before the usb select 
E/SMD     (  101): ***Received data notification[DR->SMD]***
E/SMD     (  101): Message:+
E/SMD     (  101): Sending data to SMD: Len = [1]
E/SMD     (  101):  buffer = [+]
E/SMD     (  101): Wrote 1 chars to SMD PORT fd=7 ch = 2b
E/SMD     (  101): After the Modem Read select 
E/SMD     (  101): Read 1 chars from SMD Modem file fd = 7
E/SMD     (  101):  Message: +
E/SMD     (  101): +CME ERROR: 4
E/SMD     (  101): 
E/SMD     (  101): ication CO.
E/SMD     (  101): 
E/SMD     (  101): OK
E/SMD     (  101): 0,"RC",0,"ME",0
E/SMD     (  101): 
E/SMD     (  101): Before the Modem Read select 
E/DataRouter(   99): [socket:13]******* Received data notification *******
E/DataRouter(   99): [socket:13]read socket data[len:1]
E/DataRouter(   99): [socket:13]read socket data[message:+
E/DataRouter(   99): write [1] bytes of data to USB fd[9]
E/DataRouter(   99): [socket:13]dr_usb_write
E/DataRouter(   99): After the usb select 
E/DataRouter(   99): read usb data[len:1]
E/DataRouter(   99): read usb data message:C
E/DataRouter(   99): Before the usb select 
E/SMD     (  101): ***Received data notification[DR->SMD]***
E/SMD     (  101): Message:C
E/SMD     (  101): Sending data to SMD: Len = [1]
E/SMD     (  101):  buffer = [C]
E/SMD     (  101): Wrote 1 chars to SMD PORT fd=7 ch = 43
E/SMD     (  101): After the Modem Read select 
E/SMD     (  101): Read 1 chars from SMD Modem file fd = 7
E/SMD     (  101):  Message: C
E/SMD     (  101): +CME ERROR: 4
E/SMD     (  101): 
E/SMD     (  101): ication CO.
