D/dalvikvm(  474): WAIT_FOR_CONCURRENT_GC blocked 0ms
D/dalvikvm(  474): GC_EXPLICIT freed 85K, 25% free 16203K/21383K, paused 6ms+13ms, total 107ms
D/dalvikvm(  474): WAIT_FOR_CONCURRENT_GC blocked 0ms
D/dalvikvm(  474): GC_EXPLICIT freed 85K, 25% free 16203K/21383K, paused 7ms+12ms, total 109ms
D/dalvikvm(  994): GC_CONCURRENT freed 196K, 14% free 7133K/8199K, paused 2ms+4ms, total 20ms
D/dalvikvm(  994): WAIT_FOR_CONCURRENT_GC blocked 0ms
D/dalvikvm(  994): GC_EXPLICIT freed 229K, 16% free 6944K/8199K, paused 3ms+3ms, total 33ms
W/SignalStrength(  474): getGsmLevel=4
W/SignalStrength(  474): getLevel=4 (SignalStrength: 15 -1 -1 -1 -1 -1 -1 -1 -1 -1 -1 -1 gsm|lte 4)
W/SignalStrength(  710): getGsmAsuLevel=15
W/SignalStrength(  710): getCdmaAsuLevel=16
W/SignalStrength(  710): Lte Asu level: 97
W/SignalStrength(  710): getGsmLevel=4
W/SignalStrength(  710): getLevel=4 (SignalStrength: 15 -1 -1 -1 -1 -1 -1 -1 -1 -1 -1 -1 gsm|lte 4)
W/SignalStrength(  710): getEvdoLevel=0
W/SignalStrength(  474): getGsmDbm=-83
W/SignalStrength(  474): getDbm=-83
W/SignalStrength(  474): getGsmAsuLevel=15
W/SignalStrength(  474): getAsuLevel=15
D/StatusBar.NetworkController(  710): updateTelephonySignalStrength: mSignalStrength == 15(GSM) 16(CDMA) 97(LTE)
D/dalvikvm(  474): WAIT_FOR_CONCURRENT_GC blocked 0ms
D/InputDispatcher(  474): notifyMotion - eventTime=285011658000, deviceId=2, source=0x1002, policyFlags=0x0, action=0x0, flags=0x0, metaState=0x0, buttonState=0x0, edgeFlags=0x0, xPrecision=1.002083, yPrecision=1.001250, downTime=285011658000
I/InputDispatcher(  474): Delivering touch to current input target: action: 0x0
I/InputDispatcher(  474): Delivering touch to current input target: action: 0x0
I/InputDispatcher(  474): Delivering touch to current input target: action: 0x0
I/InputDispatcher(  474): Delivering touch to current input target: action: 0x0
I/NotifierManager(  881): onUnregister: miui.maml.NotifierManager$MultiBroadcastNotifier@418bc9a0
I/RenderThread(  881): RenderThread paused, waiting for signal
D/InputDispatcher(  474): notifyMotion - eventTime=285074054000, deviceId=2, source=0x1002, policyFlags=0x0, action=0x1, flags=0x0, metaState=0x0, buttonState=0x0, edgeFlags=0x0, xPrecision=1.002083, yPrecision=1.001250, downTime=285011658000
I/InputDispatcher(  474): Delivering touch to current input target: action: 0x1
I/InputDispatcher(  474): Delivering touch to current input target: action: 0x1
I/InputDispatcher(  474): Delivering touch to current input target: action: 0x1
I/InputDispatcher(  474): Delivering touch to current input target: action: 0x1
I/RenderThread(  881): RenderThread resumed
I/NotifierManager(  881): onRegister: miui.maml.NotifierManager$MultiBroadcastNotifier@418bc9a0
I/RenderThread(  881): Sleep for long time:9223372036854670258 ms
I/RenderThread(  881): Sleep for long time:9223372036854670249 ms
I/AudioPolicyManagerBase(   90): getSituationVolume: isBTConnected:0 isHeadConnected:0
V/AudioPolicyManagerBase(   90): getParamFromPolicy  deviceInt = 0, situationInt = 1, situationVolume = 0.500000
V/audio_policy_sprd(   90): audio_io_handle_t android::ap_get_output(audio_policy*, audio_stream_type_t, uint32_t, audio_format_t, uint32_t, audio_output_flags_t): tid 90
V/AudioPolicyManagerBase(   90): getOutput() stream 1, samplingRate 0, format 0, channelMask 3, flags 0
V/AudioPolicyManagerBase(   90): getOutput() returns output 2
V/audio_policy_sprd(   90): audio_io_handle_t android::ap_get_output(audio_policy*, audio_stream_type_t, uint32_t, audio_format_t, uint32_t, audio_output_flags_t): tid 457
V/AudioPolicyManagerBase(   90): getOutput() stream 1, samplingRate 0, format 0, channelMask 3, flags 0
V/AudioPolicyManagerBase(   90): getOutput() returns output 2
V/audio_policy_sprd(   90): audio_io_handle_t android::ap_get_output(audio_policy*, audio_stream_type_t, uint32_t, audio_format_t, uint32_t, audio_output_flags_t): tid 425
V/AudioPolicyManagerBase(   90): getOutput() stream 1, samplingRate 44100, format 1, channelMask 3, flags 4
V/AudioPolicyManagerBase(   90): getOutput() returns output 2
V/AudioFlinger(   90): createTrack() sessionId: 0
V/AudioFlinger(   90): createTrack() lSessionId: 12
V/AudioFlinger(   90): AUDIO_OUTPUT_FLAG_FAST denied: isTimed=0 sharedBuffer=0x0 frameCount=3840 mFrameCount=960 format=1 isLinear=1 channelMask=3 sampleRate=44100 mSampleRate=44100 hasFastMixer=0 tid=2224 fastTrackAvailMask=0xfe
V/AudioFlinger(   90): Track constructor name 4099, calling pid 474
W/AudioTrack(  474): AudioTrack set for tack, mimeType=
E/AudioFlinger(   90): unkown mime type 
W/AudioFlinger(   90): setMimeType 0 () for track, stream=1
V/AudioFlinger(   90): acquiring 12 from 474
V/AudioFlinger(   90):  added new entry for 12
V/AudioFlinger(   90): start(4099), calling pid 474 session 12
V/AudioFlinger(   90): ? => ACTIVE (4099) on thread 0x41da0008
V/AudioPolicyManagerBase(   90): startOutput() output 2, stream 1, session 12
V/AudioPolicyManagerBase(   90): changeRefCount() stream 1, count 1
E/AudioPolicyManagerBase(   90): stream type [13], return media stratege
E/AudioPolicyManagerBase(   90): stream type [14], return media stratege
E/AudioPolicyManagerBase(   90): stream type [15], return media stratege
E/AudioPolicyManagerBase(   90): stream type [13], return media stratege
E/AudioPolicyManagerBase(   90): stream type [14], return media stratege
E/AudioPolicyManagerBase(   90): stream type [15], return media stratege
E/AudioPolicyManagerBase(   90): stream type [13], return media stratege
E/AudioPolicyManagerBase(   90): stream type [14], return media stratege
E/AudioPolicyManagerBase(   90): stream type [15], return media stratege
E/AudioPolicyManagerBase(   90): stream type [13], return media stratege
E/AudioPolicyManagerBase(   90): stream type [14], return media stratege
E/AudioPolicyManagerBase(   90): stream type [15], return media stratege
E/AudioPolicyManagerBase(   90): stream type [13], return media stratege
E/AudioPolicyManagerBase(   90): stream type [14], return media stratege
E/AudioPolicyManagerBase(   90): stream type [15], return media stratege
V/AudioPolicyManagerBase(   90): getNewDevice() selected device 2
V/AudioPolicyManagerBase(   90): setOutputDevice() output 2 device 0002 force 0 delayMs 0 
V/AudioPolicyManagerBase(   90): setOutputDevice() prevDevice 0002
V/AudioPolicyManagerBase(   90): setOutputDevice() setting same device 0002 or null device for output 2
V/AudioFlinger(   90): mWaitWorkCV.broadcast
V/AudioFlinger(   90): thread 0x4312b008 type 0 TID 400 waking up
D/BatteryStatsImpl(  474): ++++++xy WakeLock start : pid=90, name=, type=0, tid=831, pid=474, pName=null
V/AudioFlinger(   90): acquireWakeLock_l() AudioOut_2 status 0
V/AudioFlinger(   90): releasing 11 from 474
V/AudioFlinger(   90):  decremented refcount to 0
V/AudioFlinger(   90): purging stale effects
V/AudioPolicyManagerBase(   90): releaseOutput() 2
V/AudioFlinger(   90): remove track (4098) and delete from mixer
V/AudioFlinger(   90): PlaybackThread::Track destructor
I/audio_hw_primary(   90): select_devices_signal starting...
I/audio_hw_primary(   90): select_devices_signal finished.
I/audio_hw_primary(   90): open s_tinycard in
I/audio_hw_primary(   90): Changing devices: 0x00000002
I/audio_hw_primary(   90): Set 'Speaker Function'.0 to 1
I/audio_hw_primary(   90): open s_tinycard successfully
I/audio_hw_primary(   90): start_output_stream: out->config: channels 2, rate 44100, period_size 7680
I/audio_hw_primary(   90): Set 'HeadPhone Function'.0 to 0
D/dalvikvm(  474): GC_EXPLICIT freed 99K, 25% free 16208K/21383K, paused 6ms+42ms, total 193ms
D/BatteryStatsImpl(  474): ++++++xy WakeLock start : pid=474, name=, type=0, tid=485, pid=474, pName=null
V/WindowManager(  474): rotationForOrientationLw(orient=-1, last=0); user=0 USER_ROTATION_LOCKED mLidState=-1 mCoverState=-1 mDockMode=0 mHdmiPlugged=false mAccelerometerDefault=false sensorRotation=-1
I/audio_hw_primary(   90): Set 'Earpiece Function'.0 to 0
D/WindowManager(  474): PhoneWindowManager: focusChangedLw
D/WindowManager(  474): updateReadingMode
D/WindowManager(  474): mInputFocus is not null.
D/STATUSBAR-StatusBarManagerService(  474): manageDisableList what=0x0 pkg=android
I/audio_hw_primary(   90): Set 'Mic Function'.0 to 0
D/PhoneStatusBar(  710): disable: < expand icons alerts ticker system_info back home recent clock >
D/WindowManager(  474): mInputFocus is not null.
I/NotifierManager(  881): onUnregister: miui.maml.NotifierManager$MultiBroadcastNotifier@418bc9a0
I/RenderThread(  881): RenderThread paused, waiting for signal
D/WindowManager(  474): mInputFocus is not null.
D/WindowManager(  474): mInputFocus is not null.
I/audio_hw_primary(   90): Set 'HP Mic Function'.0 to 0
D/STATUSBAR-StatusBarManagerService(  474): manageDisableList what=0x0 pkg=android
D/WindowManager(  474): mInputFocus is not null.
D/WindowManager(  474): mInputFocus is not null.
I/audio_hw_primary(   90): Set 'Line Function'.0 to 0
W/audio_hw_primary(   90): GetAudio_pga_nv, dac_pga_gain_l:0xa0 adc_pga_gain_l:0x9510 fm_pga_gain_l:0xff fm_pga_gain_r:0xff device:0x2 vol_level:0x1 
D/audio_pga(   90): 'speaker-l' apply
I/audio_pga(   90): 'Master Playback Volume' set to 15
V/AudioFlinger(   90): getNextBuffer() no more data for track 4099 on thread 0x4312b008
V/AudioFlinger(   90): stop(4099), calling pid 474
V/AudioFlinger(   90): not stopping/stopped => stopping/stopped (4099) on thread 0x4312b008
V/AudioPolicyManagerBase(   90): stopOutput() output 2, stream 1, session 12
V/AudioPolicyManagerBase(   90): changeRefCount() stream 1, count 0
E/AudioPolicyManagerBase(   90): stream type [13], return media stratege
E/AudioPolicyManagerBase(   90): stream type [14], return media stratege
E/AudioPolicyManagerBase(   90): stream type [15], return media stratege
E/AudioPolicyManagerBase(   90): stream type [13], return media stratege
E/AudioPolicyManagerBase(   90): stream type [14], return media stratege
E/AudioPolicyManagerBase(   90): stream type [15], return media stratege
E/AudioPolicyManagerBase(   90): stream type [13], return media stratege
E/AudioPolicyManagerBase(   90): stream type [14], return media stratege
E/AudioPolicyManagerBase(   90): stream type [15], return media stratege
E/AudioPolicyManagerBase(   90): stream type [13], return media stratege
E/AudioPolicyManagerBase(   90): stream type [14], return media stratege
E/AudioPolicyManagerBase(   90): stream type [15], return media stratege
E/AudioPolicyManagerBase(   90): stream type [13], return media stratege
E/AudioPolicyManagerBase(   90): stream type [14], return media stratege
E/AudioPolicyManagerBase(   90): stream type [15], return media stratege
E/AudioPolicyManagerBase(   90): stream type [13], return media stratege
E/AudioPolicyManagerBase(   90): stream type [14], return media stratege
E/AudioPolicyManagerBase(   90): stream type [15], return media stratege
V/AudioPolicyManagerBase(   90): getNewDevice() selected device 0
V/AudioPolicyManagerBase(   90): setOutputDevice() output 2 device 0000 force 0 delayMs 174 
V/AudioPolicyManagerBase(   90): setOutputDevice() prevDevice 0002
V/AudioPolicyManagerBase(   90): setOutputDevice() setting same device 0000 or null device for output 2
V/AudioFlinger(   90): presentationComplete() reset: mPresentationCompleteFrames 14396 audioHalFrames 3836
I/audio_pga(   90): 'Inter PA Playback Volume' set to 10
I/audio_pga(   90): 'VBC DACL DG Set' set to 0
I/audio_pga(   90): 'VBC DACL DG Switch' set to 0
D/STATUSBAR-StatusBarManagerService(  474): manageDisableList what=0x0 pkg=android
D/WindowManager(  474): mInputFocus is not null.
D/WindowManager(  474): mInputFocus is not null.
D/WindowManager(  474): mInputFocus is not null.
D/STATUSBAR-StatusBarManagerService(  474): manageDisableList what=0x0 pkg=system
D/STATUSBAR-StatusBarManagerService(  474): manageDisableList what=0x0 pkg=android
D/WindowManager(  474): mInputFocus is not null.
V/AudioFlinger(   90): presentationComplete() session 12 complete: framesWritten 14400
V/AudioFlinger(   90): TrackBase::reset
D/STATUSBAR-StatusBarManagerService(  474): manageDisableList what=0x0 pkg=system
D/audio_pga(   90): 'speaker-r' apply
I/audio_pga(   90): 'Master Playback Volume' set to 15
I/gralloc.sc8810(  881): ION_IOC_FREE success c7b0a6e0,phy addr = faf2000
D/STATUSBAR-StatusBarManagerService(  474): manageDisableList what=0x0 pkg=android
I/gralloc.sc8810(  881): ION_IOC_FREE success cd1798a0,phy addr = f97b000
I/gralloc.sc8810(  881): ION_IOC_FREE success cd179d60,phy addr = fc69000
D/WindowManager(  474): mInputFocus is not null.
I/gralloc.sc8810(   87): FREE hnd=0x40def468,fd=31,offset=0x0,size=1536000,base=42f58000,phys_addr=0xfaf2000
D/STATUSBAR-StatusBarManagerService(  474): manageDisableList what=0x0 pkg=system
I/gralloc.sc8810(   87): ================ free ion memory fd=31:3
D/STATUSBAR-StatusBarManagerService(  474): manageDisableList what=0x0 pkg=android
D/WindowManager(  474): mInputFocus is not null.
I/gralloc.sc8810(   87): FREE hnd=0x40efccf0,fd=37,offset=0x0,size=1536000,base=42ac2000,phys_addr=0xf97b000
I/audio_pga(   90): 'Inter PA Playback Volume' set to 10
I/audio_pga(   90): 'VBC DACR DG Set' set to 0
I/gralloc.sc8810(   87): ================ free ion memory fd=37:2
I/audio_pga(   90): 'VBC DACR DG Switch' set to 0
D/STATUSBAR-StatusBarManagerService(  474): manageDisableList what=0x0 pkg=system
W/audio_hw_primary(   90): SetAudio_gain_by_devices out, devices:0x2 
I/audio_hw_primary(   90): stream_routing_thread looping done.
I/audio_hw_primary(   90): stream_routing_thread looping now...
D/STATUSBAR-StatusBarManagerService(  474): manageDisableList what=0x0 pkg=android
D/WindowManager(  474): mInputFocus is not null.
D/WindowManager(  474): mInputFocus is not null.
D/STATUSBAR-StatusBarManagerService(  474): manageDisableList what=0x0 pkg=system
D/STATUSBAR-StatusBarManagerService(  474): manageDisableList what=0x0 pkg=android
D/WindowManager(  474): mInputFocus is not null.
I/gralloc.sc8810(   87): FREE hnd=0x414574a8,fd=38,offset=0x0,size=1536000,base=438da000,phys_addr=0xfc69000
D/STATUSBAR-StatusBarManagerService(  474): manageDisableList what=0x0 pkg=system
I/gralloc.sc8810(   87): ================ free ion memory fd=38:1
D/STATUSBAR-StatusBarManagerService(  474): manageDisableList what=0x0 pkg=android
D/WindowManager(  474): mInputFocus is not null.
D/dalvikvm(  474): WAIT_FOR_CONCURRENT_GC blocked 0ms
D/dalvikvm(  474): GC_EXPLICIT freed 195K, 19% free 17371K/21383K, paused 7ms+12ms, total 118ms
D/dalvikvm(  994): GC_CONCURRENT freed 199K, 14% free 7130K/8199K, paused 1ms+4ms, total 22ms
D/dalvikvm(  994): WAIT_FOR_CONCURRENT_GC blocked 0ms
W/PowerManagerService(  474): Timer 0x3->0x3|0x0
D/dalvikvm(  994): GC_EXPLICIT freed 230K, 16% free 6950K/8199K, paused 3ms+5ms, total 35ms
D/dalvikvm(  474): WAIT_FOR_CONCURRENT_GC blocked 0ms
D/dalvikvm(  474): GC_EXPLICIT freed 111K, 19% free 17345K/21383K, paused 6ms+11ms, total 110ms
D/dalvikvm(  474): WAIT_FOR_CONCURRENT_GC blocked 0ms
D/dalvikvm(  474): GC_EXPLICIT freed 85K, 19% free 17345K/21383K, paused 7ms+13ms, total 112ms
D/dalvikvm(  994): GC_CONCURRENT freed 202K, 14% free 7133K/8199K, paused 12ms+5ms, total 32ms
D/dalvikvm(  994): WAIT_FOR_CONCURRENT_GC blocked 0ms
D/dalvikvm(  994): GC_EXPLICIT freed 241K, 16% free 6954K/8199K, paused 3ms+3ms, total 34ms
D/dalvikvm(  474): WAIT_FOR_CONCURRENT_GC blocked 0ms
D/dalvikvm(  474): GC_EXPLICIT freed 85K, 19% free 17345K/21383K, paused 6ms+9ms, total 108ms
V/AudioFlinger(   90): Audio hardware entering standby, mixer 0x4312b008, suspend count 0
I/audio_hw_primary(   90): do_output_standby.mode:0 
D/LVVE_Engine(   90): LVVEFS_TRACE: LVVEFS_Rx_Command, CmdCode=[1] at 82 in ../SRC/LVVEFS_Command.c
D/LVVE_Engine(   90): LVVEFS_TRACE: LVVEFS_Rx_Command: LVVEFS_COMMAND_RESET at 204 in ../SRC/LVVEFS_Command.c
D/LVVE_Engine(   90): LVVEFS_Rx_Command LVVEFS_COMMAND_RESET returns success
V/AudioFlinger(   90): releaseWakeLock_l() AudioOut_2
D/BatteryStatsImpl(  474): ++++++xy WakeLock stop : pid=90, name=, type=0, tid=486, pid=474, pName=null
V/AudioFlinger(   90): thread 0x4312b008 type 0 TID 400 going to sleep
D/dalvikvm(  474): WAIT_FOR_CONCURRENT_GC blocked 0ms
D/dalvikvm(  474): GC_EXPLICIT freed 87K, 19% free 17345K/21383K, paused 8ms+11ms, total 107ms
D/dalvikvm(  994): GC_CONCURRENT freed 207K, 14% free 7131K/8199K, paused 2ms+4ms, total 21ms
D/dalvikvm(  994): WAIT_FOR_CONCURRENT_GC blocked 0ms
D/dalvikvm(  994): GC_EXPLICIT freed 234K, 16% free 6952K/8199K, paused 2ms+4ms, total 34ms
D/dalvikvm(  474): WAIT_FOR_CONCURRENT_GC blocked 0ms
D/dalvikvm(  474): GC_EXPLICIT freed 85K, 19% free 17345K/21383K, paused 7ms+12ms, total 107ms
W/SignalStrength(  474): getGsmLevel=4
W/SignalStrength(  474): getLevel=4 (SignalStrength: 16 -1 -1 -1 -1 -1 -1 -1 -1 -1 -1 -1 gsm|lte 4)
W/SignalStrength(  710): getGsmAsuLevel=16
W/SignalStrength(  710): getCdmaAsuLevel=16
W/SignalStrength(  710): Lte Asu level: 97
W/SignalStrength(  710): getGsmLevel=4
W/SignalStrength(  710): getLevel=4 (SignalStrength: 16 -1 -1 -1 -1 -1 -1 -1 -1 -1 -1 -1 gsm|lte 4)
W/SignalStrength(  710): getEvdoLevel=0
W/SignalStrength(  474): getGsmDbm=-81
W/SignalStrength(  474): getDbm=-81
W/SignalStrength(  474): getGsmAsuLevel=16
W/SignalStrength(  474): getAsuLevel=16
D/StatusBar.NetworkController(  710): updateTelephonySignalStrength: mSignalStrength == 16(GSM) 16(CDMA) 97(LTE)
D/dalvikvm(  474): WAIT_FOR_CONCURRENT_GC blocked 0ms
D/dalvikvm(  474): GC_EXPLICIT freed 94K, 19% free 17346K/21383K, paused 7ms+12ms, total 108ms
D/dalvikvm(  994): GC_CONCURRENT freed 209K, 14% free 7126K/8199K, paused 2ms+5ms, total 21ms
D/dalvikvm(  994): WAIT_FOR_CONCURRENT_GC blocked 0ms
D/dalvikvm(  994): GC_EXPLICIT freed 227K, 16% free 6950K/8199K, paused 3ms+3ms, total 32ms
D/dalvikvm(  474): WAIT_FOR_CONCURRENT_GC blocked 0ms
D/dalvikvm(  474): GC_EXPLICIT freed 87K, 19% free 17346K/21383K, paused 6ms+12ms, total 109ms
D/dalvikvm(  474): WAIT_FOR_CONCURRENT_GC blocked 0ms
D/dalvikvm(  474): GC_EXPLICIT freed 86K, 19% free 17345K/21383K, paused 6ms+12ms, total 109ms
D/dalvikvm(  994): GC_CONCURRENT freed 207K, 14% free 7127K/8199K, paused 2ms+5ms, total 21ms
D/dalvikvm(  994): WAIT_FOR_CONCURRENT_GC blocked 0ms
D/dalvikvm(  994): GC_EXPLICIT freed 233K, 16% free 6955K/8199K, paused 3ms+3ms, total 33ms
D/dalvikvm(  474): WAIT_FOR_CONCURRENT_GC blocked 0ms
D/dalvikvm(  474): GC_EXPLICIT freed 85K, 19% free 17345K/21383K, paused 6ms+11ms, total 108ms
D/dalvikvm(  474): WAIT_FOR_CONCURRENT_GC blocked 0ms
D/dalvikvm(  474): GC_EXPLICIT freed 86K, 19% free 17345K/21383K, paused 6ms+12ms, total 108ms
D/dalvikvm(  994): GC_CONCURRENT freed 214K, 14% free 7126K/8199K, paused 2ms+4ms, total 22ms
E/Watchdog(  474): !@Sync 5
D/dalvikvm(  994): WAIT_FOR_CONCURRENT_GC blocked 0ms
D/dalvikvm(  994): GC_EXPLICIT freed 234K, 16% free 6957K/8199K, paused 3ms+3ms, total 33ms
D/dalvikvm(  474): WAIT_FOR_CONCURRENT_GC blocked 0ms
D/dalvikvm(  474): GC_EXPLICIT freed 85K, 19% free 17345K/21383K, paused 6ms+11ms, total 107ms
D/dalvikvm(  474): WAIT_FOR_CONCURRENT_GC blocked 0ms
D/dalvikvm(  474): GC_EXPLICIT freed 86K, 19% free 17345K/21383K, paused 6ms+11ms, total 106ms
D/dalvikvm(  994): GC_CONCURRENT freed 214K, 14% free 7128K/8199K, paused 2ms+4ms, total 24ms
D/dalvikvm(  994): WAIT_FOR_CONCURRENT_GC blocked 0ms
D/dalvikvm(  994): GC_EXPLICIT freed 238K, 16% free 6959K/8199K, paused 3ms+3ms, total 32ms
D/dalvikvm(  474): WAIT_FOR_CONCURRENT_GC blocked 0ms
D/dalvikvm(  474): GC_EXPLICIT freed 85K, 19% free 17345K/21383K, paused 6ms+12ms, total 109ms
D/dalvikvm(  474): WAIT_FOR_CONCURRENT_GC blocked 0ms
D/dalvikvm(  474): GC_EXPLICIT freed 86K, 19% free 17345K/21383K, paused 6ms+11ms, total 107ms
D/dalvikvm(  994): GC_CONCURRENT freed 221K, 14% free 7123K/8199K, paused 1ms+5ms, total 20ms
D/dalvikvm(  994): WAIT_FOR_CONCURRENT_GC blocked 0ms
D/dalvikvm(  994): GC_EXPLICIT freed 248K, 15% free 6970K/8199K, paused 3ms+4ms, total 33ms
D/BatteryStatsImpl(  474): ++++++xy WakeLock stop : pid=474, name=, type=0, tid=493, pid=474, pName=null
W/ActivityManager(  474): Launch timeout has expired, giving up wake lock!
D/dalvikvm(  474): WAIT_FOR_CONCURRENT_GC blocked 0ms
D/dalvikvm(  474): GC_EXPLICIT freed 88K, 19% free 17346K/21383K, paused 6ms+12ms, total 107ms
D/dalvikvm(  474): WAIT_FOR_CONCURRENT_GC blocked 0ms
D/dalvikvm(  474): GC_EXPLICIT freed 85K, 19% free 17345K/21383K, paused 6ms+12ms, total 107ms
D/dalvikvm(  994): GC_CONCURRENT freed 232K, 14% free 7123K/8199K, paused 2ms+3ms, total 20ms
D/dalvikvm(  994): WAIT_FOR_CONCURRENT_GC blocked 0ms
D/dalvikvm(  994): GC_EXPLICIT freed 247K, 15% free 6971K/8199K, paused 3ms+3ms, total 33ms
D/dalvikvm(  474): WAIT_FOR_CONCURRENT_GC blocked 0ms
D/dalvikvm(  474): GC_EXPLICIT freed 86K, 19% free 17345K/21383K, paused 7ms+11ms, total 107ms
D/MediaProvider(  994): bulkInsert started
E/MtpServerJNI(  994): server is null in send_object_added
D/MediaProvider(  994): bulkInsert finished
D/MediaProvider(  994): bulkInsert started
E/MtpServerJNI(  994): server is null in send_object_added
E/MtpServerJNI(  994): server is null in send_object_added
D/MediaProvider(  994): bulkInsert finished
E/MtpServerJNI(  994): server is null in send_object_added
E/MtpServerJNI(  994): server is null in send_object_added
E/MtpServerJNI(  994): server is null in send_object_added
E/MtpServerJNI(  994): server is null in send_object_added
E/MtpServerJNI(  994): server is null in send_object_added
E/MtpServerJNI(  994): server is null in send_object_added
E/MtpServerJNI(  994): server is null in send_object_added
E/MtpServerJNI(  994): server is null in send_object_added
E/MtpServerJNI(  994): server is null in send_object_added
E/MtpServerJNI(  994): server is null in send_object_added
E/MtpServerJNI(  994): server is null in send_object_added
E/MtpServerJNI(  994): server is null in send_object_added
E/MtpServerJNI(  994): server is null in send_object_added
E/MtpServerJNI(  994): server is null in send_object_added
E/MtpServerJNI(  994): server is null in send_object_added
E/MtpServerJNI(  994): server is null in send_object_added
E/MtpServerJNI(  994): server is null in send_object_added
E/MtpServerJNI(  994): server is null in send_object_added
E/MtpServerJNI(  994): server is null in send_object_added
E/MtpServerJNI(  994): server is null in send_object_added
E/MtpServerJNI(  994): server is null in send_object_added
E/MtpServerJNI(  994): server is null in send_object_added
E/MtpServerJNI(  994): server is null in send_object_added
E/MtpServerJNI(  994): server is null in send_object_added
E/MtpServerJNI(  994): server is null in send_object_added
E/MtpServerJNI(  994): server is null in send_object_added
V/MediaScanner(  994): processDirectory :  /storage/extSdCard
D/dalvikvm(  994): GC_CONCURRENT freed 310K, 15% free 7046K/8199K, paused 2ms+3ms, total 22ms
D/dalvikvm(  474): WAIT_FOR_CONCURRENT_GC blocked 0ms
D/dalvikvm(  474): GC_EXPLICIT freed 88K, 19% free 17345K/21383K, paused 6ms+12ms, total 107ms
D/dalvikvm(  994): WAIT_FOR_CONCURRENT_GC blocked 0ms
D/dalvikvm(  994): GC_EXPLICIT freed 224K, 15% free 7027K/8199K, paused 3ms+5ms, total 33ms
V/AlarmManager(  474): waitForAlarm result :8
V/AlarmManager(  474): ClockReceiver onReceive() ACTION_TIME_TICK
D/BatteryStatsImpl(  474): ++++++xy WakeLock start : pid=474, name=, type=0, tid=540, pid=474, pName=null
W/AlarmManager(  474): FACTORY_ON= 0
D/PictureClock(  710): newTime=23:10
D/BatteryStatsImpl(  474): ++++++xy WakeLock stop : pid=474, name=, type=0, tid=493, pid=474, pName=null
D/dalvikvm(  474): WAIT_FOR_CONCURRENT_GC blocked 0ms
D/dalvikvm(  474): GC_EXPLICIT freed 130K, 19% free 17351K/21383K, paused 6ms+12ms, total 125ms
D/dalvikvm(  474): WAIT_FOR_CONCURRENT_GC blocked 0ms
D/dalvikvm(  474): GC_EXPLICIT freed 91K, 19% free 17345K/21383K, paused 7ms+13ms, total 109ms
D/dalvikvm(  994): GC_CONCURRENT freed 291K, 14% free 7122K/8199K, paused 2ms+4ms, total 23ms
D/dalvikvm(  994): WAIT_FOR_CONCURRENT_GC blocked 0ms
D/dalvikvm(  994): GC_EXPLICIT freed 226K, 16% free 6940K/8199K, paused 3ms+3ms, total 33ms
D/dalvikvm(  474): WAIT_FOR_CONCURRENT_GC blocked 0ms
D/dalvikvm(  474): GC_EXPLICIT freed 85K, 19% free 17345K/21383K, paused 6ms+11ms, total 107ms
D/dalvikvm(  474): WAIT_FOR_CONCURRENT_GC blocked 0ms
D/dalvikvm(  474): GC_EXPLICIT freed 85K, 19% free 17345K/21383K, paused 7ms+28ms, total 134ms
D/dalvikvm(  994): GC_CONCURRENT freed 195K, 14% free 7131K/8199K, paused 2ms+5ms, total 21ms
D/dalvikvm(  994): WAIT_FOR_CONCURRENT_GC blocked 0ms
D/dalvikvm(  994): GC_EXPLICIT freed 230K, 16% free 6937K/8199K, paused 2ms+3ms, total 32ms
D/dalvikvm(  474): WAIT_FOR_CONCURRENT_GC blocked 0ms
D/dalvikvm(  474): GC_EXPLICIT freed 86K, 19% free 17345K/21383K, paused 6ms+10ms, total 106ms
D/dalvikvm(  474): WAIT_FOR_CONCURRENT_GC blocked 0ms
D/BatteryService(  474): update start
D/BatteryService(  474): level:100 scale:100 status:2 health:2 present:true voltage: 4358 temperature: 373 technology: Li-ion AC powered:false USB powered:true icon:17303345 invalid charger:0 online:1 charge type:0 current avg:0
E/MtpService(  954): In MTPAPP onReceive:android.intent.action.BATTERY_CHANGED
E/MtpService(  954): battPlugged Type : 2
D/BatteryInfoReceiver( 1106): 现有电量：100
D/dalvikvm(  474): GC_EXPLICIT freed 107K, 19% free 17348K/21383K, paused 7ms+12ms, total 143ms
D/dalvikvm(  994): GC_CONCURRENT freed 188K, 14% free 7133K/8199K, paused 2ms+7ms, total 22ms
D/dalvikvm(  994): WAIT_FOR_CONCURRENT_GC blocked 0ms
D/dalvikvm(  994): GC_EXPLICIT freed 225K, 16% free 6929K/8199K, paused 2ms+3ms, total 32ms
D/dalvikvm(  474): WAIT_FOR_CONCURRENT_GC blocked 0ms
D/dalvikvm(  474): GC_EXPLICIT freed 87K, 19% free 17346K/21383K, paused 6ms+12ms, total 108ms
D/dalvikvm(  474): WAIT_FOR_CONCURRENT_GC blocked 0ms
D/dalvikvm(  474): GC_EXPLICIT freed 86K, 19% free 17345K/21383K, paused 6ms+9ms, total 106ms
D/dalvikvm(  994): GC_CONCURRENT freed 181K, 13% free 7134K/8199K, paused 2ms+4ms, total 22ms
D/dalvikvm(  994): WAIT_FOR_CONCURRENT_GC blocked 0ms
D/dalvikvm(  994): GC_EXPLICIT freed 225K, 16% free 6929K/8199K, paused 3ms+3ms, total 34ms
D/dalvikvm(  474): WAIT_FOR_CONCURRENT_GC blocked 0ms
D/dalvikvm(  474): GC_EXPLICIT freed 85K, 19% free 17346K/21383K, paused 6ms+12ms, total 107ms
D/dalvikvm(  474): WAIT_FOR_CONCURRENT_GC blocked 0ms
D/dalvikvm(  474): GC_EXPLICIT freed 85K, 19% free 17345K/21383K, paused 6ms+11ms, total 107ms
D/dalvikvm(  994): null clazz in OP_INSTANCE_OF, single-stepping
D/dalvikvm(  994): GC_CONCURRENT freed 190K, 14% free 7124K/8199K, paused 12ms+4ms, total 32ms
D/dalvikvm(  994): WAIT_FOR_CONCURRENT_GC blocked 0ms
D/dalvikvm(  994): GC_EXPLICIT freed 242K, 16% free 6951K/8199K, paused 3ms+3ms, total 32ms
D/dalvikvm(  474): WAIT_FOR_CONCURRENT_GC blocked 0ms
D/dalvikvm(  474): GC_EXPLICIT freed 85K, 19% free 17346K/21383K, paused 7ms+12ms, total 109ms
D/MediaScanner(  994): Skipping:
D/MediaScanner(  994): 7klwibgf7fxlKdCbid7Budiwrd7dblb7
I/Process (  474): Sending signal. PID: 2201 SIG: 3
I/dalvikvm( 2201): threadid=3: reacting to signal 3
I/dalvikvm( 2201): Wrote stack traces to '/data/anr/traces.txt'
I/Process (  474): Sending signal. PID: 474 SIG: 3
I/dalvikvm(  474): threadid=3: reacting to signal 3
E/        (  474): poll() failed (Interrupted system call)
I/Process (  474): Sending signal. PID: 779 SIG: 3
I/dalvikvm(  779): threadid=3: reacting to signal 3
I/dalvikvm(  474): Wrote stack traces to '/data/anr/traces.txt'
I/Process (  474): Sending signal. PID: 710 SIG: 3
I/dalvikvm(  710): threadid=3: reacting to signal 3
I/dalvikvm(  710): Wrote stack traces to '/data/anr/traces.txt'
I/Process (  474): Sending signal. PID: 868 SIG: 3
I/dalvikvm(  868): threadid=3: reacting to signal 3
I/dalvikvm(  779): Wrote stack traces to '/data/anr/traces.txt'
I/Process (  474): Sending signal. PID: 787 SIG: 3
I/dalvikvm(  787): threadid=3: reacting to signal 3
I/dalvikvm(  868): Wrote stack traces to '/data/anr/traces.txt'
I/dalvikvm(  787): Wrote stack traces to '/data/anr/traces.txt'
I/Process (  474): Sending signal. PID: 856 SIG: 3
I/dalvikvm(  856): threadid=3: reacting to signal 3
I/Process (  474): Sending signal. PID: 806 SIG: 3
I/dalvikvm(  806): threadid=3: reacting to signal 3
I/dalvikvm(  856): Wrote stack traces to '/data/anr/traces.txt'
I/dalvikvm(  806): Wrote stack traces to '/data/anr/traces.txt'
I/Process (  474): Sending signal. PID: 834 SIG: 3
I/dalvikvm(  834): threadid=3: reacting to signal 3
I/dalvikvm(  834): Wrote stack traces to '/data/anr/traces.txt'
D/dalvikvm(  474): WAIT_FOR_CONCURRENT_GC blocked 0ms
D/dalvikvm(  474): GC_EXPLICIT freed 863K, 18% free 17679K/21383K, paused 18ms+12ms, total 141ms
D/dalvikvm(  474): WAIT_FOR_CONCURRENT_GC blocked 55ms
D/dalvikvm(  474): GC_EXPLICIT freed 30K, 18% free 17648K/21383K, paused 16ms+11ms, total 139ms
D/dalvikvm(  994): GC_CONCURRENT freed 223K, 14% free 7112K/8199K, paused 2ms+4ms, total 21ms
D/dalvikvm(  994): WAIT_FOR_CONCURRENT_GC blocked 0ms
D/dalvikvm(  994): GC_EXPLICIT freed 234K, 16% free 6960K/8199K, paused 2ms+4ms, total 32ms
I/Process (  474): Sending signal. PID: 994 SIG: 3
I/dalvikvm(  994): threadid=3: reacting to signal 3
I/dalvikvm(  994): Wrote stack traces to '/data/anr/traces.txt'
D/dalvikvm(  994): GC_CONCURRENT freed 92K, 15% free 6972K/8199K, paused 2ms+19ms, total 48ms
E/ActivityManager(  474): ANR in com.baidu.input
E/ActivityManager(  474): Reason: Executing service com.baidu.input/.ImeService
E/ActivityManager(  474): Load: 5.6 / 4.15 / 1.83
E/ActivityManager(  474): CPU usage from 3987ms to -1650ms ago:
E/ActivityManager(  474):   48% 474/system_server: 40% user + 8.8% kernel / faults: 1592 minor
E/ActivityManager(  474):   43% 994/android.process.media: 30% user + 12% kernel / faults: 1500 minor
E/ActivityManager(  474):   1.2% 710/com.android.systemui: 1% user + 0.1% kernel / faults: 8 minor
E/ActivityManager(  474):   1% 53/mmcqd/0: 0% user + 1% kernel
E/ActivityManager(  474):   0.3% 779/com.android.phone: 0.1% user + 0.1% kernel / faults: 13 minor
E/ActivityManager(  474):   0.5% 55/kworker/0:2: 0% user + 0.5% kernel
E/ActivityManager(  474):   0.5% 117/adbd: 0.1% user + 0.3% kernel
E/ActivityManager(  474):   0.1% 2201/com.baidu.input: 0.1% user + 0% kernel / faults: 102 minor
E/ActivityManager(  474):   0% 787/com.trafficctr.miui: 0% user + 0% kernel / faults: 12 minor
E/ActivityManager(  474):   0% 806/com.sec.android.provider.logsprovider: 0% user + 0% kernel / faults: 2 minor
E/ActivityManager(  474):   0% 834/com.lbe.security.miui: 0% user + 0% kernel / faults: 3 minor
E/ActivityManager(  474):   0% 856/com.android.deskclock: 0% user + 0% kernel / faults: 3 minor
E/ActivityManager(  474):   0% 868/com.xiaomi.xmsf: 0% user + 0% kernel / faults: 2 minor
E/ActivityManager(  474):   0% 78/servicemanager: 0% user + 0% kernel
E/ActivityManager(  474):   0.1% 87/surfaceflinger: 0% user + 0.1% kernel
E/ActivityManager(  474):   0% 1088/com.miui.providers.weather: 0% user + 0% kernel
E/ActivityManager(  474):   0.1% 2221/logcat: 0% user + 0.1% kernel
E/ActivityManager(  474): 99% TOTAL: 75% user + 24% kernel + 0.1% softirq
E/ActivityManager(  474): CPU usage from 1018ms to 1577ms later with 104% awake:
E/ActivityManager(  474):   59% 994/android.process.media: 38% user + 21% kernel / faults: 200 minor
E/ActivityManager(  474):     51% 1990/MediaScannerSer: 34% user + 17% kernel
E/ActivityManager(  474):     3.8% 995/GC: 3.8% user + 0% kernel
E/ActivityManager(  474):     1.9% 1003/FinalizerDaemon: 0% user + 1.9% kernel
E/ActivityManager(  474):   41% 474/system_server: 33% user + 7.5% kernel / faults: 35 minor
E/ActivityManager(  474):     18% 886/Binder_8: 16% user + 1.8% kernel
E/ActivityManager(  474):     5.6% 494/ActivityManager: 1.8% user + 3.7% kernel
E/ActivityManager(  474):     3.7% 943/Binder_A: 3.7% user + 0% kernel
E/ActivityManager(  474):     1.8% 474/system_server: 1.8% user + 0% kernel
E/ActivityManager(  474):     1.8% 485/Binder_1: 1.8% user + 0% kernel
E/ActivityManager(  474):     1.8% 486/Binder_2: 1.8% user + 0% kernel
E/ActivityManager(  474):     1.8% 831/Binder_3: 1.8% user + 0% kernel
E/ActivityManager(  474):     1.8% 839/Binder_4: 1.8% user + 0% kernel
E/ActivityManager(  474):     1.8% 842/Binder_5: 1.8% user + 0% kernel
E/ActivityManager(  474):     1.8% 851/Binder_6: 1.8% user + 0% kernel
E/ActivityManager(  474):     1.8% 852/Binder_7: 1.8% user + 0% kernel
E/ActivityManager(  474):     1.8% 887/Binder_9: 1.8% user + 0% kernel
E/ActivityManager(  474):   1.1% 117/adbd: 0% user + 1.1% kernel
E/ActivityManager(  474): 100% TOTAL: 73% user + 26% kernel
E/android.os.Debug(  474): !@Dumpstate > dumpstate -k -t -z -d -o /data/log/dumpstate_app_anr
I/dumpstate( 2232): begin
D/dalvikvm(  474): GC_FOR_ALLOC freed 943K, 16% free 18084K/21383K, paused 98ms, total 102ms
I/dalvikvm-heap(  474): Grow heap (frag case) to 18.607MB for 393236-byte allocation
D/dalvikvm(  474): GC_FOR_ALLOC freed 8K, 16% free 18459K/21831K, paused 197ms, total 197ms
D/dalvikvm(  474): GC_FOR_ALLOC freed 256K, 17% free 18202K/21831K, paused 83ms, total 83ms
D/dalvikvm(  474): GC_FOR_ALLOC freed 853K, 20% free 17605K/21831K, paused 75ms, total 75ms
D/dalvikvm(  474): WAIT_FOR_CONCURRENT_GC blocked 0ms
D/dalvikvm(  474): GC_EXPLICIT freed 673K, 21% free 17345K/21831K, paused 6ms+12ms, total 102ms
D/MediaScanner(  994): Skipping:
D/MediaScanner(  994): 7klwibgf7fxlKdCbid7DCRV75lpnvaubrtk7
D/dalvikvm(  474): WAIT_FOR_CONCURRENT_GC blocked 0ms
D/dalvikvm(  474): GC_EXPLICIT freed 77K, 21% free 17353K/21831K, paused 6ms+10ms, total 219ms
D/dalvikvm(  994): WAIT_FOR_CONCURRENT_GC blocked 0ms
D/dalvikvm(  994): GC_EXPLICIT freed 225K, 14% free 7111K/8199K, paused 4ms+5ms, total 189ms
D/dalvikvm(  474): WAIT_FOR_CONCURRENT_GC blocked 0ms
E/LBE-Sec ( 2247): exec failed with 2: No such file or directory
D/dalvikvm(  474): GC_EXPLICIT freed 85K, 21% free 17353K/21831K, paused 49ms+12ms, total 183ms
D/dalvikvm(  474): WAIT_FOR_CONCURRENT_GC blocked 0ms
D/dalvikvm(  474): GC_EXPLICIT freed 85K, 21% free 17353K/21831K, paused 6ms+11ms, total 161ms
D/dalvikvm(  994): GC_CONCURRENT freed 398K, 13% free 7156K/8199K, paused 2ms+5ms, total 41ms
D/dalvikvm(  994): WAIT_FOR_CONCURRENT_GC blocked 0ms
D/dalvikvm(  994): GC_EXPLICIT freed 238K, 16% free 6922K/8199K, paused 3ms+3ms, total 32ms
E/LBE-Sec ( 2267): exec failed with 2: No such file or directory
D/VoldCmdListener(   79): asec list
D/dalvikvm(  474): WAIT_FOR_CONCURRENT_GC blocked 0ms
D/dalvikvm(  474): GC_EXPLICIT freed 85K, 21% free 17353K/21831K, paused 6ms+11ms, total 116ms
E/LBE-Sec ( 2275): exec failed with 2: No such file or directory
I/dumpstate( 2232): done
D/WindowManager(  474): PhoneWindowManager: focusChangedLw
D/WindowManager(  474): updateReadingMode
D/STATUSBAR-StatusBarManagerService(  474): setSystemUiVisibility(0x0)
D/STATUSBAR-StatusBarManagerService(  474): manageDisableList what=0x0 pkg=WindowManager.LayoutParams
V/PhoneStatusBar(  710): setLightsOn(true)
D/STATUSBAR-StatusBarManagerService(  474): manageDisableList what=0x0 pkg=system
D/STATUSBAR-StatusBarManagerService(  474): manageDisableList what=0x0 pkg=android
D/STATUSBAR-StatusBarManagerService(  474): manageDisableList what=0x0 pkg=system
D/STATUSBAR-StatusBarManagerService(  474): manageDisableList what=0x0 pkg=android
D/STATUSBAR-StatusBarManagerService(  474): manageDisableList what=0x0 pkg=system
D/STATUSBAR-StatusBarManagerService(  474): manageDisableList what=0x0 pkg=android
D/STATUSBAR-StatusBarManagerService(  474): manageDisableList what=0x0 pkg=system
D/STATUSBAR-StatusBarManagerService(  474): manageDisableList what=0x0 pkg=android
D/dalvikvm(  474): WAIT_FOR_CONCURRENT_GC blocked 0ms
D/STATUSBAR-StatusBarManagerService(  474): manageDisableList what=0x0 pkg=system
D/STATUSBAR-StatusBarManagerService(  474): manageDisableList what=0x0 pkg=android
D/dalvikvm(  474): GC_EXPLICIT freed 834K, 21% free 17407K/21831K, paused 19ms+15ms, total 203ms
D/dalvikvm(  994): GC_CONCURRENT freed 182K, 14% free 7124K/8199K, paused 2ms+4ms, total 20ms
D/dalvikvm(  994): WAIT_FOR_CONCURRENT_GC blocked 0ms
D/dalvikvm(  994): GC_EXPLICIT freed 240K, 16% free 6952K/8199K, paused 3ms+3ms, total 36ms
D/dalvikvm(  474): WAIT_FOR_CONCURRENT_GC blocked 0ms
D/dalvikvm(  474): GC_EXPLICIT freed 98K, 21% free 17395K/21831K, paused 6ms+25ms, total 137ms
D/dalvikvm(  474): WAIT_FOR_CONCURRENT_GC blocked 0ms
D/dalvikvm(  474): GC_EXPLICIT freed 86K, 21% free 17394K/21831K, paused 8ms+12ms, total 108ms
D/dalvikvm(  994): GC_CONCURRENT freed 212K, 14% free 7124K/8199K, paused 1ms+5ms, total 21ms
D/dalvikvm(  994): WAIT_FOR_CONCURRENT_GC blocked 0ms
D/dalvikvm(  994): GC_EXPLICIT freed 240K, 16% free 6954K/8199K, paused 3ms+3ms, total 33ms
D/dalvikvm(  474): WAIT_FOR_CONCURRENT_GC blocked 0ms
D/dalvikvm(  474): GC_EXPLICIT freed 85K, 21% free 17395K/21831K, paused 6ms+12ms, total 107ms
V/MediaScanner(  994):  prescan time: 23018ms
V/MediaScanner(  994):     scan time: 78603ms (makeEntry time: 68847ms ~87%),  (parsing time: 0ms ~0%),  (bitmapDecoding time: 0ms ~0%), (exifExtracting time : 0ms ~0%), (bulkInserter time : 282ms ~0%)
V/MediaScanner(  994): postscan time: 3ms (bulkDeleter : 2)
V/MediaScanner(  994):    total time: 101624ms
D/MediaProvider(  994): restorePlaylistTableConfiguration started
V/MediaScanner(  994): checked files: 8929  directories : 1217  (I: 29, U: 8)
E/MTPPlaObsrvr(  954): On change is called.false
E/MTPPlaObsrvr(  954): URI of the playlistcontent://media/external/audio/playlists
E/MTPPlaObsrvr(  954): Content resolver is not null
D/MediaProvider(  994): restorePlaylistTableConfiguration finished
E/CscReceiver(  779): onReceive android.intent.action.MEDIA_SCANNER_FINISHED
D/CscReceiver(  779): Media DB Scanner finished.
D/CscReceiver(  779): start service to Set Ringtone
D/BatteryStatsImpl(  474): ++++++xy WakeLock stop : pid=994, name=, type=0, tid=831, pid=474, pName=null
D/CscReceiver(  779): start service to Set Notification
E/MTPPlaObsrvr(  954): Count0mCount0
E/MTPPlaObsrvr(  954): Neither deleted nor added. Could be rename
D/MediaScannerService(  994): done scanning volume external
D/CscReceiver(  779): start service to Set Alarmtone
D/CscUpdateService(  779): onStart
E/CscUpdateService(  779): costomer file is not exists : search sec_csc zip file.
E/CscUpdateService(  779): sec_csc zip file is not exists
E/CscUpdateService(  779): CSC is not preconfiged yet. Do nothing.
D/CscUpdateService(  779): onStart
E/CscUpdateService(  779): costomer file is not exists : search sec_csc zip file.
E/CscUpdateService(  779): sec_csc zip file is not exists
E/CscUpdateService(  779): CSC is not preconfiged yet. Do nothing.
D/CscUpdateService(  779): onStart
E/CscUpdateService(  779): costomer file is not exists : search sec_csc zip file.
E/CscUpdateService(  779): sec_csc zip file is not exists
E/CscUpdateService(  779): CSC is not preconfiged yet. Do nothing.
D/BatteryStatsImpl(  474): ++++++xy WakeLock start : pid=994, name=, type=0, tid=842, pid=474, pName=null
D/MediaScannerService(  994): start scanning volume external: [/storage/sdcard0, /storage/extSdCard, /storage/UsbDriveA, /storage/UsbDriveB, /storage/UsbDriveC, /storage/UsbDriveD, /storage/UsbDriveE, /storage/UsbDriveF]
E/MTPPlaObsrvr(  954): On change is called.false
E/MTPPlaObsrvr(  954): URI of the playlistcontent://media/external/audio/playlists
E/MTPPlaObsrvr(  954): Content resolver is not null
E/MTPPlaObsrvr(  954): Count0mCount0
E/MTPPlaObsrvr(  954): Neither deleted nor added. Could be rename
D/MediaScanner(  994): MediaScanner - mSkipList ()
D/MediaScanner(  994): Constructor set externalStorageSdPath : /storage/extSdCard
D/dalvikvm(  994): GC_CONCURRENT freed 278K, 14% free 7061K/8199K, paused 2ms+3ms, total 22ms
D/dalvikvm(  994): GC_CONCURRENT freed 522K, 16% free 6923K/8199K, paused 2ms+1ms, total 21ms
D/dalvikvm(  994): GC_CONCURRENT freed 384K, 16% free 6923K/8199K, paused 2ms+2ms, total 19ms
D/dalvikvm(  994): GC_CONCURRENT freed 386K, 16% free 6922K/8199K, paused 1ms+2ms, total 19ms
D/dalvikvm(  994): GC_CONCURRENT freed 382K, 16% free 6924K/8199K, paused 2ms+2ms, total 19ms
D/dalvikvm(  994): GC_CONCURRENT freed 387K, 16% free 6924K/8199K, paused 2ms+1ms, total 18ms
V/MediaScanner(  994): processDirectory :  /storage/sdcard0
D/MediaScanner(  994): Skipping:
D/MediaScanner(  994): 7klwibgf7kdcbid(7DCRV75lpnvaubrtk7
D/dalvikvm(  474): WAIT_FOR_CONCURRENT_GC blocked 0ms
D/dalvikvm(  474): GC_EXPLICIT freed 132K, 21% free 17398K/21831K, paused 6ms+10ms, total 106ms
D/dalvikvm(  994): WAIT_FOR_CONCURRENT_GC blocked 0ms
D/dalvikvm(  994): GC_EXPLICIT freed 246K, 15% free 7000K/8199K, paused 3ms+4ms, total 33ms
D/MediaScanner(  994): Skipping:
D/MediaScanner(  994): 7klwibgf7kdcbid(7Budiwrd7dblb7
D/MediaScanner(  994): Skipping:
D/MediaScanner(  994): 7klwibgf7kdcbid(75ebcf7
D/dalvikvm(  474): WAIT_FOR_CONCURRENT_GC blocked 0ms
D/dalvikvm(  474): GC_EXPLICIT freed 89K, 21% free 17394K/21831K, paused 8ms+11ms, total 111ms
D/dalvikvm(  474): WAIT_FOR_CONCURRENT_GC blocked 0ms
D/dalvikvm(  994): GC_CONCURRENT freed 270K, 14% free 7114K/8199K, paused 2ms+19ms, total 36ms
D/dalvikvm(  474): GC_EXPLICIT freed 85K, 21% free 17394K/21831K, paused 6ms+11ms, total 117ms
D/dalvikvm(  994): WAIT_FOR_CONCURRENT_GC blocked 0ms
D/dalvikvm(  994): GC_EXPLICIT freed 237K, 16% free 6968K/8199K, paused 3ms+4ms, total 33ms
D/dalvikvm(  474): WAIT_FOR_CONCURRENT_GC blocked 0ms
D/dalvikvm(  474): GC_EXPLICIT freed 85K, 21% free 17394K/21831K, paused 7ms+11ms, total 107ms
D/dalvikvm(  994): GC_CONCURRENT freed 238K, 14% free 7114K/8199K, paused 2ms+4ms, total 20ms
D/dalvikvm(  474): WAIT_FOR_CONCURRENT_GC blocked 0ms
D/dalvikvm(  474): GC_EXPLICIT freed 86K, 21% free 17395K/21831K, paused 6ms+12ms, total 120ms
D/dalvikvm(  994): WAIT_FOR_CONCURRENT_GC blocked 0ms
D/dalvikvm(  994): GC_EXPLICIT freed 241K, 15% free 6972K/8199K, paused 2ms+4ms, total 32ms
D/dalvikvm(  474): WAIT_FOR_CONCURRENT_GC blocked 0ms
D/dalvikvm(  474): GC_EXPLICIT freed 86K, 21% free 17394K/21831K, paused 7ms+12ms, total 110ms
D/dalvikvm(  474): WAIT_FOR_CONCURRENT_GC blocked 0ms
D/dalvikvm(  474): GC_EXPLICIT freed 84K, 21% free 17394K/21831K, paused 7ms+12ms, total 109ms
D/dalvikvm(  994): GC_CONCURRENT freed 242K, 14% free 7115K/8199K, paused 2ms+4ms, total 23ms
D/dalvikvm(  994): WAIT_FOR_CONCURRENT_GC blocked 0ms
D/dalvikvm(  994): GC_EXPLICIT freed 242K, 16% free 6958K/8199K, paused 3ms+3ms, total 33ms
D/dalvikvm(  474): WAIT_FOR_CONCURRENT_GC blocked 0ms
D/dalvikvm(  474): GC_EXPLICIT freed 85K, 21% free 17394K/21831K, paused 6ms+12ms, total 108ms
D/dalvikvm(  474): WAIT_FOR_CONCURRENT_GC blocked 0ms
D/dalvikvm(  474): GC_EXPLICIT freed 85K, 21% free 17394K/21831K, paused 6ms+11ms, total 107ms
D/dalvikvm(  994): GC_CONCURRENT freed 222K, 14% free 7121K/8199K, paused 2ms+5ms, total 21ms
D/dalvikvm(  994): WAIT_FOR_CONCURRENT_GC blocked 0ms
D/dalvikvm(  994): GC_EXPLICIT freed 227K, 16% free 6941K/8199K, paused 3ms+3ms, total 32ms
D/dalvikvm(  474): WAIT_FOR_CONCURRENT_GC blocked 0ms
D/dalvikvm(  474): GC_EXPLICIT freed 85K, 21% free 17394K/21831K, paused 6ms+12ms, total 107ms
D/dalvikvm(  474): WAIT_FOR_CONCURRENT_GC blocked 0ms
E/Watchdog(  474): !@Sync 6
D/dalvikvm(  474): GC_EXPLICIT freed 85K, 21% free 17394K/21831K, paused 6ms+13ms, total 113ms
D/dalvikvm(  994): GC_CONCURRENT freed 204K, 14% free 7122K/8199K, paused 1ms+4ms, total 22ms
D/dalvikvm(  994): WAIT_FOR_CONCURRENT_GC blocked 0ms
D/dalvikvm(  994): GC_EXPLICIT freed 227K, 16% free 6942K/8199K, paused 3ms+3ms, total 33ms
D/dalvikvm(  474): WAIT_FOR_CONCURRENT_GC blocked 0ms
D/dalvikvm(  474): GC_EXPLICIT freed 85K, 21% free 17394K/21831K, paused 6ms+12ms, total 108ms
D/dalvikvm(  474): WAIT_FOR_CONCURRENT_GC blocked 0ms
D/dalvikvm(  474): GC_EXPLICIT freed 85K, 21% free 17394K/21831K, paused 7ms+12ms, total 125ms
D/dalvikvm(  994): GC_CONCURRENT freed 203K, 14% free 7124K/8199K, paused 2ms+5ms, total 21ms
D/dalvikvm(  994): WAIT_FOR_CONCURRENT_GC blocked 0ms
D/dalvikvm(  994): GC_EXPLICIT freed 232K, 16% free 6942K/8199K, paused 3ms+3ms, total 33ms
D/dalvikvm(  474): WAIT_FOR_CONCURRENT_GC blocked 0ms
D/dalvikvm(  474): GC_EXPLICIT freed 85K, 21% free 17394K/21831K, paused 6ms+11ms, total 108ms
D/dalvikvm(  994): GC_CONCURRENT freed 233K, 14% free 7094K/8199K, paused 2ms+4ms, total 23ms
D/dalvikvm(  474): WAIT_FOR_CONCURRENT_GC blocked 0ms
D/dalvikvm(  474): GC_EXPLICIT freed 85K, 21% free 17395K/21831K, paused 6ms+12ms, total 108ms
D/dalvikvm(  994): WAIT_FOR_CONCURRENT_GC blocked 0ms
D/dalvikvm(  994): GC_EXPLICIT freed 241K, 15% free 6979K/8199K, paused 3ms+4ms, total 33ms
D/dalvikvm(  474): WAIT_FOR_CONCURRENT_GC blocked 0ms
D/dalvikvm(  474): GC_EXPLICIT freed 85K, 21% free 17394K/21831K, paused 6ms+12ms, total 108ms
D/dalvikvm(  474): WAIT_FOR_CONCURRENT_GC blocked 0ms
D/dalvikvm(  474): GC_EXPLICIT freed 85K, 21% free 17394K/21831K, paused 6ms+13ms, total 109ms
D/dalvikvm(  994): GC_CONCURRENT freed 241K, 14% free 7124K/8199K, paused 2ms+5ms, total 22ms
D/dalvikvm(  994): WAIT_FOR_CONCURRENT_GC blocked 0ms
D/dalvikvm(  994): GC_EXPLICIT freed 226K, 16% free 6939K/8199K, paused 3ms+3ms, total 33ms
D/dalvikvm(  474): WAIT_FOR_CONCURRENT_GC blocked 0ms
D/dalvikvm(  474): GC_EXPLICIT freed 85K, 21% free 17394K/21831K, paused 6ms+11ms, total 108ms
D/dalvikvm(  474): WAIT_FOR_CONCURRENT_GC blocked 0ms
D/dalvikvm(  474): GC_EXPLICIT freed 85K, 21% free 17394K/21831K, paused 6ms+12ms, total 108ms
D/dalvikvm(  994): GC_CONCURRENT freed 191K, 14% free 7132K/8199K, paused 2ms+4ms, total 22ms
D/dalvikvm(  994): WAIT_FOR_CONCURRENT_GC blocked 0ms
D/dalvikvm(  994): GC_EXPLICIT freed 225K, 16% free 6929K/8199K, paused 3ms+4ms, total 32ms
D/dalvikvm(  474): WAIT_FOR_CONCURRENT_GC blocked 0ms
D/dalvikvm(  787): GC_CONCURRENT freed 351K, 17% free 7167K/8583K, paused 25ms+22ms, total 76ms
D/dalvikvm(  474): GC_EXPLICIT freed 86K, 21% free 17394K/21831K, paused 6ms+11ms, total 204ms
D/dalvikvm(  474): WAIT_FOR_CONCURRENT_GC blocked 0ms
D/dalvikvm(  474): GC_EXPLICIT freed 85K, 21% free 17394K/21831K, paused 6ms+11ms, total 107ms
D/dalvikvm(  994): GC_CONCURRENT freed 180K, 14% free 7132K/8199K, paused 2ms+4ms, total 22ms
D/dalvikvm(  994): WAIT_FOR_CONCURRENT_GC blocked 0ms
D/dalvikvm(  994): GC_EXPLICIT freed 225K, 16% free 6929K/8199K, paused 3ms+3ms, total 32ms
D/dalvikvm(  474): WAIT_FOR_CONCURRENT_GC blocked 0ms
D/dalvikvm(  474): GC_EXPLICIT freed 85K, 21% free 17394K/21831K, paused 6ms+12ms, total 107ms
D/dalvikvm(  474): WAIT_FOR_CONCURRENT_GC blocked 0ms
D/dalvikvm(  474): GC_EXPLICIT freed 85K, 21% free 17394K/21831K, paused 6ms+12ms, total 110ms
D/dalvikvm(  994): GC_CONCURRENT freed 181K, 13% free 7133K/8199K, paused 12ms+4ms, total 32ms
D/dalvikvm(  994): WAIT_FOR_CONCURRENT_GC blocked 0ms
D/dalvikvm(  994): GC_EXPLICIT freed 225K, 16% free 6928K/8199K, paused 3ms+2ms, total 32ms
D/dalvikvm(  474): WAIT_FOR_CONCURRENT_GC blocked 0ms
D/dalvikvm(  474): GC_EXPLICIT freed 85K, 21% free 17394K/21831K, paused 7ms+12ms, total 110ms
D/dalvikvm(  474): WAIT_FOR_CONCURRENT_GC blocked 0ms
D/dalvikvm(  474): GC_EXPLICIT freed 84K, 21% free 17395K/21831K, paused 6ms+12ms, total 110ms
D/dalvikvm(  994): GC_CONCURRENT freed 179K, 14% free 7132K/8199K, paused 2ms+5ms, total 22ms
D/dalvikvm(  994): WAIT_FOR_CONCURRENT_GC blocked 0ms
D/dalvikvm(  994): GC_EXPLICIT freed 225K, 16% free 6929K/8199K, paused 2ms+3ms, total 31ms
D/dalvikvm(  474): WAIT_FOR_CONCURRENT_GC blocked 0ms
D/dalvikvm(  474): GC_EXPLICIT freed 85K, 21% free 17394K/21831K, paused 7ms+11ms, total 108ms
D/dalvikvm(  474): WAIT_FOR_CONCURRENT_GC blocked 0ms
D/dalvikvm(  474): GC_EXPLICIT freed 85K, 21% free 17394K/21831K, paused 7ms+12ms, total 109ms
D/dalvikvm(  994): GC_CONCURRENT freed 181K, 14% free 7132K/8199K, paused 2ms+4ms, total 21ms
D/dalvikvm(  994): WAIT_FOR_CONCURRENT_GC blocked 0ms
D/dalvikvm(  994): GC_EXPLICIT freed 224K, 16% free 6930K/8199K, paused 3ms+3ms, total 32ms
D/dalvikvm(  474): WAIT_FOR_CONCURRENT_GC blocked 0ms
D/dalvikvm(  474): GC_EXPLICIT freed 85K, 21% free 17394K/21831K, paused 6ms+12ms, total 108ms
D/dalvikvm(  474): WAIT_FOR_CONCURRENT_GC blocked 0ms
D/dalvikvm(  474): GC_EXPLICIT freed 85K, 21% free 17394K/21831K, paused 6ms+12ms, total 111ms
D/dalvikvm(  994): GC_CONCURRENT freed 181K, 14% free 7133K/8199K, paused 2ms+5ms, total 22ms
D/dalvikvm(  994): WAIT_FOR_CONCURRENT_GC blocked 0ms
D/dalvikvm(  994): GC_EXPLICIT freed 225K, 16% free 6930K/8199K, paused 2ms+3ms, total 32ms
D/dalvikvm(  474): WAIT_FOR_CONCURRENT_GC blocked 0ms
D/dalvikvm(  474): GC_EXPLICIT freed 85K, 21% free 17394K/21831K, paused 6ms+11ms, total 107ms
D/dalvikvm(  474): WAIT_FOR_CONCURRENT_GC blocked 0ms
D/dalvikvm(  474): GC_EXPLICIT freed 85K, 21% free 17394K/21831K, paused 6ms+11ms, total 107ms
D/dalvikvm(  994): GC_CONCURRENT freed 181K, 14% free 7133K/8199K, paused 2ms+5ms, total 22ms
D/dalvikvm(  994): WAIT_FOR_CONCURRENT_GC blocked 0ms
D/dalvikvm(  994): GC_EXPLICIT freed 226K, 16% free 6930K/8199K, paused 2ms+3ms, total 31ms
D/dalvikvm(  474): WAIT_FOR_CONCURRENT_GC blocked 0ms
D/dalvikvm(  474): GC_EXPLICIT freed 85K, 21% free 17394K/21831K, paused 6ms+12ms, total 108ms
D/dalvikvm(  474): WAIT_FOR_CONCURRENT_GC blocked 0ms
D/dalvikvm(  474): GC_EXPLICIT freed 85K, 21% free 17394K/21831K, paused 6ms+11ms, total 108ms
D/dalvikvm(  994): GC_CONCURRENT freed 182K, 14% free 7133K/8199K, paused 2ms+4ms, total 22ms
D/dalvikvm(  994): WAIT_FOR_CONCURRENT_GC blocked 0ms
D/dalvikvm(  994): GC_EXPLICIT freed 225K, 16% free 6930K/8199K, paused 3ms+3ms, total 32ms
D/dalvikvm(  474): WAIT_FOR_CONCURRENT_GC blocked 0ms
D/dalvikvm(  474): GC_EXPLICIT freed 85K, 21% free 17394K/21831K, paused 6ms+11ms, total 107ms
D/dalvikvm(  474): WAIT_FOR_CONCURRENT_GC blocked 0ms
D/dalvikvm(  474): GC_EXPLICIT freed 85K, 21% free 17395K/21831K, paused 7ms+12ms, total 110ms
