D/LVVE_Engine(   90): LVVEFS_TRACE: FUNCTION: LVVEFS_CreateParamTable: LVVEFS_ParseFile of TxControl 8 returned successful at 230 in ../SRC/LVVEFS_Params.c
D/LVVE_Engine(   90): LVVEFS_TRACE: FUNCTION: LVVEFS_ParseFile at 95 in ../SRC/LVVEFS_Parser.c
D/LVVE_Engine(   90): LVVEFS_TRACE: FUNCTION: LVVEFS_ArgsReadData at 318 in ../SRC/LVVEFS_Args.c
D/LVVE_Engine(   90): LVVEFS_TRACE: FUNCTION: LVVEFS_ParseFile: Set Tx Control Params at 140 in ../SRC/LVVEFS_Parser.c
D/LVVE_Engine(   90): LVVEFS_TRACE: FUNCTION: LVVEFS_CreateParamTable: LVVEFS_ParseFile of TxControl 9 returned successful at 230 in ../SRC/LVVEFS_Params.c
D/LVVE_Engine(   90): LVVEFS_TRACE: FUNCTION: LVVEFS_LVVE_Rx_Create at 410 in ../SRC/LVVEFS_Create.c
D/LVVE_Engine(   90): LVVEFS_TRACE: FUNCTION: LVVEFS_Fifo_Create: FIFO 0 Malloc alignment at 0x41b47008 at 93 in ../SRC/LVVEFS_Fifo.c
D/LVVE_Engine(   90): LVVEFS_TRACE: FUNCTION: LVVEFS_Fifo_Create: FIFO 1 Malloc alignment at 0x41bfe008 at 93 in ../SRC/LVVEFS_Fifo.c
D/LVVE_Engine(   90): LVVEFS_TRACE: 		LVVEFS_Rx_Create: pOutSave size is 1280 at 492 in ../SRC/LVVEFS_Create.c
D/LVVE_Engine(   90): LVVEFS_TRACE: LVVEFS_LVVE_Rx_Create: successfully called LVVE_Rx_GetMemoryTable at 524 in ../SRC/LVVEFS_Create.c
D/LVVE_Engine(   90): LVVEFS_TRACE: LVVEFS_LVVE_Rx_Create: successfully called LVVE_Rx_GetInstanceHandle at 545 in ../SRC/LVVEFS_Create.c
D/LVVE_Engine(   90): LVVEFS_TRACE: LVVEFS_LVVE_Rx_Create: successfully called LVVE_Rx_GetMemoryTable at 524 in ../SRC/LVVEFS_Create.c
D/LVVE_Engine(   90): LVVEFS_TRACE: LVVEFS_LVVE_Rx_Create: successfully called LVVE_Rx_GetInstanceHandle at 545 in ../SRC/LVVEFS_Create.c
D/LVVE_Engine(   90): LVVEFS_TRACE: FUNCTION: LVVEFS_LVVE_Tx_Create at 600 in ../SRC/LVVEFS_Create.c
D/LVVE_Engine(   90): LVVEFS_TRACE: FUNCTION: LVVEFS_LVVE_Tx_Create: LVVE Version is LVVE_3.18.03 at 608 in ../SRC/LVVEFS_Create.c
D/LVVE_Engine(   90): LVVEFS_TRACE: FUNCTION: LVVEFS_Fifo_Create: FIFO 2 Malloc alignment at 0x41aea008 at 93 in ../SRC/LVVEFS_Fifo.c
D/LVVE_Engine(   90): LVVEFS_TRACE: FUNCTION: LVVEFS_Fifo_Create: FIFO 0 Malloc alignment at 0x41bdd008 at 93 in ../SRC/LVVEFS_Fifo.c
D/LVVE_Engine(   90): LVVEFS_TRACE: FUNCTION: LVVEFS_Fifo_Create: FIFO 1 Malloc alignment at 0x41d3c008 at 93 in ../SRC/LVVEFS_Fifo.c
D/LVVE_Engine(   90): LVVEFS_TRACE: 		LVVEFS_Tx_Create: pOutSave size is 1280 at 689 in ../SRC/LVVEFS_Create.c
D/LVVE_Engine(   90): LVVEFS_TRACE: FUNCTION: LVVEFS_LVVE_Tx_Create: successfully called LVVE_Tx_GetMemoryTable at 721 in ../SRC/LVVEFS_Create.c
D/LVVE_Engine(   90): LVVEFS_TRACE: FUNCTION: LVVEFS_LVVE_Tx_Create: successfully called LVVE_Tx_GetInstanceHandle at 742 in ../SRC/LVVEFS_Create.c
D/LVVE_Engine(   90): LVVEFS_TRACE: FUNCTION: LVVEFS_LVVE_Tx_Create: successfully called LVVE_Tx_GetMemoryTable at 721 in ../SRC/LVVEFS_Create.c
D/LVVE_Engine(   90): LVVEFS_TRACE: FUNCTION: LVVEFS_LVVE_Tx_Create: successfully called LVVE_Tx_GetInstanceHandle at 742 in ../SRC/LVVEFS_Create.c
D/LVVE_Engine(   90): LVVEFS_TRACE: FUNCTION: LVVEFS_Fifo_Create: FIFO 4 Malloc alignment at 0x41a5ea28 at 93 in ../SRC/LVVEFS_Fifo.c
D/LVVE_Engine(   90): LVVEFS_TRACE: LVVEFS_Rx_Command, CmdCode=[3] at 82 in ../SRC/LVVEFS_Command.c
D/LVVE_Engine(   90): LVVEFS_TRACE: LVVEFS_Rx_Command: LVVEFS_COMMAND_SET_PARAM: Mute=[0], VoiceMode=[1] at 235 in ../SRC/LVVEFS_Command.c
D/LVVE_Engine(   90): LVVEFS_TRACE: LVVEFS_Tx_Command, CmdCode=[3] at 364 in ../SRC/LVVEFS_Command.c
D/LVVE_Engine(   90): LVVEFS_TRACE: LVVEFS_Tx_Command: LVVEFS_COMMAND_SET_PARAM: Mute=[0], VoiceMode=[1] at 523 in ../SRC/LVVEFS_Command.c
D/LVVE_Engine(   90): LVVEFS_TRACE: LVVEFS_Rx_Command, CmdCode=[5] at 82 in ../SRC/LVVEFS_Command.c
D/LVVE_Engine(   90): LVVEFS_TRACE: LVVEFS_Rx_Command: LVVEFS_COMMAND_SET_DEVICE: NewDevice=[1], OldDevice=[-1] at 308 in ../SRC/LVVEFS_Command.c
D/LVVE_Engine(   90): LVVEFS_TRACE: LVVEFS_Tx_Command, CmdCode=[5] at 364 in ../SRC/LVVEFS_Command.c
D/LVVE_Engine(   90): LVVEFS_TRACE: LVVEFS_Tx_Command: LVVEFS_COMMAND_SET_DEVICE: NewDevice=[1], OldDevice=[-1] at 597 in ../SRC/LVVEFS_Command.c
D/LVVE_Engine(   90): LVVEFS_TRACE: LVVEFS_Rx_Command, CmdCode=[6] at 82 in ../SRC/LVVEFS_Command.c
D/LVVE_Engine(   90): LVVEFS_TRACE: LVVEFS_Rx_Command: LVVEFS_COMMAND_SET_VOLUME: NewVolumeLevel=[16777216], OldVolumeLevel=[-1] at 326 in ../SRC/LVVEFS_Command.c
D/LVVE_Engine(   90): LVVEFS_TRACE: LVVEFS_Rx_ApplyReset: Reset of the instance at 204 in ../SRC/LVVEFS_Reset.c
D/LVVE_Engine(   90): LVVEFS_TRACE: LVVEFS_Rx_ApplyReset: InBuffer alignment 0x41a5811c at 219 in ../SRC/LVVEFS_Reset.c
D/LVVE_Engine(   90): LVVEFS_TRACE: LVVEFS_Rx_ApplyReset: OutBuffer alignment 0x41a59f1c at 220 in ../SRC/LVVEFS_Reset.c
D/LVVE_Engine(   90): LVVEFS_TRACE: LVVEFS_Tx_ApplyRefReset: Reset of the reference buffer at 166 in ../SRC/LVVEFS_Reset.c
D/LVVE_Engine(   90): LVVEFS_TRACE: LVVEFS_Tx_ApplyReset: Reset of the instance at 93 in ../SRC/LVVEFS_Reset.c
D/LVVE_Engine(   90): LVVEFS_TRACE: LVVEFS_Tx_ApplyReset: InBuffer0 alignment 0x41a83180 at 109 in ../SRC/LVVEFS_Reset.c
D/LVVE_Engine(   90): LVVEFS_TRACE: LVVEFS_Tx_ApplyReset: InBuffer1 alignment 0x41a84f80 at 110 in ../SRC/LVVEFS_Reset.c
D/LVVE_Engine(   90): LVVEFS_TRACE: LVVEFS_Tx_ApplyReset: OutBuffer alignment 0x41a86d80 at 111 in ../SRC/LVVEFS_Reset.c
D/LVVE_Engine(   90): LVVEFS_TRACE: LVVEFS_Tx_ApplyReset: RefBuffer alignment 0x41a88b80 at 112 in ../SRC/LVVEFS_Reset.c
D/LVVE_Engine(   90): LVVEFS_TRACE: LVVEFS_Rx_Command, CmdCode=[2] at 82 in ../SRC/LVVEFS_Command.c
D/LVVE_Engine(   90): LVVEFS_TRACE: LVVEFS_Rx_Command: LVVEFS_COMMAND_SET_CAPABILITIES: new=[65535], old=[65535] at 216 in ../SRC/LVVEFS_Command.c
D/LVVE_Engine(   90): LVVEFS_TRACE: LVVEFS_Tx_Command, CmdCode=[2] at 364 in ../SRC/LVVEFS_Command.c
D/LVVE_Engine(   90): LVVEFS_TRACE: LVVEFS_Tx_Command: LVVEFS_COMMAND_SET_CAPABILITIES: new=[65535], old=[65535] at 505 in ../SRC/LVVEFS_Command.c
D/LVVE_Engine(   90): LVVEFS_TRACE: LVVEFS_Tx_Command, CmdCode=[3] at 364 in ../SRC/LVVEFS_Command.c
D/LVVE_Engine(   90): LVVEFS_TRACE: LVVEFS_Tx_Command: LVVEFS_COMMAND_SET_PARAM: Mute=[0], VoiceMode=[1] at 523 in ../SRC/LVVEFS_Command.c
D/LVVE_Engine(   90): LVVEFS_TRACE: LVVEFS_Rx_Command, CmdCode=[6] at 82 in ../SRC/LVVEFS_Command.c
D/LVVE_Engine(   90): LVVEFS_TRACE: LVVEFS_Rx_Command: LVVEFS_COMMAND_SET_VOLUME: NewVolumeLevel=[0], OldVolumeLevel=[-1] at 326 in ../SRC/LVVEFS_Command.c
D/LVVE_Engine(   90): LVVEFS_TRACE: LVVEFS_Rx_Command, CmdCode=[3] at 82 in ../SRC/LVVEFS_Command.c
D/LVVE_Engine(   90): LVVEFS_TRACE: LVVEFS_Rx_Command: LVVEFS_COMMAND_SET_PARAM: Mute=[0], VoiceMode=[1] at 235 in ../SRC/LVVEFS_Command.c
D/LVVE_Engine(   90): LVVE_Engine::setDebugMode(): debugMode=[1]
D/LVVE_Engine(   90): LVVE_Engine::setMode(): mode=[0]
W/audio_hw_primary(   90): adev_init_check
I/AudioFlinger(   90): loadHwModule() Loaded primary audio interface from Spreadtrum Audio HW HAL (audio) handle 1
V/AudioFlinger(   90): openOutput(), module 1 Device 2, SamplingRate 44100, Format 1, Channels 3, flags 2
I/audio_hw_primary(   90): adev_open_output_stream, devices=2
W/audio_hw_primary(   90): s_vbpipe_fd(19) open successfully.
W/audio_hw_primary(   90): looping now...
I/audio_hw_primary(   90): stream_routing_thread looping now...
E/DataRouter(   99): conntected socket:13
E/DataRouter(   99): Add monitoring socket[index3 socket:13]
I/wrap_soundbooster(   90): [wrap_soundbooster] CreateSoundBooster entered
I/wrap_soundbooster(   90): [wrap_soundbooster] SoundBoosterInit entered
D/SoundBooster(   90): SoundBoosterInit(): sampleRate=44100
D/libEGL  (  298): loaded /system/lib/egl/libEGL_mali.so
D/libEGL  (  298): loaded /system/lib/egl/libGLESv1_CM_mali.so
D/libEGL  (  298): loaded /system/lib/egl/libGLESv2_mali.so
D/LVVE_Engine(   90): LVVEFS_TRACE: LVVEFS_Rx_Command, CmdCode=[1] at 82 in ../SRC/LVVEFS_Command.c
D/LVVE_Engine(   90): LVVEFS_TRACE: LVVEFS_Rx_Command: LVVEFS_COMMAND_RESET at 204 in ../SRC/LVVEFS_Command.c
D/LVVE_Engine(   90): LVVEFS_Rx_Command LVVEFS_COMMAND_RESET returns success
I/audio_hw_primary(   90): Successful, adev_open_output_stream
V/AudioFlinger(   90): openOutput() openOutputStream returned output 0x41948f20, SamplingRate 44100, Format 1, Channels 3, status 0
I/audio_hw_primary(   90): out_get_buffer_size: size=960, frame_size=4, return 3840
I/AudioFlinger(   90): HAL output buffer size 960 frames, normal mix buffer size 960 frames
V/AudioFlinger(   90): MixerThread() id=2 device=2 type=0
V/AudioFlinger(   90): mSampleRate=44100, mChannelMask=3, mChannelCount=2, mFormat=1, mFrameSize=4, mFrameCount=960, mNormalFrameCount=960
E/Trace   (  298): error opening trace file: No such file or directory (2)
I/[Gralloc](   87): PERFORM_CREATE hnd=0x41408fb0,fd=28,offset=0x0,size=1536000,base=0x42438000,phys_addr=0xf97b000
I/gralloc.sc8810(   87): ================allocat  ion memory for rgba xres*yres = 480*800 fd = 28:1
I/gralloc.sc8810(  298): ION_IOC_IMPORT success cd1286e0,phy addr = f97b000
I/AudioMixer(   90): found effect "Multichannel Downmix To Stereo" from The Android Open Source Project
I/audio_hw_primary(   90): out_get_buffer_size: size=960, frame_size=4, return 3840
W/AudioFlinger(   90): Scheduling Policy Service is not published, FastMixer init will be skipped
V/AudioFlinger(   90): openOutput() created mixer output: ID 2 thread 0x419c9008
V/AudioFlinger(   90): PlaybackThread::audioConfigChanged_l, thread 0x419c9008, event 0, param 0
I/AudioFlinger(   90): Using module 1 has the primary audio interface
I/audio_hw_primary(   90): adev_set_mode, mode=0
I/audio_hw_primary(   90): adev_set_mode,the same mode(0)
W/audio_hw_primary(   90): adev_set_master_volume in...devices:0x2 ,volume:1.000000 
W/audio_hw_primary(   90): GetAudio_pga_nv, dac_pga_gain_l:0xa0 adc_pga_gain_l:0x9510 fm_pga_gain_l:0xff fm_pga_gain_r:0xff device:0x2 vol_level:0x1 
D/audio_pga(   90): 'speaker-l' apply
I/audio_pga(   90): 'Master Playback Volume' set to 15
I/AudioFlinger(   90): AudioFlinger's thread 0x419c9008 ready to run
W/AudioFlinger(   90): Thread AudioOut_2 cannot connect to the power manager service
V/AudioFlinger(   90): Audio hardware entering standby, mixer 0x419c9008, suspend count 0
V/AudioFlinger(   90): thread 0x419c9008 type 0 TID 380 going to sleep
I/audio_pga(   90): 'Inter PA Playback Volume' set to 10
I/audio_pga(   90): 'VBC DACL DG Set' set to 0
I/audio_pga(   90): 'VBC DACL DG Switch' set to 0
D/MDnsDS  (   85): MDnsSdListener::Hander starting up
D/MDnsDS  (   85): MDnsSdListener starting to monitor
D/MDnsDS  (   85): Going to poll with pollCount 1
I/[Gralloc](   87): PERFORM_CREATE hnd=0x41409a18,fd=29,offset=0x0,size=1536000,base=0x4291c000,phys_addr=0xfaf2000
I/gralloc.sc8810(   87): ================allocat  ion memory for rgba xres*yres = 480*800 fd = 29:2
D/audio_pga(   90): 'speaker-r' apply
I/audio_pga(   90): 'Master Playback Volume' set to 15
I/gralloc.sc8810(  298): ION_IOC_IMPORT success cd11bba0,phy addr = faf2000
I/audio_pga(   90): 'Inter PA Playback Volume' set to 10
I/audio_pga(   90): 'VBC DACR DG Set' set to 0
I/audio_pga(   90): 'VBC DACR DG Switch' set to 0
W/audio_hw_primary(   90): SetAudio_gain_by_devices out, devices:0x2 
V/AudioPolicyManagerBase(   90): setOutputDevice() output 2 device 0002 force 1 delayMs 0 
V/AudioPolicyManagerBase(   90): setOutputDevice() prevDevice 0002
V/AudioPolicyManagerBase(   90): setOutputDevice() changing device(0x2)
V/AudioFlinger(   90): setParameters(): io 2, keyvalue routing=2, tid 261, calling pid 90
V/AudioFlinger(   90): ThreadBase::setParameters() routing=2
V/AudioFlinger(   90): thread 0x419c9008 type 0 TID 380 waking up
W/AudioFlinger(   90): Thread AudioOut_2 cannot connect to the power manager service
I/audio_hw_primary(   90): out_set_parameters, kvpairs=routing=2 devices:0x2 mode:0 
W/audio_hw_primary(   90): [out_set_parameters],after str_parms_get_str,val(0x2) 
W/audio_hw_primary(   90): [out_set_parameters out]devices(0x2) with mIsRouteActive(0) ...
W/audio_hw_primary(   90): the same devices(0x2) with val(0x2) val is zero...
W/audio_hw_primary(   90): out_set_parameters out...call_start:0
I/audio_hw_primary(   90): adev_set_voice_volume in...volume:0.000000 mode:0 call_start:0 
E/AudioPolicyManagerBase(   90): stream type [13], return media stratege
E/AudioPolicyManagerBase(   90): stream type [14], return media stratege
E/AudioPolicyManagerBase(   90): stream type [15], return media stratege
E/AudioPolicyManagerBase(   90): stream type [13], return media stratege
E/AudioPolicyManagerBase(   90): stream type [14], return media stratege
E/AudioPolicyManagerBase(   90): stream type [15], return media stratege
E/AudioPolicyManagerBase(   90): stream type [13], return media stratege
E/AudioPolicyManagerBase(   90): stream type [14], return media stratege
E/AudioPolicyManagerBase(   90): stream type [15], return media stratege
E/AudioPolicyManagerBase(   90): stream type [13], return media stratege
E/AudioPolicyManagerBase(   90): stream type [14], return media stratege
E/AudioPolicyManagerBase(   90): stream type [15], return media stratege
E/AudioPolicyManagerBase(   90): stream type [13], return media stratege
E/AudioPolicyManagerBase(   90): stream type [14], return media stratege
E/AudioPolicyManagerBase(   90): stream type [15], return media stratege
E/AudioPolicyManagerBase(   90): stream type [13], return media stratege
E/AudioPolicyManagerBase(   90): stream type [14], return media stratege
E/AudioPolicyManagerBase(   90): stream type [15], return media stratege
V/AudioPolicyManagerBase(   90): getNewDevice() selected device 0
V/AudioPolicyManagerBase(   90): checkAndSetVolume() cannot set stream 6 volume with force use = 0 for comm
I/[Gralloc](   87): PERFORM_CREATE hnd=0x40e32dd8,fd=30,offset=0x0,size=1536000,base=0x42ca2000,phys_addr=0xfc69000
I/gralloc.sc8810(   87): ================allocat  ion memory for rgba xres*yres = 480*800 fd = 30:3
I/gralloc.sc8810(  298): ION_IOC_IMPORT success cd11b920,phy addr = fc69000
I/[Gralloc](   87): PERFORM_CREATE hnd=0x40d4edc0,fd=31,offset=0x0,size=1536000,base=0x4307f000,phys_addr=0xfde0000
I/gralloc.sc8810(   87): ================allocat  ion memory for rgba xres*yres = 480*800 fd = 31:4
I/gralloc.sc8810(  298): ION_IOC_IMPORT success cd11b660,phy addr = fde0000
I/AudioFlinger(   90): loadHwModule() Loaded a2dp audio interface from A2DP Audio HW HAL (audio) handle 3
E/AudioFlinger(   90): int android::load_audio_interface(char const*, audio_hw_device_t**) couldn't load audio hw module audio.usb (No such file or directory)
I/AudioFlinger(   90): loadHwModule() error -2 loading module usb 
W/AudioPolicyManagerBase(   90): could not open HW module usb
E/Audio_Control_CSC(   90): /system/csc/customer.xml ==> cannot open file
E/Audio_Control_CSC(   90): /system/csc/customer.xml ==> cannot open file
E/Audio_Control_CSC(   90): /system/csc/sales_code.dat ==> cannot open file
D/Audio_Control_CSC(   90): checkCSCAndSetSysProperty()_mCount = 6, mValue_salescode = 
D/Audio_Control_CSC(   90): getCameraShutterOn()_mbIsShutterOn = 0
V/AudioPolicyManagerBase(   90): setSystemProperty() property ro.camera.sound.forced, value 0
V/AudioPolicyManagerBase(   90): ENFORCED_AUDIBLE can be muted
I/AudioPolicyService(   90): Loaded audio policy from Samsung SPRD audio policy HAL (audio_policy)
V/SamsungPowerSound(  300): -------- SamsungPowerSoundPlayer Constuctor ---------
V/SamsungPowerSound(  300): powerSoundPlay [1]
V/AudioPolicyManagerBase(   90): initStreamVolume() stream 1, min 0, max 7
V/SamsungPowerSound(  300): power sound system volume index [4]
V/AudioFlinger(   90): registerClient() client 0x41a7bb00, pid 300
V/AudioFlinger(   90): sendConfigEvent() num events 1 event 0, param 0
V/AudioFlinger(   90): acquiring 4 from 300
V/AudioFlinger(   90):  added new entry for 4
V/SamsungPowerSound(  300): -------- SamsungPowerSoundObserver Constuctor ---------
V/SamsungPowerSound(  300): -------- SamsungPowerSoundPlayerListener Constuctor ---------
V/SamsungPowerSound(  300): File path : system/media/audio/ui/PowerOn.ogg
V/MediaPlayerService(   90): Client(1) constructor
V/MediaPlayerService(   90): Create new client(1) from pid 300, uid 1013, 
V/MediaPlayerService(   90): player type = 3
V/MediaPlayerService(   90):  create StagefrightPlayer
V/AwesomePlayer(   90): setDefault
V/SamsungPowerSound(  300): Enter SamsungPowerSoundObserver Thread
V/AudioFlinger(   90): processConfigEvents() remaining events 1
V/AudioFlinger(   90): PlaybackThread::audioConfigChanged_l, thread 0x419c9008, event 0, param 0
V/AwesomePlayer(   90): setDefault
I/AwesomePlayer(   90): reset
I/AwesomePlayer(   90): cancel player events
V/AwesomePlayer(   90): cancelPlayerEvents (keepNotifications=0)
V/AwesomePlayer(   90): mAudioTrackVector clear
V/StagefrightPlayer(   90): StagefrightPlayer
V/AwesomePlayer(   90): setListener
V/StagefrightPlayer(   90): initCheck
V/AwesomePlayer(   90): AwesomePlayer running on behalf of uid 1013
V/AudioSink(   90): AudioOutput(4)
I/AwesomePlayer(   90): cancel player events
V/AwesomePlayer(   90): cancelPlayerEvents (keepNotifications=0)
V/AwesomePlayer(   90): mAudioTrackVector clear
I/AwesomePlayer(   90): setDataSource_l(URL suppressed)
V/MediaPlayerService(   90):  setDataSource
V/MediaPlayerService(   90): [1] setAudioStreamType(1)
V/MediaPlayerService(   90): [1] prepareAsync
E/Trace   (   90): error opening trace file: No such file or directory (2)
V/AwesomePlayer(   90): prepareAsync
V/AwesomePlayer(   90): onPrepareAsyncEvent
E/        (   90): Failed to open file 'system/media/audio/ui/PowerOn.ogg'. (No such file or directory)
E/AwesomePlayer(   90): cannot create dataSource
W/AwesomePlayer(   90): onPrepareAsyncEvent() finishSetDataSource_l error(-2147483648)
W/AwesomePlayer(   90): abortPrepare() mIsAsyncPrepare (1), err (-2147483648)
V/AwesomePlayer(   90): notifyListner_l() msg (100-MEDIA_ERROR), ext1 (1), ext2 (-2147483648)
V/MediaPlayerService(   90): [1] notify (0x4199e450, 100, 1, -2147483648)
E/MediaPlayer(  300): error (1, -2147483648)
V/AudioPolicyManagerBase(   90): getParamFromPolicy  deviceInt = 1, situationInt = 8, situationVolume = 0.500000
V/SamsungPowerSound(  300): getSettingVolume [0.500000]
V/MediaPlayerService(   90): [1] setVolume(0.500000, 0.500000)
V/AudioSink(   90): setVolume(0.500000, 0.500000)
E/MediaPlayer(  300): Attempt to call getDuration without a valid mediaplayer
V/SamsungPowerSound(  300): File duration : 0
E/MediaPlayer(  300): start called in state 0
E/slog    (  427): main: Slog begin to work. [22]
D/dalvikvm(   88): DexOpt: --- BEGIN 'framework.jar' (bootstrap=1) ---
V/SamsungPowerSound(  300): -------- SamsungPowerSoundPlayer Destructor ---------
D/SPRDENG (  130): eng_mcinit: open /dev/CHNPTY13 OK
E/SMD     (  101): After the Modem Read select 
E/SMD     (  101): Read 82 chars from SMD Modem file fd = 7
E/SMD     (  101):  Message: 
E/SMD     (  101): +SIND: 0
E/SMD     (  101): 
E/SMD     (  101): +SIND: 10,"SM",0,"FD",0,"LD",0,"MC",0,"RC",0,"ME",0
E/SMD     (  101): 
E/SMD     (  101): +ECIND: 3,1
E/SMD     (  101): 
E/SMD     (  101): Before the Modem Read select 
E/DataRouter(   99): [socket:13]******* Received data notification *******
E/DataRouter(   99): [socket:13]read socket data[len:82]
E/DataRouter(   99): [socket:13]read socket data[message:
E/DataRouter(   99): +SIND: 0
E/DataRouter(   99): 
E/DataRouter(   99): +SIND: 10,"SM",0,"FD",0,"LD",0,"MC",0,"RC",0,"ME",0
E/DataRouter(   99): 
E/DataRouter(   99): +ECIND: 3,1
E/DataRouter(   99): 
E/dalvikvm(  443): Out-of-order entry types: 0x12bb then 0x12bb
E/dalvikvm(  443): Trouble with item 4441 @ offset 0x160370
E/dalvikvm(  443): Cross-item verify of section type 1003 failed
E/dalvikvm(  443): ERROR: Byte swap + verify failed
E/DataRouter(   99): After the usb select 
E/DataRouter(   99): read usb data[len:1]
E/DataRouter(   99): read usb data message:A
E/DataRouter(   99): Before the usb select 
D/Kies    (  100): [DR->KIES]Received data notification
D/Kies    (  100): NOT DEFINE
D/Kies    (  100): Message:A
D/connfw  (  103): [DR->CONNFW]Received data notification
D/connfw  (  103): NOT DEFINE
D/connfw  (  103): Message:A
E/DTT     (  102): [DR->DTT]Received data notification
E/DTT     (  102): NOT DEFINE
E/DTT     (  102): Message:A
E/SMD     (  101): ***Received data notification[DR->SMD]***
E/SMD     (  101): Message:A
E/SMD     (  101): Sending data to SMD: Len = [1]
E/SMD     (  101):  buffer = [A]
E/SMD     (  101): Wrote 1 chars to SMD PORT fd=7 ch = 41
E/DataRouter(   99): [socket:10]******* Received data notification *******
E/DataRouter(   99): [socket:11]******* Received data notification *******
E/DataRouter(   99): [socket:12]******* Received data notification *******
E/SMD     (  101): After the Modem Read select 
E/SMD     (  101): Read 1 chars from SMD Modem file fd = 7
E/SMD     (  101):  Message: A
E/SMD     (  101): +SIND: 0
E/SMD     (  101): 
E/SMD     (  101): +SIND: 10,"SM",0,"FD",0,"LD",0,"MC",0,"RC",0,"ME",0
E/SMD     (  101): 
E/SMD     (  101): +ECIND: 3,1
E/SMD     (  101): 
E/SMD     (  101): Before the Modem Read select 
E/DataRouter(   99): After the usb select 
E/DataRouter(   99): read usb data[len:1]
E/DataRouter(   99): read usb data message:T
E/DataRouter(   99): Before the usb select 
D/Kies    (  100): [DR->KIES]Received data notification
D/Kies    (  100): NOT DEFINE
D/Kies    (  100): Message:T
D/connfw  (  103): [DR->CONNFW]Received data notification
D/connfw  (  103): NOT DEFINE
D/connfw  (  103): Message:T
E/DTT     (  102): [DR->DTT]Received data notification
E/DTT     (  102): NOT DEFINE
E/DTT     (  102): Message:T
E/SMD     (  101): ***Received data notification[DR->SMD]***
E/SMD     (  101): Message:T
E/SMD     (  101): Sending data to SMD: Len = [1]
E/SMD     (  101):  buffer = [T]
E/SMD     (  101): Wrote 1 chars to SMD PORT fd=7 ch = 54
E/DataRouter(   99): [socket:10]******* Received data notification *******
E/DataRouter(   99): [socket:11]******* Received data notification *******
E/DataRouter(   99): [socket:12]******* Received data notification *******
E/SMD     (  101): After the Modem Read select 
E/SMD     (  101): Read 1 chars from SMD Modem file fd = 7
E/SMD     (  101):  Message: T
E/SMD     (  101): +SIND: 0
E/SMD     (  101): 
E/SMD     (  101): +SIND: 10,"SM",0,"FD",0,"LD",0,"MC",0,"RC",0,"ME",0
E/SMD     (  101): 
E/SMD     (  101): +ECIND: 3,1
E/SMD     (  101): 
E/SMD     (  101): Before the Modem Read select 
E/DataRouter(   99): After the usb select 
E/DataRouter(   99): read usb data[len:1]
E/DataRouter(   99): read usb data message:E
E/DataRouter(   99): Before the usb select 
D/Kies    (  100): [DR->KIES]Received data notification
D/Kies    (  100): NOT DEFINE
D/Kies    (  100): Message:E
D/connfw  (  103): [DR->CONNFW]Received data notification
D/connfw  (  103): NOT DEFINE
D/connfw  (  103): Message:E
E/DTT     (  102): [DR->DTT]Received data notification
E/DTT     (  102): NOT DEFINE
E/DTT     (  102): Message:E
E/SMD     (  101): ***Received data notification[DR->SMD]***
E/SMD     (  101): Message:E
E/SMD     (  101): Sending data to SMD: Len = [1]
E/SMD     (  101):  buffer = [E]
E/SMD     (  101): Wrote 1 chars to SMD PORT fd=7 ch = 45
E/DataRouter(   99): [socket:10]******* Received data notification *******
E/DataRouter(   99): [socket:11]******* Received data notification *******
E/DataRouter(   99): [socket:12]******* Received data notification *******
E/SMD     (  101): After the Modem Read select 
E/SMD     (  101): Read 1 chars from SMD Modem file fd = 7
E/SMD     (  101):  Message: E
E/SMD     (  101): +SIND: 0
E/SMD     (  101): 
E/SMD     (  101): +SIND: 10,"SM",0,"FD",0,"LD",0,"MC",0,"RC",0,"ME",0
E/SMD     (  101): 
E/SMD     (  101): +ECIND: 3,1
E/SMD     (  101): 
E/SMD     (  101): Before the Modem Read select 
E/DataRouter(   99): After the usb select 
E/DataRouter(   99): read usb data[len:1]
E/DataRouter(   99): read usb data message:1
E/DataRouter(   99): Before the usb select 
D/Kies    (  100): [DR->KIES]Received data notification
D/Kies    (  100): NOT DEFINE
D/Kies    (  100): Message:1
D/connfw  (  103): [DR->CONNFW]Received data notification
D/connfw  (  103): NOT DEFINE
D/connfw  (  103): Message:1
E/DTT     (  102): [DR->DTT]Received data notification
E/DTT     (  102): NOT DEFINE
E/DTT     (  102): Message:1
E/SMD     (  101): ***Received data notification[DR->SMD]***
E/SMD     (  101): Message:1
E/SMD     (  101): Sending data to SMD: Len = [1]
E/SMD     (  101):  buffer = [1]
E/SMD     (  101): Wrote 1 chars to SMD PORT fd=7 ch = 31
E/DataRouter(   99): [socket:10]******* Received data notification *******
E/DataRouter(   99): [socket:11]******* Received data notification *******
E/DataRouter(   99): [socket:12]******* Received data notification *******
E/SMD     (  101): After the Modem Read select 
E/SMD     (  101): Read 1 chars from SMD Modem file fd = 7
E/SMD     (  101):  Message: 1
E/SMD     (  101): +SIND: 0
E/SMD     (  101): 
E/SMD     (  101): +SIND: 10,"SM",0,"FD",0,"LD",0,"MC",0,"RC",0,"ME",0
E/SMD     (  101): 
E/SMD     (  101): +ECIND: 3,1
E/SMD     (  101): 
E/SMD     (  101): Before the Modem Read select 
E/DataRouter(   99): After the usb select 
E/DataRouter(   99): read usb data[len:1]
E/DataRouter(   99): read usb data message: 
E/DataRouter(   99): Before the usb select 
D/Kies    (  100): [DR->KIES]Received data notification
D/Kies    (  100): NOT DEFINE
D/Kies    (  100): Message: 
D/connfw  (  103): [DR->CONNFW]Received data notification
D/connfw  (  103): NOT DEFINE
D/connfw  (  103): Message: 
E/DTT     (  102): [DR->DTT]Received data notification
E/DTT     (  102): NOT DEFINE
E/DTT     (  102): Message: 
E/SMD     (  101): ***Received data notification[DR->SMD]***
E/SMD     (  101): Message: 
E/SMD     (  101): Sending data to SMD: Len = [1]
E/SMD     (  101):  buffer = [ ]
E/SMD     (  101): Wrote 1 chars to SMD PORT fd=7 ch = 20
E/DataRouter(   99): [socket:10]******* Received data notification *******
E/DataRouter(   99): [socket:11]******* Received data notification *******
E/DataRouter(   99): [socket:12]******* Received data notification *******
E/SMD     (  101): After the Modem Read select 
E/SMD     (  101): Read 1 chars from SMD Modem file fd = 7
E/SMD     (  101):  Message:  
E/SMD     (  101): +SIND: 0
E/SMD     (  101): 
E/SMD     (  101): +SIND: 10,"SM",0,"FD",0,"LD",0,"MC",0,"RC",0,"ME",0
E/SMD     (  101): 
E/SMD     (  101): +ECIND: 3,1
E/SMD     (  101): 
E/SMD     (  101): Before the Modem Read select 
E/DataRouter(   99): After the usb select 
E/DataRouter(   99): read usb data[len:1]
E/DataRouter(   99): read usb data message:E
E/DataRouter(   99): Before the usb select 
D/Kies    (  100): [DR->KIES]Received data notification
D/Kies    (  100): NOT DEFINE
D/Kies    (  100): Message:E
D/connfw  (  103): [DR->CONNFW]Received data notification
D/connfw  (  103): NOT DEFINE
D/connfw  (  103): Message:E
E/DTT     (  102): [DR->DTT]Received data notification
E/DTT     (  102): NOT DEFINE
E/DTT     (  102): Message:E
E/SMD     (  101): ***Received data notification[DR->SMD]***
E/SMD     (  101): Message:E
E/SMD     (  101): Sending data to SMD: Len = [1]
E/SMD     (  101):  buffer = [E]
E/SMD     (  101): Wrote 1 chars to SMD PORT fd=7 ch = 45
E/DataRouter(   99): [socket:10]******* Received data notification *******
E/DataRouter(   99): [socket:11]******* Received data notification *******
E/DataRouter(   99): [socket:12]******* Received data notification *******
E/SMD     (  101): After the Modem Read select 
E/SMD     (  101): Read 1 chars from SMD Modem file fd = 7
E/SMD     (  101):  Message: E
E/SMD     (  101): +SIND: 0
E/SMD     (  101): 
E/SMD     (  101): +SIND: 10,"SM",0,"FD",0,"LD",0,"MC",0,"RC",0,"ME",0
E/SMD     (  101): 
E/SMD     (  101): +ECIND: 3,1
E/SMD     (  101): 
E/SMD     (  101): Before the Modem Read select 
E/DataRouter(   99): After the usb select 
E/DataRouter(   99): read usb data[len:1]
E/DataRouter(   99): read usb data message:0
E/DataRouter(   99): Before the usb select 
D/Kies    (  100): [DR->KIES]Received data notification
D/Kies    (  100): NOT DEFINE
D/Kies    (  100): Message:0
D/connfw  (  103): [DR->CONNFW]Received data notification
D/connfw  (  103): NOT DEFINE
D/connfw  (  103): Message:0
E/DTT     (  102): [DR->DTT]Received data notification
E/DTT     (  102): NOT DEFINE
E/DTT     (  102): Message:0
E/SMD     (  101): ***Received data notification[DR->SMD]***
E/SMD     (  101): Message:0
E/SMD     (  101): Sending data to SMD: Len = [1]
E/SMD     (  101):  buffer = [0]
E/SMD     (  101): Wrote 1 chars to SMD PORT fd=7 ch = 30
E/DataRouter(   99): [socket:10]******* Received data notification *******
E/DataRouter(   99): [socket:11]******* Received data notification *******
E/DataRouter(   99): [socket:12]******* Received data notification *******
E/SMD     (  101): After the Modem Read select 
E/SMD     (  101): Read 1 chars from SMD Modem file fd = 7
E/SMD     (  101):  Message: 0
E/SMD     (  101): +SIND: 0
E/SMD     (  101): 
E/SMD     (  101): +SIND: 10,"SM",0,"FD",0,"LD",0,"MC",0,"RC",0,"ME",0
E/SMD     (  101): 
E/SMD     (  101): +ECIND: 3,1
E/SMD     (  101): 
E/SMD     (  101): Before the Modem Read select 
E/DataRouter(   99): After the usb select 
E/DataRouter(   99): read usb data[len:1]
E/DataRouter(   99): read usb data message:
E/DataRouter(   99): Before the usb select 
D/Kies    (  100): [DR->KIES]Received data notification
D/Kies    (  100): NOT DEFINE
D/Kies    (  100): Message:
D/connfw  (  103): [DR->CONNFW]Received data notification
D/connfw  (  103): NOT DEFINE
D/connfw  (  103): Message:
E/DTT     (  102): [DR->DTT]Received data notification
E/DTT     (  102): NOT DEFINE
E/DTT     (  102): Message:
E/SMD     (  101): ***Received data notification[DR->SMD]***
E/SMD     (  101): Message:
E/SMD     (  101): Sending data to SMD: Len = [1]
E/SMD     (  101):  buffer = []
E/SMD     (  101): Wrote 1 chars to SMD PORT fd=7 ch = d
E/DataRouter(   99): [socket:10]******* Received data notification *******
E/DataRouter(   99): [socket:11]******* Received data notification *******
E/DataRouter(   99): [socket:12]******* Received data notification *******
E/SMD     (  101): After the Modem Read select 
E/SMD     (  101): Read 1 chars from SMD Modem file fd = 7
E/SMD     (  101):  Message: 
E/SMD     (  101): +SIND: 0
E/SMD     (  101): 
E/SMD     (  101): +SIND: 10,"SM",0,"FD",0,"LD",0,"MC",0,"RC",0,"ME",0
E/SMD     (  101): 
E/SMD     (  101): +ECIND: 3,1
E/SMD     (  101): 
E/SMD     (  101): Before the Modem Read select 
D/SPRDENG (  130): eng_servermodem_comm: use SIM1 /dev/CHNPTY13
D/SPRDENG (  130): AT > ATE1 E0
D/SPRDENG (  130): 41
D/SPRDENG (  130): 54
D/SPRDENG (  130): 45
D/SPRDENG (  130): 31
D/SPRDENG (  130): 20
D/SPRDENG (  130): 45
D/SPRDENG (  130): 30
D/SPRDENG (  130): d
D/SPRDENG (  130): eng_modem2server: use SIM1 /dev/CHNPTY13
D/SPRDENG (  130): AT < ATE1 E0
D/SPRDENG (  130): OK
D/SPRDENG (  130): 
E/SMD     (  101): After the Modem Read select 
E/SMD     (  101): Read 14 chars from SMD Modem file fd = 7
E/SMD     (  101):  Message: ATE1 E0
E/SMD     (  101): OK
E/SMD     (  101): +SIND: 10,"SM",0,"FD",0,"LD",0,"MC",0,"RC",0,"ME",0
E/SMD     (  101): 
E/SMD     (  101): +ECIND: 3,1
E/SMD     (  101): 
E/SMD     (  101): Before the Modem Read select 
E/dalvikvm(  443): Optimization failed
W/dalvikvm(   88): DexOpt: --- END 'framework.jar' --- status=0xff00, process failed
E/dalvikvm(   88): Unable to extract+optimize DEX from '/system/framework/framework.jar'
D/dalvikvm(   88): Unable to process classpath element '/system/framework/framework.jar'
V/AudioFlinger(   90): thread 0x419c9008 type 0 TID 380 going to sleep
D/dalvikvm(   88): Trying to load lib libjavacore.so 0x0
D/dalvikvm(   88): Added shared lib libjavacore.so 0x0
D/dalvikvm(   88): Trying to load lib libnativehelper.so 0x0
D/dalvikvm(   88): Added shared lib libnativehelper.so 0x0
E/JNIHelp (   88): Native registration unable to find class 'android/debug/JNITest', aborting
F/libc    (   88): Fatal signal 11 (SIGSEGV) at 0xdeadbaad (code=1), thread 88 (zygote)
E/DataRouter(   99): write [82] bytes of data to USB fd[9]
E/DataRouter(   99): [socket:13]dr_usb_write
E/DataRouter(   99): [socket:13]******* Received data notification *******
E/DataRouter(   99): [socket:13]read socket data[len:22]
E/DataRouter(   99): [socket:13]read socket data[message:ATE1 E0ATE1 E0
E/DataRouter(   99): OK
E/DataRouter(   99): 
E/DataRouter(   99): write [22] bytes of data to USB fd[9]
E/DataRouter(   99): [socket:13]dr_usb_write
E/DataRouter(   99): After the usb select 
E/DataRouter(   99): read usb data[len:1]
E/DataRouter(   99): read usb data message:A
E/DataRouter(   99): Before the usb select 
E/SMD     (  101): ***Received data notification[DR->SMD]***
E/SMD     (  101): Message:A
E/SMD     (  101): Sending data to SMD: Len = [1]
E/SMD     (  101):  buffer = [A]
E/SMD     (  101): Wrote 1 chars to SMD PORT fd=7 ch = 41
E/SMD     (  101): After the Modem Read select 
E/SMD     (  101): Read 1 chars from SMD Modem file fd = 7
E/SMD     (  101):  Message: ATE1 E0
E/SMD     (  101): OK
E/SMD     (  101): +SIND: 10,"SM",0,"FD",0,"LD",0,"MC",0,"RC",0,"ME",0
E/SMD     (  101): 
E/SMD     (  101): +ECIND: 3,1
E/SMD     (  101): 
E/SMD     (  101): Before the Modem Read select 
E/DataRouter(   99): [socket:13]******* Received data notification *******
E/DataRouter(   99): [socket:13]read socket data[len:1]
E/DataRouter(   99): [socket:13]read socket data[message:A
E/DataRouter(   99): write [1] bytes of data to USB fd[9]
E/DataRouter(   99): [socket:13]dr_usb_write
I/DEBUG   (   86): *** *** *** *** *** *** *** *** *** *** *** *** *** *** *** ***
I/DEBUG   (   86): Build fingerprint: 'samsung/nevis3gzm/nevis3gcmcc:4.1.2/JZO54K/S6818ZMAMF8:user/release-keys'
I/DEBUG   (   86): pid: 88, tid: 88, name: zygote  >>> zygote <<<
I/DEBUG   (   86): signal 11 (SIGSEGV), code 1 (SEGV_MAPERR), fault addr deadbaad
E/DataRouter(   99): After the usb select 
E/DataRouter(   99): read usb data[len:1]
E/DataRouter(   99): read usb data message:T
E/DataRouter(   99): Before the usb select 
E/SMD     (  101): ***Received data notification[DR->SMD]***
E/SMD     (  101): Message:T
E/SMD     (  101): Sending data to SMD: Len = [1]
E/SMD     (  101):  buffer = [T]
E/SMD     (  101): Wrote 1 chars to SMD PORT fd=7 ch = 54
E/SMD     (  101): After the Modem Read select 
E/SMD     (  101): Read 1 chars from SMD Modem file fd = 7
E/SMD     (  101):  Message: TTE1 E0
E/SMD     (  101): OK
E/SMD     (  101): +SIND: 10,"SM",0,"FD",0,"LD",0,"MC",0,"RC",0,"ME",0
E/SMD     (  101): 
E/SMD     (  101): +ECIND: 3,1
E/SMD     (  101): 
E/SMD     (  101): Before the Modem Read select 
E/DataRouter(   99): [socket:13]******* Received data notification *******
E/DataRouter(   99): [socket:13]read socket data[len:1]
E/DataRouter(   99): [socket:13]read socket data[message:T
E/DataRouter(   99): write [1] bytes of data to USB fd[9]
E/DataRouter(   99): [socket:13]dr_usb_write
I/DEBUG   (   86):     r0 00000027  r1 deadbaad  r2 400b4b0c  r3 00000000
I/DEBUG   (   86):     r4 00000000  r5 beaaa9ec  r6 4023ae68  r7 00000002
I/DEBUG   (   86):     r8 40243810  r9 400fcfc1  sl 400fcf94  fp 400fcfca
I/DEBUG   (   86):     ip 40116fe0  sp beaaa9e8  lr 40086c19  pc 400832b6  cpsr 60800030
I/DEBUG   (   86):     d0  0000000000000004  d1  0000000000000000
I/DEBUG   (   86):     d2  0000000000000000  d3  0000000000000000
I/DEBUG   (   86):     d4  0000000000000000  d5  0000000000000000
I/DEBUG   (   86):     d6  0000000000000000  d7  0123f79400000000
I/DEBUG   (   86):     d8  0000000000000000  d9  0000000000000000
I/DEBUG   (   86):     d10 0000000000000000  d11 0000000000000000
I/DEBUG   (   86):     d12 0000000000000000  d13 0000000000000000
I/DEBUG   (   86):     d14 0000000000000000  d15 0000000000000000
I/DEBUG   (   86):     d16 0000000000000017  d17 0000000000000000
I/DEBUG   (   86):     d18 0000000000000000  d19 0000000000000000
I/DEBUG   (   86):     d20 0000000000000000  d21 0000000000000000
I/DEBUG   (   86):     d22 0000000000000000  d23 0000000000000000
I/DEBUG   (   86):     d24 0000000000000000  d25 0000000000000000
I/DEBUG   (   86):     d26 0000000000000000  d27 0000000000000000
I/DEBUG   (   86):     d28 0000000000000000  d29 0000000000000000
I/DEBUG   (   86):     d30 0000000000000000  d31 0000000000000000
I/DEBUG   (   86):     scr 60000010
I/DEBUG   (   86): 
I/DEBUG   (   86): backtrace:
I/DEBUG   (   86):     #00  pc 000182b6  /system/lib/libc.so
I/DEBUG   (   86):     #01  pc 0000dbe4  /system/lib/libc.so (abort+4)
I/DEBUG   (   86):     #02  pc 00000955  /system/lib/libnativehelper.so (jniRegisterNativeMethods+72)
I/DEBUG   (   86):     #03  pc 0004d05b  /system/lib/libandroid_runtime.so (android::AndroidRuntime::startReg(_JNIEnv*)+34)
I/DEBUG   (   86):     #04  pc 0004d159  /system/lib/libandroid_runtime.so (android::AndroidRuntime::start(char const*, char const*)+200)
I/DEBUG   (   86):     #05  pc 00000dcf  /system/bin/app_process
I/DEBUG   (   86): 
I/DEBUG   (   86): stack:
I/DEBUG   (   86):          beaaa9a8  40df8110  
I/DEBUG   (   86):          beaaa9ac  41149510  /dev/ashmem/dalvik-heap (deleted)
I/DEBUG   (   86):          beaaa9b0  41097848  
I/DEBUG   (   86):          beaaa9b4  4114af88  /dev/ashmem/dalvik-heap (deleted)
I/DEBUG   (   86):          beaaa9b8  00000000  
I/DEBUG   (   86):          beaaa9bc  40081f4d  /system/lib/libc.so (free+12)
I/DEBUG   (   86):          beaaa9c0  400af7b8  /system/lib/libc.so
I/DEBUG   (   86):          beaaa9c4  400af718  /system/lib/libc.so
I/DEBUG   (   86):          beaaa9c8  00000000  
I/DEBUG   (   86):          beaaa9cc  40086c19  /system/lib/libc.so (_fwalk+32)
I/DEBUG   (   86):          beaaa9d0  00000001  
I/DEBUG   (   86):          beaaa9d4  beaaa9ec  [stack]
I/DEBUG   (   86):          beaaa9d8  4023ae68  /system/lib/libandroid_runtime.so
I/DEBUG   (   86):          beaaa9dc  00000002  
I/DEBUG   (   86):          beaaa9e0  df0027ad  
I/DEBUG   (   86):          beaaa9e4  00000000  
I/DEBUG   (   86):     #00  beaaa9e8  beaaaa04  [stack]
I/DEBUG   (   86):          beaaa9ec  fffffbdf  
I/DEBUG   (   86):          beaaa9f0  00000000  
I/DEBUG   (   86):          beaaa9f4  408235d5  /system/lib/libdvm.so
I/DEBUG   (   86):          beaaa9f8  00000000  
I/DEBUG   (   86):          beaaa9fc  44bb8051  /dev/ashmem/dalvik-heap (deleted)
I/DEBUG   (   86):          beaaaa00  40fa4fc0  
I/DEBUG   (   86):          beaaaa04  40fa4fc0  
I/DEBUG   (   86):          beaaaa08  4022eeb5  /system/lib/libandroid_runtime.so
I/DEBUG   (   86):          beaaaa0c  40078be8  /system/lib/libc.so (__pthread_clone)
I/DEBUG   (   86):     #01  beaaaa10  44bb8051  /dev/ashmem/dalvik-heap (deleted)
I/DEBUG   (   86):          beaaaa14  40114959  /system/lib/libnativehelper.so (jniRegisterNativeMethods+76)
I/DEBUG   (   86):     #02  beaaaa18  40fa4fc0  
I/DEBUG   (   86):          beaaaa1c  00000000  
I/DEBUG   (   86):          beaaaa20  40fa4fc0  
I/DEBUG   (   86):          beaaaa24  00000000  
I/DEBUG   (   86):          beaaaa28  4023ae68  /system/lib/libandroid_runtime.so
I/DEBUG   (   86):          beaaaa2c  400fcf9b  /system/bin/app_process
I/DEBUG   (   86):          beaaaa30  400fcffb  /system/bin/app_process
I/DEBUG   (   86):          beaaaa34  401bb05d  /system/lib/libandroid_runtime.so (android::AndroidRuntime::startReg(_JNIEnv*)+36)
I/DEBUG   (   86): 
I/DEBUG   (   86): memory near r2:
I/DEBUG   (   86):     400b4aec 00000000 00000000 00000000 00000000  ................
I/DEBUG   (   86):     400b4afc 00000000 00000000 00000000 00000000  ................
I/DEBUG   (   86):     400b4b0c 00000001 00000000 00000000 00000000  ................
I/DEBUG   (   86):     400b4b1c 00000000 00000000 00000000 00000000  ................
I/DEBUG   (   86):     400b4b2c 00000000 00000000 00000000 00000000  ................
I/DEBUG   (   86): 
I/DEBUG   (   86): memory near r5:
I/DEBUG   (   86):     beaaa9cc 40086c19 00000001 beaaa9ec 4023ae68  .l.@........h.#@
I/DEBUG   (   86):     beaaa9dc 00000002 df0027ad 00000000 beaaaa04  .....'..........
I/DEBUG   (   86):     beaaa9ec fffffbdf 00000000 408235d5 00000000  .........5.@....
I/DEBUG   (   86):     beaaa9fc 44bb8051 40fa4fc0 40fa4fc0 4022eeb5  Q..D.O.@.O.@.."@
I/DEBUG   (   86):     beaaaa0c 40078be8 44bb8051 40114959 40fa4fc0  ...@Q..DYI.@.O.@
I/DEBUG   (   86): 
I/DEBUG   (   86): memory near r6:
I/DEBUG   (   86):     4023ae48 00000000 00000000 401ba119 401ba13d  ...........@=..@
I/DEBUG   (   86):     4023ae58 401b96c1 400bc901 401b96c1 401b96c1  ...@...@...@...@
I/DEBUG   (   86):     4023ae68 401ebd05 401ba101 401d1ef5 401d9165  ...@...@...@e..@
I/DEBUG   (   86):     4023ae78 401d949d 401d9801 401d9975 401d54b1  ...@...@u..@.T.@
I/DEBUG   (   86):     4023ae88 401d7121 401dadd1 401db1c5 401c8f69  !q.@...@...@i..@
I/DEBUG   (   86): 
I/DEBUG   (   86): memory near r8:
I/DEBUG   (   86):     402437f0 4022eda8 401eb96d 4022edc3 4021e863  .."@m..@.."@c.!@
I/DEBUG   (   86):     40243800 401eb939 4022edd9 4021ed41 401eb905  9..@.."@A.!@...@
I/DEBUG   (   86):     40243810 4022eecb 4022eed1 401ebc2d 4022eeeb  .."@.."@-..@.."@
I/DEBUG   (   86):     40243820 402252d7 401ebbcd 40222fdb 4021f105  .R"@...@./"@..!@
I/DEBUG   (   86):     40243830 401ebd63 4022efc6 4021eb6b 401ebd69  c..@.."@k.!@i..@
I/DEBUG   (   86): 
I/DEBUG   (   86): memory near r9:
I/DEBUG   (   86):     400fcfa0 7379732d 2d6d6574 76726573 00007265  -system-server..
I/DEBUG   (   86):     400fcfb0 6c707061 74616369 006e6f69 6c6f6f74  application.tool
I/DEBUG   (   86):     400fcfc0 7a2d2d00 746f6779 2d2d0065 72617473  .--zygote.--star
I/DEBUG   (   86):     400fcfd0 79732d74 6d657473 7265732d 00726576  t-system-server.
I/DEBUG   (   86):     400fcfe0 70612d2d 63696c70 6f697461 2d2d006e  --application.--
I/DEBUG   (   86): 
I/DEBUG   (   86): memory near sl:
I/DEBUG   (   86):     400fcf74 20726964 72617473 6c632d74 2d737361  dir start-class-
I/DEBUG   (   86):     400fcf84 656d616e 706f5b20 6e6f6974 000a5d73  name [options]..
I/DEBUG   (   86):     400fcf94 6f67797a 73006574 74726174 7379732d  zygote.start-sys
I/DEBUG   (   86):     400fcfa4 2d6d6574 76726573 00007265 6c707061  tem-server..appl
I/DEBUG   (   86):     400fcfb4 74616369 006e6f69 6c6f6f74 7a2d2d00  ication.tool.--z
I/DEBUG   (   86): 
I/DEBUG   (   86): memory near fp:
I/DEBUG   (   86):     400fcfa8 76726573 00007265 6c707061 74616369  server..applicat
I/DEBUG   (   86):     400fcfb8 006e6f69 6c6f6f74 7a2d2d00 746f6779  ion.tool.--zygot
I/DEBUG   (   86):     400fcfc8 2d2d0065 72617473 79732d74 6d657473  e.--start-system
I/DEBUG   (   86):     400fcfd8 7265732d 00726576 70612d2d 63696c70  -server.--applic
I/DEBUG   (   86):     400fcfe8 6f697461 2d2d006e 6563696e 6d616e2d  ation.--nice-nam
I/DEBUG   (   86): 
I/DEBUG   (   86): memory near ip:
I/DEBUG   (   86):     40116fc0 00000000 400bba6c 00000000 00000000  ....l..@........
I/DEBUG   (   86):     40116fd0 00000000 4008dac9 400875bd 40045639  .......@.u.@9V.@
I/DEBUG   (   86):     40116fe0 40078be0 4008da91 400859d1 400453f5  ...@...@.Y.@.S.@
I/DEBUG   (   86):     40116ff0 40081f41 40095835 40089ddd 4008a195  A..@5X.@...@...@
I/DEBUG   (   86):     40117000 1d2000a6 46d19d18 46d19cc8 00000000  .. ....F...F....
I/DEBUG   (   86): 
I/DEBUG   (   86): memory near sp:
I/DEBUG   (   86):     beaaa9c8 00000000 40086c19 00000001 beaaa9ec  .....l.@........
I/DEBUG   (   86):     beaaa9d8 4023ae68 00000002 df0027ad 00000000  h.#@.....'......
I/DEBUG   (   86):     beaaa9e8 beaaaa04 fffffbdf 00000000 408235d5  .............5.@
I/DEBUG   (   86):     beaaa9f8 00000000 44bb8051 40fa4fc0 40fa4fc0  ....Q..D.O.@.O.@
I/DEBUG   (   86):     beaaaa08 4022eeb5 40078be8 44bb8051 40114959  .."@...@Q..DYI.@
I/DEBUG   (   86): 
I/DEBUG   (   86): code around pc:
I/DEBUG   (   86):     40083294 e000b164 6823461c d1fb2b00 68e3e026  d....F#h.+..&..h
I/DEBUG   (   86):     400832a4 4a17b123 447a2401 47986014 20274911  #..J.$zD.`.G.I' 
I/DEBUG   (   86):     400832b4 70082400 ebc6f7f4 f7f52106 a902ed06  .$.p.....!......
I/DEBUG   (   86):     400832c4 f04f2006 460a5380 94029304 f7f59403  . O..S.F........
I/DEBUG   (   86):     400832d4 4629e8e4 20024622 e8ecf7f5 ebb2f7f4  ..)F"F. ........
I/DEBUG   (   86): 
I/DEBUG   (   86): code around lr:
I/DEBUG   (   86):     40086bf8 41f0e92d 4c0b2600 447c4680 68a56824  -..A.&.L.F|D$h.h
I/DEBUG   (   86):     40086c08 e0076867 300cf9b5 dd022b00 47c04628  gh.....0.+..(F.G
I/DEBUG   (   86):     40086c18 35544306 d5f53f01 2c006824 4630d1ef  .CT5.?..$h.,..0F
I/DEBUG   (   86):     40086c28 81f0e8bd 000288fe 43f0e92d fb01461f  ........-..C.F..
I/DEBUG   (   86):     40086c38 f8dff602 b0878058 44f8460c 8000f8d8  ....X....F.D....
I/DEBUG   (   86): 
I/DEBUG   (   86): memory map around fault addr deadbaad:
I/DEBUG   (   86):     bea8a000-beaab000 [stack]
I/DEBUG   (   86):     (no map for address)
I/DEBUG   (   86):     (no map above)
I/DEBUG   (   86): !@dumpstate -k -t -z -d -o /data/log/dumpstate_app_native -m 88
I/dumpstate(  482): begin
E/DataRouter(   99): After the usb select 
E/DataRouter(   99): read usb data[len:1]
E/DataRouter(   99): read usb data message:+
E/DataRouter(   99): Before the usb select 
E/SMD     (  101): ***Received data notification[DR->SMD]***
E/SMD     (  101): Message:+
E/SMD     (  101): Sending data to SMD: Len = [1]
E/SMD     (  101):  buffer = [+]
E/SMD     (  101): Wrote 1 chars to SMD PORT fd=7 ch = 2b
E/SMD     (  101): After the Modem Read select 
E/SMD     (  101): Read 1 chars from SMD Modem file fd = 7
E/SMD     (  101):  Message: +TE1 E0
E/SMD     (  101): OK
E/SMD     (  101): +SIND: 10,"SM",0,"FD",0,"LD",0,"MC",0,"RC",0,"ME",0
E/SMD     (  101): 
E/SMD     (  101): +ECIND: 3,1
E/SMD     (  101): 
E/SMD     (  101): Before the Modem Read select 
E/DataRouter(   99): [socket:13]******* Received data notification *******
E/DataRouter(   99): [socket:13]read socket data[len:1]
E/DataRouter(   99): [socket:13]read socket data[message:+
E/DataRouter(   99): write [1] bytes of data to USB fd[9]
E/DataRouter(   99): [socket:13]dr_usb_write
E/DataRouter(   99): After the usb select 
E/DataRouter(   99): read usb data[len:1]
E/DataRouter(   99): read usb data message:C
E/DataRouter(   99): Before the usb select 
E/SMD     (  101): ***Received data notification[DR->SMD]***
E/SMD     (  101): Message:C
E/SMD     (  101): Sending data to SMD: Len = [1]
E/SMD     (  101):  buffer = [C]
E/SMD     (  101): Wrote 1 chars to SMD PORT fd=7 ch = 43
E/SMD     (  101): After the Modem Read select 
E/SMD     (  101): Read 1 chars from SMD Modem file fd = 7
E/SMD     (  101):  Message: CTE1 E0
E/SMD     (  101): OK
E/SMD     (  101): +SIND: 10,"SM",0,"FD",0,"LD",0,"MC",0,"RC",0,"ME",0
E/SMD     (  101): 
E/SMD     (  101): +ECIND: 3,1
E/SMD     (  101): 
E/SMD     (  101): Before the Modem Read select 
E/DataRouter(   99): [socket:13]******* Received data notification *******
E/DataRouter(   99): [socket:13]read socket data[len:1]
E/DataRouter(   99): [socket:13]read socket data[message:C
E/DataRouter(   99): write [1] bytes of data to USB fd[9]
E/DataRouter(   99): [socket:13]dr_usb_write
E/DataRouter(   99): After the usb select 
E/DataRouter(   99): read usb data[len:1]
E/DataRouter(   99): read usb data message:G
E/DataRouter(   99): Before the usb select 
E/SMD     (  101): ***Received data notification[DR->SMD]***
E/SMD     (  101): Message:G
E/SMD     (  101): Sending data to SMD: Len = [1]
E/SMD     (  101):  buffer = [G]
E/SMD     (  101): Wrote 1 chars to SMD PORT fd=7 ch = 47
E/SMD     (  101): After the Modem Read select 
E/SMD     (  101): Read 1 chars from SMD Modem file fd = 7
E/SMD     (  101):  Message: GTE1 E0
E/SMD     (  101): OK
E/SMD     (  101): +SIND: 10,"SM",0,"FD",0,"LD",0,"MC",0,"RC",0,"ME",0
E/SMD     (  101): 
E/SMD     (  101): +ECIND: 3,1
E/SMD     (  101): 
E/SMD     (  101): Before the Modem Read select 
E/DataRouter(   99): [socket:13]******* Received data notification *******
E/DataRouter(   99): [socket:13]read socket data[len:1]
E/DataRouter(   99): [socket:13]read socket data[message:G
E/DataRouter(   99): write [1] bytes of data to USB fd[9]
E/DataRouter(   99): [socket:13]dr_usb_write
E/DataRouter(   99): After the usb select 
E/DataRouter(   99): read usb data[len:1]
E/DataRouter(   99): read usb data message:M
E/DataRouter(   99): Before the usb select 
E/SMD     (  101): ***Received data notification[DR->SMD]***
E/SMD     (  101): Message:M
E/SMD     (  101): Sending data to SMD: Len = [1]
E/SMD     (  101):  buffer = [M]
E/SMD     (  101): Wrote 1 chars to SMD PORT fd=7 ch = 4d
E/SMD     (  101): After the Modem Read select 
E/SMD     (  101): Read 1 chars from SMD Modem file fd = 7
E/SMD     (  101):  Message: MTE1 E0
E/SMD     (  101): OK
E/SMD     (  101): +SIND: 10,"SM",0,"FD",0,"LD",0,"MC",0,"RC",0,"ME",0
E/SMD     (  101): 
E/SMD     (  101): +ECIND: 3,1
E/SMD     (  101): 
E/SMD     (  101): Before the Modem Read select 
E/DataRouter(   99): [socket:13]******* Received data notification *******
E/DataRouter(   99): [socket:13]read socket data[len:1]
E/DataRouter(   99): [socket:13]read socket data[message:M
E/DataRouter(   99): write [1] bytes of data to USB fd[9]
E/DataRouter(   99): [socket:13]dr_usb_write
E/DataRouter(   99): After the usb select 
E/DataRouter(   99): read usb data[len:1]
E/DataRouter(   99): read usb data message:I
E/DataRouter(   99): Before the usb select 
E/SMD     (  101): ***Received data notification[DR->SMD]***
E/SMD     (  101): Message:I
E/SMD     (  101): Sending data to SMD: Len = [1]
E/SMD     (  101):  buffer = [I]
E/SMD     (  101): Wrote 1 chars to SMD PORT fd=7 ch = 49
E/SMD     (  101): After the Modem Read select 
E/SMD     (  101): Read 1 chars from SMD Modem file fd = 7
E/SMD     (  101):  Message: ITE1 E0
E/SMD     (  101): OK
