E/SMD     (  101): Message:G
E/SMD     (  101): Sending data to SMD: Len = [1]
E/SMD     (  101):  buffer = [G]
E/SMD     (  101): Wrote 1 chars to SMD PORT fd=7 ch = 47
E/SMD     (  101): After the Modem Read select 
E/SMD     (  101): Read 1 chars from SMD Modem file fd = 7
E/SMD     (  101):  Message: G
E/SMD     (  101): +CME ERROR: 4
E/SMD     (  101): unication CO.
E/SMD     (  101): 
E/SMD     (  101): OK
E/SMD     (  101): 
E/SMD     (  101): Before the Modem Read select 
E/DataRouter(   99): [socket:13]******* Received data notification *******
E/DataRouter(   99): [socket:13]read socket data[len:1]
E/DataRouter(   99): [socket:13]read socket data[message:G
E/DataRouter(   99): write [1] bytes of data to USB fd[9]
E/DataRouter(   99): [socket:13]dr_usb_write
I/Alsa_Util( 1737): card name is Dummy, query card=0
I/Alsa_Util( 1737): card name is VIRTUAL AUDIO, query card=1
I/Alsa_Util( 1737): card name is sprdphone, query card=2
I/Alsa_Util( 1737): Search Completed, cur_name is sprdphone, card_num=2
I/Alsa_Util( 1737): card name is Dummy, query card=0
I/Alsa_Util( 1737): card name is VIRTUAL AUDIO, query card=1
I/Alsa_Util( 1737): Search Completed, cur_name is VIRTUAL AUDIO, card_num=1
I/audio_hw_primary( 1737): s_tinycard = 2, s_vaudio = 1
V/audio_hw_primary( 1737): Reading configuration from /system/etc/tiny_hw.xml
I/audio_hw_primary( 1737): Parsing control HeadPhone Playback Volume => 12
I/audio_hw_primary( 1737): s->path_len=1
I/audio_hw_primary( 1737): Parsing control Master Playback Volume => 12
I/audio_hw_primary( 1737): s->path_len=2
I/audio_hw_primary( 1737): Parsing control Inter PA Playback Volume => 12
I/audio_hw_primary( 1737): s->path_len=3
I/audio_hw_primary( 1737): Parsing control Ear Boost Volume => 1
I/audio_hw_primary( 1737): s->path_len=4
I/audio_hw_primary( 1737): Parsing control Capture Volume => 12
I/audio_hw_primary( 1737): s->path_len=5
I/audio_hw_primary( 1737): Parsing control Mic Boost Volume => 1
I/audio_hw_primary( 1737): s->path_len=6
I/audio_hw_primary( 1737): Parsing control Line Playback Volume => 12
I/audio_hw_primary( 1737): s->path_len=7
I/audio_hw_primary( 1737): Parsing control LineinRec Capture Volume => 8
I/audio_hw_primary( 1737): s->path_len=8
I/audio_hw_primary( 1737): Applying 8 element default route
I/audio_hw_primary( 1737): Set 'HeadPhone Playback Volume'.0 to 12
I/audio_hw_primary( 1737): Set 'HeadPhone Playback Volume'.1 to 12
I/audio_hw_primary( 1737): Set 'Master Playback Volume'.0 to 12
I/audio_hw_primary( 1737): Set 'Master Playback Volume'.1 to 12
I/audio_hw_primary( 1737): Set 'Inter PA Playback Volume'.0 to 12
I/audio_hw_primary( 1737): Set 'Ear Boost Volume'.0 to 1
I/audio_hw_primary( 1737): Set 'Capture Volume'.0 to 12
I/audio_hw_primary( 1737): Set 'Mic Boost Volume'.0 to 1
I/audio_hw_primary( 1737): Set 'Line Playback Volume'.0 to 12
I/audio_hw_primary( 1737): Set 'Line Playback Volume'.1 to 12
I/audio_hw_primary( 1737): Set 'LineinRec Capture Volume'.0 to 8
I/audio_hw_primary( 1737): Allocating device speaker
I/audio_hw_primary( 1737): Parsing control Speaker Function => 1
I/audio_hw_primary( 1737): s->path_len=1
I/audio_hw_primary( 1737): 1 element on sequence
I/audio_hw_primary( 1737): Parsing control Speaker Function => 0
I/audio_hw_primary( 1737): s->path_len=1
I/audio_hw_primary( 1737): 1 element off sequence
I/audio_hw_primary( 1737): Set 'Speaker Function'.0 to 0
I/audio_hw_primary( 1737): Allocating device headphone
I/audio_hw_primary( 1737): Parsing control HeadPhone Function => 1
I/audio_hw_primary( 1737): s->path_len=1
I/audio_hw_primary( 1737): 1 element on sequence
I/audio_hw_primary( 1737): Parsing control HeadPhone Function => 0
I/audio_hw_primary( 1737): s->path_len=1
I/audio_hw_primary( 1737): 1 element off sequence
E/DataRouter(   99): After the usb select 
E/DataRouter(   99): read usb data[len:1]
E/DataRouter(   99): read usb data message:M
E/DataRouter(   99): Before the usb select 
E/SMD     (  101): ***Received data notification[DR->SMD]***
E/SMD     (  101): Message:M
E/SMD     (  101): Sending data to SMD: Len = [1]
E/SMD     (  101):  buffer = [M]
E/SMD     (  101): Wrote 1 chars to SMD PORT fd=7 ch = 4d
E/SMD     (  101): After the Modem Read select 
E/SMD     (  101): Read 1 chars from SMD Modem file fd = 7
E/SMD     (  101):  Message: M
E/SMD     (  101): +CME ERROR: 4
E/SMD     (  101): unication CO.
E/SMD     (  101): 
E/SMD     (  101): OK
E/SMD     (  101): 
E/SMD     (  101): Before the Modem Read select 
E/DataRouter(   99): [socket:13]******* Received data notification *******
E/DataRouter(   99): [socket:13]read socket data[len:1]
E/DataRouter(   99): [socket:13]read socket data[message:M
E/DataRouter(   99): write [1] bytes of data to USB fd[9]
E/DataRouter(   99): [socket:13]dr_usb_write
I/audio_hw_primary( 1737): Set 'HeadPhone Function'.0 to 0
I/audio_hw_primary( 1737): Allocating device earpiece
I/audio_hw_primary( 1737): Parsing control Earpiece Function => 1
I/audio_hw_primary( 1737): s->path_len=1
I/audio_hw_primary( 1737): 1 element on sequence
I/audio_hw_primary( 1737): Parsing control Earpiece Function => 0
I/audio_hw_primary( 1737): s->path_len=1
I/audio_hw_primary( 1737): 1 element off sequence
I/audio_hw_primary( 1737): Set 'Earpiece Function'.0 to 0
I/audio_hw_primary( 1737): Allocating device builtin-mic
I/audio_hw_primary( 1737): Parsing control Mic Function => 1
I/audio_hw_primary( 1737): s->path_len=1
I/audio_hw_primary( 1737): 1 element on sequence
I/audio_hw_primary( 1737): Parsing control Mic Function => 0
I/audio_hw_primary( 1737): s->path_len=1
I/audio_hw_primary( 1737): 1 element off sequence
I/audio_hw_primary( 1737): Set 'Mic Function'.0 to 0
I/audio_hw_primary( 1737): Allocating device headset-in
I/audio_hw_primary( 1737): Parsing control HP Mic Function => 1
I/audio_hw_primary( 1737): s->path_len=1
I/audio_hw_primary( 1737): 1 element on sequence
I/audio_hw_primary( 1737): Parsing control HP Mic Function => 0
I/audio_hw_primary( 1737): s->path_len=1
I/audio_hw_primary( 1737): 1 element off sequence
I/audio_hw_primary( 1737): Set 'HP Mic Function'.0 to 0
I/audio_hw_primary( 1737): Allocating device line
I/audio_hw_primary( 1737): Parsing control Line Function => 1
I/audio_hw_primary( 1737): s->path_len=1
I/audio_hw_primary( 1737): 1 element on sequence
I/audio_hw_primary( 1737): Parsing control Line Function => 0
I/audio_hw_primary( 1737): s->path_len=1
I/audio_hw_primary( 1737): 1 element off sequence
I/audio_hw_primary( 1737): Set 'Line Function'.0 to 0
I/audio_hw_primary( 1737): Parsing control Linein Rec Function => 1
I/audio_hw_primary( 1737): s->path_len=1
I/audio_hw_primary( 1737): Applying 1 element default route
I/audio_hw_primary( 1737): Set 'Linein Rec Function'.0 to 1
I/audio_hw_primary( 1737): Parsing control Linein Rec Function => 0
I/audio_hw_primary( 1737): s->path_len=1
I/audio_hw_primary( 1737): Applying 1 element default route
I/audio_hw_primary( 1737): Set 'Linein Rec Function'.0 to 0
W/audio_hw_primary( 1737): s->adev->private_ctl.vbc_switch is successful
W/audio_hw_primary( 1737): s->adev->private_ctl.vbc_eq_switch is successful
W/audio_hw_primary( 1737): s->adev->private_ctl.vbc_eq_update is successful
W/audio_hw_primary( 1737): s->adev->private_ctl.vbc_eq_profile_select is successful
I/audio_hw_primary( 1737): ret=0, num_dev_cfgs=6
I/audio_hw_primary( 1737): dev_cfgs_on depth=1, dev_cfgs_off depth=1
I/vb_effect( 1737): create_vb_effect_params...start
I/vb_effect( 1737): do_parse...start
I/vb_effect( 1737): fd_dest_paras(0x40134cbc), header_len(12), profile_len(280)
I/vb_effect( 1737): effect_profile->name is Headset
I/vb_effect( 1737): effect_profile->name is Headfree
I/vb_effect( 1737): effect_profile->name is Handset
I/vb_effect( 1737): effect_profile->name is Handsfree
I/vb_effect( 1737): do_parse...end
I/vb_effect( 1737): create_vb_effect_params...done
I/audio_hw_primary( 1737): eq_loading, ret(-1), eq_available(0)
I/audio_pga( 1737): The codec name is dolphin
D/audio_pga( 1737): profile name is 'speaker-l'
D/audio_pga( 1737): pga name is 'Master Playback Volume', val is '0'
D/audio_pga( 1737): pga name is 'Inter PA Playback Volume', val is '4'
D/audio_pga( 1737): pga name is 'VBC DACL DG Set', val is '16'
D/audio_pga( 1737): pga name is 'VBC DACL DG Switch', val is '31'
D/audio_pga( 1737): profile name is 'speaker-r'
D/audio_pga( 1737): pga name is 'Master Playback Volume', val is '0'
D/audio_pga( 1737): pga name is 'Inter PA Playback Volume', val is '4'
D/audio_pga( 1737): pga name is 'VBC DACR DG Set', val is '16'
D/audio_pga( 1737): pga name is 'VBC DACR DG Switch', val is '31'
D/audio_pga( 1737): profile name is 'headphone-l'
D/audio_pga( 1737): pga name is 'Master Playback Volume', val is '0'
D/audio_pga( 1737): pga name is 'HeadPhone Playback Volume', val is '4'
D/audio_pga( 1737): pga name is 'VBC DACL DG Set', val is '16'
D/audio_pga( 1737): pga name is 'VBC DACL DG Switch', val is '31'
D/audio_pga( 1737): profile name is 'headphone-r'
D/audio_pga( 1737): pga name is 'Master Playback Volume', val is '0'
D/audio_pga( 1737): pga name is 'HeadPhone Playback Volume', val is '4'
D/audio_pga( 1737): pga name is 'VBC DACR DG Set', val is '16'
D/audio_pga( 1737): pga name is 'VBC DACR DG Switch', val is '31'
D/audio_pga( 1737): profile name is 'headphone-spk-l'
D/audio_pga( 1737): pga name is 'Master Playback Volume', val is '0'
D/audio_pga( 1737): pga name is 'HeadPhone Playback Volume', val is '4'
D/audio_pga( 1737): pga name is 'VBC DACL DG Set', val is '16'
D/audio_pga( 1737): pga name is 'VBC DACL DG Switch', val is '31'
D/audio_pga( 1737): profile name is 'headphone-spk-r'
D/audio_pga( 1737): pga name is 'Master Playback Volume', val is '0'
D/audio_pga( 1737): pga name is 'HeadPhone Playback Volume', val is '4'
D/audio_pga( 1737): pga name is 'VBC DACR DG Set', val is '16'
D/audio_pga( 1737): pga name is 'VBC DACR DG Switch', val is '31'
D/audio_pga( 1737): profile name is 'earpiece'
D/audio_pga( 1737): pga name is 'Master Playback Volume', val is '0'
D/audio_pga( 1737): pga name is 'Ear Boost Volume', val is '4'
D/audio_pga( 1737): pga name is 'VBC DACL DG Set', val is '16'
D/audio_pga( 1737): pga name is 'VBC DACL DG Switch', val is '31'
D/audio_pga( 1737): profile name is 'linein-spk-l'
D/audio_pga( 1737): pga name is 'Line Playback Volume', val is '0'
D/audio_pga( 1737): pga name is 'Inter PA Playback Volume', val is '5'
D/audio_pga( 1737): pga name is 'VBC DACL DG Set', val is '16'
D/audio_pga( 1737): pga name is 'VBC DACL DG Switch', val is '31'
D/audio_pga( 1737): profile name is 'linein-spk-r'
D/audio_pga( 1737): pga name is 'Line Playback Volume', val is '0'
D/audio_pga( 1737): pga name is 'Inter PA Playback Volume', val is '5'
D/audio_pga( 1737): pga name is 'VBC DACR DG Set', val is '16'
D/audio_pga( 1737): pga name is 'VBC DACR DG Switch', val is '31'
D/audio_pga( 1737): profile name is 'linein-hp-l'
D/audio_pga( 1737): pga name is 'Line Playback Volume', val is '0'
D/audio_pga( 1737): pga name is 'HeadPhone Playback Volume', val is '5'
D/audio_pga( 1737): pga name is 'VBC DACL DG Set', val is '16'
D/audio_pga( 1737): pga name is 'VBC DACL DG Switch', val is '31'
D/audio_pga( 1737): profile name is 'linein-hp-r'
D/audio_pga( 1737): pga name is 'Line Playback Volume', val is '0'
D/audio_pga( 1737): pga name is 'HeadPhone Playback Volume', val is '5'
D/audio_pga( 1737): pga name is 'VBC DACR DG Set', val is '16'
D/audio_pga( 1737): pga name is 'VBC DACR DG Switch', val is '31'
D/audio_pga( 1737): profile name is 'capture-l'
D/audio_pga( 1737): pga name is 'Capture Volume', val is '0'
D/audio_pga( 1737): pga name is 'Mic Boost Volume', val is '4'
D/audio_pga( 1737): pga name is 'VBC ADCL DG Set', val is '8'
D/audio_pga( 1737): pga name is 'VBC ADCL DG Switch', val is '15'
D/audio_pga( 1737): profile name is 'capture-r'
D/audio_pga( 1737): pga name is 'Capture Volume', val is '0'
D/audio_pga( 1737): pga name is 'Mic Boost Volume', val is '4'
D/audio_pga( 1737): pga name is 'VBC ADCR DG Set', val is '8'
D/audio_pga( 1737): pga name is 'VBC ADCR DG Switch', val is '15'
D/audio_pga( 1737): profile name is 'linein-capture-l'
D/audio_pga( 1737): pga name is 'Capture Volume', val is '0'
D/audio_pga( 1737): pga name is 'Mic Boost Volume', val is '4'
D/audio_pga( 1737): pga name is 'LineinRec Capture Volume', val is '5'
D/audio_pga( 1737): pga name is 'VBC ADCL DG Set', val is '8'
D/audio_pga( 1737): pga name is 'VBC ADCL DG Switch', val is '15'
D/audio_pga( 1737): profile name is 'linein-capture-r'
D/audio_pga( 1737): pga name is 'Capture Volume', val is '0'
D/audio_pga( 1737): pga name is 'Mic Boost Volume', val is '4'
D/audio_pga( 1737): pga name is 'LineinRec Capture Volume', val is '5'
D/audio_pga( 1737): pga name is 'VBC ADCR DG Set', val is '8'
D/audio_pga( 1737): pga name is 'VBC ADCR DG Switch', val is '15'
D/audio_pga( 1737): mixer name is 'Master Playback Volume'
D/audio_pga( 1737): attribute max is '15', inverse is '1'
D/audio_pga( 1737): mixer name is 'HeadPhone Playback Volume'
D/audio_pga( 1737): attribute max is '31', inverse is '1'
D/audio_pga( 1737): mixer name is 'Line Playback Volume'
D/audio_pga( 1737): attribute max is '19', inverse is '1'
D/audio_pga( 1737): mixer name is 'LineinRec Capture Volume'
D/audio_pga( 1737): attribute max is '7', inverse is '0'
D/audio_pga( 1737): mixer name is 'Inter PA Playback Volume'
D/audio_pga( 1737): attribute max is '15', inverse is '0'
D/audio_pga( 1737): mixer name is 'Ear Boost Volume'
D/audio_pga( 1737): attribute max is '1', inverse is '0'
D/audio_pga( 1737): mixer name is 'Capture Volume'
D/audio_pga( 1737): attribute max is '15', inverse is '0'
D/audio_pga( 1737): mixer name is 'Mic Boost Volume'
D/audio_pga( 1737): attribute max is '1', inverse is '0'
D/audio_pga( 1737): mixer name is 'VBC DACL DG Set'
D/audio_pga( 1737): attribute max is '127', inverse is '0'
D/audio_pga( 1737): mixer name is 'VBC DACR DG Set'
D/audio_pga( 1737): attribute max is '127', inverse is '0'
D/audio_pga( 1737): mixer name is 'VBC DACL DG Switch'
D/audio_pga( 1737): attribute max is '1', inverse is '0'
D/audio_pga( 1737): mixer name is 'VBC DACR DG Switch'
D/audio_pga( 1737): attribute max is '1', inverse is '0'
D/audio_pga( 1737): mixer name is 'VBC ADCL DG Set'
D/audio_pga( 1737): attribute max is '127', inverse is '0'
D/audio_pga( 1737): mixer name is 'VBC ADCR DG Set'
D/audio_pga( 1737): attribute max is '127', inverse is '0'
D/audio_pga( 1737): mixer name is 'VBC ADCL DG Switch'
D/audio_pga( 1737): attribute max is '1', inverse is '0'
D/audio_pga( 1737): mixer name is 'VBC ADCR DG Switch'
D/audio_pga( 1737): attribute max is '1', inverse is '0'
I/audio_hw_primary( 1737): select_devices_signal starting...
I/audio_hw_primary( 1737): select_devices_signal finished.
V/audio_hw_primary( 1737): adev_open: create lvve engine.
D/LVVE_Engine( 1737): LVVEFS_TRACE: FUNCTION: LVVEFS_Create: There are 1 instances of LVVEFS active, id = 1074798393 at 168 in ../SRC/LVVEFS_Create.c
D/LVVE_Engine( 1737): LVVEFS_TRACE: FUNCTION: LVVEFS_CreateParamTable: LVVEFS_ParseFile starting at 132 in ../SRC/LVVEFS_Params.c
D/LVVE_Engine( 1737): LVVEFS_TRACE: FUNCTION: LVVEFS_ParseFile at 95 in ../SRC/LVVEFS_Parser.c
D/LVVE_Engine( 1737): LVVEFS_TRACE: FUNCTION: LVVEFS_ArgsReadData at 318 in ../SRC/LVVEFS_Args.c
D/LVVE_Engine( 1737): LVVEFS_TRACE: FUNCTION: LVVEFS_ParseFile: Set Rx Config Params at 151 in ../SRC/LVVEFS_Parser.c
D/LVVE_Engine( 1737): LVVEFS_TRACE: FUNCTION: LVVEFS_Rx_Array2ControlParameters at 922 in ../SRC/LVVEFS_Parser.c
D/LVVE_Engine( 1737): LVVEFS_TRACE: FUNCTION: LVVEFS_CreateParamTable: LVVEFS_ParseFile of LVVEFS_Rx_ControlParams returned successful at 141 in ../SRC/LVVEFS_Params.c
D/LVVE_Engine( 1737): LVVEFS_TRACE: FUNCTION: LVVEFS_ParseFile at 95 in ../SRC/LVVEFS_Parser.c
D/LVVE_Engine( 1737): LVVEFS_TRACE: FUNCTION: LVVEFS_ArgsReadData at 318 in ../SRC/LVVEFS_Args.c
D/LVVE_Engine( 1737): LVVEFS_TRACE: FUNCTION: LVVEFS_ParseFile: Set Tx Config Params at 161 in ../SRC/LVVEFS_Parser.c
D/LVVE_Engine( 1737): LVVEFS_TRACE: FUNCTION: LVVEFS_CreateParamTable: LVVEFS_ParseFile of LVVEFS_Tx_ControlParams returned successful at 156 in ../SRC/LVVEFS_Params.c
D/LVVE_Engine( 1737): LVVEFS_TRACE: FUNCTION: LVVEFS_ParseFile at 95 in ../SRC/LVVEFS_Parser.c
D/LVVE_Engine( 1737): LVVEFS_TRACE: FUNCTION: LVVEFS_ArgsReadData at 318 in ../SRC/LVVEFS_Args.c
D/LVVE_Engine( 1737): LVVEFS_TRACE: FUNCTION: LVVEFS_ParseFile: Set Rx Control Params at 129 in ../SRC/LVVEFS_Parser.c
D/LVVE_Engine( 1737): LVVEFS_TRACE: FUNCTION: LVVEFS_CreateParamTable: LVVEFS_ParseFile of RxControl 0 returned successful at 208 in ../SRC/LVVEFS_Params.c
D/LVVE_Engine( 1737): LVVEFS_TRACE: FUNCTION: LVVEFS_ParseFile at 95 in ../SRC/LVVEFS_Parser.c
D/LVVE_Engine( 1737): LVVEFS_TRACE: FUNCTION: LVVEFS_ArgsReadData at 318 in ../SRC/LVVEFS_Args.c
D/LVVE_Engine( 1737): LVVEFS_TRACE: FUNCTION: LVVEFS_ParseFile: Set Rx Control Params at 129 in ../SRC/LVVEFS_Parser.c
D/LVVE_Engine( 1737): LVVEFS_TRACE: FUNCTION: LVVEFS_CreateParamTable: LVVEFS_ParseFile of RxControl 1 returned successful at 208 in ../SRC/LVVEFS_Params.c
D/LVVE_Engine( 1737): LVVEFS_TRACE: FUNCTION: LVVEFS_ParseFile at 95 in ../SRC/LVVEFS_Parser.c
D/LVVE_Engine( 1737): LVVEFS_TRACE: FUNCTION: LVVEFS_ArgsReadData at 318 in ../SRC/LVVEFS_Args.c
D/LVVE_Engine( 1737): LVVEFS_TRACE: FUNCTION: LVVEFS_ParseFile: Set Rx Control Params at 129 in ../SRC/LVVEFS_Parser.c
D/LVVE_Engine( 1737): LVVEFS_TRACE: FUNCTION: LVVEFS_CreateParamTable: LVVEFS_ParseFile of RxControl 2 returned successful at 208 in ../SRC/LVVEFS_Params.c
D/LVVE_Engine( 1737): LVVEFS_TRACE: FUNCTION: LVVEFS_ParseFile at 95 in ../SRC/LVVEFS_Parser.c
D/LVVE_Engine( 1737): LVVEFS_TRACE: FUNCTION: LVVEFS_ArgsReadData at 318 in ../SRC/LVVEFS_Args.c
D/LVVE_Engine( 1737): LVVEFS_TRACE: FUNCTION: LVVEFS_ParseFile: Set Rx Control Params at 129 in ../SRC/LVVEFS_Parser.c
D/LVVE_Engine( 1737): LVVEFS_TRACE: FUNCTION: LVVEFS_CreateParamTable: LVVEFS_ParseFile of RxControl 3 returned successful at 208 in ../SRC/LVVEFS_Params.c
D/LVVE_Engine( 1737): LVVEFS_TRACE: FUNCTION: LVVEFS_ParseFile at 95 in ../SRC/LVVEFS_Parser.c
D/LVVE_Engine( 1737): LVVEFS_TRACE: FUNCTION: LVVEFS_ArgsReadData at 318 in ../SRC/LVVEFS_Args.c
D/LVVE_Engine( 1737): LVVEFS_TRACE: FUNCTION: LVVEFS_ParseFile: Set Rx Control Params at 129 in ../SRC/LVVEFS_Parser.c
D/LVVE_Engine( 1737): LVVEFS_TRACE: FUNCTION: LVVEFS_CreateParamTable: LVVEFS_ParseFile of RxControl 4 returned successful at 208 in ../SRC/LVVEFS_Params.c
D/LVVE_Engine( 1737): LVVEFS_TRACE: FUNCTION: LVVEFS_ParseFile at 95 in ../SRC/LVVEFS_Parser.c
D/LVVE_Engine( 1737): LVVEFS_TRACE: FUNCTION: LVVEFS_ArgsReadData at 318 in ../SRC/LVVEFS_Args.c
D/LVVE_Engine( 1737): LVVEFS_TRACE: FUNCTION: LVVEFS_ParseFile: Set Rx Control Params at 129 in ../SRC/LVVEFS_Parser.c
D/LVVE_Engine( 1737): LVVEFS_TRACE: FUNCTION: LVVEFS_CreateParamTable: LVVEFS_ParseFile of RxControl 5 returned successful at 208 in ../SRC/LVVEFS_Params.c
D/LVVE_Engine( 1737): LVVEFS_TRACE: FUNCTION: LVVEFS_ParseFile at 95 in ../SRC/LVVEFS_Parser.c
D/LVVE_Engine( 1737): LVVEFS_TRACE: FUNCTION: LVVEFS_ArgsReadData at 318 in ../SRC/LVVEFS_Args.c
D/LVVE_Engine( 1737): LVVEFS_TRACE: FUNCTION: LVVEFS_ParseFile: Set Rx Control Params at 129 in ../SRC/LVVEFS_Parser.c
D/LVVE_Engine( 1737): LVVEFS_TRACE: FUNCTION: LVVEFS_CreateParamTable: LVVEFS_ParseFile of RxControl 6 returned successful at 208 in ../SRC/LVVEFS_Params.c
D/LVVE_Engine( 1737): LVVEFS_TRACE: FUNCTION: LVVEFS_ParseFile at 95 in ../SRC/LVVEFS_Parser.c
D/LVVE_Engine( 1737): LVVEFS_TRACE: FUNCTION: LVVEFS_ArgsReadData at 318 in ../SRC/LVVEFS_Args.c
D/LVVE_Engine( 1737): LVVEFS_TRACE: FUNCTION: LVVEFS_ParseFile: Set Rx Control Params at 129 in ../SRC/LVVEFS_Parser.c
D/LVVE_Engine( 1737): LVVEFS_TRACE: FUNCTION: LVVEFS_CreateParamTable: LVVEFS_ParseFile of RxControl 7 returned successful at 208 in ../SRC/LVVEFS_Params.c
D/LVVE_Engine( 1737): LVVEFS_TRACE: FUNCTION: LVVEFS_ParseFile at 95 in ../SRC/LVVEFS_Parser.c
D/LVVE_Engine( 1737): LVVEFS_TRACE: FUNCTION: LVVEFS_ArgsReadData at 318 in ../SRC/LVVEFS_Args.c
D/LVVE_Engine( 1737): LVVEFS_TRACE: FUNCTION: LVVEFS_ParseFile: Set Rx Control Params at 129 in ../SRC/LVVEFS_Parser.c
D/LVVE_Engine( 1737): LVVEFS_TRACE: FUNCTION: LVVEFS_CreateParamTable: LVVEFS_ParseFile of RxControl 8 returned successful at 208 in ../SRC/LVVEFS_Params.c
D/LVVE_Engine( 1737): LVVEFS_TRACE: FUNCTION: LVVEFS_ParseFile at 95 in ../SRC/LVVEFS_Parser.c
D/LVVE_Engine( 1737): LVVEFS_TRACE: FUNCTION: LVVEFS_ArgsReadData at 318 in ../SRC/LVVEFS_Args.c
D/LVVE_Engine( 1737): LVVEFS_TRACE: FUNCTION: LVVEFS_ParseFile: Set Rx Control Params at 129 in ../SRC/LVVEFS_Parser.c
D/LVVE_Engine( 1737): LVVEFS_TRACE: FUNCTION: LVVEFS_CreateParamTable: LVVEFS_ParseFile of RxControl 9 returned successful at 208 in ../SRC/LVVEFS_Params.c
D/LVVE_Engine( 1737): LVVEFS_TRACE: FUNCTION: LVVEFS_ParseFile at 95 in ../SRC/LVVEFS_Parser.c
D/LVVE_Engine( 1737): LVVEFS_TRACE: FUNCTION: LVVEFS_ArgsReadData at 318 in ../SRC/LVVEFS_Args.c
D/LVVE_Engine( 1737): LVVEFS_TRACE: FUNCTION: LVVEFS_ParseFile: Set Tx Control Params at 140 in ../SRC/LVVEFS_Parser.c
D/LVVE_Engine( 1737): LVVEFS_TRACE: FUNCTION: LVVEFS_CreateParamTable: LVVEFS_ParseFile of TxControl 0 returned successful at 230 in ../SRC/LVVEFS_Params.c
D/LVVE_Engine( 1737): LVVEFS_TRACE: FUNCTION: LVVEFS_ParseFile at 95 in ../SRC/LVVEFS_Parser.c
D/LVVE_Engine( 1737): LVVEFS_TRACE: FUNCTION: LVVEFS_ArgsReadData at 318 in ../SRC/LVVEFS_Args.c
D/LVVE_Engine( 1737): LVVEFS_TRACE: FUNCTION: LVVEFS_ParseFile: Set Tx Control Params at 140 in ../SRC/LVVEFS_Parser.c
D/LVVE_Engine( 1737): LVVEFS_TRACE: FUNCTION: LVVEFS_CreateParamTable: LVVEFS_ParseFile of TxControl 1 returned successful at 230 in ../SRC/LVVEFS_Params.c
D/LVVE_Engine( 1737): LVVEFS_TRACE: FUNCTION: LVVEFS_ParseFile at 95 in ../SRC/LVVEFS_Parser.c
D/LVVE_Engine( 1737): LVVEFS_TRACE: FUNCTION: LVVEFS_ArgsReadData at 318 in ../SRC/LVVEFS_Args.c
D/LVVE_Engine( 1737): LVVEFS_TRACE: FUNCTION: LVVEFS_ParseFile: Set Tx Control Params at 140 in ../SRC/LVVEFS_Parser.c
D/LVVE_Engine( 1737): LVVEFS_TRACE: FUNCTION: LVVEFS_CreateParamTable: LVVEFS_ParseFile of TxControl 2 returned successful at 230 in ../SRC/LVVEFS_Params.c
D/LVVE_Engine( 1737): LVVEFS_TRACE: FUNCTION: LVVEFS_ParseFile at 95 in ../SRC/LVVEFS_Parser.c
D/LVVE_Engine( 1737): LVVEFS_TRACE: FUNCTION: LVVEFS_ArgsReadData at 318 in ../SRC/LVVEFS_Args.c
D/LVVE_Engine( 1737): LVVEFS_TRACE: FUNCTION: LVVEFS_ParseFile: Set Tx Control Params at 140 in ../SRC/LVVEFS_Parser.c
D/LVVE_Engine( 1737): LVVEFS_TRACE: FUNCTION: LVVEFS_CreateParamTable: LVVEFS_ParseFile of TxControl 3 returned successful at 230 in ../SRC/LVVEFS_Params.c
D/LVVE_Engine( 1737): LVVEFS_TRACE: FUNCTION: LVVEFS_ParseFile at 95 in ../SRC/LVVEFS_Parser.c
D/LVVE_Engine( 1737): LVVEFS_TRACE: FUNCTION: LVVEFS_ArgsReadData at 318 in ../SRC/LVVEFS_Args.c
D/LVVE_Engine( 1737): LVVEFS_TRACE: FUNCTION: LVVEFS_ParseFile: Set Tx Control Params at 140 in ../SRC/LVVEFS_Parser.c
D/LVVE_Engine( 1737): LVVEFS_TRACE: FUNCTION: LVVEFS_CreateParamTable: LVVEFS_ParseFile of TxControl 4 returned successful at 230 in ../SRC/LVVEFS_Params.c
D/LVVE_Engine( 1737): LVVEFS_TRACE: FUNCTION: LVVEFS_ParseFile at 95 in ../SRC/LVVEFS_Parser.c
D/LVVE_Engine( 1737): LVVEFS_TRACE: FUNCTION: LVVEFS_ArgsReadData at 318 in ../SRC/LVVEFS_Args.c
D/LVVE_Engine( 1737): LVVEFS_TRACE: FUNCTION: LVVEFS_ParseFile: Set Tx Control Params at 140 in ../SRC/LVVEFS_Parser.c
D/LVVE_Engine( 1737): LVVEFS_TRACE: FUNCTION: LVVEFS_CreateParamTable: LVVEFS_ParseFile of TxControl 5 returned successful at 230 in ../SRC/LVVEFS_Params.c
D/LVVE_Engine( 1737): LVVEFS_TRACE: FUNCTION: LVVEFS_ParseFile at 95 in ../SRC/LVVEFS_Parser.c
D/LVVE_Engine( 1737): LVVEFS_TRACE: FUNCTION: LVVEFS_ArgsReadData at 318 in ../SRC/LVVEFS_Args.c
D/LVVE_Engine( 1737): LVVEFS_TRACE: FUNCTION: LVVEFS_ParseFile: Set Tx Control Params at 140 in ../SRC/LVVEFS_Parser.c
D/LVVE_Engine( 1737): LVVEFS_TRACE: FUNCTION: LVVEFS_CreateParamTable: LVVEFS_ParseFile of TxControl 6 returned successful at 230 in ../SRC/LVVEFS_Params.c
D/LVVE_Engine( 1737): LVVEFS_TRACE: FUNCTION: LVVEFS_ParseFile at 95 in ../SRC/LVVEFS_Parser.c
D/LVVE_Engine( 1737): LVVEFS_TRACE: FUNCTION: LVVEFS_ArgsReadData at 318 in ../SRC/LVVEFS_Args.c
D/LVVE_Engine( 1737): LVVEFS_TRACE: FUNCTION: LVVEFS_ParseFile: Set Tx Control Params at 140 in ../SRC/LVVEFS_Parser.c
D/LVVE_Engine( 1737): LVVEFS_TRACE: FUNCTION: LVVEFS_CreateParamTable: LVVEFS_ParseFile of TxControl 7 returned successful at 230 in ../SRC/LVVEFS_Params.c
D/LVVE_Engine( 1737): LVVEFS_TRACE: FUNCTION: LVVEFS_ParseFile at 95 in ../SRC/LVVEFS_Parser.c
D/LVVE_Engine( 1737): LVVEFS_TRACE: FUNCTION: LVVEFS_ArgsReadData at 318 in ../SRC/LVVEFS_Args.c
D/LVVE_Engine( 1737): LVVEFS_TRACE: FUNCTION: LVVEFS_ParseFile: Set Tx Control Params at 140 in ../SRC/LVVEFS_Parser.c
D/LVVE_Engine( 1737): LVVEFS_TRACE: FUNCTION: LVVEFS_CreateParamTable: LVVEFS_ParseFile of TxControl 8 returned successful at 230 in ../SRC/LVVEFS_Params.c
D/LVVE_Engine( 1737): LVVEFS_TRACE: FUNCTION: LVVEFS_ParseFile at 95 in ../SRC/LVVEFS_Parser.c
D/LVVE_Engine( 1737): LVVEFS_TRACE: FUNCTION: LVVEFS_ArgsReadData at 318 in ../SRC/LVVEFS_Args.c
D/LVVE_Engine( 1737): LVVEFS_TRACE: FUNCTION: LVVEFS_ParseFile: Set Tx Control Params at 140 in ../SRC/LVVEFS_Parser.c
E/DataRouter(   99): After the usb select 
E/DataRouter(   99): read usb data[len:1]
E/DataRouter(   99): read usb data message:M
E/DataRouter(   99): Before the usb select 
E/SMD     (  101): ***Received data notification[DR->SMD]***
E/SMD     (  101): Message:M
E/SMD     (  101): Sending data to SMD: Len = [1]
E/SMD     (  101):  buffer = [M]
E/SMD     (  101): Wrote 1 chars to SMD PORT fd=7 ch = 4d
E/SMD     (  101): After the Modem Read select 
E/SMD     (  101): Read 1 chars from SMD Modem file fd = 7
E/SMD     (  101):  Message: M
E/SMD     (  101): +CME ERROR: 4
E/SMD     (  101): unication CO.
E/SMD     (  101): 
E/SMD     (  101): OK
E/SMD     (  101): 
E/SMD     (  101): Before the Modem Read select 
E/DataRouter(   99): [socket:13]******* Received data notification *******
E/DataRouter(   99): [socket:13]read socket data[len:1]
E/DataRouter(   99): [socket:13]read socket data[message:M
E/DataRouter(   99): write [1] bytes of data to USB fd[9]
E/DataRouter(   99): [socket:13]dr_usb_write
D/LVVE_Engine( 1737): LVVEFS_TRACE: FUNCTION: LVVEFS_CreateParamTable: LVVEFS_ParseFile of TxControl 9 returned successful at 230 in ../SRC/LVVEFS_Params.c
D/LVVE_Engine( 1737): LVVEFS_TRACE: FUNCTION: LVVEFS_LVVE_Rx_Create at 410 in ../SRC/LVVEFS_Create.c
D/LVVE_Engine( 1737): LVVEFS_TRACE: FUNCTION: LVVEFS_Fifo_Create: FIFO 0 Malloc alignment at 0x41c30998 at 93 in ../SRC/LVVEFS_Fifo.c
D/LVVE_Engine( 1737): LVVEFS_TRACE: FUNCTION: LVVEFS_Fifo_Create: FIFO 1 Malloc alignment at 0x41c39370 at 93 in ../SRC/LVVEFS_Fifo.c
D/LVVE_Engine( 1737): LVVEFS_TRACE: 		LVVEFS_Rx_Create: pOutSave size is 1280 at 492 in ../SRC/LVVEFS_Create.c
D/LVVE_Engine( 1737): LVVEFS_TRACE: LVVEFS_LVVE_Rx_Create: successfully called LVVE_Rx_GetMemoryTable at 524 in ../SRC/LVVEFS_Create.c
D/LVVE_Engine( 1737): LVVEFS_TRACE: LVVEFS_LVVE_Rx_Create: successfully called LVVE_Rx_GetInstanceHandle at 545 in ../SRC/LVVEFS_Create.c
D/LVVE_Engine( 1737): LVVEFS_TRACE: LVVEFS_LVVE_Rx_Create: successfully called LVVE_Rx_GetMemoryTable at 524 in ../SRC/LVVEFS_Create.c
D/LVVE_Engine( 1737): LVVEFS_TRACE: LVVEFS_LVVE_Rx_Create: successfully called LVVE_Rx_GetInstanceHandle at 545 in ../SRC/LVVEFS_Create.c
D/LVVE_Engine( 1737): LVVEFS_TRACE: FUNCTION: LVVEFS_LVVE_Tx_Create at 600 in ../SRC/LVVEFS_Create.c
D/LVVE_Engine( 1737): LVVEFS_TRACE: FUNCTION: LVVEFS_LVVE_Tx_Create: LVVE Version is LVVE_3.18.03 at 608 in ../SRC/LVVEFS_Create.c
D/LVVE_Engine( 1737): LVVEFS_TRACE: FUNCTION: LVVEFS_Fifo_Create: FIFO 2 Malloc alignment at 0x41abc008 at 93 in ../SRC/LVVEFS_Fifo.c
D/LVVE_Engine( 1737): LVVEFS_TRACE: FUNCTION: LVVEFS_Fifo_Create: FIFO 0 Malloc alignment at 0x41d5a008 at 93 in ../SRC/LVVEFS_Fifo.c
D/LVVE_Engine( 1737): LVVEFS_TRACE: FUNCTION: LVVEFS_Fifo_Create: FIFO 1 Malloc alignment at 0x41e3f008 at 93 in ../SRC/LVVEFS_Fifo.c
D/LVVE_Engine( 1737): LVVEFS_TRACE: 		LVVEFS_Tx_Create: pOutSave size is 1280 at 689 in ../SRC/LVVEFS_Create.c
D/LVVE_Engine( 1737): LVVEFS_TRACE: FUNCTION: LVVEFS_LVVE_Tx_Create: successfully called LVVE_Tx_GetMemoryTable at 721 in ../SRC/LVVEFS_Create.c
D/LVVE_Engine( 1737): LVVEFS_TRACE: FUNCTION: LVVEFS_LVVE_Tx_Create: successfully called LVVE_Tx_GetInstanceHandle at 742 in ../SRC/LVVEFS_Create.c
D/LVVE_Engine( 1737): LVVEFS_TRACE: FUNCTION: LVVEFS_LVVE_Tx_Create: successfully called LVVE_Tx_GetMemoryTable at 721 in ../SRC/LVVEFS_Create.c
D/LVVE_Engine( 1737): LVVEFS_TRACE: FUNCTION: LVVEFS_LVVE_Tx_Create: successfully called LVVE_Tx_GetInstanceHandle at 742 in ../SRC/LVVEFS_Create.c
D/LVVE_Engine( 1737): LVVEFS_TRACE: FUNCTION: LVVEFS_Fifo_Create: FIFO 4 Malloc alignment at 0x41d64a28 at 93 in ../SRC/LVVEFS_Fifo.c
D/LVVE_Engine( 1737): LVVEFS_TRACE: LVVEFS_Rx_Command, CmdCode=[3] at 82 in ../SRC/LVVEFS_Command.c
D/LVVE_Engine( 1737): LVVEFS_TRACE: LVVEFS_Rx_Command: LVVEFS_COMMAND_SET_PARAM: Mute=[0], VoiceMode=[1] at 235 in ../SRC/LVVEFS_Command.c
D/LVVE_Engine( 1737): LVVEFS_TRACE: LVVEFS_Tx_Command, CmdCode=[3] at 364 in ../SRC/LVVEFS_Command.c
D/LVVE_Engine( 1737): LVVEFS_TRACE: LVVEFS_Tx_Command: LVVEFS_COMMAND_SET_PARAM: Mute=[0], VoiceMode=[1] at 523 in ../SRC/LVVEFS_Command.c
D/LVVE_Engine( 1737): LVVEFS_TRACE: LVVEFS_Rx_Command, CmdCode=[5] at 82 in ../SRC/LVVEFS_Command.c
D/LVVE_Engine( 1737): LVVEFS_TRACE: LVVEFS_Rx_Command: LVVEFS_COMMAND_SET_DEVICE: NewDevice=[1], OldDevice=[-1] at 308 in ../SRC/LVVEFS_Command.c
D/LVVE_Engine( 1737): LVVEFS_TRACE: LVVEFS_Tx_Command, CmdCode=[5] at 364 in ../SRC/LVVEFS_Command.c
D/LVVE_Engine( 1737): LVVEFS_TRACE: LVVEFS_Tx_Command: LVVEFS_COMMAND_SET_DEVICE: NewDevice=[1], OldDevice=[-1] at 597 in ../SRC/LVVEFS_Command.c
D/LVVE_Engine( 1737): LVVEFS_TRACE: LVVEFS_Rx_Command, CmdCode=[6] at 82 in ../SRC/LVVEFS_Command.c
D/LVVE_Engine( 1737): LVVEFS_TRACE: LVVEFS_Rx_Command: LVVEFS_COMMAND_SET_VOLUME: NewVolumeLevel=[16777216], OldVolumeLevel=[-1] at 326 in ../SRC/LVVEFS_Command.c
D/LVVE_Engine( 1737): LVVEFS_TRACE: LVVEFS_Rx_ApplyReset: Reset of the instance at 204 in ../SRC/LVVEFS_Reset.c
D/LVVE_Engine( 1737): LVVEFS_TRACE: LVVEFS_Rx_ApplyReset: InBuffer alignment 0x41c2c8bc at 219 in ../SRC/LVVEFS_Reset.c
D/LVVE_Engine( 1737): LVVEFS_TRACE: LVVEFS_Rx_ApplyReset: OutBuffer alignment 0x41c2e6bc at 220 in ../SRC/LVVEFS_Reset.c
D/LVVE_Engine( 1737): LVVEFS_TRACE: LVVEFS_Tx_ApplyRefReset: Reset of the reference buffer at 166 in ../SRC/LVVEFS_Reset.c
D/LVVE_Engine( 1737): LVVEFS_TRACE: LVVEFS_Tx_ApplyReset: Reset of the instance at 93 in ../SRC/LVVEFS_Reset.c
D/LVVE_Engine( 1737): LVVEFS_TRACE: LVVEFS_Tx_ApplyReset: InBuffer0 alignment 0x41c507d0 at 109 in ../SRC/LVVEFS_Reset.c
D/LVVE_Engine( 1737): LVVEFS_TRACE: LVVEFS_Tx_ApplyReset: InBuffer1 alignment 0x41c525d0 at 110 in ../SRC/LVVEFS_Reset.c
D/LVVE_Engine( 1737): LVVEFS_TRACE: LVVEFS_Tx_ApplyReset: OutBuffer alignment 0x41c543d0 at 111 in ../SRC/LVVEFS_Reset.c
D/LVVE_Engine( 1737): LVVEFS_TRACE: LVVEFS_Tx_ApplyReset: RefBuffer alignment 0x41c561d0 at 112 in ../SRC/LVVEFS_Reset.c
D/LVVE_Engine( 1737): LVVEFS_TRACE: LVVEFS_Rx_Command, CmdCode=[2] at 82 in ../SRC/LVVEFS_Command.c
D/LVVE_Engine( 1737): LVVEFS_TRACE: LVVEFS_Rx_Command: LVVEFS_COMMAND_SET_CAPABILITIES: new=[65535], old=[65535] at 216 in ../SRC/LVVEFS_Command.c
D/LVVE_Engine( 1737): LVVEFS_TRACE: LVVEFS_Tx_Command, CmdCode=[2] at 364 in ../SRC/LVVEFS_Command.c
D/LVVE_Engine( 1737): LVVEFS_TRACE: LVVEFS_Tx_Command: LVVEFS_COMMAND_SET_CAPABILITIES: new=[65535], old=[65535] at 505 in ../SRC/LVVEFS_Command.c
D/LVVE_Engine( 1737): LVVEFS_TRACE: LVVEFS_Tx_Command, CmdCode=[3] at 364 in ../SRC/LVVEFS_Command.c
D/LVVE_Engine( 1737): LVVEFS_TRACE: LVVEFS_Tx_Command: LVVEFS_COMMAND_SET_PARAM: Mute=[0], VoiceMode=[1] at 523 in ../SRC/LVVEFS_Command.c
D/LVVE_Engine( 1737): LVVEFS_TRACE: LVVEFS_Rx_Command, CmdCode=[6] at 82 in ../SRC/LVVEFS_Command.c
D/LVVE_Engine( 1737): LVVEFS_TRACE: LVVEFS_Rx_Command: LVVEFS_COMMAND_SET_VOLUME: NewVolumeLevel=[0], OldVolumeLevel=[-1] at 326 in ../SRC/LVVEFS_Command.c
D/LVVE_Engine( 1737): LVVEFS_TRACE: LVVEFS_Rx_Command, CmdCode=[3] at 82 in ../SRC/LVVEFS_Command.c
D/LVVE_Engine( 1737): LVVEFS_TRACE: LVVEFS_Rx_Command: LVVEFS_COMMAND_SET_PARAM: Mute=[0], VoiceMode=[1] at 235 in ../SRC/LVVEFS_Command.c
D/LVVE_Engine( 1737): LVVE_Engine::setDebugMode(): debugMode=[1]
D/LVVE_Engine( 1737): LVVE_Engine::setMode(): mode=[0]
W/audio_hw_primary( 1737): s_vbpipe_fd(17) open successfully.
W/audio_hw_primary( 1737): looping now...
W/audio_hw_primary( 1737): adev_init_check
I/AudioFlinger( 1737): loadHwModule() Loaded primary audio interface from Spreadtrum Audio HW HAL (audio) handle 1
V/AudioFlinger( 1737): openOutput(), module 1 Device 2, SamplingRate 44100, Format 1, Channels 3, flags 2
I/audio_hw_primary( 1737): adev_open_output_stream, devices=2
I/audio_hw_primary( 1737): stream_routing_thread looping now...
I/wrap_soundbooster( 1737): [wrap_soundbooster] CreateSoundBooster entered
I/wrap_soundbooster( 1737): [wrap_soundbooster] SoundBoosterInit entered
D/SoundBooster( 1737): SoundBoosterInit(): sampleRate=44100
D/LVVE_Engine( 1737): LVVEFS_TRACE: LVVEFS_Rx_Command, CmdCode=[1] at 82 in ../SRC/LVVEFS_Command.c
D/LVVE_Engine( 1737): LVVEFS_TRACE: LVVEFS_Rx_Command: LVVEFS_COMMAND_RESET at 204 in ../SRC/LVVEFS_Command.c
D/LVVE_Engine( 1737): LVVEFS_Rx_Command LVVEFS_COMMAND_RESET returns success
I/audio_hw_primary( 1737): Successful, adev_open_output_stream
V/AudioFlinger( 1737): openOutput() openOutputStream returned output 0x41c12f20, SamplingRate 44100, Format 1, Channels 3, status 0
I/audio_hw_primary( 1737): out_get_buffer_size: size=960, frame_size=4, return 3840
I/AudioFlinger( 1737): HAL output buffer size 960 frames, normal mix buffer size 960 frames
V/AudioFlinger( 1737): MixerThread() id=2 device=2 type=0
V/AudioFlinger( 1737): mSampleRate=44100, mChannelMask=3, mChannelCount=2, mFormat=1, mFrameSize=4, mFrameCount=960, mNormalFrameCount=960
I/AudioMixer( 1737): found effect "Multichannel Downmix To Stereo" from The Android Open Source Project
I/audio_hw_primary( 1737): out_get_buffer_size: size=960, frame_size=4, return 3840
W/AudioFlinger( 1737): Scheduling Policy Service is not published, FastMixer init will be skipped
V/AudioFlinger( 1737): openOutput() created mixer output: ID 2 thread 0x42824008
V/AudioFlinger( 1737): PlaybackThread::audioConfigChanged_l, thread 0x42824008, event 0, param 0
I/AudioFlinger( 1737): Using module 1 has the primary audio interface
I/audio_hw_primary( 1737): adev_set_mode, mode=0
I/audio_hw_primary( 1737): adev_set_mode,the same mode(0)
W/audio_hw_primary( 1737): adev_set_master_volume in...devices:0x2 ,volume:1.000000 
W/audio_hw_primary( 1737): GetAudio_pga_nv, dac_pga_gain_l:0xa0 adc_pga_gain_l:0x9510 fm_pga_gain_l:0xff fm_pga_gain_r:0xff device:0x2 vol_level:0x1 
D/audio_pga( 1737): 'speaker-l' apply
I/audio_pga( 1737): 'Master Playback Volume' set to 15
I/AudioFlinger( 1737): AudioFlinger's thread 0x42824008 ready to run
W/AudioFlinger( 1737): Thread AudioOut_2 cannot connect to the power manager service
V/AudioFlinger( 1737): Audio hardware entering standby, mixer 0x42824008, suspend count 0
V/AudioFlinger( 1737): thread 0x42824008 type 0 TID 1825 going to sleep
E/BandwidthController( 1738): runIptablesCmd(): failed /system/bin/iptables -t raw -N bw_raw_PREROUTING res=256
I/audio_pga( 1737): 'Inter PA Playback Volume' set to 10
I/audio_pga( 1737): 'VBC DACL DG Set' set to 0
E/BandwidthController( 1738): runIptablesCmd(): failed /system/bin/ip6tables -t raw -N bw_raw_PREROUTING res=256
I/audio_pga( 1737): 'VBC DACL DG Switch' set to 0
D/audio_pga( 1737): 'speaker-r' apply
I/audio_pga( 1737): 'Master Playback Volume' set to 15
I/audio_pga( 1737): 'Inter PA Playback Volume' set to 10
I/audio_pga( 1737): 'VBC DACR DG Set' set to 0
E/DataRouter(   99): After the usb select 
E/DataRouter(   99): read usb data[len:1]
E/DataRouter(   99): read usb data message:
E/DataRouter(   99): Before the usb select 
E/SMD     (  101): ***Received data notification[DR->SMD]***
E/SMD     (  101): Message:
E/SMD     (  101): Sending data to SMD: Len = [1]
E/SMD     (  101):  buffer = []
E/SMD     (  101): Wrote 1 chars to SMD PORT fd=7 ch = d
E/SMD     (  101): After the Modem Read select 
E/SMD     (  101): Read 1 chars from SMD Modem file fd = 7
E/SMD     (  101):  Message: 
E/SMD     (  101): +CME ERROR: 4
E/SMD     (  101): unication CO.
E/SMD     (  101): 
E/SMD     (  101): OK
E/SMD     (  101): 
E/SMD     (  101): Before the Modem Read select 
E/DataRouter(   99): [socket:13]******* Received data notification *******
E/DataRouter(   99): [socket:13]read socket data[len:1]
E/DataRouter(   99): [socket:13]read socket data[message:
E/DataRouter(   99): write [1] bytes of data to USB fd[9]
E/DataRouter(   99): [socket:13]dr_usb_write
I/audio_pga( 1737): 'VBC DACR DG Switch' set to 0
D/SPRDENG (  175): eng_servermodem_comm: use SIM1 /dev/CHNPTY13
D/SPRDENG (  175): AT > AT+CGMM
D/SPRDENG (  175): 41
D/SPRDENG (  175): 54
D/SPRDENG (  175): 2b
D/SPRDENG (  175): 43
D/SPRDENG (  175): 47
D/SPRDENG (  175): 4d
D/SPRDENG (  175): 4d
D/SPRDENG (  175): d
D/SPRDENG (  175): eng_modem2server: use SIM1 /dev/CHNPTY13
D/SPRDENG (  175): AT < 
D/SPRDENG (  175): V1.0.1-B7
D/SPRDENG (  175): 
D/SPRDENG (  175): OK
D/SPRDENG (  175): 
E/SMD     (  101): After the Modem Read select 
E/SMD     (  101): Read 19 chars from SMD Modem file fd = 7
E/SMD     (  101):  Message: 
E/SMD     (  101): V1.0.1-B7
E/SMD     (  101): 
E/SMD     (  101): OK
E/SMD     (  101): ication CO.
E/SMD     (  101): 
E/SMD     (  101): OK
E/SMD     (  101): 
E/SMD     (  101): Before the Modem Read select 
E/DataRouter(   99): [socket:13]******* Received data notification *******
E/DataRouter(   99): [socket:13]read socket data[len:19]
E/DataRouter(   99): [socket:13]read socket data[message:
E/DataRouter(   99): V1.0.1-B7
E/DataRouter(   99): 
E/DataRouter(   99): OK
E/DataRouter(   99): 
E/DataRouter(   99): write [19] bytes of data to USB fd[9]
E/DataRouter(   99): [socket:13]dr_usb_write
W/audio_hw_primary( 1737): SetAudio_gain_by_devices out, devices:0x2 
V/AudioPolicyManagerBase( 1737): setOutputDevice() output 2 device 0002 force 1 delayMs 0 
V/AudioPolicyManagerBase( 1737): setOutputDevice() prevDevice 0002
V/AudioPolicyManagerBase( 1737): setOutputDevice() changing device(0x2)
V/AudioFlinger( 1737): setParameters(): io 2, keyvalue routing=2, tid 1794, calling pid 1737
V/AudioFlinger( 1737): ThreadBase::setParameters() routing=2
V/AudioFlinger( 1737): thread 0x42824008 type 0 TID 1825 waking up
W/AudioFlinger( 1737): Thread AudioOut_2 cannot connect to the power manager service
I/audio_hw_primary( 1737): out_set_parameters, kvpairs=routing=2 devices:0x2 mode:0 
W/audio_hw_primary( 1737): [out_set_parameters],after str_parms_get_str,val(0x2) 
W/audio_hw_primary( 1737): [out_set_parameters out]devices(0x2) with mIsRouteActive(0) ...
W/audio_hw_primary( 1737): the same devices(0x2) with val(0x2) val is zero...
W/audio_hw_primary( 1737): out_set_parameters out...call_start:0
I/audio_hw_primary( 1737): adev_set_voice_volume in...volume:0.000000 mode:0 call_start:0 
E/AudioPolicyManagerBase( 1737): stream type [13], return media stratege
E/AudioPolicyManagerBase( 1737): stream type [14], return media stratege
E/AudioPolicyManagerBase( 1737): stream type [15], return media stratege
E/AudioPolicyManagerBase( 1737): stream type [13], return media stratege
E/AudioPolicyManagerBase( 1737): stream type [14], return media stratege
E/AudioPolicyManagerBase( 1737): stream type [15], return media stratege
E/AudioPolicyManagerBase( 1737): stream type [13], return media stratege
E/AudioPolicyManagerBase( 1737): stream type [14], return media stratege
E/AudioPolicyManagerBase( 1737): stream type [15], return media stratege
E/AudioPolicyManagerBase( 1737): stream type [13], return media stratege
E/AudioPolicyManagerBase( 1737): stream type [14], return media stratege
E/AudioPolicyManagerBase( 1737): stream type [15], return media stratege
E/AudioPolicyManagerBase( 1737): stream type [13], return media stratege
E/AudioPolicyManagerBase( 1737): stream type [14], return media stratege
E/AudioPolicyManagerBase( 1737): stream type [15], return media stratege
E/AudioPolicyManagerBase( 1737): stream type [13], return media stratege
E/AudioPolicyManagerBase( 1737): stream type [14], return media stratege
E/AudioPolicyManagerBase( 1737): stream type [15], return media stratege
V/AudioPolicyManagerBase( 1737): getNewDevice() selected device 0
V/AudioPolicyManagerBase( 1737): checkAndSetVolume() cannot set stream 6 volume with force use = 0 for comm
I/AudioFlinger( 1737): loadHwModule() Loaded a2dp audio interface from A2DP Audio HW HAL (audio) handle 3
E/DataRouter(   99): After the usb select 
E/DataRouter(   99): read usb data[len:1]
E/DataRouter(   99): read usb data message:A
E/DataRouter(   99): Before the usb select 
E/SMD     (  101): ***Received data notification[DR->SMD]***
E/SMD     (  101): Message:A
E/SMD     (  101): Sending data to SMD: Len = [1]
E/SMD     (  101):  buffer = [A]
E/SMD     (  101): Wrote 1 chars to SMD PORT fd=7 ch = 41
E/SMD     (  101): After the Modem Read select 
E/SMD     (  101): Read 1 chars from SMD Modem file fd = 7
E/SMD     (  101):  Message: A
E/SMD     (  101): V1.0.1-B7
E/SMD     (  101): 
E/SMD     (  101): OK
E/SMD     (  101): ication CO.
E/SMD     (  101): 
E/SMD     (  101): OK
E/SMD     (  101): 
E/SMD     (  101): Before the Modem Read select 
E/DataRouter(   99): [socket:13]******* Received data notification *******
E/DataRouter(   99): [socket:13]read socket data[len:1]
E/DataRouter(   99): [socket:13]read socket data[message:A
E/DataRouter(   99): write [1] bytes of data to USB fd[9]
E/DataRouter(   99): [socket:13]dr_usb_write
E/DataRouter(   99): After the usb select 
E/DataRouter(   99): read usb data[len:1]
E/DataRouter(   99): read usb data message:T
E/DataRouter(   99): Before the usb select 
E/SMD     (  101): ***Received data notification[DR->SMD]***
E/SMD     (  101): Message:T
E/SMD     (  101): Sending data to SMD: Len = [1]
E/SMD     (  101):  buffer = [T]
E/SMD     (  101): Wrote 1 chars to SMD PORT fd=7 ch = 54
E/SMD     (  101): After the Modem Read select 
E/SMD     (  101): Read 1 chars from SMD Modem file fd = 7
E/SMD     (  101):  Message: T
E/SMD     (  101): V1.0.1-B7
E/SMD     (  101): 
E/SMD     (  101): OK
E/SMD     (  101): ication CO.
E/SMD     (  101): 
E/SMD     (  101): OK
E/SMD     (  101): 
E/SMD     (  101): Before the Modem Read select 
E/DataRouter(   99): [socket:13]******* Received data notification *******
E/DataRouter(   99): [socket:13]read socket data[len:1]
E/DataRouter(   99): [socket:13]read socket data[message:T
E/DataRouter(   99): write [1] bytes of data to USB fd[9]
E/DataRouter(   99): [socket:13]dr_usb_write
E/DataRouter(   99): After the usb select 
E/DataRouter(   99): read usb data[len:1]
E/DataRouter(   99): read usb data message:E
E/DataRouter(   99): Before the usb select 
E/SMD     (  101): ***Received data notification[DR->SMD]***
E/SMD     (  101): Message:E
E/SMD     (  101): Sending data to SMD: Len = [1]
E/SMD     (  101):  buffer = [E]
E/SMD     (  101): Wrote 1 chars to SMD PORT fd=7 ch = 45
E/SMD     (  101): After the Modem Read select 
E/SMD     (  101): Read 1 chars from SMD Modem file fd = 7
E/SMD     (  101):  Message: E
E/SMD     (  101): V1.0.1-B7
E/SMD     (  101): 
E/SMD     (  101): OK
E/SMD     (  101): ication CO.
E/SMD     (  101): 
E/SMD     (  101): OK
E/SMD     (  101): 
E/SMD     (  101): Before the Modem Read select 
E/DataRouter(   99): [socket:13]******* Received data notification *******
E/DataRouter(   99): [socket:13]read socket data[len:1]
E/DataRouter(   99): [socket:13]read socket data[message:E
E/DataRouter(   99): write [1] bytes of data to USB fd[9]
E/DataRouter(   99): [socket:13]dr_usb_write
E/AudioFlinger( 1737): int android::load_audio_interface(char const*, audio_hw_device_t**) couldn't load audio hw module audio.usb (No such file or directory)
I/AudioFlinger( 1737): loadHwModule() error -2 loading module usb 
W/AudioPolicyManagerBase( 1737): could not open HW module usb
E/DataRouter(   99): After the usb select 
E/DataRouter(   99): read usb data[len:1]
E/DataRouter(   99): read usb data message:0
E/DataRouter(   99): Before the usb select 
E/SMD     (  101): ***Received data notification[DR->SMD]***
E/SMD     (  101): Message:0
E/SMD     (  101): Sending data to SMD: Len = [1]
E/SMD     (  101):  buffer = [0]
E/SMD     (  101): Wrote 1 chars to SMD PORT fd=7 ch = 30
E/SMD     (  101): After the Modem Read select 
E/SMD     (  101): Read 1 chars from SMD Modem file fd = 7
E/SMD     (  101):  Message: 0
E/SMD     (  101): V1.0.1-B7
E/SMD     (  101): 
E/SMD     (  101): OK
E/SMD     (  101): ication CO.
E/SMD     (  101): 
E/SMD     (  101): OK
E/SMD     (  101): 
E/SMD     (  101): Before the Modem Read select 
E/DataRouter(   99): [socket:13]******* Received data notification *******
E/DataRouter(   99): [socket:13]read socket data[len:1]
E/DataRouter(   99): [socket:13]read socket data[message:0
E/DataRouter(   99): write [1] bytes of data to USB fd[9]
E/DataRouter(   99): [socket:13]dr_usb_write
E/DataRouter(   99): After the usb select 
E/DataRouter(   99): read usb data[len:1]
E/DataRouter(   99): read usb data message:
E/DataRouter(   99): Before the usb select 
E/SMD     (  101): ***Received data notification[DR->SMD]***
E/SMD     (  101): Message:
E/SMD     (  101): Sending data to SMD: Len = [1]
E/SMD     (  101):  buffer = []
E/SMD     (  101): Wrote 1 chars to SMD PORT fd=7 ch = d
E/SMD     (  101): After the Modem Read select 
E/SMD     (  101): Read 1 chars from SMD Modem file fd = 7
E/SMD     (  101):  Message: 
E/SMD     (  101): V1.0.1-B7
E/SMD     (  101): 
E/SMD     (  101): OK
E/SMD     (  101): ication CO.
E/SMD     (  101): 
E/SMD     (  101): OK
E/SMD     (  101): 
E/SMD     (  101): Before the Modem Read select 
E/DataRouter(   99): [socket:13]******* Received data notification *******
E/DataRouter(   99): [socket:13]read socket data[len:1]
E/DataRouter(   99): [socket:13]read socket data[message:
E/DataRouter(   99): write [1] bytes of data to USB fd[9]
E/DataRouter(   99): [socket:13]dr_usb_write
D/SPRDENG (  175): eng_servermodem_comm: use SIM1 /dev/CHNPTY13
D/SPRDENG (  175): AT > ATE0
D/SPRDENG (  175): 41
D/SPRDENG (  175): 54
D/SPRDENG (  175): 45
D/SPRDENG (  175): 30
D/SPRDENG (  175): d
D/SPRDENG (  175): eng_modem2server: use SIM1 /dev/CHNPTY13
D/SPRDENG (  175): AT < 
D/SPRDENG (  175): OK
D/SPRDENG (  175): 
E/SMD     (  101): After the Modem Read select 
E/SMD     (  101): Read 6 chars from SMD Modem file fd = 7
E/SMD     (  101):  Message: 
E/SMD     (  101): OK
E/SMD     (  101): .1-B7
E/SMD     (  101): 
E/SMD     (  101): OK
E/SMD     (  101): ication CO.
E/SMD     (  101): 
E/SMD     (  101): OK
E/SMD     (  101): 
E/SMD     (  101): Before the Modem Read select 
E/DataRouter(   99): [socket:13]******* Received data notification *******
E/DataRouter(   99): [socket:13]read socket data[len:6]
E/DataRouter(   99): [socket:13]read socket data[message:
E/DataRouter(   99): OK
E/DataRouter(   99): 
E/DataRouter(   99): write [6] bytes of data to USB fd[9]
E/DataRouter(   99): [socket:13]dr_usb_write
E/DataRouter(   99): After the usb select 
E/DataRouter(   99): read usb data[len:1]
E/DataRouter(   99): read usb data message:A
E/DataRouter(   99): Before the usb select 
E/SMD     (  101): ***Received data notification[DR->SMD]***
E/SMD     (  101): Message:A
E/SMD     (  101): Sending data to SMD: Len = [1]
E/SMD     (  101):  buffer = [A]
E/SMD     (  101): Wrote 1 chars to SMD PORT fd=7 ch = 41
E/SMD     (  101): After the Modem Read select 
E/SMD     (  101): Read 1 chars from SMD Modem file fd = 7
E/SMD     (  101):  Message: A
E/SMD     (  101): OK
E/SMD     (  101): .1-B7
E/SMD     (  101): 
E/SMD     (  101): OK
E/SMD     (  101): ication CO.
E/SMD     (  101): 
E/SMD     (  101): OK
E/SMD     (  101): 
E/SMD     (  101): Before the Modem Read select 
E/DataRouter(   99): [socket:13]******* Received data notification *******
E/DataRouter(   99): [socket:13]read socket data[len:1]
E/DataRouter(   99): [socket:13]read socket data[message:A
E/DataRouter(   99): write [1] bytes of data to USB fd[9]
E/DataRouter(   99): [socket:13]dr_usb_write
E/DataRouter(   99): After the usb select 
E/DataRouter(   99): read usb data[len:1]
E/DataRouter(   99): read usb data message:T
E/DataRouter(   99): Before the usb select 
E/SMD     (  101): ***Received data notification[DR->SMD]***
E/SMD     (  101): Message:T
E/SMD     (  101): Sending data to SMD: Len = [1]
E/SMD     (  101):  buffer = [T]
E/SMD     (  101): Wrote 1 chars to SMD PORT fd=7 ch = 54
E/SMD     (  101): After the Modem Read select 
E/SMD     (  101): Read 1 chars from SMD Modem file fd = 7
E/SMD     (  101):  Message: T
E/SMD     (  101): OK
E/SMD     (  101): .1-B7
E/SMD     (  101): 
E/SMD     (  101): OK
E/SMD     (  101): ication CO.
E/SMD     (  101): 
E/SMD     (  101): OK
E/SMD     (  101): 
E/SMD     (  101): Before the Modem Read select 
E/DataRouter(   99): [socket:13]******* Received data notification *******
E/DataRouter(   99): [socket:13]read socket data[len:1]
E/DataRouter(   99): [socket:13]read socket data[message:T
E/DataRouter(   99): write [1] bytes of data to USB fd[9]
E/DataRouter(   99): [socket:13]dr_usb_write
E/DataRouter(   99): After the usb select 
E/DataRouter(   99): read usb data[len:1]
E/DataRouter(   99): read usb data message:V
E/DataRouter(   99): Before the usb select 
