--------- beginning of /dev/log/system
D/WindowManager(  459): mInputFocus is not null.
D/WindowManager(  459): mInputFocus is not null.
D/STATUSBAR-StatusBarManagerService(  459): manageDisableList what=0x0 pkg=system
D/STATUSBAR-StatusBarManagerService(  459): manageDisableList what=0x0 pkg=android
D/WindowManager(  459): mInputFocus is not null.
D/STATUSBAR-StatusBarManagerService(  459): manageDisableList what=0x0 pkg=system
D/STATUSBAR-StatusBarManagerService(  459): manageDisableList what=0x0 pkg=android
D/WindowManager(  459): mInputFocus is not null.
D/STATUSBAR-StatusBarManagerService(  459): manageDisableList what=0x0 pkg=system
D/STATUSBAR-StatusBarManagerService(  459): manageDisableList what=0x0 pkg=android
D/WindowManager(  459): mInputFocus is not null.
D/WindowManager(  459): mInputFocus is not null.
D/WindowManager(  459): mInputFocus is not null.
D/STATUSBAR-StatusBarManagerService(  459): manageDisableList what=0x0 pkg=system
D/STATUSBAR-StatusBarManagerService(  459): manageDisableList what=0x0 pkg=android
D/WindowManager(  459): mInputFocus is not null.
D/STATUSBAR-StatusBarManagerService(  459): manageDisableList what=0x0 pkg=system
D/STATUSBAR-StatusBarManagerService(  459): manageDisableList what=0x0 pkg=android
D/WindowManager(  459): mInputFocus is not null.
D/STATUSBAR-StatusBarManagerService(  459): manageDisableList what=0x0 pkg=system
D/STATUSBAR-StatusBarManagerService(  459): manageDisableList what=0x0 pkg=android
D/STATUSBAR-StatusBarManagerService(  459): setSystemUiVisibility(0x0)
D/STATUSBAR-StatusBarManagerService(  459): manageDisableList what=0x0 pkg=WindowManager.LayoutParams
D/PhoneStatusBar(  761): disable: < expand icons alerts ticker* system_info back home recent clock >
W/PowerManagerService(  459): Timer 0x3->0x3|0x0
D/STATUSBAR-StatusBarManagerService(  459): manageDisableList what=0x0 pkg=system
D/STATUSBAR-StatusBarManagerService(  459): manageDisableList what=0x0 pkg=android
D/STATUSBAR-StatusBarManagerService(  459): manageDisableList what=0x0 pkg=system
D/STATUSBAR-StatusBarManagerService(  459): manageDisableList what=0x0 pkg=android
D/STATUSBAR-StatusBarManagerService(  459): manageDisableList what=0x0 pkg=system
D/STATUSBAR-StatusBarManagerService(  459): manageDisableList what=0x0 pkg=android
D/STATUSBAR-StatusBarManagerService(  459): manageDisableList what=0x0 pkg=system
D/STATUSBAR-StatusBarManagerService(  459): manageDisableList what=0x0 pkg=android
D/STATUSBAR-StatusBarManagerService(  459): manageDisableList what=0x0 pkg=system
D/STATUSBAR-StatusBarManagerService(  459): manageDisableList what=0x0 pkg=android
D/STATUSBAR-StatusBarManagerService(  459): manageDisableList what=0x0 pkg=system
D/STATUSBAR-StatusBarManagerService(  459): manageDisableList what=0x0 pkg=android
D/MediaProvider(  992): bulkInsert started
W/MediaProvider(  992): DB operation to unknown
D/MediaProvider(  992): bulkInsert finished
D/MediaProvider(  992): bulkInsert started
W/MediaProvider(  992): DB operation to unknown
D/WindowManager(  459): mInputFocus is not null.
D/STATUSBAR-StatusBarManagerService(  459): manageDisableList what=0x0 pkg=android
D/WindowManager(  459): mInputFocus is not null.
D/WindowManager(  459): mInputFocus is not null.
D/StatusBar.NetworkController(  761): updateTelephonySignalStrength: mSignalStrength == 20(GSM) 16(CDMA) 97(LTE)
D/WindowManager(  459): mInputFocus is not null.
D/STATUSBAR-StatusBarManagerService(  459): manageDisableList what=0x0 pkg=android
D/STATUSBAR-StatusBarManagerService(  459): setSystemUiVisibility(0x0)
D/STATUSBAR-StatusBarManagerService(  459): manageDisableList what=0x0 pkg=WindowManager.LayoutParams
D/STATUSBAR-StatusBarManagerService(  459): manageDisableList what=0x0 pkg=android
D/STATUSBAR-StatusBarManagerService(  459): manageDisableList what=0x0 pkg=system
D/STATUSBAR-StatusBarManagerService(  459): manageDisableList what=0x0 pkg=android
D/STATUSBAR-StatusBarManagerService(  459): manageDisableList what=0x0 pkg=system
D/STATUSBAR-StatusBarManagerService(  459): manageDisableList what=0x0 pkg=android
D/STATUSBAR-StatusBarManagerService(  459): manageDisableList what=0x0 pkg=system
D/STATUSBAR-StatusBarManagerService(  459): manageDisableList what=0x0 pkg=android
W/PowerManagerService(  459): Timer 0x3->0x3|0x0
D/MediaProvider(  992): bulkInsert finished
D/STATUSBAR-StatusBarManagerService(  459): manageDisableList what=0x0 pkg=system
D/STATUSBAR-StatusBarManagerService(  459): manageDisableList what=0x0 pkg=android
D/STATUSBAR-StatusBarManagerService(  459): manageDisableList what=0x0 pkg=system
D/STATUSBAR-StatusBarManagerService(  459): manageDisableList what=0x0 pkg=android
D/STATUSBAR-StatusBarManagerService(  459): manageDisableList what=0x0 pkg=system
D/STATUSBAR-StatusBarManagerService(  459): manageDisableList what=0x0 pkg=android
V/WindowManager(  459): rotationForOrientationLw(orient=1, last=0); user=0  mLidState=-1 mCoverState=-1 mDockMode=0 mHdmiPlugged=false mAccelerometerDefault=false sensorRotation=-1
D/WindowManager(  459): mInputFocus is not null.
D/STATUSBAR-StatusBarManagerService(  459): manageDisableList what=0x0 pkg=android
D/WindowManager(  459): mInputFocus is not null.
D/WindowManager(  459): mInputFocus is not null.
D/STATUSBAR-StatusBarManagerService(  459): setSystemUiVisibility(0x0)
D/STATUSBAR-StatusBarManagerService(  459): manageDisableList what=0x0 pkg=WindowManager.LayoutParams
W/BackupManagerService(  459): dataChanged but no participant pkg='com.android.providers.settings' uid=9801
D/PowerManagerService(  459): setScreenOffTimeouts mKeylightDelay=1500 mDimDelay=51500 mScreenOffDelay=7000 mDimScreen=true
D/STATUSBAR-StatusBarManagerService(  459): manageDisableList what=0x0 pkg=android
D/StatusBar.NetworkController(  761): updateTelephonySignalStrength: mSignalStrength == 19(GSM) 16(CDMA) 97(LTE)
W/PowerManagerService(  459): Timer 0x3->0x3|0x0
D/STATUSBAR-StatusBarManagerService(  459): manageDisableList what=0x0 pkg=android
D/STATUSBAR-StatusBarManagerService(  459): manageDisableList what=0x0 pkg=android
D/STATUSBAR-StatusBarManagerService(  459): manageDisableList what=0x0 pkg=android
D/STATUSBAR-StatusBarManagerService(  459): manageDisableList what=0x0 pkg=system
D/STATUSBAR-StatusBarManagerService(  459): manageDisableList what=0x0 pkg=android
D/STATUSBAR-StatusBarManagerService(  459): manageDisableList what=0x0 pkg=system
D/STATUSBAR-StatusBarManagerService(  459): manageDisableList what=0x0 pkg=android
D/STATUSBAR-StatusBarManagerService(  459): manageDisableList what=0x0 pkg=system
D/STATUSBAR-StatusBarManagerService(  459): manageDisableList what=0x0 pkg=android
D/STATUSBAR-StatusBarManagerService(  459): manageDisableList what=0x0 pkg=system
D/STATUSBAR-StatusBarManagerService(  459): manageDisableList what=0x0 pkg=android
D/STATUSBAR-StatusBarManagerService(  459): manageDisableList what=0x0 pkg=system
D/STATUSBAR-StatusBarManagerService(  459): manageDisableList what=0x0 pkg=android
D/STATUSBAR-StatusBarManagerService(  459): manageDisableList what=0x0 pkg=system
D/STATUSBAR-StatusBarManagerService(  459): manageDisableList what=0x0 pkg=android
D/STATUSBAR-StatusBarManagerService(  459): manageDisableList what=0x0 pkg=android
D/STATUSBAR-StatusBarManagerService(  459): manageDisableList what=0x0 pkg=android
D/WindowManager(  459): mInputFocus is not null.
D/WindowManager(  459): mInputFocus is not null.
D/STATUSBAR-StatusBarManagerService(  459): manageDisableList what=0x0 pkg=system
D/STATUSBAR-StatusBarManagerService(  459): manageDisableList what=0x0 pkg=android
D/STATUSBAR-StatusBarManagerService(  459): manageDisableList what=0x0 pkg=system
D/STATUSBAR-StatusBarManagerService(  459): manageDisableList what=0x0 pkg=android
D/STATUSBAR-StatusBarManagerService(  459): manageDisableList what=0x0 pkg=system
D/STATUSBAR-StatusBarManagerService(  459): manageDisableList what=0x0 pkg=android
D/STATUSBAR-StatusBarManagerService(  459): manageDisableList what=0x0 pkg=system
D/STATUSBAR-StatusBarManagerService(  459): manageDisableList what=0x0 pkg=android
D/STATUSBAR-StatusBarManagerService(  459): manageDisableList what=0x0 pkg=system
D/STATUSBAR-StatusBarManagerService(  459): manageDisableList what=0x0 pkg=android
W/PowerManagerService(  459): Timer 0x3->0x3|0x0
D/MediaProvider(  992): bulkInsert started
W/MediaProvider(  992): DB operation to unknown
D/BatteryService(  459): update start
D/BatteryService(  459): level:95 scale:100 status:2 health:2 present:true voltage: 4325 temperature: 373 technology: Li-ion AC powered:false USB powered:true icon:17303345 invalid charger:0 online:1 charge type:0 current avg:0
D/MediaProvider(  992): bulkInsert finished
D/MediaProvider(  992): bulkInsert started
W/MediaProvider(  992): DB operation to unknown
D/MediaProvider(  992): bulkInsert finished
V/AlarmManager(  459): waitForAlarm result :8
W/AlarmManager(  459): FACTORY_ON= 0
W/SocketClient(   85): write error (Broken pipe)
D/MediaProvider(  992): bulkInsert started
W/MediaProvider(  992): DB operation to unknown
D/STATUSBAR-NotificationService(  459): enqueueToast()
D/STATUSBAR-StatusBarManagerService(  459): manageDisableList what=0x0 pkg=system
D/STATUSBAR-StatusBarManagerService(  459): manageDisableList what=0x0 pkg=android
D/PowerManagerService(  459): acquireWakeLock flags=0x2000000a tag=KEEP_SCREEN_ON_FLAG uid=1000 pid=459
D/STATUSBAR-NotificationService(  459): enqueueToast()
D/STATUSBAR-StatusBarManagerService(  459): manageDisableList what=0x0 pkg=system
D/STATUSBAR-StatusBarManagerService(  459): manageDisableList what=0x0 pkg=android
D/STATUSBAR-StatusBarManagerService(  459): manageDisableList what=0x0 pkg=system
D/STATUSBAR-StatusBarManagerService(  459): manageDisableList what=0x0 pkg=android
D/STATUSBAR-StatusBarManagerService(  459): manageDisableList what=0x0 pkg=system
D/STATUSBAR-StatusBarManagerService(  459): manageDisableList what=0x0 pkg=android
D/MediaProvider(  992): bulkInsert finished
D/STATUSBAR-StatusBarManagerService(  459): manageDisableList what=0x0 pkg=system
D/STATUSBAR-StatusBarManagerService(  459): manageDisableList what=0x0 pkg=android
D/STATUSBAR-StatusBarManagerService(  459): manageDisableList what=0x0 pkg=system
D/STATUSBAR-StatusBarManagerService(  459): manageDisableList what=0x0 pkg=android
D/STATUSBAR-StatusBarManagerService(  459): manageDisableList what=0x0 pkg=system
D/STATUSBAR-StatusBarManagerService(  459): manageDisableList what=0x0 pkg=android
D/STATUSBAR-StatusBarManagerService(  459): manageDisableList what=0x0 pkg=system
D/STATUSBAR-StatusBarManagerService(  459): manageDisableList what=0x0 pkg=android
D/STATUSBAR-StatusBarManagerService(  459): manageDisableList what=0x0 pkg=system
D/STATUSBAR-StatusBarManagerService(  459): manageDisableList what=0x0 pkg=android
D/STATUSBAR-StatusBarManagerService(  459): manageDisableList what=0x0 pkg=system
D/STATUSBAR-StatusBarManagerService(  459): manageDisableList what=0x0 pkg=android
D/STATUSBAR-StatusBarManagerService(  459): manageDisableList what=0x0 pkg=system
D/STATUSBAR-StatusBarManagerService(  459): manageDisableList what=0x0 pkg=android
D/STATUSBAR-StatusBarManagerService(  459): manageDisableList what=0x0 pkg=system
D/STATUSBAR-StatusBarManagerService(  459): manageDisableList what=0x0 pkg=android
D/STATUSBAR-StatusBarManagerService(  459): manageDisableList what=0x0 pkg=system
D/STATUSBAR-StatusBarManagerService(  459): manageDisableList what=0x0 pkg=android
D/STATUSBAR-StatusBarManagerService(  459): manageDisableList what=0x0 pkg=system
D/STATUSBAR-StatusBarManagerService(  459): manageDisableList what=0x0 pkg=android
D/PowerManagerService(  459): releaseWakeLockLocked : ON_AFTER_RELEASE
D/PowerManagerService(  459): releaseWakeLockLocked flags=0x0 tag=KEEP_SCREEN_ON_FLAG
D/STATUSBAR-StatusBarManagerService(  459): manageDisableList what=0x0 pkg=system
D/STATUSBAR-StatusBarManagerService(  459): manageDisableList what=0x0 pkg=android
D/MediaProvider(  992): bulkInsert started
W/MediaProvider(  992): DB operation to unknown
D/MediaProvider(  992): bulkInsert finished
D/MediaProvider(  992): bulkInsert started
W/MediaProvider(  992): DB operation to unknown
D/MediaProvider(  992): bulkInsert finished
D/MediaProvider(  992): bulkInsert started
W/MediaProvider(  992): DB operation to unknown
D/MediaProvider(  992): bulkInsert finished
D/MediaProvider(  992): bulkInsert started
W/MediaProvider(  992): DB operation to unknown
D/MediaProvider(  992): bulkInsert finished
D/MediaProvider(  992): bulkInsert started
W/MediaProvider(  992): DB operation to unknown
W/PowerManagerService(  459): Timer 0x3->0x3|0x0
D/MediaProvider(  992): bulkInsert finished
D/MediaProvider(  992): bulkInsert started
W/MediaProvider(  992): DB operation to unknown
D/MediaProvider(  992): bulkInsert finished
V/MediaScanner(  992):  prescan time: 9655ms
V/MediaScanner(  992):     scan time: 77733ms (makeEntry time: 29241ms ~37%),  (parsing time: 27110ms ~34%),  (bitmapDecoding time: 0ms ~0%), (exifExtracting time : 57ms ~0%), (bulkInserter time : 17420ms ~22%)
V/MediaScanner(  992): postscan time: 0ms (bulkDeleter : 0)
V/MediaScanner(  992):    total time: 87388ms
V/MediaScanner(  992): checked files: 585  directories : 65  (I: 650, U: 0)
V/MediaScanner(  992):  parsing stat: MP3_1_58_58 OGG_177_27052_152 JPG_6_57_9 
D/MediaScanner(  992): checkDefaultSounds
D/MediaScanner(  992): system alarm_alert  : GwwdVwiurug5wgg
D/MediaScanner(  992): OK. alarm_alert is already exist in setting DB.
D/MediaScanner(  992): system notification_sound  : EbdfRu5wgg
D/MediaScanner(  992): OK. notification_sound is already exist in setting DB.
D/MediaScanner(  992): system ringtone  : VR5wgg
D/MediaScanner(  992): OK. ringtone is already exist in setting DB.
D/MediaScannerService(  992): done scanning volume internal
D/MediaScannerService(  992): start scanning volume external: [/storage/sdcard0, /storage/extSdCard, /storage/UsbDriveA, /storage/UsbDriveB, /storage/UsbDriveC, /storage/UsbDriveD, /storage/UsbDriveE, /storage/UsbDriveF]
V/AlarmManager(  459): waitForAlarm result :8
V/WindowManager(  459): rotationForOrientationLw(orient=-1, last=0); user=0  mLidState=-1 mCoverState=-1 mDockMode=0 mHdmiPlugged=false mAccelerometerDefault=false sensorRotation=-1
D/STATUSBAR-StatusBarManagerService(  459): manageDisableList what=0x0 pkg=android
D/WindowManager(  459): mInputFocus is not null.
D/WindowManager(  459): mInputFocus is not null.
D/STATUSBAR-StatusBarManagerService(  459): manageDisableList what=0x0 pkg=android
D/WindowManager(  459): mInputFocus is not null.
D/WindowManager(  459): mInputFocus is not null.
D/STATUSBAR-StatusBarManagerService(  459): manageDisableList what=0x0 pkg=android
D/STATUSBAR-StatusBarManagerService(  459): setSystemUiVisibility(0x0)
D/STATUSBAR-StatusBarManagerService(  459): manageDisableList what=0x0 pkg=WindowManager.LayoutParams
D/STATUSBAR-StatusBarManagerService(  459): manageDisableList what=0x0 pkg=android
D/STATUSBAR-StatusBarManagerService(  459): manageDisableList what=0x0 pkg=system
D/STATUSBAR-StatusBarManagerService(  459): manageDisableList what=0x0 pkg=android
D/STATUSBAR-StatusBarManagerService(  459): manageDisableList what=0x0 pkg=system
D/STATUSBAR-StatusBarManagerService(  459): manageDisableList what=0x0 pkg=android
D/STATUSBAR-StatusBarManagerService(  459): manageDisableList what=0x0 pkg=system
D/STATUSBAR-StatusBarManagerService(  459): manageDisableList what=0x0 pkg=android
D/STATUSBAR-StatusBarManagerService(  459): manageDisableList what=0x0 pkg=system
D/STATUSBAR-StatusBarManagerService(  459): manageDisableList what=0x0 pkg=android
D/STATUSBAR-StatusBarManagerService(  459): manageDisableList what=0x0 pkg=system
D/STATUSBAR-StatusBarManagerService(  459): manageDisableList what=0x0 pkg=android
D/STATUSBAR-StatusBarManagerService(  459): manageDisableList what=0x0 pkg=system
D/STATUSBAR-StatusBarManagerService(  459): manageDisableList what=0x0 pkg=android
D/STATUSBAR-StatusBarManagerService(  459): manageDisableList what=0x0 pkg=android
D/STATUSBAR-StatusBarManagerService(  459): manageDisableList what=0x0 pkg=android
D/STATUSBAR-StatusBarManagerService(  459): setSystemUiVisibility(0x0)
D/STATUSBAR-StatusBarManagerService(  459): manageDisableList what=0x0 pkg=WindowManager.LayoutParams
D/STATUSBAR-StatusBarManagerService(  459): manageDisableList what=0x0 pkg=android
D/STATUSBAR-StatusBarManagerService(  459): manageDisableList what=0x0 pkg=system
D/STATUSBAR-StatusBarManagerService(  459): manageDisableList what=0x0 pkg=android
D/STATUSBAR-StatusBarManagerService(  459): manageDisableList what=0x0 pkg=system
D/STATUSBAR-StatusBarManagerService(  459): manageDisableList what=0x0 pkg=android
D/STATUSBAR-StatusBarManagerService(  459): manageDisableList what=0x0 pkg=system
D/STATUSBAR-StatusBarManagerService(  459): manageDisableList what=0x0 pkg=android
D/MediaProvider(  992): bulkInsert started
D/STATUSBAR-StatusBarManagerService(  459): manageDisableList what=0x0 pkg=system
D/STATUSBAR-StatusBarManagerService(  459): manageDisableList what=0x0 pkg=android
D/STATUSBAR-StatusBarManagerService(  459): manageDisableList what=0x0 pkg=system
D/STATUSBAR-StatusBarManagerService(  459): manageDisableList what=0x0 pkg=android
D/STATUSBAR-StatusBarManagerService(  459): manageDisableList what=0x0 pkg=system
D/STATUSBAR-StatusBarManagerService(  459): manageDisableList what=0x0 pkg=android
D/MediaProvider(  992): bulkInsert finished
D/MediaProvider(  992): bulkInsert started
D/MediaProvider(  992): bulkInsert finished
V/WindowManager(  459): rotationForOrientationLw(orient=1, last=0); user=0  mLidState=-1 mCoverState=-1 mDockMode=0 mHdmiPlugged=false mAccelerometerDefault=false sensorRotation=-1
D/WindowManager(  459): mInputFocus is not null.
D/STATUSBAR-StatusBarManagerService(  459): manageDisableList what=0x0 pkg=android
D/WindowManager(  459): mInputFocus is not null.
D/WindowManager(  459): mInputFocus is not null.
W/PowerManagerService(  459): Timer 0x3->0x3|0x0
D/WindowManager(  459): mInputFocus is not null.
D/STATUSBAR-StatusBarManagerService(  459): manageDisableList what=0x0 pkg=android
D/STATUSBAR-StatusBarManagerService(  459): setSystemUiVisibility(0x0)
D/STATUSBAR-StatusBarManagerService(  459): manageDisableList what=0x0 pkg=WindowManager.LayoutParams
D/STATUSBAR-StatusBarManagerService(  459): manageDisableList what=0x0 pkg=android
D/STATUSBAR-StatusBarManagerService(  459): manageDisableList what=0x0 pkg=system
D/STATUSBAR-StatusBarManagerService(  459): manageDisableList what=0x0 pkg=android
D/STATUSBAR-StatusBarManagerService(  459): manageDisableList what=0x0 pkg=system
D/STATUSBAR-StatusBarManagerService(  459): manageDisableList what=0x0 pkg=android
D/STATUSBAR-StatusBarManagerService(  459): manageDisableList what=0x0 pkg=system
D/STATUSBAR-StatusBarManagerService(  459): manageDisableList what=0x0 pkg=android
D/STATUSBAR-StatusBarManagerService(  459): manageDisableList what=0x0 pkg=system
D/STATUSBAR-StatusBarManagerService(  459): manageDisableList what=0x0 pkg=android
D/STATUSBAR-StatusBarManagerService(  459): manageDisableList what=0x0 pkg=system
D/STATUSBAR-StatusBarManagerService(  459): manageDisableList what=0x0 pkg=android
D/STATUSBAR-StatusBarManagerService(  459): manageDisableList what=0x0 pkg=system
D/STATUSBAR-StatusBarManagerService(  459): manageDisableList what=0x0 pkg=android
V/WindowManager(  459): rotationForOrientationLw(orient=-1, last=0); user=0  mLidState=-1 mCoverState=-1 mDockMode=0 mHdmiPlugged=false mAccelerometerDefault=false sensorRotation=-1
D/STATUSBAR-StatusBarManagerService(  459): manageDisableList what=0x0 pkg=android
D/STATUSBAR-StatusBarManagerService(  459): manageDisableList what=0x0 pkg=android
D/STATUSBAR-StatusBarManagerService(  459): manageDisableList what=0x0 pkg=android
D/STATUSBAR-StatusBarManagerService(  459): setSystemUiVisibility(0x0)
D/STATUSBAR-StatusBarManagerService(  459): manageDisableList what=0x0 pkg=WindowManager.LayoutParams
D/STATUSBAR-StatusBarManagerService(  459): manageDisableList what=0x0 pkg=android
D/STATUSBAR-StatusBarManagerService(  459): manageDisableList what=0x0 pkg=system
D/STATUSBAR-StatusBarManagerService(  459): manageDisableList what=0x0 pkg=android
D/STATUSBAR-StatusBarManagerService(  459): manageDisableList what=0x0 pkg=system
D/STATUSBAR-StatusBarManagerService(  459): manageDisableList what=0x0 pkg=android
D/STATUSBAR-StatusBarManagerService(  459): manageDisableList what=0x0 pkg=system
D/STATUSBAR-StatusBarManagerService(  459): manageDisableList what=0x0 pkg=android
D/STATUSBAR-StatusBarManagerService(  459): manageDisableList what=0x0 pkg=system
D/STATUSBAR-StatusBarManagerService(  459): manageDisableList what=0x0 pkg=android
D/STATUSBAR-StatusBarManagerService(  459): manageDisableList what=0x0 pkg=system
D/STATUSBAR-StatusBarManagerService(  459): manageDisableList what=0x0 pkg=android
D/STATUSBAR-StatusBarManagerService(  459): manageDisableList what=0x0 pkg=system
D/STATUSBAR-StatusBarManagerService(  459): manageDisableList what=0x0 pkg=android
V/AlarmManager(  459): waitForAlarm result :8
V/AlarmManager(  459): ClockReceiver onReceive() ACTION_TIME_TICK
W/AlarmManager(  459): FACTORY_ON= 0
D/MediaProvider(  992): bulkInsert started
D/MediaProvider(  992): bulkInsert finished
D/WindowManager(  459): mInputFocus is not null.
D/STATUSBAR-StatusBarManagerService(  459): manageDisableList what=0x0 pkg=android
D/WindowManager(  459): mInputFocus is not null.
D/WindowManager(  459): mInputFocus is not null.
D/WindowManager(  459): mInputFocus is not null.
D/STATUSBAR-StatusBarManagerService(  459): manageDisableList what=0x0 pkg=android
D/STATUSBAR-StatusBarManagerService(  459): setSystemUiVisibility(0x0)
D/STATUSBAR-StatusBarManagerService(  459): manageDisableList what=0x0 pkg=WindowManager.LayoutParams
D/STATUSBAR-StatusBarManagerService(  459): manageDisableList what=0x0 pkg=android
D/STATUSBAR-StatusBarManagerService(  459): manageDisableList what=0x0 pkg=system
D/STATUSBAR-StatusBarManagerService(  459): manageDisableList what=0x0 pkg=android
D/STATUSBAR-StatusBarManagerService(  459): manageDisableList what=0x0 pkg=system
D/STATUSBAR-StatusBarManagerService(  459): manageDisableList what=0x0 pkg=android
W/PowerManagerService(  459): Timer 0x3->0x3|0x0
D/STATUSBAR-StatusBarManagerService(  459): manageDisableList what=0x0 pkg=system
D/STATUSBAR-StatusBarManagerService(  459): manageDisableList what=0x0 pkg=android
D/STATUSBAR-StatusBarManagerService(  459): manageDisableList what=0x0 pkg=system
D/STATUSBAR-StatusBarManagerService(  459): manageDisableList what=0x0 pkg=android
D/STATUSBAR-StatusBarManagerService(  459): manageDisableList what=0x0 pkg=system
D/STATUSBAR-StatusBarManagerService(  459): manageDisableList what=0x0 pkg=android
D/STATUSBAR-StatusBarManagerService(  459): manageDisableList what=0x0 pkg=system
D/STATUSBAR-StatusBarManagerService(  459): manageDisableList what=0x0 pkg=android
D/MediaProvider(  992): bulkInsert started
D/MediaProvider(  992): bulkInsert finished
D/MediaProvider(  992): bulkInsert started
D/MediaProvider(  992): bulkInsert finished
D/STATUSBAR-StatusBarManagerService(  459): manageDisableList what=0x0 pkg=system
D/STATUSBAR-StatusBarManagerService(  459): manageDisableList what=0x0 pkg=android
D/STATUSBAR-StatusBarManagerService(  459): manageDisableList what=0x0 pkg=system
D/STATUSBAR-StatusBarManagerService(  459): manageDisableList what=0x0 pkg=android
D/STATUSBAR-StatusBarManagerService(  459): manageDisableList what=0x0 pkg=system
D/STATUSBAR-StatusBarManagerService(  459): manageDisableList what=0x0 pkg=android
D/STATUSBAR-StatusBarManagerService(  459): manageDisableList what=0x0 pkg=system
D/STATUSBAR-StatusBarManagerService(  459): manageDisableList what=0x0 pkg=android
D/STATUSBAR-StatusBarManagerService(  459): manageDisableList what=0x0 pkg=system
D/STATUSBAR-StatusBarManagerService(  459): manageDisableList what=0x0 pkg=android
D/STATUSBAR-StatusBarManagerService(  459): manageDisableList what=0x0 pkg=system
D/STATUSBAR-StatusBarManagerService(  459): manageDisableList what=0x0 pkg=android
W/InputMethodManagerService(  459): Window already focused, ignoring focus gain of: com.android.internal.view.IInputMethodClient$Stub$Proxy@42470ca8 attribute=null
D/STATUSBAR-StatusBarManagerService(  459): manageDisableList what=0x0 pkg=system
D/STATUSBAR-StatusBarManagerService(  459): manageDisableList what=0x0 pkg=android
D/STATUSBAR-StatusBarManagerService(  459): manageDisableList what=0x0 pkg=system
D/STATUSBAR-StatusBarManagerService(  459): manageDisableList what=0x0 pkg=android
D/STATUSBAR-StatusBarManagerService(  459): manageDisableList what=0x0 pkg=system
D/STATUSBAR-StatusBarManagerService(  459): manageDisableList what=0x0 pkg=android
D/STATUSBAR-StatusBarManagerService(  459): manageDisableList what=0x0 pkg=android
D/STATUSBAR-StatusBarManagerService(  459): manageDisableList what=0x0 pkg=android
D/STATUSBAR-StatusBarManagerService(  459): setSystemUiVisibility(0x0)
D/STATUSBAR-StatusBarManagerService(  459): manageDisableList what=0x0 pkg=WindowManager.LayoutParams
D/STATUSBAR-StatusBarManagerService(  459): manageDisableList what=0x0 pkg=android
D/STATUSBAR-StatusBarManagerService(  459): manageDisableList what=0x0 pkg=system
D/STATUSBAR-StatusBarManagerService(  459): manageDisableList what=0x0 pkg=android
D/STATUSBAR-StatusBarManagerService(  459): manageDisableList what=0x0 pkg=system
D/STATUSBAR-StatusBarManagerService(  459): manageDisableList what=0x0 pkg=android
D/STATUSBAR-StatusBarManagerService(  459): manageDisableList what=0x0 pkg=system
D/STATUSBAR-StatusBarManagerService(  459): manageDisableList what=0x0 pkg=android
D/STATUSBAR-StatusBarManagerService(  459): manageDisableList what=0x0 pkg=system
D/STATUSBAR-StatusBarManagerService(  459): manageDisableList what=0x0 pkg=android
D/STATUSBAR-StatusBarManagerService(  459): manageDisableList what=0x0 pkg=system
D/STATUSBAR-StatusBarManagerService(  459): manageDisableList what=0x0 pkg=android
D/STATUSBAR-StatusBarManagerService(  459): manageDisableList what=0x0 pkg=system
D/STATUSBAR-StatusBarManagerService(  459): manageDisableList what=0x0 pkg=android
D/MediaProvider(  992): bulkInsert started
D/MediaProvider(  992): bulkInsert finished
D/MediaProvider(  992): bulkInsert started
D/WindowManager(  459): mInputFocus is not null.
D/STATUSBAR-StatusBarManagerService(  459): manageDisableList what=0x0 pkg=android
D/WindowManager(  459): mInputFocus is not null.
D/WindowManager(  459): mInputFocus is not null.
D/WindowManager(  459): mInputFocus is not null.
D/STATUSBAR-StatusBarManagerService(  459): manageDisableList what=0x0 pkg=android
D/STATUSBAR-StatusBarManagerService(  459): setSystemUiVisibility(0x0)
D/STATUSBAR-StatusBarManagerService(  459): manageDisableList what=0x0 pkg=WindowManager.LayoutParams
D/STATUSBAR-StatusBarManagerService(  459): manageDisableList what=0x0 pkg=android
D/STATUSBAR-StatusBarManagerService(  459): manageDisableList what=0x0 pkg=system
D/STATUSBAR-StatusBarManagerService(  459): manageDisableList what=0x0 pkg=android
D/STATUSBAR-StatusBarManagerService(  459): manageDisableList what=0x0 pkg=system
D/STATUSBAR-StatusBarManagerService(  459): manageDisableList what=0x0 pkg=android
D/STATUSBAR-StatusBarManagerService(  459): manageDisableList what=0x0 pkg=system
D/STATUSBAR-StatusBarManagerService(  459): manageDisableList what=0x0 pkg=android
D/STATUSBAR-StatusBarManagerService(  459): manageDisableList what=0x0 pkg=system
D/STATUSBAR-StatusBarManagerService(  459): manageDisableList what=0x0 pkg=android
D/STATUSBAR-StatusBarManagerService(  459): manageDisableList what=0x0 pkg=system
D/STATUSBAR-StatusBarManagerService(  459): manageDisableList what=0x0 pkg=android
D/STATUSBAR-StatusBarManagerService(  459): manageDisableList what=0x0 pkg=system
D/STATUSBAR-StatusBarManagerService(  459): manageDisableList what=0x0 pkg=android
W/PowerManagerService(  459): Timer 0x3->0x3|0x0
D/STATUSBAR-StatusBarManagerService(  459): manageDisableList what=0x0 pkg=system
D/STATUSBAR-StatusBarManagerService(  459): manageDisableList what=0x0 pkg=android
D/STATUSBAR-StatusBarManagerService(  459): manageDisableList what=0x0 pkg=system
D/STATUSBAR-StatusBarManagerService(  459): manageDisableList what=0x0 pkg=android
D/STATUSBAR-StatusBarManagerService(  459): manageDisableList what=0x0 pkg=system
D/STATUSBAR-StatusBarManagerService(  459): manageDisableList what=0x0 pkg=android
D/BatteryService(  459): update start
D/BatteryService(  459): level:95 scale:100 status:2 health:2 present:true voltage: 4321 temperature: 379 technology: Li-ion AC powered:false USB powered:true icon:17303345 invalid charger:0 online:1 charge type:0 current avg:0
D/STATUSBAR-StatusBarManagerService(  459): manageDisableList what=0x0 pkg=system
D/STATUSBAR-StatusBarManagerService(  459): manageDisableList what=0x0 pkg=android
D/STATUSBAR-StatusBarManagerService(  459): manageDisableList what=0x0 pkg=system
D/STATUSBAR-StatusBarManagerService(  459): manageDisableList what=0x0 pkg=android
D/MediaProvider(  992): bulkInsert finished
D/STATUSBAR-StatusBarManagerService(  459): manageDisableList what=0x0 pkg=system
D/STATUSBAR-StatusBarManagerService(  459): manageDisableList what=0x0 pkg=android
D/PowerManagerService(  459): setScreenOffTimeouts mKeylightDelay=1500 mDimDelay=51500 mScreenOffDelay=7000 mDimScreen=true
W/InputMethodManagerService(  459): Window already focused, ignoring focus gain of: com.android.internal.view.IInputMethodClient$Stub$Proxy@4298cd60 attribute=null
D/STATUSBAR-StatusBarManagerService(  459): manageDisableList what=0x0 pkg=system
D/STATUSBAR-StatusBarManagerService(  459): manageDisableList what=0x0 pkg=android
D/STATUSBAR-StatusBarManagerService(  459): manageDisableList what=0x0 pkg=system
D/STATUSBAR-StatusBarManagerService(  459): manageDisableList what=0x0 pkg=android
D/STATUSBAR-StatusBarManagerService(  459): manageDisableList what=0x0 pkg=system
D/STATUSBAR-StatusBarManagerService(  459): manageDisableList what=0x0 pkg=android
W/PowerManagerService(  459): Timer 0x3->0x3|0x0
D/STATUSBAR-StatusBarManagerService(  459): manageDisableList what=0x0 pkg=android
D/STATUSBAR-StatusBarManagerService(  459): setSystemUiVisibility(0x0)
D/STATUSBAR-StatusBarManagerService(  459): manageDisableList what=0x0 pkg=WindowManager.LayoutParams
D/STATUSBAR-StatusBarManagerService(  459): manageDisableList what=0x0 pkg=android
D/STATUSBAR-StatusBarManagerService(  459): manageDisableList what=0x0 pkg=android
D/STATUSBAR-StatusBarManagerService(  459): manageDisableList what=0x0 pkg=system
D/STATUSBAR-StatusBarManagerService(  459): manageDisableList what=0x0 pkg=android
D/STATUSBAR-StatusBarManagerService(  459): manageDisableList what=0x0 pkg=system
D/STATUSBAR-StatusBarManagerService(  459): manageDisableList what=0x0 pkg=android
D/STATUSBAR-StatusBarManagerService(  459): manageDisableList what=0x0 pkg=system
D/STATUSBAR-StatusBarManagerService(  459): manageDisableList what=0x0 pkg=android
D/STATUSBAR-StatusBarManagerService(  459): manageDisableList what=0x0 pkg=system
D/STATUSBAR-StatusBarManagerService(  459): manageDisableList what=0x0 pkg=android
D/STATUSBAR-StatusBarManagerService(  459): manageDisableList what=0x0 pkg=system
D/STATUSBAR-StatusBarManagerService(  459): manageDisableList what=0x0 pkg=android
D/STATUSBAR-StatusBarManagerService(  459): manageDisableList what=0x0 pkg=system
D/STATUSBAR-StatusBarManagerService(  459): manageDisableList what=0x0 pkg=android
D/MediaProvider(  992): bulkInsert started
V/AlarmManager(  459): waitForAlarm result :8
W/AlarmManager(  459): FACTORY_ON= 0
W/SocketClient(   85): write error (Broken pipe)
D/MediaProvider(  992): bulkInsert finished
D/MediaProvider(  992): bulkInsert started
D/WindowManager(  459): mInputFocus is not null.
D/STATUSBAR-StatusBarManagerService(  459): manageDisableList what=0x0 pkg=android
D/WindowManager(  459): mInputFocus is not null.
D/WindowManager(  459): mInputFocus is not null.
D/WindowManager(  459): mInputFocus is not null.
D/STATUSBAR-StatusBarManagerService(  459): manageDisableList what=0x0 pkg=android
D/STATUSBAR-StatusBarManagerService(  459): setSystemUiVisibility(0x0)
D/STATUSBAR-StatusBarManagerService(  459): manageDisableList what=0x0 pkg=WindowManager.LayoutParams
D/MediaProvider(  992): bulkInsert finished
D/STATUSBAR-StatusBarManagerService(  459): manageDisableList what=0x0 pkg=android
D/STATUSBAR-StatusBarManagerService(  459): manageDisableList what=0x0 pkg=system
D/STATUSBAR-StatusBarManagerService(  459): manageDisableList what=0x0 pkg=android
D/STATUSBAR-StatusBarManagerService(  459): manageDisableList what=0x0 pkg=system
D/STATUSBAR-StatusBarManagerService(  459): manageDisableList what=0x0 pkg=android
W/PowerManagerService(  459): Timer 0x3->0x3|0x0
D/STATUSBAR-StatusBarManagerService(  459): manageDisableList what=0x0 pkg=system
D/STATUSBAR-StatusBarManagerService(  459): manageDisableList what=0x0 pkg=android
D/STATUSBAR-StatusBarManagerService(  459): manageDisableList what=0x0 pkg=system
D/STATUSBAR-StatusBarManagerService(  459): manageDisableList what=0x0 pkg=android
D/STATUSBAR-StatusBarManagerService(  459): manageDisableList what=0x0 pkg=system
D/STATUSBAR-StatusBarManagerService(  459): manageDisableList what=0x0 pkg=android
D/STATUSBAR-StatusBarManagerService(  459): manageDisableList what=0x0 pkg=system
D/STATUSBAR-StatusBarManagerService(  459): manageDisableList what=0x0 pkg=android
D/MediaProvider(  992): bulkInsert started
D/MediaProvider(  992): bulkInsert finished
D/MediaProvider(  992): bulkInsert started
D/MediaProvider(  992): bulkInsert finished
D/MediaProvider(  992): bulkInsert started
D/MediaProvider(  992): bulkInsert finished
D/MediaProvider(  992): bulkInsert started
D/MediaProvider(  992): bulkInsert finished
W/PowerManagerService(  459): Timer 0x3->0x3|0x0
D/WindowManager(  459): mInputFocus is not null.
D/STATUSBAR-StatusBarManagerService(  459): manageDisableList what=0x0 pkg=android
D/WindowManager(  459): mInputFocus is not null.
D/WindowManager(  459): mInputFocus is not null.
D/WindowManager(  459): mInputFocus is not null.
D/STATUSBAR-StatusBarManagerService(  459): manageDisableList what=0x0 pkg=android
D/STATUSBAR-StatusBarManagerService(  459): setSystemUiVisibility(0x0)
D/STATUSBAR-StatusBarManagerService(  459): manageDisableList what=0x0 pkg=WindowManager.LayoutParams
D/STATUSBAR-StatusBarManagerService(  459): manageDisableList what=0x0 pkg=android
D/STATUSBAR-StatusBarManagerService(  459): manageDisableList what=0x0 pkg=system
D/STATUSBAR-StatusBarManagerService(  459): manageDisableList what=0x0 pkg=android
D/STATUSBAR-StatusBarManagerService(  459): manageDisableList what=0x0 pkg=system
D/STATUSBAR-StatusBarManagerService(  459): manageDisableList what=0x0 pkg=android
D/STATUSBAR-StatusBarManagerService(  459): manageDisableList what=0x0 pkg=system
D/STATUSBAR-StatusBarManagerService(  459): manageDisableList what=0x0 pkg=android
D/STATUSBAR-StatusBarManagerService(  459): manageDisableList what=0x0 pkg=system
D/STATUSBAR-StatusBarManagerService(  459): manageDisableList what=0x0 pkg=android
D/STATUSBAR-StatusBarManagerService(  459): manageDisableList what=0x0 pkg=system
D/STATUSBAR-StatusBarManagerService(  459): manageDisableList what=0x0 pkg=android
D/STATUSBAR-StatusBarManagerService(  459): manageDisableList what=0x0 pkg=system
D/STATUSBAR-StatusBarManagerService(  459): manageDisableList what=0x0 pkg=android
W/PowerManagerService(  459): Timer 0x3->0x3|0x0
D/STATUSBAR-StatusBarManagerService(  459): manageDisableList what=0x0 pkg=android
D/STATUSBAR-StatusBarManagerService(  459): setSystemUiVisibility(0x0)
D/STATUSBAR-StatusBarManagerService(  459): manageDisableList what=0x0 pkg=WindowManager.LayoutParams
D/STATUSBAR-StatusBarManagerService(  459): manageDisableList what=0x0 pkg=android
D/STATUSBAR-StatusBarManagerService(  459): manageDisableList what=0x0 pkg=android
D/STATUSBAR-StatusBarManagerService(  459): manageDisableList what=0x0 pkg=system
D/STATUSBAR-StatusBarManagerService(  459): manageDisableList what=0x0 pkg=android
D/STATUSBAR-StatusBarManagerService(  459): manageDisableList what=0x0 pkg=system
D/STATUSBAR-StatusBarManagerService(  459): manageDisableList what=0x0 pkg=android
D/STATUSBAR-StatusBarManagerService(  459): manageDisableList what=0x0 pkg=system
D/STATUSBAR-StatusBarManagerService(  459): manageDisableList what=0x0 pkg=android
D/STATUSBAR-StatusBarManagerService(  459): manageDisableList what=0x0 pkg=android
D/WindowManager(  459): mInputFocus is not null.
D/STATUSBAR-StatusBarManagerService(  459): manageDisableList what=0x0 pkg=android
D/WindowManager(  459): mInputFocus is not null.
D/STATUSBAR-StatusBarManagerService(  459): manageDisableList what=0x0 pkg=android
D/WindowManager(  459): mInputFocus is not null.
D/WindowManager(  459): mInputFocus is not null.
D/STATUSBAR-StatusBarManagerService(  459): manageDisableList what=0x0 pkg=android
D/STATUSBAR-StatusBarManagerService(  459): setSystemUiVisibility(0x0)
D/STATUSBAR-StatusBarManagerService(  459): manageDisableList what=0x0 pkg=WindowManager.LayoutParams
D/STATUSBAR-StatusBarManagerService(  459): manageDisableList what=0x0 pkg=android
D/STATUSBAR-StatusBarManagerService(  459): manageDisableList what=0x0 pkg=system
D/STATUSBAR-StatusBarManagerService(  459): manageDisableList what=0x0 pkg=android
D/STATUSBAR-StatusBarManagerService(  459): manageDisableList what=0x0 pkg=system
D/STATUSBAR-StatusBarManagerService(  459): manageDisableList what=0x0 pkg=android
D/STATUSBAR-StatusBarManagerService(  459): manageDisableList what=0x0 pkg=system
D/STATUSBAR-StatusBarManagerService(  459): manageDisableList what=0x0 pkg=android
D/STATUSBAR-StatusBarManagerService(  459): manageDisableList what=0x0 pkg=system
D/STATUSBAR-StatusBarManagerService(  459): manageDisableList what=0x0 pkg=android
D/STATUSBAR-StatusBarManagerService(  459): manageDisableList what=0x0 pkg=system
D/STATUSBAR-StatusBarManagerService(  459): manageDisableList what=0x0 pkg=android
D/STATUSBAR-StatusBarManagerService(  459): manageDisableList what=0x0 pkg=system
D/STATUSBAR-StatusBarManagerService(  459): manageDisableList what=0x0 pkg=android
D/STATUSBAR-StatusBarManagerService(  459): manageDisableList what=0x0 pkg=system
D/STATUSBAR-StatusBarManagerService(  459): manageDisableList what=0x0 pkg=android
D/STATUSBAR-StatusBarManagerService(  459): manageDisableList what=0x0 pkg=system
D/STATUSBAR-StatusBarManagerService(  459): manageDisableList what=0x0 pkg=android
D/MediaProvider(  992): bulkInsert started
D/MediaProvider(  992): bulkInsert finished
D/MediaProvider(  992): bulkInsert started
W/PowerManagerService(  459): Timer 0x3->0x3|0x0
D/MediaProvider(  992): bulkInsert finished
W/PowerManagerService(  459): Timer 0x3->0x3|0x0
D/MediaProvider(  992): bulkInsert started
D/MediaProvider(  992): bulkInsert finished
D/MediaProvider(  992): bulkInsert started
D/StatusBar.NetworkController(  761): updateTelephonySignalStrength: mSignalStrength == 18(GSM) 16(CDMA) 97(LTE)
D/MediaProvider(  992): bulkInsert finished
D/StatusBar.NetworkController(  761): updateTelephonySignalStrength: mSignalStrength == 17(GSM) 16(CDMA) 97(LTE)
D/MediaProvider(  992): bulkInsert started
D/MediaProvider(  992): bulkInsert finished
D/MediaProvider(  992): bulkInsert started
D/MediaProvider(  992): bulkInsert finished
D/MediaProvider(  992): bulkInsert started
D/MediaProvider(  992): bulkInsert finished
D/StatusBar.NetworkController(  761): updateTelephonySignalStrength: mSignalStrength == 18(GSM) 16(CDMA) 97(LTE)
V/AlarmManager(  459): waitForAlarm result :8
V/AlarmManager(  459): ClockReceiver onReceive() ACTION_TIME_TICK
W/AlarmManager(  459): FACTORY_ON= 0
D/StatusBar.NetworkController(  761): updateTelephonySignalStrength: mSignalStrength == 19(GSM) 16(CDMA) 97(LTE)
D/MediaProvider(  992): bulkInsert started
D/MediaProvider(  992): bulkInsert finished
D/MediaProvider(  992): bulkInsert started
D/MediaProvider(  992): bulkInsert finished
D/MediaProvider(  992): bulkInsert started
D/MediaProvider(  992): bulkInsert finished
D/MediaProvider(  992): bulkInsert started
D/MediaProvider(  992): bulkInsert finished
D/MediaProvider(  992): bulkInsert started
D/MediaProvider(  992): bulkInsert finished
V/AlarmManager(  459): waitForAlarm result :4
W/AlarmManager(  459): FACTORY_ON= 0
V/AlarmManager(  459): trigger ELAPSED_REALTIME_WAKEUP or RTC_WAKEUP
D/StatusBar.NetworkController(  761): updateTelephonySignalStrength: mSignalStrength == 18(GSM) 16(CDMA) 97(LTE)
D/BatteryService(  459): update start
D/BatteryService(  459): level:95 scale:100 status:2 health:2 present:true voltage: 4339 temperature: 375 technology: Li-ion AC powered:false USB powered:true icon:17303345 invalid charger:0 online:1 charge type:0 current avg:0
D/MediaProvider(  992): bulkInsert started
D/MediaProvider(  992): bulkInsert finished
D/MediaProvider(  992): bulkInsert started
D/MediaProvider(  992): bulkInsert finished
D/MediaProvider(  992): bulkInsert started
D/MediaProvider(  992): bulkInsert finished
W/PowerManagerService(  459): Timer 0x3->0x1|0x0
I/PowerManagerService(  459): Ulight 0x3->0x1|0x0
I/PowerManagerService(  459): Light Animator Finished currentValue=5
D/StatusBar.NetworkController(  761): updateTelephonySignalStrength: mSignalStrength == 19(GSM) 16(CDMA) 97(LTE)
D/MediaProvider(  992): bulkInsert started
D/MediaProvider(  992): bulkInsert finished
W/PowerManagerService(  459): Timer 0x1->0x0|0x0
D/PowerManagerService(  459): Screen__Off : Timeout
I/PowerManagerService(  459): Ulight 0x1->0x0|0x0
W/PowerManagerService(  459): CurLockF mPS:1 mUS=0
W/PowerManagerService(  459): type=PARTIAL_WAKE_LOCK              'CallerInfoCache' active (mS=0)  activeT=261438  uid=1001  pid=819
W/PowerManagerService(  459): type=PARTIAL_WAKE_LOCK              'MediaScannerService' active (mS=0)  activeT=122907  uid=10017  pid=992
W/PowerManagerService(  459): mPokeLocks.size=0:
D/PowerManagerService(  459): enableLightSensorLocked enable=false mLightSensorEnabled=false mAutoBrightessEnabled=false mWaitingForFirstLightSensor=false
D/PowerManagerService(  459): sendNotificationLocked on=false
D/PowerManagerService(  459): mNotificationTask : off
W/AlarmManager(  459): FACTORY_ON= 0
V/WindowOrientationListener(  459): WindowOrientationListener disabled
I/PowerManagerService(  459): Light Animator Finished currentValue=0
D/LightsService(  459): [SvcLED] setSvcLedStateLocked:: id = 3, color = 0, mode = 10, set = On
D/BatteryService(  459): turn on LED for charging
D/LightsService(  459): [SvcLED] wl is null.
D/VibratorService(  459): JNI vibratorOff()
W/InputMethodManagerService(  459): Ignoring setImeWindowStatus of uid 1000 token: null
D/STATUSBAR-NotificationService(  459): ACTION_SCREEN_OFF
D/STATUSBAR-NotificationService(  459): updateLightsLocked() : Turn off notification light
D/LightsService(  459): [SvcLED] setSvcLedStateLocked:: id = 4, color = 0, mode = Off, set = Off
D/LightsService(  459): [SvcLED] wl is null.
W/AlarmManager(  459): FACTORY_ON= 0
D/LightsService(  459): [SvcLED] ForcedSvcLEDOnTask is running.
D/MediaProvider(  992): bulkInsert started
V/AlarmManager(  459): waitForAlarm result :4
V/AlarmManager(  459): trigger ELAPSED_REALTIME_WAKEUP or RTC_WAKEUP
D/PowerManagerService(  459): enableUserActivity false
D/STATUSBAR-StatusBarManagerService(  459): manageDisableList what=0x1000004 pkg=android
D/PhoneStatusBar(  761): disable: < expand icons alerts ticker system_info back home RECENT* clock >
V/WindowManager(  459): rotationForOrientationLw(orient=1, last=0); user=0  mLidState=-1 mCoverState=-1 mDockMode=0 mHdmiPlugged=false mAccelerometerDefault=false sensorRotation=-1
D/STATUSBAR-StatusBarManagerService(  459): manageDisableList what=0x0 pkg=system
D/STATUSBAR-StatusBarManagerService(  459): manageDisableList what=0x1 pkg=android
D/PhoneStatusBar(  761): disable: < expand icons alerts ticker system_info back home RECENT clock >
D/STATUSBAR-StatusBarManagerService(  459): setSystemUiVisibility(0x0)
D/STATUSBAR-StatusBarManagerService(  459): manageDisableList what=0x0 pkg=WindowManager.LayoutParams
D/STATUSBAR-StatusBarManagerService(  459): manageDisableList what=0x0 pkg=system
D/STATUSBAR-StatusBarManagerService(  459): manageDisableList what=0x1 pkg=android
D/STATUSBAR-StatusBarManagerService(  459): manageDisableList what=0x0 pkg=system
D/STATUSBAR-StatusBarManagerService(  459): manageDisableList what=0x1 pkg=android
D/MediaProvider(  992): bulkInsert finished
W/PowerManagerService(  459): Timer 0x0->0x0|0x0
V/AlarmManager(  459): waitForAlarm result :8
V/AlarmManager(  459): ClockReceiver onReceive() ACTION_TIME_TICK
W/AlarmManager(  459): FACTORY_ON= 0
D/MediaProvider(  992): bulkInsert started
D/MediaProvider(  992): bulkInsert finished
D/MediaProvider(  992): bulkInsert started
D/MediaProvider(  992): bulkInsert finished
D/MediaProvider(  992): bulkInsert started
D/MediaProvider(  992): bulkInsert finished
D/PowerManagerService(  459): reactivateScreenLocksLocked mProxIgnoredBecauseScreenTurnedOff=false
D/PowerManagerService(  459): Screen__On : acquireWakeLock flags=0x1000001a tag=keyguard uid=1000 pid=459
D/PowerManagerService(  459): enableLightSensorLocked enable=true mLightSensorEnabled=false mAutoBrightessEnabled=false mWaitingForFirstLightSensor=false
D/PowerManagerService(  459): sendNotificationLocked on=true
I/PowerManagerService(  459): Ulight 0x0->0x4|0x0
D/PowerManagerService(  459): mNotificationTask : on
V/WindowOrientationListener(  459): WindowOrientationListener enabled
I/WindowManager(  459): Lock screen displayed!
I/PowerManagerService(  459): Ulight 0x7->0x7|0x1
I/PowerManagerService(  459): Light Animator Finished currentValue=102
D/LightsService(  459): [SvcLED] setSvcLedStateLocked:: id = 3, color = 0, mode = Off, set = Off
D/BatteryService(  459): turn off LED
D/LightsService(  459): [SvcLED] wl is null.
W/InputMethodManagerService(  459): Ignoring setImeWindowStatus of uid 1000 token: null
D/STATUSBAR-NotificationService(  459): ACTION_SCREEN_ON
D/STATUSBAR-NotificationService(  459): updateLightsLocked() : Turn off notification light
D/LightsService(  459): [SvcLED] setSvcLedStateLocked:: id = 4, color = 0, mode = Off, set = Off
D/LightsService(  459): [SvcLED] wl is null.
D/PowerManagerService(  459): acquireWakeLock flags=0x1000001a tag=keyguard uid=1000 pid=459
D/VibratorService(  459): JNI vibratorOff()
D/PowerManagerService(  459): acquireWakeLock flags=0x1000001a tag=keyguard uid=1000 pid=459
D/VibratorService(  459): JNI vibratorOn() : 10
D/VibratorService(  459): JNI vibratorOn() : 30
D/PowerManagerService(  459): acquireWakeLock flags=0x1000001a tag=keyguard uid=1000 pid=459
D/VibratorService(  459): JNI vibratorOff()
D/PowerManagerService(  459): acquireWakeLock flags=0x1000001a tag=keyguard uid=1000 pid=459
D/VibratorService(  459): JNI vibratorOn() : 10
D/VibratorService(  459): JNI vibratorOn() : 30
D/PowerManagerService(  459): acquireWakeLock flags=0x1000001a tag=keyguard uid=1000 pid=459
D/STATUSBAR-StatusBarManagerService(  459): manageDisableList what=0x0 pkg=system
D/STATUSBAR-StatusBarManagerService(  459): manageDisableList what=0x1 pkg=android
D/PowerManagerService(  459): enableUserActivity true
D/STATUSBAR-StatusBarManagerService(  459): manageDisableList what=0x0 pkg=android
D/PowerManagerService(  459): userActivity : mUserState 0x3
D/PowerManagerService(  459): releaseWakeLockLocked flags=0x0 tag=keyguard
I/PowerManagerService(  459): Ulight 0x7->0x3|0x0
D/PhoneStatusBar(  761): disable: < expand icons alerts ticker system_info back home recent* clock >
D/STATUSBAR-StatusBarManagerService(  459): manageDisableList what=0x0 pkg=system
D/STATUSBAR-StatusBarManagerService(  459): manageDisableList what=0x1 pkg=android
D/STATUSBAR-NotificationService(  459): ACTION_USER_PRESENT
D/LightsService(  459): [SvcLED] setSvcLedStateLocked:: id = 4, color = 0, mode = Off, set = Off
E/MotionRecognitionService(  459):   mReceiver.onReceive : ACTION_USER_PRESENT  :: UNLOCK SCREEN
D/LightsService(  459): [SvcLED] wl is null.
V/WindowManager(  459): rotationForOrientationLw(orient=-1, last=0); user=0  mLidState=-1 mCoverState=-1 mDockMode=0 mHdmiPlugged=false mAccelerometerDefault=false sensorRotation=-1
D/PowerManagerService(  459): setScreenOffTimeouts mKeylightDelay=1500 mDimDelay=51500 mScreenOffDelay=7000 mDimScreen=true
D/STATUSBAR-StatusBarManagerService(  459): manageDisableList what=0x0 pkg=system
D/STATUSBAR-StatusBarManagerService(  459): manageDisableList what=0x0 pkg=android
D/PhoneStatusBar(  761): disable: < expand icons alerts ticker system_info back home recent clock >
D/WindowManager(  459): mInputFocus is not null.
D/WindowManager(  459): mInputFocus is not null.
D/STATUSBAR-StatusBarManagerService(  459): manageDisableList what=0x0 pkg=system
D/STATUSBAR-StatusBarManagerService(  459): manageDisableList what=0x0 pkg=android
D/STATUSBAR-StatusBarManagerService(  459): manageDisableList what=0x0 pkg=system
D/STATUSBAR-StatusBarManagerService(  459): manageDisableList what=0x0 pkg=android
W/InputMethodManagerService(  459): Window already focused, ignoring focus gain of: com.android.internal.view.IInputMethodClient$Stub$Proxy@42bbd3b0 attribute=null
D/STATUSBAR-StatusBarManagerService(  459): manageDisableList what=0x0 pkg=system
D/STATUSBAR-StatusBarManagerService(  459): manageDisableList what=0x0 pkg=android
D/STATUSBAR-StatusBarManagerService(  459): manageDisableList what=0x0 pkg=system
D/STATUSBAR-StatusBarManagerService(  459): manageDisableList what=0x0 pkg=android
D/STATUSBAR-StatusBarManagerService(  459): setSystemUiVisibility(0x0)
D/STATUSBAR-StatusBarManagerService(  459): manageDisableList what=0x0 pkg=WindowManager.LayoutParams
D/STATUSBAR-StatusBarManagerService(  459): manageDisableList what=0x0 pkg=system
D/STATUSBAR-StatusBarManagerService(  459): manageDisableList what=0x0 pkg=android
D/STATUSBAR-StatusBarManagerService(  459): manageDisableList what=0x0 pkg=system
