I/AudioPolicyManagerBase( 6700): ### stringToEnum() found AUDIO_DEVICE_IN_VOICE_CALL
V/AudioPolicyManagerBase( 6700): loadInput() adding input mSupportedDevices 1700000
V/AudioPolicyManagerBase( 6700): loadHwModules() loading module a2dp
V/AudioPolicyManagerBase( 6700): loadHwModule() loading output a2dp
V/AudioPolicyManagerBase( 6700): loadSamplingRates() adding rate 44100
V/AudioPolicyManagerBase( 6700): loadOutChannels() AUDIO_CHANNEL_OUT_STEREO
I/AudioPolicyManagerBase( 6700): ### stringToEnum() found AUDIO_CHANNEL_OUT_STEREO
I/AudioPolicyManagerBase( 6700): ### stringToEnum() found AUDIO_FORMAT_PCM_16_BIT
I/AudioPolicyManagerBase( 6700): ### stringToEnum() found AUDIO_DEVICE_OUT_ALL_A2DP
V/AudioPolicyManagerBase( 6700): loadOutput() adding output mSupportedDevices 0380, mFlags 0000
V/AudioPolicyManagerBase( 6700): loadHwModules() loading module usb
V/AudioPolicyManagerBase( 6700): loadHwModule() loading output usb_accessory
V/AudioPolicyManagerBase( 6700): loadSamplingRates() adding rate 44100
V/AudioPolicyManagerBase( 6700): loadOutChannels() AUDIO_CHANNEL_OUT_STEREO
I/AudioPolicyManagerBase( 6700): ### stringToEnum() found AUDIO_CHANNEL_OUT_STEREO
I/AudioPolicyManagerBase( 6700): ### stringToEnum() found AUDIO_FORMAT_PCM_16_BIT
I/AudioPolicyManagerBase( 6700): ### stringToEnum() found AUDIO_DEVICE_OUT_USB_ACCESSORY
V/AudioPolicyManagerBase( 6700): loadOutput() adding output mSupportedDevices 2000, mFlags 0000
V/AudioPolicyManagerBase( 6700): loadHwModule() loading output usb_device
V/AudioPolicyManagerBase( 6700): loadSamplingRates() adding rate 44100
V/AudioPolicyManagerBase( 6700): loadOutChannels() AUDIO_CHANNEL_OUT_STEREO
I/AudioPolicyManagerBase( 6700): ### stringToEnum() found AUDIO_CHANNEL_OUT_STEREO
I/AudioPolicyManagerBase( 6700): ### stringToEnum() found AUDIO_FORMAT_PCM_16_BIT
I/AudioPolicyManagerBase( 6700): ### stringToEnum() found AUDIO_DEVICE_OUT_USB_DEVICE
V/AudioPolicyManagerBase( 6700): loadOutput() adding output mSupportedDevices 4000, mFlags 0000
I/AudioPolicyManagerBase( 6700): loadAudioPolicyConfig() loaded /system/etc/audio_policy.conf
V/AudioFlinger( 6700): registerClient() client 0x41ee6d78, pid 6700
I/audio_hw_primary( 6700): adev_open
I/Alsa_Util( 6700): card name is Dummy, query card=0
I/Alsa_Util( 6700): card name is VIRTUAL AUDIO, query card=1
I/Alsa_Util( 6700): card name is sprdphone, query card=2
I/Alsa_Util( 6700): Search Completed, cur_name is sprdphone, card_num=2
I/Alsa_Util( 6700): card name is Dummy, query card=0
I/Alsa_Util( 6700): card name is VIRTUAL AUDIO, query card=1
I/Alsa_Util( 6700): Search Completed, cur_name is VIRTUAL AUDIO, card_num=1
I/audio_hw_primary( 6700): s_tinycard = 2, s_vaudio = 1
V/audio_hw_primary( 6700): Reading configuration from /system/etc/tiny_hw.xml
I/audio_hw_primary( 6700): Parsing control HeadPhone Playback Volume => 12
I/audio_hw_primary( 6700): s->path_len=1
I/audio_hw_primary( 6700): Parsing control Master Playback Volume => 12
I/audio_hw_primary( 6700): s->path_len=2
I/audio_hw_primary( 6700): Parsing control Inter PA Playback Volume => 12
I/audio_hw_primary( 6700): s->path_len=3
I/audio_hw_primary( 6700): Parsing control Ear Boost Volume => 1
I/audio_hw_primary( 6700): s->path_len=4
I/audio_hw_primary( 6700): Parsing control Capture Volume => 12
I/audio_hw_primary( 6700): s->path_len=5
I/audio_hw_primary( 6700): Parsing control Mic Boost Volume => 1
I/audio_hw_primary( 6700): s->path_len=6
I/audio_hw_primary( 6700): Parsing control Line Playback Volume => 12
I/audio_hw_primary( 6700): s->path_len=7
I/audio_hw_primary( 6700): Parsing control LineinRec Capture Volume => 8
I/audio_hw_primary( 6700): s->path_len=8
I/audio_hw_primary( 6700): Applying 8 element default route
I/audio_hw_primary( 6700): Set 'HeadPhone Playback Volume'.0 to 12
I/audio_hw_primary( 6700): Set 'HeadPhone Playback Volume'.1 to 12
I/audio_hw_primary( 6700): Set 'Master Playback Volume'.0 to 12
I/audio_hw_primary( 6700): Set 'Master Playback Volume'.1 to 12
I/audio_hw_primary( 6700): Set 'Inter PA Playback Volume'.0 to 12
I/audio_hw_primary( 6700): Set 'Ear Boost Volume'.0 to 1
I/audio_hw_primary( 6700): Set 'Capture Volume'.0 to 12
I/audio_hw_primary( 6700): Set 'Mic Boost Volume'.0 to 1
I/audio_hw_primary( 6700): Set 'Line Playback Volume'.0 to 12
I/audio_hw_primary( 6700): Set 'Line Playback Volume'.1 to 12
I/audio_hw_primary( 6700): Set 'LineinRec Capture Volume'.0 to 8
I/audio_hw_primary( 6700): Allocating device speaker
I/audio_hw_primary( 6700): Parsing control Speaker Function => 1
I/audio_hw_primary( 6700): s->path_len=1
I/audio_hw_primary( 6700): 1 element on sequence
I/audio_hw_primary( 6700): Parsing control Speaker Function => 0
I/audio_hw_primary( 6700): s->path_len=1
I/audio_hw_primary( 6700): 1 element off sequence
I/audio_hw_primary( 6700): Set 'Speaker Function'.0 to 0
I/audio_hw_primary( 6700): Allocating device headphone
I/audio_hw_primary( 6700): Parsing control HeadPhone Function => 1
I/audio_hw_primary( 6700): s->path_len=1
I/audio_hw_primary( 6700): 1 element on sequence
I/audio_hw_primary( 6700): Parsing control HeadPhone Function => 0
I/audio_hw_primary( 6700): s->path_len=1
I/audio_hw_primary( 6700): 1 element off sequence
I/audio_hw_primary( 6700): Set 'HeadPhone Function'.0 to 0
I/audio_hw_primary( 6700): Allocating device earpiece
I/audio_hw_primary( 6700): Parsing control Earpiece Function => 1
I/audio_hw_primary( 6700): s->path_len=1
I/audio_hw_primary( 6700): 1 element on sequence
I/audio_hw_primary( 6700): Parsing control Earpiece Function => 0
I/audio_hw_primary( 6700): s->path_len=1
I/audio_hw_primary( 6700): 1 element off sequence
I/audio_hw_primary( 6700): Set 'Earpiece Function'.0 to 0
I/audio_hw_primary( 6700): Allocating device builtin-mic
I/audio_hw_primary( 6700): Parsing control Mic Function => 1
I/audio_hw_primary( 6700): s->path_len=1
I/audio_hw_primary( 6700): 1 element on sequence
I/audio_hw_primary( 6700): Parsing control Mic Function => 0
I/audio_hw_primary( 6700): s->path_len=1
I/audio_hw_primary( 6700): 1 element off sequence
I/audio_hw_primary( 6700): Set 'Mic Function'.0 to 0
I/audio_hw_primary( 6700): Allocating device headset-in
I/audio_hw_primary( 6700): Parsing control HP Mic Function => 1
I/audio_hw_primary( 6700): s->path_len=1
I/audio_hw_primary( 6700): 1 element on sequence
I/audio_hw_primary( 6700): Parsing control HP Mic Function => 0
I/audio_hw_primary( 6700): s->path_len=1
I/audio_hw_primary( 6700): 1 element off sequence
I/audio_hw_primary( 6700): Set 'HP Mic Function'.0 to 0
I/audio_hw_primary( 6700): Allocating device line
I/audio_hw_primary( 6700): Parsing control Line Function => 1
I/audio_hw_primary( 6700): s->path_len=1
I/audio_hw_primary( 6700): 1 element on sequence
I/audio_hw_primary( 6700): Parsing control Line Function => 0
I/audio_hw_primary( 6700): s->path_len=1
I/audio_hw_primary( 6700): 1 element off sequence
I/audio_hw_primary( 6700): Set 'Line Function'.0 to 0
I/audio_hw_primary( 6700): Parsing control Linein Rec Function => 1
I/audio_hw_primary( 6700): s->path_len=1
I/audio_hw_primary( 6700): Applying 1 element default route
E/BandwidthController( 6701): runIptablesCmd(): failed /system/bin/iptables -t raw -N bw_raw_PREROUTING res=256
I/audio_hw_primary( 6700): Set 'Linein Rec Function'.0 to 1
I/audio_hw_primary( 6700): Parsing control Linein Rec Function => 0
I/audio_hw_primary( 6700): s->path_len=1
I/audio_hw_primary( 6700): Applying 1 element default route
E/BandwidthController( 6701): runIptablesCmd(): failed /system/bin/ip6tables -t raw -N bw_raw_PREROUTING res=256
I/audio_hw_primary( 6700): Set 'Linein Rec Function'.0 to 0
W/audio_hw_primary( 6700): s->adev->private_ctl.vbc_switch is successful
W/audio_hw_primary( 6700): s->adev->private_ctl.vbc_eq_switch is successful
W/audio_hw_primary( 6700): s->adev->private_ctl.vbc_eq_update is successful
W/audio_hw_primary( 6700): s->adev->private_ctl.vbc_eq_profile_select is successful
I/audio_hw_primary( 6700): ret=0, num_dev_cfgs=6
I/audio_hw_primary( 6700): dev_cfgs_on depth=1, dev_cfgs_off depth=1
I/vb_effect( 6700): create_vb_effect_params...start
I/vb_effect( 6700): do_parse...start
I/vb_effect( 6700): fd_dest_paras(0x4012fcbc), header_len(12), profile_len(280)
I/vb_effect( 6700): effect_profile->name is Headset
I/vb_effect( 6700): effect_profile->name is Headfree
I/vb_effect( 6700): effect_profile->name is Handset
I/vb_effect( 6700): effect_profile->name is Handsfree
I/vb_effect( 6700): do_parse...end
I/vb_effect( 6700): create_vb_effect_params...done
I/audio_hw_primary( 6700): eq_loading, ret(-1), eq_available(0)
I/audio_pga( 6700): The codec name is dolphin
D/audio_pga( 6700): profile name is 'speaker-l'
D/audio_pga( 6700): pga name is 'Master Playback Volume', val is '0'
D/audio_pga( 6700): pga name is 'Inter PA Playback Volume', val is '4'
D/audio_pga( 6700): pga name is 'VBC DACL DG Set', val is '16'
D/audio_pga( 6700): pga name is 'VBC DACL DG Switch', val is '31'
D/audio_pga( 6700): profile name is 'speaker-r'
D/audio_pga( 6700): pga name is 'Master Playback Volume', val is '0'
D/audio_pga( 6700): pga name is 'Inter PA Playback Volume', val is '4'
D/audio_pga( 6700): pga name is 'VBC DACR DG Set', val is '16'
D/audio_pga( 6700): pga name is 'VBC DACR DG Switch', val is '31'
D/audio_pga( 6700): profile name is 'headphone-l'
D/audio_pga( 6700): pga name is 'Master Playback Volume', val is '0'
D/audio_pga( 6700): pga name is 'HeadPhone Playback Volume', val is '4'
D/audio_pga( 6700): pga name is 'VBC DACL DG Set', val is '16'
D/audio_pga( 6700): pga name is 'VBC DACL DG Switch', val is '31'
D/audio_pga( 6700): profile name is 'headphone-r'
D/audio_pga( 6700): pga name is 'Master Playback Volume', val is '0'
D/audio_pga( 6700): pga name is 'HeadPhone Playback Volume', val is '4'
D/audio_pga( 6700): pga name is 'VBC DACR DG Set', val is '16'
D/audio_pga( 6700): pga name is 'VBC DACR DG Switch', val is '31'
D/audio_pga( 6700): profile name is 'headphone-spk-l'
D/audio_pga( 6700): pga name is 'Master Playback Volume', val is '0'
D/audio_pga( 6700): pga name is 'HeadPhone Playback Volume', val is '4'
D/audio_pga( 6700): pga name is 'VBC DACL DG Set', val is '16'
D/audio_pga( 6700): pga name is 'VBC DACL DG Switch', val is '31'
D/audio_pga( 6700): profile name is 'headphone-spk-r'
D/audio_pga( 6700): pga name is 'Master Playback Volume', val is '0'
D/audio_pga( 6700): pga name is 'HeadPhone Playback Volume', val is '4'
D/audio_pga( 6700): pga name is 'VBC DACR DG Set', val is '16'
D/audio_pga( 6700): pga name is 'VBC DACR DG Switch', val is '31'
D/audio_pga( 6700): profile name is 'earpiece'
D/audio_pga( 6700): pga name is 'Master Playback Volume', val is '0'
D/audio_pga( 6700): pga name is 'Ear Boost Volume', val is '4'
D/audio_pga( 6700): pga name is 'VBC DACL DG Set', val is '16'
D/audio_pga( 6700): pga name is 'VBC DACL DG Switch', val is '31'
D/audio_pga( 6700): profile name is 'linein-spk-l'
D/audio_pga( 6700): pga name is 'Line Playback Volume', val is '0'
D/audio_pga( 6700): pga name is 'Inter PA Playback Volume', val is '5'
D/audio_pga( 6700): pga name is 'VBC DACL DG Set', val is '16'
D/audio_pga( 6700): pga name is 'VBC DACL DG Switch', val is '31'
D/audio_pga( 6700): profile name is 'linein-spk-r'
D/audio_pga( 6700): pga name is 'Line Playback Volume', val is '0'
D/audio_pga( 6700): pga name is 'Inter PA Playback Volume', val is '5'
D/audio_pga( 6700): pga name is 'VBC DACR DG Set', val is '16'
D/audio_pga( 6700): pga name is 'VBC DACR DG Switch', val is '31'
D/audio_pga( 6700): profile name is 'linein-hp-l'
D/audio_pga( 6700): pga name is 'Line Playback Volume', val is '0'
D/audio_pga( 6700): pga name is 'HeadPhone Playback Volume', val is '5'
D/audio_pga( 6700): pga name is 'VBC DACL DG Set', val is '16'
D/audio_pga( 6700): pga name is 'VBC DACL DG Switch', val is '31'
D/audio_pga( 6700): profile name is 'linein-hp-r'
D/audio_pga( 6700): pga name is 'Line Playback Volume', val is '0'
D/audio_pga( 6700): pga name is 'HeadPhone Playback Volume', val is '5'
D/audio_pga( 6700): pga name is 'VBC DACR DG Set', val is '16'
D/audio_pga( 6700): pga name is 'VBC DACR DG Switch', val is '31'
D/audio_pga( 6700): profile name is 'capture-l'
D/audio_pga( 6700): pga name is 'Capture Volume', val is '0'
D/audio_pga( 6700): pga name is 'Mic Boost Volume', val is '4'
D/audio_pga( 6700): pga name is 'VBC ADCL DG Set', val is '8'
D/audio_pga( 6700): pga name is 'VBC ADCL DG Switch', val is '15'
D/audio_pga( 6700): profile name is 'capture-r'
D/audio_pga( 6700): pga name is 'Capture Volume', val is '0'
D/audio_pga( 6700): pga name is 'Mic Boost Volume', val is '4'
D/audio_pga( 6700): pga name is 'VBC ADCR DG Set', val is '8'
D/audio_pga( 6700): pga name is 'VBC ADCR DG Switch', val is '15'
D/audio_pga( 6700): profile name is 'linein-capture-l'
D/audio_pga( 6700): pga name is 'Capture Volume', val is '0'
D/audio_pga( 6700): pga name is 'Mic Boost Volume', val is '4'
D/audio_pga( 6700): pga name is 'LineinRec Capture Volume', val is '5'
D/audio_pga( 6700): pga name is 'VBC ADCL DG Set', val is '8'
D/audio_pga( 6700): pga name is 'VBC ADCL DG Switch', val is '15'
D/audio_pga( 6700): profile name is 'linein-capture-r'
D/audio_pga( 6700): pga name is 'Capture Volume', val is '0'
D/audio_pga( 6700): pga name is 'Mic Boost Volume', val is '4'
D/audio_pga( 6700): pga name is 'LineinRec Capture Volume', val is '5'
D/audio_pga( 6700): pga name is 'VBC ADCR DG Set', val is '8'
D/audio_pga( 6700): pga name is 'VBC ADCR DG Switch', val is '15'
D/audio_pga( 6700): mixer name is 'Master Playback Volume'
D/audio_pga( 6700): attribute max is '15', inverse is '1'
D/audio_pga( 6700): mixer name is 'HeadPhone Playback Volume'
D/audio_pga( 6700): attribute max is '31', inverse is '1'
D/audio_pga( 6700): mixer name is 'Line Playback Volume'
D/audio_pga( 6700): attribute max is '19', inverse is '1'
D/audio_pga( 6700): mixer name is 'LineinRec Capture Volume'
D/audio_pga( 6700): attribute max is '7', inverse is '0'
D/audio_pga( 6700): mixer name is 'Inter PA Playback Volume'
D/audio_pga( 6700): attribute max is '15', inverse is '0'
D/audio_pga( 6700): mixer name is 'Ear Boost Volume'
D/audio_pga( 6700): attribute max is '1', inverse is '0'
D/audio_pga( 6700): mixer name is 'Capture Volume'
D/audio_pga( 6700): attribute max is '15', inverse is '0'
D/audio_pga( 6700): mixer name is 'Mic Boost Volume'
D/audio_pga( 6700): attribute max is '1', inverse is '0'
D/audio_pga( 6700): mixer name is 'VBC DACL DG Set'
D/audio_pga( 6700): attribute max is '127', inverse is '0'
D/audio_pga( 6700): mixer name is 'VBC DACR DG Set'
D/audio_pga( 6700): attribute max is '127', inverse is '0'
D/audio_pga( 6700): mixer name is 'VBC DACL DG Switch'
D/audio_pga( 6700): attribute max is '1', inverse is '0'
D/audio_pga( 6700): mixer name is 'VBC DACR DG Switch'
D/audio_pga( 6700): attribute max is '1', inverse is '0'
D/audio_pga( 6700): mixer name is 'VBC ADCL DG Set'
D/audio_pga( 6700): attribute max is '127', inverse is '0'
D/audio_pga( 6700): mixer name is 'VBC ADCR DG Set'
D/audio_pga( 6700): attribute max is '127', inverse is '0'
D/audio_pga( 6700): mixer name is 'VBC ADCL DG Switch'
D/audio_pga( 6700): attribute max is '1', inverse is '0'
D/audio_pga( 6700): mixer name is 'VBC ADCR DG Switch'
D/audio_pga( 6700): attribute max is '1', inverse is '0'
I/audio_hw_primary( 6700): select_devices_signal starting...
I/audio_hw_primary( 6700): select_devices_signal finished.
V/audio_hw_primary( 6700): adev_open: create lvve engine.
D/LVVE_Engine( 6700): LVVEFS_TRACE: FUNCTION: LVVEFS_Create: There are 1 instances of LVVEFS active, id = 1074777913 at 168 in ../SRC/LVVEFS_Create.c
D/LVVE_Engine( 6700): LVVEFS_TRACE: FUNCTION: LVVEFS_CreateParamTable: LVVEFS_ParseFile starting at 132 in ../SRC/LVVEFS_Params.c
D/LVVE_Engine( 6700): LVVEFS_TRACE: FUNCTION: LVVEFS_ParseFile at 95 in ../SRC/LVVEFS_Parser.c
D/LVVE_Engine( 6700): LVVEFS_TRACE: FUNCTION: LVVEFS_ArgsReadData at 318 in ../SRC/LVVEFS_Args.c
D/LVVE_Engine( 6700): LVVEFS_TRACE: FUNCTION: LVVEFS_ParseFile: Set Rx Config Params at 151 in ../SRC/LVVEFS_Parser.c
D/LVVE_Engine( 6700): LVVEFS_TRACE: FUNCTION: LVVEFS_Rx_Array2ControlParameters at 922 in ../SRC/LVVEFS_Parser.c
D/LVVE_Engine( 6700): LVVEFS_TRACE: FUNCTION: LVVEFS_CreateParamTable: LVVEFS_ParseFile of LVVEFS_Rx_ControlParams returned successful at 141 in ../SRC/LVVEFS_Params.c
D/LVVE_Engine( 6700): LVVEFS_TRACE: FUNCTION: LVVEFS_ParseFile at 95 in ../SRC/LVVEFS_Parser.c
D/LVVE_Engine( 6700): LVVEFS_TRACE: FUNCTION: LVVEFS_ArgsReadData at 318 in ../SRC/LVVEFS_Args.c
D/LVVE_Engine( 6700): LVVEFS_TRACE: FUNCTION: LVVEFS_ParseFile: Set Tx Config Params at 161 in ../SRC/LVVEFS_Parser.c
D/LVVE_Engine( 6700): LVVEFS_TRACE: FUNCTION: LVVEFS_CreateParamTable: LVVEFS_ParseFile of LVVEFS_Tx_ControlParams returned successful at 156 in ../SRC/LVVEFS_Params.c
D/LVVE_Engine( 6700): LVVEFS_TRACE: FUNCTION: LVVEFS_ParseFile at 95 in ../SRC/LVVEFS_Parser.c
D/LVVE_Engine( 6700): LVVEFS_TRACE: FUNCTION: LVVEFS_ArgsReadData at 318 in ../SRC/LVVEFS_Args.c
D/LVVE_Engine( 6700): LVVEFS_TRACE: FUNCTION: LVVEFS_ParseFile: Set Rx Control Params at 129 in ../SRC/LVVEFS_Parser.c
D/LVVE_Engine( 6700): LVVEFS_TRACE: FUNCTION: LVVEFS_CreateParamTable: LVVEFS_ParseFile of RxControl 0 returned successful at 208 in ../SRC/LVVEFS_Params.c
D/LVVE_Engine( 6700): LVVEFS_TRACE: FUNCTION: LVVEFS_ParseFile at 95 in ../SRC/LVVEFS_Parser.c
D/LVVE_Engine( 6700): LVVEFS_TRACE: FUNCTION: LVVEFS_ArgsReadData at 318 in ../SRC/LVVEFS_Args.c
D/LVVE_Engine( 6700): LVVEFS_TRACE: FUNCTION: LVVEFS_ParseFile: Set Rx Control Params at 129 in ../SRC/LVVEFS_Parser.c
D/LVVE_Engine( 6700): LVVEFS_TRACE: FUNCTION: LVVEFS_CreateParamTable: LVVEFS_ParseFile of RxControl 1 returned successful at 208 in ../SRC/LVVEFS_Params.c
D/LVVE_Engine( 6700): LVVEFS_TRACE: FUNCTION: LVVEFS_ParseFile at 95 in ../SRC/LVVEFS_Parser.c
D/LVVE_Engine( 6700): LVVEFS_TRACE: FUNCTION: LVVEFS_ArgsReadData at 318 in ../SRC/LVVEFS_Args.c
D/LVVE_Engine( 6700): LVVEFS_TRACE: FUNCTION: LVVEFS_ParseFile: Set Rx Control Params at 129 in ../SRC/LVVEFS_Parser.c
D/LVVE_Engine( 6700): LVVEFS_TRACE: FUNCTION: LVVEFS_CreateParamTable: LVVEFS_ParseFile of RxControl 2 returned successful at 208 in ../SRC/LVVEFS_Params.c
D/LVVE_Engine( 6700): LVVEFS_TRACE: FUNCTION: LVVEFS_ParseFile at 95 in ../SRC/LVVEFS_Parser.c
D/LVVE_Engine( 6700): LVVEFS_TRACE: FUNCTION: LVVEFS_ArgsReadData at 318 in ../SRC/LVVEFS_Args.c
D/LVVE_Engine( 6700): LVVEFS_TRACE: FUNCTION: LVVEFS_ParseFile: Set Rx Control Params at 129 in ../SRC/LVVEFS_Parser.c
D/LVVE_Engine( 6700): LVVEFS_TRACE: FUNCTION: LVVEFS_CreateParamTable: LVVEFS_ParseFile of RxControl 3 returned successful at 208 in ../SRC/LVVEFS_Params.c
D/LVVE_Engine( 6700): LVVEFS_TRACE: FUNCTION: LVVEFS_ParseFile at 95 in ../SRC/LVVEFS_Parser.c
D/LVVE_Engine( 6700): LVVEFS_TRACE: FUNCTION: LVVEFS_ArgsReadData at 318 in ../SRC/LVVEFS_Args.c
D/LVVE_Engine( 6700): LVVEFS_TRACE: FUNCTION: LVVEFS_ParseFile: Set Rx Control Params at 129 in ../SRC/LVVEFS_Parser.c
D/LVVE_Engine( 6700): LVVEFS_TRACE: FUNCTION: LVVEFS_CreateParamTable: LVVEFS_ParseFile of RxControl 4 returned successful at 208 in ../SRC/LVVEFS_Params.c
D/LVVE_Engine( 6700): LVVEFS_TRACE: FUNCTION: LVVEFS_ParseFile at 95 in ../SRC/LVVEFS_Parser.c
D/LVVE_Engine( 6700): LVVEFS_TRACE: FUNCTION: LVVEFS_ArgsReadData at 318 in ../SRC/LVVEFS_Args.c
D/LVVE_Engine( 6700): LVVEFS_TRACE: FUNCTION: LVVEFS_ParseFile: Set Rx Control Params at 129 in ../SRC/LVVEFS_Parser.c
D/LVVE_Engine( 6700): LVVEFS_TRACE: FUNCTION: LVVEFS_CreateParamTable: LVVEFS_ParseFile of RxControl 5 returned successful at 208 in ../SRC/LVVEFS_Params.c
D/LVVE_Engine( 6700): LVVEFS_TRACE: FUNCTION: LVVEFS_ParseFile at 95 in ../SRC/LVVEFS_Parser.c
D/LVVE_Engine( 6700): LVVEFS_TRACE: FUNCTION: LVVEFS_ArgsReadData at 318 in ../SRC/LVVEFS_Args.c
D/LVVE_Engine( 6700): LVVEFS_TRACE: FUNCTION: LVVEFS_ParseFile: Set Rx Control Params at 129 in ../SRC/LVVEFS_Parser.c
D/LVVE_Engine( 6700): LVVEFS_TRACE: FUNCTION: LVVEFS_CreateParamTable: LVVEFS_ParseFile of RxControl 6 returned successful at 208 in ../SRC/LVVEFS_Params.c
D/LVVE_Engine( 6700): LVVEFS_TRACE: FUNCTION: LVVEFS_ParseFile at 95 in ../SRC/LVVEFS_Parser.c
D/LVVE_Engine( 6700): LVVEFS_TRACE: FUNCTION: LVVEFS_ArgsReadData at 318 in ../SRC/LVVEFS_Args.c
D/LVVE_Engine( 6700): LVVEFS_TRACE: FUNCTION: LVVEFS_ParseFile: Set Rx Control Params at 129 in ../SRC/LVVEFS_Parser.c
D/LVVE_Engine( 6700): LVVEFS_TRACE: FUNCTION: LVVEFS_CreateParamTable: LVVEFS_ParseFile of RxControl 7 returned successful at 208 in ../SRC/LVVEFS_Params.c
D/LVVE_Engine( 6700): LVVEFS_TRACE: FUNCTION: LVVEFS_ParseFile at 95 in ../SRC/LVVEFS_Parser.c
D/LVVE_Engine( 6700): LVVEFS_TRACE: FUNCTION: LVVEFS_ArgsReadData at 318 in ../SRC/LVVEFS_Args.c
D/LVVE_Engine( 6700): LVVEFS_TRACE: FUNCTION: LVVEFS_ParseFile: Set Rx Control Params at 129 in ../SRC/LVVEFS_Parser.c
D/LVVE_Engine( 6700): LVVEFS_TRACE: FUNCTION: LVVEFS_CreateParamTable: LVVEFS_ParseFile of RxControl 8 returned successful at 208 in ../SRC/LVVEFS_Params.c
D/LVVE_Engine( 6700): LVVEFS_TRACE: FUNCTION: LVVEFS_ParseFile at 95 in ../SRC/LVVEFS_Parser.c
D/LVVE_Engine( 6700): LVVEFS_TRACE: FUNCTION: LVVEFS_ArgsReadData at 318 in ../SRC/LVVEFS_Args.c
D/LVVE_Engine( 6700): LVVEFS_TRACE: FUNCTION: LVVEFS_ParseFile: Set Rx Control Params at 129 in ../SRC/LVVEFS_Parser.c
D/LVVE_Engine( 6700): LVVEFS_TRACE: FUNCTION: LVVEFS_CreateParamTable: LVVEFS_ParseFile of RxControl 9 returned successful at 208 in ../SRC/LVVEFS_Params.c
D/LVVE_Engine( 6700): LVVEFS_TRACE: FUNCTION: LVVEFS_ParseFile at 95 in ../SRC/LVVEFS_Parser.c
D/LVVE_Engine( 6700): LVVEFS_TRACE: FUNCTION: LVVEFS_ArgsReadData at 318 in ../SRC/LVVEFS_Args.c
D/LVVE_Engine( 6700): LVVEFS_TRACE: FUNCTION: LVVEFS_ParseFile: Set Tx Control Params at 140 in ../SRC/LVVEFS_Parser.c
D/LVVE_Engine( 6700): LVVEFS_TRACE: FUNCTION: LVVEFS_CreateParamTable: LVVEFS_ParseFile of TxControl 0 returned successful at 230 in ../SRC/LVVEFS_Params.c
D/LVVE_Engine( 6700): LVVEFS_TRACE: FUNCTION: LVVEFS_ParseFile at 95 in ../SRC/LVVEFS_Parser.c
D/LVVE_Engine( 6700): LVVEFS_TRACE: FUNCTION: LVVEFS_ArgsReadData at 318 in ../SRC/LVVEFS_Args.c
D/LVVE_Engine( 6700): LVVEFS_TRACE: FUNCTION: LVVEFS_ParseFile: Set Tx Control Params at 140 in ../SRC/LVVEFS_Parser.c
D/LVVE_Engine( 6700): LVVEFS_TRACE: FUNCTION: LVVEFS_CreateParamTable: LVVEFS_ParseFile of TxControl 1 returned successful at 230 in ../SRC/LVVEFS_Params.c
D/LVVE_Engine( 6700): LVVEFS_TRACE: FUNCTION: LVVEFS_ParseFile at 95 in ../SRC/LVVEFS_Parser.c
D/LVVE_Engine( 6700): LVVEFS_TRACE: FUNCTION: LVVEFS_ArgsReadData at 318 in ../SRC/LVVEFS_Args.c
D/LVVE_Engine( 6700): LVVEFS_TRACE: FUNCTION: LVVEFS_ParseFile: Set Tx Control Params at 140 in ../SRC/LVVEFS_Parser.c
D/LVVE_Engine( 6700): LVVEFS_TRACE: FUNCTION: LVVEFS_CreateParamTable: LVVEFS_ParseFile of TxControl 2 returned successful at 230 in ../SRC/LVVEFS_Params.c
D/LVVE_Engine( 6700): LVVEFS_TRACE: FUNCTION: LVVEFS_ParseFile at 95 in ../SRC/LVVEFS_Parser.c
D/LVVE_Engine( 6700): LVVEFS_TRACE: FUNCTION: LVVEFS_ArgsReadData at 318 in ../SRC/LVVEFS_Args.c
D/LVVE_Engine( 6700): LVVEFS_TRACE: FUNCTION: LVVEFS_ParseFile: Set Tx Control Params at 140 in ../SRC/LVVEFS_Parser.c
D/LVVE_Engine( 6700): LVVEFS_TRACE: FUNCTION: LVVEFS_CreateParamTable: LVVEFS_ParseFile of TxControl 3 returned successful at 230 in ../SRC/LVVEFS_Params.c
D/LVVE_Engine( 6700): LVVEFS_TRACE: FUNCTION: LVVEFS_ParseFile at 95 in ../SRC/LVVEFS_Parser.c
D/LVVE_Engine( 6700): LVVEFS_TRACE: FUNCTION: LVVEFS_ArgsReadData at 318 in ../SRC/LVVEFS_Args.c
D/LVVE_Engine( 6700): LVVEFS_TRACE: FUNCTION: LVVEFS_ParseFile: Set Tx Control Params at 140 in ../SRC/LVVEFS_Parser.c
D/LVVE_Engine( 6700): LVVEFS_TRACE: FUNCTION: LVVEFS_CreateParamTable: LVVEFS_ParseFile of TxControl 4 returned successful at 230 in ../SRC/LVVEFS_Params.c
D/LVVE_Engine( 6700): LVVEFS_TRACE: FUNCTION: LVVEFS_ParseFile at 95 in ../SRC/LVVEFS_Parser.c
D/LVVE_Engine( 6700): LVVEFS_TRACE: FUNCTION: LVVEFS_ArgsReadData at 318 in ../SRC/LVVEFS_Args.c
D/LVVE_Engine( 6700): LVVEFS_TRACE: FUNCTION: LVVEFS_ParseFile: Set Tx Control Params at 140 in ../SRC/LVVEFS_Parser.c
D/LVVE_Engine( 6700): LVVEFS_TRACE: FUNCTION: LVVEFS_CreateParamTable: LVVEFS_ParseFile of TxControl 5 returned successful at 230 in ../SRC/LVVEFS_Params.c
D/LVVE_Engine( 6700): LVVEFS_TRACE: FUNCTION: LVVEFS_ParseFile at 95 in ../SRC/LVVEFS_Parser.c
D/LVVE_Engine( 6700): LVVEFS_TRACE: FUNCTION: LVVEFS_ArgsReadData at 318 in ../SRC/LVVEFS_Args.c
D/LVVE_Engine( 6700): LVVEFS_TRACE: FUNCTION: LVVEFS_ParseFile: Set Tx Control Params at 140 in ../SRC/LVVEFS_Parser.c
D/LVVE_Engine( 6700): LVVEFS_TRACE: FUNCTION: LVVEFS_CreateParamTable: LVVEFS_ParseFile of TxControl 6 returned successful at 230 in ../SRC/LVVEFS_Params.c
D/LVVE_Engine( 6700): LVVEFS_TRACE: FUNCTION: LVVEFS_ParseFile at 95 in ../SRC/LVVEFS_Parser.c
D/LVVE_Engine( 6700): LVVEFS_TRACE: FUNCTION: LVVEFS_ArgsReadData at 318 in ../SRC/LVVEFS_Args.c
D/LVVE_Engine( 6700): LVVEFS_TRACE: FUNCTION: LVVEFS_ParseFile: Set Tx Control Params at 140 in ../SRC/LVVEFS_Parser.c
D/LVVE_Engine( 6700): LVVEFS_TRACE: FUNCTION: LVVEFS_CreateParamTable: LVVEFS_ParseFile of TxControl 7 returned successful at 230 in ../SRC/LVVEFS_Params.c
D/LVVE_Engine( 6700): LVVEFS_TRACE: FUNCTION: LVVEFS_ParseFile at 95 in ../SRC/LVVEFS_Parser.c
D/LVVE_Engine( 6700): LVVEFS_TRACE: FUNCTION: LVVEFS_ArgsReadData at 318 in ../SRC/LVVEFS_Args.c
D/LVVE_Engine( 6700): LVVEFS_TRACE: FUNCTION: LVVEFS_ParseFile: Set Tx Control Params at 140 in ../SRC/LVVEFS_Parser.c
D/LVVE_Engine( 6700): LVVEFS_TRACE: FUNCTION: LVVEFS_CreateParamTable: LVVEFS_ParseFile of TxControl 8 returned successful at 230 in ../SRC/LVVEFS_Params.c
D/LVVE_Engine( 6700): LVVEFS_TRACE: FUNCTION: LVVEFS_ParseFile at 95 in ../SRC/LVVEFS_Parser.c
D/LVVE_Engine( 6700): LVVEFS_TRACE: FUNCTION: LVVEFS_ArgsReadData at 318 in ../SRC/LVVEFS_Args.c
D/LVVE_Engine( 6700): LVVEFS_TRACE: FUNCTION: LVVEFS_ParseFile: Set Tx Control Params at 140 in ../SRC/LVVEFS_Parser.c
D/LVVE_Engine( 6700): LVVEFS_TRACE: FUNCTION: LVVEFS_CreateParamTable: LVVEFS_ParseFile of TxControl 9 returned successful at 230 in ../SRC/LVVEFS_Params.c
D/LVVE_Engine( 6700): LVVEFS_TRACE: FUNCTION: LVVEFS_LVVE_Rx_Create at 410 in ../SRC/LVVEFS_Create.c
D/LVVE_Engine( 6700): LVVEFS_TRACE: FUNCTION: LVVEFS_Fifo_Create: FIFO 0 Malloc alignment at 0x41ef5978 at 93 in ../SRC/LVVEFS_Fifo.c
D/LVVE_Engine( 6700): LVVEFS_TRACE: FUNCTION: LVVEFS_Fifo_Create: FIFO 1 Malloc alignment at 0x41efe350 at 93 in ../SRC/LVVEFS_Fifo.c
D/LVVE_Engine( 6700): LVVEFS_TRACE: 		LVVEFS_Rx_Create: pOutSave size is 1280 at 492 in ../SRC/LVVEFS_Create.c
D/LVVE_Engine( 6700): LVVEFS_TRACE: LVVEFS_LVVE_Rx_Create: successfully called LVVE_Rx_GetMemoryTable at 524 in ../SRC/LVVEFS_Create.c
D/LVVE_Engine( 6700): LVVEFS_TRACE: LVVEFS_LVVE_Rx_Create: successfully called LVVE_Rx_GetInstanceHandle at 545 in ../SRC/LVVEFS_Create.c
D/LVVE_Engine( 6700): LVVEFS_TRACE: LVVEFS_LVVE_Rx_Create: successfully called LVVE_Rx_GetMemoryTable at 524 in ../SRC/LVVEFS_Create.c
D/LVVE_Engine( 6700): LVVEFS_TRACE: LVVEFS_LVVE_Rx_Create: successfully called LVVE_Rx_GetInstanceHandle at 545 in ../SRC/LVVEFS_Create.c
D/LVVE_Engine( 6700): LVVEFS_TRACE: FUNCTION: LVVEFS_LVVE_Tx_Create at 600 in ../SRC/LVVEFS_Create.c
D/LVVE_Engine( 6700): LVVEFS_TRACE: FUNCTION: LVVEFS_LVVE_Tx_Create: LVVE Version is LVVE_3.18.03 at 608 in ../SRC/LVVEFS_Create.c
D/LVVE_Engine( 6700): LVVEFS_TRACE: FUNCTION: LVVEFS_Fifo_Create: FIFO 2 Malloc alignment at 0x41f1d918 at 93 in ../SRC/LVVEFS_Fifo.c
D/LVVE_Engine( 6700): LVVEFS_TRACE: FUNCTION: LVVEFS_Fifo_Create: FIFO 0 Malloc alignment at 0x41f262f0 at 93 in ../SRC/LVVEFS_Fifo.c
D/LVVE_Engine( 6700): LVVEFS_TRACE: FUNCTION: LVVEFS_Fifo_Create: FIFO 1 Malloc alignment at 0x41f2ecc8 at 93 in ../SRC/LVVEFS_Fifo.c
D/LVVE_Engine( 6700): LVVEFS_TRACE: 		LVVEFS_Tx_Create: pOutSave size is 1280 at 689 in ../SRC/LVVEFS_Create.c
D/LVVE_Engine( 6700): LVVEFS_TRACE: FUNCTION: LVVEFS_LVVE_Tx_Create: successfully called LVVE_Tx_GetMemoryTable at 721 in ../SRC/LVVEFS_Create.c
D/LVVE_Engine( 6700): LVVEFS_TRACE: FUNCTION: LVVEFS_LVVE_Tx_Create: successfully called LVVE_Tx_GetInstanceHandle at 742 in ../SRC/LVVEFS_Create.c
D/LVVE_Engine( 6700): LVVEFS_TRACE: FUNCTION: LVVEFS_LVVE_Tx_Create: successfully called LVVE_Tx_GetMemoryTable at 721 in ../SRC/LVVEFS_Create.c
D/LVVE_Engine( 6700): LVVEFS_TRACE: FUNCTION: LVVEFS_LVVE_Tx_Create: successfully called LVVE_Tx_GetInstanceHandle at 742 in ../SRC/LVVEFS_Create.c
D/LVVE_Engine( 6700): LVVEFS_TRACE: FUNCTION: LVVEFS_Fifo_Create: FIFO 4 Malloc alignment at 0x41f4c7d0 at 93 in ../SRC/LVVEFS_Fifo.c
D/LVVE_Engine( 6700): LVVEFS_TRACE: LVVEFS_Rx_Command, CmdCode=[3] at 82 in ../SRC/LVVEFS_Command.c
D/LVVE_Engine( 6700): LVVEFS_TRACE: LVVEFS_Rx_Command: LVVEFS_COMMAND_SET_PARAM: Mute=[0], VoiceMode=[1] at 235 in ../SRC/LVVEFS_Command.c
D/LVVE_Engine( 6700): LVVEFS_TRACE: LVVEFS_Tx_Command, CmdCode=[3] at 364 in ../SRC/LVVEFS_Command.c
D/LVVE_Engine( 6700): LVVEFS_TRACE: LVVEFS_Tx_Command: LVVEFS_COMMAND_SET_PARAM: Mute=[0], VoiceMode=[1] at 523 in ../SRC/LVVEFS_Command.c
D/LVVE_Engine( 6700): LVVEFS_TRACE: LVVEFS_Rx_Command, CmdCode=[5] at 82 in ../SRC/LVVEFS_Command.c
D/LVVE_Engine( 6700): LVVEFS_TRACE: LVVEFS_Rx_Command: LVVEFS_COMMAND_SET_DEVICE: NewDevice=[1], OldDevice=[-1] at 308 in ../SRC/LVVEFS_Command.c
D/LVVE_Engine( 6700): LVVEFS_TRACE: LVVEFS_Tx_Command, CmdCode=[5] at 364 in ../SRC/LVVEFS_Command.c
D/LVVE_Engine( 6700): LVVEFS_TRACE: LVVEFS_Tx_Command: LVVEFS_COMMAND_SET_DEVICE: NewDevice=[1], OldDevice=[-1] at 597 in ../SRC/LVVEFS_Command.c
D/LVVE_Engine( 6700): LVVEFS_TRACE: LVVEFS_Rx_Command, CmdCode=[6] at 82 in ../SRC/LVVEFS_Command.c
D/LVVE_Engine( 6700): LVVEFS_TRACE: LVVEFS_Rx_Command: LVVEFS_COMMAND_SET_VOLUME: NewVolumeLevel=[16777216], OldVolumeLevel=[-1] at 326 in ../SRC/LVVEFS_Command.c
D/LVVE_Engine( 6700): LVVEFS_TRACE: LVVEFS_Rx_ApplyReset: Reset of the instance at 204 in ../SRC/LVVEFS_Reset.c
D/LVVE_Engine( 6700): LVVEFS_TRACE: LVVEFS_Rx_ApplyReset: InBuffer alignment 0x41ef189c at 219 in ../SRC/LVVEFS_Reset.c
D/LVVE_Engine( 6700): LVVEFS_TRACE: LVVEFS_Rx_ApplyReset: OutBuffer alignment 0x41ef369c at 220 in ../SRC/LVVEFS_Reset.c
D/LVVE_Engine( 6700): LVVEFS_TRACE: LVVEFS_Tx_ApplyRefReset: Reset of the reference buffer at 166 in ../SRC/LVVEFS_Reset.c
D/LVVE_Engine( 6700): LVVEFS_TRACE: LVVEFS_Tx_ApplyReset: Reset of the instance at 93 in ../SRC/LVVEFS_Reset.c
D/LVVE_Engine( 6700): LVVEFS_TRACE: LVVEFS_Tx_ApplyReset: InBuffer0 alignment 0x41f157b0 at 109 in ../SRC/LVVEFS_Reset.c
D/LVVE_Engine( 6700): LVVEFS_TRACE: LVVEFS_Tx_ApplyReset: InBuffer1 alignment 0x41f175b0 at 110 in ../SRC/LVVEFS_Reset.c
D/LVVE_Engine( 6700): LVVEFS_TRACE: LVVEFS_Tx_ApplyReset: OutBuffer alignment 0x41f193b0 at 111 in ../SRC/LVVEFS_Reset.c
D/LVVE_Engine( 6700): LVVEFS_TRACE: LVVEFS_Tx_ApplyReset: RefBuffer alignment 0x41f1b1b0 at 112 in ../SRC/LVVEFS_Reset.c
D/LVVE_Engine( 6700): LVVEFS_TRACE: LVVEFS_Rx_Command, CmdCode=[2] at 82 in ../SRC/LVVEFS_Command.c
D/LVVE_Engine( 6700): LVVEFS_TRACE: LVVEFS_Rx_Command: LVVEFS_COMMAND_SET_CAPABILITIES: new=[65535], old=[65535] at 216 in ../SRC/LVVEFS_Command.c
D/LVVE_Engine( 6700): LVVEFS_TRACE: LVVEFS_Tx_Command, CmdCode=[2] at 364 in ../SRC/LVVEFS_Command.c
D/LVVE_Engine( 6700): LVVEFS_TRACE: LVVEFS_Tx_Command: LVVEFS_COMMAND_SET_CAPABILITIES: new=[65535], old=[65535] at 505 in ../SRC/LVVEFS_Command.c
D/LVVE_Engine( 6700): LVVEFS_TRACE: LVVEFS_Tx_Command, CmdCode=[3] at 364 in ../SRC/LVVEFS_Command.c
D/LVVE_Engine( 6700): LVVEFS_TRACE: LVVEFS_Tx_Command: LVVEFS_COMMAND_SET_PARAM: Mute=[0], VoiceMode=[1] at 523 in ../SRC/LVVEFS_Command.c
D/LVVE_Engine( 6700): LVVEFS_TRACE: LVVEFS_Rx_Command, CmdCode=[6] at 82 in ../SRC/LVVEFS_Command.c
D/LVVE_Engine( 6700): LVVEFS_TRACE: LVVEFS_Rx_Command: LVVEFS_COMMAND_SET_VOLUME: NewVolumeLevel=[0], OldVolumeLevel=[-1] at 326 in ../SRC/LVVEFS_Command.c
D/LVVE_Engine( 6700): LVVEFS_TRACE: LVVEFS_Rx_Command, CmdCode=[3] at 82 in ../SRC/LVVEFS_Command.c
D/dalvikvm( 6702): Note: class Landroid/app/ActivityManagerNative; has 156 unimplemented (abstract) methods
D/LVVE_Engine( 6700): LVVEFS_TRACE: LVVEFS_Rx_Command: LVVEFS_COMMAND_SET_PARAM: Mute=[0], VoiceMode=[1] at 235 in ../SRC/LVVEFS_Command.c
D/LVVE_Engine( 6700): LVVE_Engine::setDebugMode(): debugMode=[1]
D/LVVE_Engine( 6700): LVVE_Engine::setMode(): mode=[0]
W/audio_hw_primary( 6700): adev_init_check
I/AudioFlinger( 6700): loadHwModule() Loaded primary audio interface from Spreadtrum Audio HW HAL (audio) handle 1
V/AudioFlinger( 6700): openOutput(), module 1 Device 2, SamplingRate 44100, Format 1, Channels 3, flags 2
I/audio_hw_primary( 6700): adev_open_output_stream, devices=2
I/audio_hw_primary( 6700): stream_routing_thread looping now...
W/audio_hw_primary( 6700): s_vbpipe_fd(19) open successfully.
W/audio_hw_primary( 6700): looping now...
I/wrap_soundbooster( 6700): [wrap_soundbooster] CreateSoundBooster entered
I/wrap_soundbooster( 6700): [wrap_soundbooster] SoundBoosterInit entered
D/SoundBooster( 6700): SoundBoosterInit(): sampleRate=44100
D/LVVE_Engine( 6700): LVVEFS_TRACE: LVVEFS_Rx_Command, CmdCode=[1] at 82 in ../SRC/LVVEFS_Command.c
D/LVVE_Engine( 6700): LVVEFS_TRACE: LVVEFS_Rx_Command: LVVEFS_COMMAND_RESET at 204 in ../SRC/LVVEFS_Command.c
D/LVVE_Engine( 6700): LVVEFS_Rx_Command LVVEFS_COMMAND_RESET returns success
I/audio_hw_primary( 6700): Successful, adev_open_output_stream
V/AudioFlinger( 6700): openOutput() openOutputStream returned output 0x41ee7130, SamplingRate 44100, Format 1, Channels 3, status 0
I/audio_hw_primary( 6700): out_get_buffer_size: size=960, frame_size=4, return 3840
I/AudioFlinger( 6700): HAL output buffer size 960 frames, normal mix buffer size 960 frames
V/AudioFlinger( 6700): MixerThread() id=2 device=2 type=0
V/AudioFlinger( 6700): mSampleRate=44100, mChannelMask=3, mChannelCount=2, mFormat=1, mFrameSize=4, mFrameCount=960, mNormalFrameCount=960
I/AudioMixer( 6700): found effect "Multichannel Downmix To Stereo" from The Android Open Source Project
I/audio_hw_primary( 6700): out_get_buffer_size: size=960, frame_size=4, return 3840
W/AudioFlinger( 6700): Scheduling Policy Service is not published, FastMixer init will be skipped
V/AudioFlinger( 6700): openOutput() created mixer output: ID 2 thread 0x41c5a008
V/AudioFlinger( 6700): PlaybackThread::audioConfigChanged_l, thread 0x41c5a008, event 0, param 0
I/AudioFlinger( 6700): Using module 1 has the primary audio interface
I/audio_hw_primary( 6700): adev_set_mode, mode=0
I/audio_hw_primary( 6700): adev_set_mode,the same mode(0)
W/audio_hw_primary( 6700): adev_set_master_volume in...devices:0x2 ,volume:1.000000 
W/audio_hw_primary( 6700): GetAudio_pga_nv, dac_pga_gain_l:0xa0 adc_pga_gain_l:0x9510 fm_pga_gain_l:0xff fm_pga_gain_r:0xff device:0x2 vol_level:0x1 
D/audio_pga( 6700): 'speaker-l' apply
I/audio_pga( 6700): 'Master Playback Volume' set to 15
I/AudioFlinger( 6700): AudioFlinger's thread 0x41c5a008 ready to run
W/AudioFlinger( 6700): Thread AudioOut_2 cannot connect to the power manager service
V/AudioFlinger( 6700): Audio hardware entering standby, mixer 0x41c5a008, suspend count 0
V/AudioFlinger( 6700): thread 0x41c5a008 type 0 TID 6827 going to sleep
I/audio_pga( 6700): 'Inter PA Playback Volume' set to 10
I/audio_pga( 6700): 'VBC DACL DG Set' set to 0
I/audio_pga( 6700): 'VBC DACL DG Switch' set to 0
D/audio_pga( 6700): 'speaker-r' apply
I/audio_pga( 6700): 'Master Playback Volume' set to 15
E/fm      ( 6702): failed to get fm instance
D/MDnsDS  ( 6701): MDnsSdListener::Hander starting up
D/MDnsDS  ( 6701): MDnsSdListener starting to monitor
D/MDnsDS  ( 6701): Going to poll with pollCount 1
I/audio_pga( 6700): 'Inter PA Playback Volume' set to 10
I/audio_pga( 6700): 'VBC DACR DG Set' set to 0
I/audio_pga( 6700): 'VBC DACR DG Switch' set to 0
I/SamplingProfilerIntegration( 6702): Profiling disabled.
I/        ( 6702): apply sec hook
W/audio_hw_primary( 6700): SetAudio_gain_by_devices out, devices:0x2 
V/AudioPolicyManagerBase( 6700): setOutputDevice() output 2 device 0002 force 1 delayMs 0 
V/AudioPolicyManagerBase( 6700): setOutputDevice() prevDevice 0002
V/AudioPolicyManagerBase( 6700): setStreamMute() unmuting non muted stream!
V/AudioPolicyManagerBase( 6700): setStreamMute() unmuting non muted stream!
V/AudioPolicyManagerBase( 6700): setStreamMute() unmuting non muted stream!
V/AudioPolicyManagerBase( 6700): setStreamMute() unmuting non muted stream!
E/AudioPolicyManagerBase( 6700): stream type [13], return media stratege
V/AudioPolicyManagerBase( 6700): setStreamMute() unmuting non muted stream!
E/AudioPolicyManagerBase( 6700): stream type [14], return media stratege
V/AudioPolicyManagerBase( 6700): setStreamMute() unmuting non muted stream!
E/AudioPolicyManagerBase( 6700): stream type [15], return media stratege
V/AudioPolicyManagerBase( 6700): setStreamMute() unmuting non muted stream!
E/AudioPolicyManagerBase( 6700): stream type [13], return media stratege
E/AudioPolicyManagerBase( 6700): stream type [14], return media stratege
E/AudioPolicyManagerBase( 6700): stream type [15], return media stratege
V/AudioPolicyManagerBase( 6700): setStreamMute() unmuting non muted stream!
V/AudioPolicyManagerBase( 6700): setStreamMute() unmuting non muted stream!
V/AudioPolicyManagerBase( 6700): setStreamMute() unmuting non muted stream!
V/AudioPolicyManagerBase( 6700): setStreamMute() unmuting non muted stream!
E/AudioPolicyManagerBase( 6700): stream type [13], return media stratege
E/AudioPolicyManagerBase( 6700): stream type [14], return media stratege
E/AudioPolicyManagerBase( 6700): stream type [15], return media stratege
E/AudioPolicyManagerBase( 6700): stream type [13], return media stratege
E/AudioPolicyManagerBase( 6700): stream type [14], return media stratege
E/AudioPolicyManagerBase( 6700): stream type [15], return media stratege
V/AudioPolicyManagerBase( 6700): setStreamMute() unmuting non muted stream!
V/AudioPolicyManagerBase( 6700): setStreamMute() unmuting non muted stream!
V/AudioPolicyManagerBase( 6700): setStreamMute() unmuting non muted stream!
E/AudioPolicyManagerBase( 6700): stream type [13], return media stratege
E/AudioPolicyManagerBase( 6700): stream type [14], return media stratege
E/AudioPolicyManagerBase( 6700): stream type [15], return media stratege
E/AudioPolicyManagerBase( 6700): stream type [13], return media stratege
E/AudioPolicyManagerBase( 6700): stream type [14], return media stratege
E/AudioPolicyManagerBase( 6700): stream type [15], return media stratege
E/AudioPolicyManagerBase( 6700): stream type [13], return media stratege
E/AudioPolicyManagerBase( 6700): stream type [14], return media stratege
E/AudioPolicyManagerBase( 6700): stream type [15], return media stratege
E/AudioPolicyManagerBase( 6700): stream type [13], return media stratege
E/AudioPolicyManagerBase( 6700): stream type [14], return media stratege
E/AudioPolicyManagerBase( 6700): stream type [15], return media stratege
V/AudioPolicyManagerBase( 6700): setStreamMute() unmuting non muted stream!
E/AudioPolicyManagerBase( 6700): stream type [13], return media stratege
E/AudioPolicyManagerBase( 6700): stream type [14], return media stratege
E/AudioPolicyManagerBase( 6700): stream type [15], return media stratege
E/AudioPolicyManagerBase( 6700): stream type [13], return media stratege
E/AudioPolicyManagerBase( 6700): stream type [14], return media stratege
E/AudioPolicyManagerBase( 6700): stream type [15], return media stratege
V/AudioPolicyManagerBase( 6700): setStreamMute() unmuting non muted stream!
E/AudioPolicyManagerBase( 6700): stream type [13], return media stratege
E/AudioPolicyManagerBase( 6700): stream type [14], return media stratege
E/AudioPolicyManagerBase( 6700): stream type [15], return media stratege
E/AudioPolicyManagerBase( 6700): stream type [13], return media stratege
E/AudioPolicyManagerBase( 6700): stream type [14], return media stratege
E/AudioPolicyManagerBase( 6700): stream type [15], return media stratege
V/AudioPolicyManagerBase( 6700): setOutputDevice() changing device(0x2)
V/AudioFlinger( 6700): setParameters(): io 2, keyvalue routing=2, tid 6769, calling pid 6700
V/AudioFlinger( 6700): ThreadBase::setParameters() routing=2
V/AudioFlinger( 6700): thread 0x41c5a008 type 0 TID 6827 waking up
W/AudioFlinger( 6700): Thread AudioOut_2 cannot connect to the power manager service
I/audio_hw_primary( 6700): out_set_parameters, kvpairs=routing=2 devices:0x2 mode:0 
W/audio_hw_primary( 6700): [out_set_parameters],after str_parms_get_str,val(0x2) 
W/audio_hw_primary( 6700): [out_set_parameters out]devices(0x2) with mIsRouteActive(0) ...
W/audio_hw_primary( 6700): the same devices(0x2) with val(0x2) val is zero...
W/audio_hw_primary( 6700): out_set_parameters out...call_start:0
I/audio_hw_primary( 6700): adev_set_voice_volume in...volume:0.000000 mode:0 call_start:0 
E/AudioPolicyManagerBase( 6700): stream type [13], return media stratege
E/AudioPolicyManagerBase( 6700): stream type [14], return media stratege
E/AudioPolicyManagerBase( 6700): stream type [15], return media stratege
E/AudioPolicyManagerBase( 6700): stream type [13], return media stratege
E/AudioPolicyManagerBase( 6700): stream type [14], return media stratege
E/AudioPolicyManagerBase( 6700): stream type [15], return media stratege
E/AudioPolicyManagerBase( 6700): stream type [13], return media stratege
E/AudioPolicyManagerBase( 6700): stream type [14], return media stratege
E/AudioPolicyManagerBase( 6700): stream type [15], return media stratege
E/AudioPolicyManagerBase( 6700): stream type [13], return media stratege
E/AudioPolicyManagerBase( 6700): stream type [14], return media stratege
E/AudioPolicyManagerBase( 6700): stream type [15], return media stratege
E/AudioPolicyManagerBase( 6700): stream type [13], return media stratege
E/AudioPolicyManagerBase( 6700): stream type [14], return media stratege
E/AudioPolicyManagerBase( 6700): stream type [15], return media stratege
E/AudioPolicyManagerBase( 6700): stream type [13], return media stratege
E/AudioPolicyManagerBase( 6700): stream type [14], return media stratege
E/AudioPolicyManagerBase( 6700): stream type [15], return media stratege
V/AudioPolicyManagerBase( 6700): getNewDevice() selected device 0
V/AudioPolicyManagerBase( 6700): checkAndSetVolume() cannot set stream 6 volume with force use = 0 for comm
I/AudioFlinger( 6700): loadHwModule() Loaded a2dp audio interface from A2DP Audio HW HAL (audio) handle 3
E/AudioFlinger( 6700): int android::load_audio_interface(char const*, audio_hw_device_t**) couldn't load audio hw module audio.usb (No such file or directory)
I/AudioFlinger( 6700): loadHwModule() error -2 loading module usb 
W/AudioPolicyManagerBase( 6700): could not open HW module usb
I/Zygote  ( 6702): !@beginofpreloadClasses()
I/Zygote  ( 6702): !@beginofpreloadResources()
D/dalvikvm( 6702): WAIT_FOR_CONCURRENT_GC blocked 0ms
E/Audio_Control_CSC( 6700): /system/csc/customer.xml ==> cannot open file
E/Audio_Control_CSC( 6700): /system/csc/customer.xml ==> cannot open file
E/Audio_Control_CSC( 6700): /system/csc/sales_code.dat ==> cannot open file
D/Audio_Control_CSC( 6700): checkCSCAndSetSysProperty()_mCount = 6, mValue_salescode = 
D/Audio_Control_CSC( 6700): getCameraShutterOn()_mbIsShutterOn = 0
V/AudioPolicyManagerBase( 6700): setSystemProperty() property ro.camera.sound.forced, value 0
V/AudioPolicyManagerBase( 6700): ENFORCED_AUDIBLE can be muted
I/AudioPolicyService( 6700): Loaded audio policy from Samsung SPRD audio policy HAL (audio_policy)
D/dalvikvm( 6702): GC_EXPLICIT freed 38K, 80% free 528K/2560K, paused 13ms+11ms, total 34ms
I/Zygote  ( 6702): Preloading classes...
D/dalvikvm( 6702): WAIT_FOR_CONCURRENT_GC blocked 0ms
D/dalvikvm( 6702): GC_EXPLICIT freed <1K, 80% free 532K/2560K, paused 0ms+10ms, total 19ms
D/dalvikvm( 6702): GC_FOR_ALLOC freed 110K, 64% free 934K/2560K, paused 6ms, total 6ms
I/Zygote  ( 6702): Number of total Classes to prelaod: 2309
I/Zygote  ( 6702): Classes to load for thread1 0~1499
I/Zygote  ( 6702): Classes to load for thread2 1500~2308
W/Zygote  ( 6702): Class not found for preloading: android.animation.ValueAnimator$2
W/Zygote  ( 6702): Class not found for preloading: android.animation.ValueAnimator$3
W/Zygote  ( 6702): Class not found for preloading: android.animation.ValueAnimator$4
W/Zygote  ( 6702): Class not found for preloading: android.animation.ValueAnimator$5
I/Zygote  ( 6702): Preloading resources...
W/Zygote  ( 6702): Preloaded drawable resource #0x108081c (res/drawable-hdpi/toast_frame_holo.9.png) that varies with configuration!!
W/Zygote  ( 6702): Preloaded drawable resource #0x108013a (res/drawable-hdpi/btn_default_pressed_holo_light.9.png) that varies with configuration!!
W/Zygote  ( 6702): Preloaded drawable resource #0x1080136 (res/drawable-hdpi/btn_default_normal_holo_light.9.png) that varies with configuration!!
W/Zygote  ( 6702): Preloaded drawable resource #0x108012e (res/drawable-hdpi/btn_default_focused_holo_light.9.png) that varies with configuration!!
W/Zygote  ( 6702): Preloaded drawable resource #0x108012b (res/drawable-hdpi/btn_default_disabled_holo_light.9.png) that varies with configuration!!
W/Zygote  ( 6702): Preloaded drawable resource #0x1080128 (res/drawable-hdpi/btn_default_disabled_focused_holo_light.9.png) that varies with configuration!!
W/Zygote  ( 6702): Preloaded drawable resource #0x1080130 (res/drawable/btn_default_holo_light.xml) that varies with configuration!!
D/dalvikvm( 6702): GC_FOR_ALLOC freed 223K, 53% free 1222K/2560K, paused 33ms, total 33ms
W/Zygote  ( 6702): Preloaded drawable resource #0x1080536 (res/drawable/list_selector_holo_light.xml) that varies with configuration!!
D/dalvikvm( 6702): GC_FOR_ALLOC freed 44K, 38% free 1610K/2560K, paused 20ms, total 20ms
D/dalvikvm( 6702): GC_FOR_ALLOC freed <1K, 13% free 2231K/2560K, paused 25ms, total 25ms
W/Zygote  ( 6702): Preloaded drawable resource #0x108063e (res/drawable/progress_horizontal_holo_dark.xml) that varies with configuration!!
D/dalvikvm( 6702): GC_FOR_ALLOC freed 350K, 15% free 2365K/2755K, paused 21ms, total 21ms
W/Zygote  ( 6702): Preloaded drawable resource #0x1080640 (res/drawable/progress_indeterminate_horizontal_holo.xml) that varies with configuration!!
W/Zygote  ( 6702): Preloaded drawable resource #0x1080647 (res/drawable-hdpi/progress_primary_holo_dark.9.png) that varies with configuration!!
W/Zygote  ( 6702): Preloaded drawable resource #0x1080649 (res/drawable-hdpi/progress_secondary_holo_dark.9.png) that varies with configuration!!
D/dalvikvm( 6702): GC_FOR_ALLOC freed 37K, 8% free 2558K/2755K, paused 22ms, total 22ms
D/dalvikvm( 6702): GC_FOR_ALLOC freed <1K, 7% free 3581K/3843K, paused 29ms, total 29ms
D/dalvikvm( 6702): GC_FOR_ALLOC freed 51K, 6% free 3618K/3843K, paused 30ms, total 35ms
D/dalvikvm( 6702): GC_FOR_ALLOC freed <1K, 6% free 4642K/4931K, paused 29ms, total 29ms
W/Zygote  ( 6702): Preloaded drawable resource #0x10806bb (res/drawable-hdpi/scrollbar_handle_holo_dark.9.png) that varies with configuration!!
W/Zygote  ( 6702): Preloaded drawable resource #0x10800c2 (res/drawable-hdpi/ab_transparent_dark_holo.9.png) that varies with configuration!!
W/Zygote  ( 6702): Preloaded drawable resource #0x10800c0 (res/drawable-hdpi/ab_stacked_transparent_dark_holo.9.png) that varies with configuration!!
E/dalvikvm( 6702): Could not find class 'android.app.ContextImpl$SecurityServiceFetcher', referenced from method android.app.ContextImpl.registerMiuiServices
W/dalvikvm( 6702): VFY: unable to resolve new-instance 319 (Landroid/app/ContextImpl$SecurityServiceFetcher;) in Landroid/app/ContextImpl;
D/dalvikvm( 6702): VFY: replacing opcode 0x22 at 0x0003
W/Zygote  ( 6702): Preloaded drawable resource #0x10800a1 (res/drawable-hdpi/ab_bottom_transparent_dark_holo.9.png) that varies with configuration!!
W/Zygote  ( 6702): Preloaded drawable resource #0x10800bb (res/drawable-hdpi/ab_solid_light_holo.9.png) that varies with configuration!!
W/Zygote  ( 6702): Preloaded drawable resource #0x10800bf (res/drawable-hdpi/ab_stacked_solid_light_holo.9.png) that varies with configuration!!
W/Zygote  ( 6702): Preloaded drawable resource #0x10800a0 (res/drawable-hdpi/ab_bottom_solid_light_holo.9.png) that varies with configuration!!
W/Zygote  ( 6702): Preloaded drawable resource #0x10800bc (res/drawable-hdpi/ab_solid_shadow_holo.9.png) that varies with configuration!!
D/dalvikvm( 6702): DexOpt: unable to opt direct call 0x0b9d at 0x05 in Landroid/app/ContextImpl;.registerMiuiServices
W/Zygote  ( 6702): Preloaded drawable resource #0x10803e1 (res/drawable/item_background_holo_dark.xml) that varies with configuration!!
W/Zygote  ( 6702): Preloaded drawable resource #0x10803e2 (res/drawable/item_background_holo_light.xml) that varies with configuration!!
W/dalvikvm( 6702): Exception Ljava/lang/NoClassDefFoundError; thrown while initializing Landroid/app/ContextImpl;
E/Zygote  ( 6702): Error preloading android.app.ContextImpl.
E/Zygote  ( 6702): java.lang.ExceptionInInitializerError
E/Zygote  ( 6702): 	at java.lang.Class.classForName(Native Method)
E/Zygote  ( 6702): 	at java.lang.Class.forName(Class.java:217)
E/Zygote  ( 6702): 	at java.lang.Class.forName(Class.java:172)
E/Zygote  ( 6702): 	at com.android.internal.os.ZygoteInit$2.run(ZygoteInit.java:468)
E/Zygote  ( 6702): 	at java.lang.Thread.run(Thread.java:856)
E/Zygote  ( 6702): Caused by: java.lang.NoClassDefFoundError: android.app.ContextImpl$SecurityServiceFetcher
E/Zygote  ( 6702): 	at android.app.ContextImpl.registerMiuiServices(ContextImpl.java)
E/Zygote  ( 6702): 	at android.app.ContextImpl.<clinit>(ContextImpl.java:640)
E/Zygote  ( 6702): 	... 5 more
W/dalvikvm( 6702): threadid=6: thread exiting with uncaught exception (group=0x412ae2b8)
W/Zygote  ( 6702): Preloaded drawable resource #0x108029a (res/drawable-hdpi/fastscroll_label_left_holo_light.9.png) that varies with configuration!!
