E/SMD     (  101): +SIND: 10,"SM",0,"FD",0,"LD",0,"MC",0,"RC",0,"ME",0
E/SMD     (  101): 
E/SMD     (  101): +ECIND: 3,1
E/SMD     (  101): 
E/SMD     (  101): Before the Modem Read select 
E/DataRouter(   99): [socket:13]******* Received data notification *******
E/DataRouter(   99): [socket:13]read socket data[len:1]
E/DataRouter(   99): [socket:13]read socket data[message:I
E/DataRouter(   99): write [1] bytes of data to USB fd[9]
E/DataRouter(   99): [socket:13]dr_usb_write
E/DataRouter(   99): After the usb select 
E/DataRouter(   99): read usb data[len:1]
E/DataRouter(   99): read usb data message:
E/DataRouter(   99): Before the usb select 
E/SMD     (  101): ***Received data notification[DR->SMD]***
E/SMD     (  101): Message:
E/SMD     (  101): Sending data to SMD: Len = [1]
E/SMD     (  101):  buffer = []
E/SMD     (  101): Wrote 1 chars to SMD PORT fd=7 ch = d
E/SMD     (  101): After the Modem Read select 
E/SMD     (  101): Read 1 chars from SMD Modem file fd = 7
E/SMD     (  101):  Message: TE1 E0
E/SMD     (  101): OK
E/SMD     (  101): +SIND: 10,"SM",0,"FD",0,"LD",0,"MC",0,"RC",0,"ME",0
E/SMD     (  101): 
E/SMD     (  101): +ECIND: 3,1
E/SMD     (  101): 
E/SMD     (  101): Before the Modem Read select 
E/DataRouter(   99): [socket:13]******* Received data notification *******
E/DataRouter(   99): [socket:13]read socket data[len:1]
E/DataRouter(   99): [socket:13]read socket data[message:
E/DataRouter(   99): write [1] bytes of data to USB fd[9]
E/DataRouter(   99): [socket:13]dr_usb_write
D/SPRDENG (  130): eng_servermodem_comm: use SIM1 /dev/CHNPTY13
D/SPRDENG (  130): AT > AT+CGMI
D/SPRDENG (  130): 41
D/SPRDENG (  130): 54
D/SPRDENG (  130): 2b
D/SPRDENG (  130): 43
D/SPRDENG (  130): 47
D/SPRDENG (  130): 4d
D/SPRDENG (  130): 49
D/SPRDENG (  130): d
D/SPRDENG (  130): eng_modem2server: use SIM1 /dev/CHNPTY13
D/SPRDENG (  130): AT < 
D/SPRDENG (  130): Spreadtrum Communication CO.
D/SPRDENG (  130): 
D/SPRDENG (  130): OK
D/SPRDENG (  130): 
E/SMD     (  101): After the Modem Read select 
E/SMD     (  101): Read 38 chars from SMD Modem file fd = 7
E/SMD     (  101):  Message: 
E/SMD     (  101): Spreadtrum Communication CO.
E/SMD     (  101): 
E/SMD     (  101): OK
E/SMD     (  101): "LD",0,"MC",0,"RC",0,"ME",0
E/SMD     (  101): 
E/SMD     (  101): +ECIND: 3,1
E/SMD     (  101): 
E/SMD     (  101): Before the Modem Read select 
E/DataRouter(   99): [socket:13]******* Received data notification *******
E/DataRouter(   99): [socket:13]read socket data[len:38]
E/DataRouter(   99): [socket:13]read socket data[message:
E/DataRouter(   99): Spreadtrum Communication CO.
E/DataRouter(   99): 
E/DataRouter(   99): OK
E/DataRouter(   99): 
E/DataRouter(   99): write [38] bytes of data to USB fd[9]
E/DataRouter(   99): [socket:13]dr_usb_write
E/DataRouter(   99): After the usb select 
E/DataRouter(   99): read usb data[len:1]
E/DataRouter(   99): read usb data message:A
E/DataRouter(   99): Before the usb select 
E/SMD     (  101): ***Received data notification[DR->SMD]***
E/SMD     (  101): Message:A
E/SMD     (  101): Sending data to SMD: Len = [1]
E/SMD     (  101):  buffer = [A]
E/SMD     (  101): Wrote 1 chars to SMD PORT fd=7 ch = 41
E/SMD     (  101): After the Modem Read select 
E/SMD     (  101): Read 1 chars from SMD Modem file fd = 7
E/SMD     (  101):  Message: A
E/SMD     (  101): Spreadtrum Communication CO.
E/SMD     (  101): 
E/SMD     (  101): OK
E/SMD     (  101): "LD",0,"MC",0,"RC",0,"ME",0
E/SMD     (  101): 
E/SMD     (  101): +ECIND: 3,1
E/SMD     (  101): 
E/SMD     (  101): Before the Modem Read select 
E/DataRouter(   99): [socket:13]******* Received data notification *******
E/DataRouter(   99): [socket:13]read socket data[len:1]
E/DataRouter(   99): [socket:13]read socket data[message:A
E/DataRouter(   99): write [1] bytes of data to USB fd[9]
E/DataRouter(   99): [socket:13]dr_usb_write
E/DataRouter(   99): After the usb select 
E/DataRouter(   99): read usb data[len:1]
E/DataRouter(   99): read usb data message:T
E/DataRouter(   99): Before the usb select 
E/SMD     (  101): ***Received data notification[DR->SMD]***
E/SMD     (  101): Message:T
E/SMD     (  101): Sending data to SMD: Len = [1]
E/SMD     (  101):  buffer = [T]
E/SMD     (  101): Wrote 1 chars to SMD PORT fd=7 ch = 54
E/SMD     (  101): After the Modem Read select 
E/SMD     (  101): Read 1 chars from SMD Modem file fd = 7
E/SMD     (  101):  Message: T
E/SMD     (  101): Spreadtrum Communication CO.
E/SMD     (  101): 
E/SMD     (  101): OK
E/SMD     (  101): "LD",0,"MC",0,"RC",0,"ME",0
E/SMD     (  101): 
E/SMD     (  101): +ECIND: 3,1
E/SMD     (  101): 
E/SMD     (  101): Before the Modem Read select 
E/DataRouter(   99): [socket:13]******* Received data notification *******
E/DataRouter(   99): [socket:13]read socket data[len:1]
E/DataRouter(   99): [socket:13]read socket data[message:T
E/DataRouter(   99): write [1] bytes of data to USB fd[9]
E/DataRouter(   99): [socket:13]dr_usb_write
E/DataRouter(   99): After the usb select 
E/DataRouter(   99): read usb data[len:1]
E/DataRouter(   99): read usb data message:%
E/DataRouter(   99): Before the usb select 
E/SMD     (  101): ***Received data notification[DR->SMD]***
E/SMD     (  101): Message:%
E/SMD     (  101): Sending data to SMD: Len = [1]
E/SMD     (  101):  buffer = [%]
E/SMD     (  101): Wrote 1 chars to SMD PORT fd=7 ch = 25
E/SMD     (  101): After the Modem Read select 
E/SMD     (  101): Read 1 chars from SMD Modem file fd = 7
E/SMD     (  101):  Message: %
E/SMD     (  101): Spreadtrum Communication CO.
E/SMD     (  101): 
E/SMD     (  101): OK
E/SMD     (  101): "LD",0,"MC",0,"RC",0,"ME",0
E/SMD     (  101): 
E/SMD     (  101): +ECIND: 3,1
E/SMD     (  101): 
E/SMD     (  101): Before the Modem Read select 
E/DataRouter(   99): [socket:13]******* Received data notification *******
E/DataRouter(   99): [socket:13]read socket data[len:1]
E/DataRouter(   99): [socket:13]read socket data[message:%
E/DataRouter(   99): write [1] bytes of data to USB fd[9]
E/DataRouter(   99): [socket:13]dr_usb_write
E/DataRouter(   99): After the usb select 
E/DataRouter(   99): read usb data[len:1]
E/DataRouter(   99): read usb data message:I
E/DataRouter(   99): Before the usb select 
E/SMD     (  101): ***Received data notification[DR->SMD]***
E/SMD     (  101): Message:I
E/SMD     (  101): Sending data to SMD: Len = [1]
E/SMD     (  101):  buffer = [I]
E/SMD     (  101): Wrote 1 chars to SMD PORT fd=7 ch = 49
E/SMD     (  101): After the Modem Read select 
E/SMD     (  101): Read 1 chars from SMD Modem file fd = 7
E/SMD     (  101):  Message: I
E/SMD     (  101): Spreadtrum Communication CO.
E/SMD     (  101): 
E/SMD     (  101): OK
E/SMD     (  101): "LD",0,"MC",0,"RC",0,"ME",0
E/SMD     (  101): 
E/SMD     (  101): +ECIND: 3,1
E/SMD     (  101): 
E/SMD     (  101): Before the Modem Read select 
E/DataRouter(   99): [socket:13]******* Received data notification *******
E/DataRouter(   99): [socket:13]read socket data[len:1]
E/DataRouter(   99): [socket:13]read socket data[message:I
E/DataRouter(   99): write [1] bytes of data to USB fd[9]
E/DataRouter(   99): [socket:13]dr_usb_write
E/DataRouter(   99): After the usb select 
E/DataRouter(   99): read usb data[len:1]
E/DataRouter(   99): read usb data message:P
E/DataRouter(   99): Before the usb select 
E/SMD     (  101): ***Received data notification[DR->SMD]***
E/SMD     (  101): Message:P
E/SMD     (  101): Sending data to SMD: Len = [1]
E/SMD     (  101):  buffer = [P]
E/SMD     (  101): Wrote 1 chars to SMD PORT fd=7 ch = 50
E/SMD     (  101): After the Modem Read select 
E/SMD     (  101): Read 1 chars from SMD Modem file fd = 7
E/SMD     (  101):  Message: P
E/SMD     (  101): Spreadtrum Communication CO.
E/SMD     (  101): 
E/SMD     (  101): OK
E/SMD     (  101): "LD",0,"MC",0,"RC",0,"ME",0
E/SMD     (  101): 
E/SMD     (  101): +ECIND: 3,1
E/SMD     (  101): 
E/SMD     (  101): Before the Modem Read select 
E/DataRouter(   99): [socket:13]******* Received data notification *******
E/DataRouter(   99): [socket:13]read socket data[len:1]
E/DataRouter(   99): [socket:13]read socket data[message:P
E/DataRouter(   99): write [1] bytes of data to USB fd[9]
E/DataRouter(   99): [socket:13]dr_usb_write
E/DataRouter(   99): After the usb select 
E/DataRouter(   99): read usb data[len:1]
E/DataRouter(   99): read usb data message:S
E/DataRouter(   99): Before the usb select 
E/SMD     (  101): ***Received data notification[DR->SMD]***
E/SMD     (  101): Message:S
E/SMD     (  101): Sending data to SMD: Len = [1]
E/SMD     (  101):  buffer = [S]
E/SMD     (  101): Wrote 1 chars to SMD PORT fd=7 ch = 53
E/SMD     (  101): After the Modem Read select 
E/SMD     (  101): Read 1 chars from SMD Modem file fd = 7
E/SMD     (  101):  Message: S
E/SMD     (  101): Spreadtrum Communication CO.
E/SMD     (  101): 
E/SMD     (  101): OK
E/SMD     (  101): "LD",0,"MC",0,"RC",0,"ME",0
E/SMD     (  101): 
E/SMD     (  101): +ECIND: 3,1
E/SMD     (  101): 
E/SMD     (  101): Before the Modem Read select 
E/DataRouter(   99): [socket:13]******* Received data notification *******
E/DataRouter(   99): [socket:13]read socket data[len:1]
E/DataRouter(   99): [socket:13]read socket data[message:S
E/DataRouter(   99): write [1] bytes of data to USB fd[9]
E/DataRouter(   99): [socket:13]dr_usb_write
E/DataRouter(   99): After the usb select 
E/DataRouter(   99): read usb data[len:1]
E/DataRouter(   99): read usb data message:Y
E/DataRouter(   99): Before the usb select 
E/SMD     (  101): ***Received data notification[DR->SMD]***
E/SMD     (  101): Message:Y
E/SMD     (  101): Sending data to SMD: Len = [1]
E/SMD     (  101):  buffer = [Y]
E/SMD     (  101): Wrote 1 chars to SMD PORT fd=7 ch = 59
E/SMD     (  101): After the Modem Read select 
E/SMD     (  101): Read 1 chars from SMD Modem file fd = 7
E/SMD     (  101):  Message: Y
E/SMD     (  101): Spreadtrum Communication CO.
E/SMD     (  101): 
E/SMD     (  101): OK
E/SMD     (  101): "LD",0,"MC",0,"RC",0,"ME",0
E/SMD     (  101): 
E/SMD     (  101): +ECIND: 3,1
E/SMD     (  101): 
E/SMD     (  101): Before the Modem Read select 
E/DataRouter(   99): [socket:13]******* Received data notification *******
E/DataRouter(   99): [socket:13]read socket data[len:1]
E/DataRouter(   99): [socket:13]read socket data[message:Y
E/DataRouter(   99): write [1] bytes of data to USB fd[9]
E/DataRouter(   99): [socket:13]dr_usb_write
E/DataRouter(   99): After the usb select 
E/DataRouter(   99): read usb data[len:1]
E/DataRouter(   99): read usb data message:S
E/DataRouter(   99): Before the usb select 
E/SMD     (  101): ***Received data notification[DR->SMD]***
E/SMD     (  101): Message:S
E/SMD     (  101): Sending data to SMD: Len = [1]
E/SMD     (  101):  buffer = [S]
E/SMD     (  101): Wrote 1 chars to SMD PORT fd=7 ch = 53
E/SMD     (  101): After the Modem Read select 
E/SMD     (  101): Read 1 chars from SMD Modem file fd = 7
E/SMD     (  101):  Message: S
E/SMD     (  101): Spreadtrum Communication CO.
E/SMD     (  101): 
E/SMD     (  101): OK
E/SMD     (  101): "LD",0,"MC",0,"RC",0,"ME",0
E/SMD     (  101): 
E/SMD     (  101): +ECIND: 3,1
E/SMD     (  101): 
E/SMD     (  101): Before the Modem Read select 
E/DataRouter(   99): [socket:13]******* Received data notification *******
E/DataRouter(   99): [socket:13]read socket data[len:1]
E/DataRouter(   99): [socket:13]read socket data[message:S
E/DataRouter(   99): write [1] bytes of data to USB fd[9]
E/DataRouter(   99): [socket:13]dr_usb_write
E/DataRouter(   99): After the usb select 
E/DataRouter(   99): read usb data[len:1]
E/DataRouter(   99): read usb data message:?
E/DataRouter(   99): Before the usb select 
E/SMD     (  101): ***Received data notification[DR->SMD]***
E/SMD     (  101): Message:?
E/SMD     (  101): Sending data to SMD: Len = [1]
E/SMD     (  101):  buffer = [?]
E/SMD     (  101): Wrote 1 chars to SMD PORT fd=7 ch = 3f
E/SMD     (  101): After the Modem Read select 
E/SMD     (  101): Read 1 chars from SMD Modem file fd = 7
E/SMD     (  101):  Message: ?
E/SMD     (  101): Spreadtrum Communication CO.
E/SMD     (  101): 
E/SMD     (  101): OK
E/SMD     (  101): "LD",0,"MC",0,"RC",0,"ME",0
E/SMD     (  101): 
E/SMD     (  101): +ECIND: 3,1
E/SMD     (  101): 
E/SMD     (  101): Before the Modem Read select 
E/DataRouter(   99): [socket:13]******* Received data notification *******
E/DataRouter(   99): [socket:13]read socket data[len:1]
E/DataRouter(   99): [socket:13]read socket data[message:?
E/DataRouter(   99): write [1] bytes of data to USB fd[9]
E/DataRouter(   99): [socket:13]dr_usb_write
E/DataRouter(   99): After the usb select 
E/DataRouter(   99): read usb data[len:1]
E/DataRouter(   99): read usb data message:
E/DataRouter(   99): Before the usb select 
E/SMD     (  101): ***Received data notification[DR->SMD]***
E/SMD     (  101): Message:
E/SMD     (  101): Sending data to SMD: Len = [1]
E/SMD     (  101):  buffer = []
E/SMD     (  101): Wrote 1 chars to SMD PORT fd=7 ch = d
E/SMD     (  101): After the Modem Read select 
E/SMD     (  101): Read 1 chars from SMD Modem file fd = 7
E/SMD     (  101):  Message: 
E/SMD     (  101): Spreadtrum Communication CO.
E/SMD     (  101): 
E/SMD     (  101): OK
E/SMD     (  101): "LD",0,"MC",0,"RC",0,"ME",0
E/SMD     (  101): 
E/SMD     (  101): +ECIND: 3,1
E/SMD     (  101): 
E/SMD     (  101): Before the Modem Read select 
E/DataRouter(   99): [socket:13]******* Received data notification *******
E/DataRouter(   99): [socket:13]read socket data[len:1]
E/DataRouter(   99): [socket:13]read socket data[message:
E/DataRouter(   99): write [1] bytes of data to USB fd[9]
E/DataRouter(   99): [socket:13]dr_usb_write
D/SPRDENG (  130): eng_servermodem_comm: use SIM1 /dev/CHNPTY13
D/SPRDENG (  130): AT > AT%IPSYS?
D/SPRDENG (  130): 41
D/SPRDENG (  130): 54
D/SPRDENG (  130): 25
D/SPRDENG (  130): 49
D/SPRDENG (  130): 50
D/SPRDENG (  130): 53
D/SPRDENG (  130): 59
D/SPRDENG (  130): 53
D/SPRDENG (  130): 3f
D/SPRDENG (  130): d
D/SPRDENG (  130): eng_modem2server: use SIM1 /dev/CHNPTY13
D/SPRDENG (  130): AT < 
D/SPRDENG (  130): +CME ERROR: 4
D/SPRDENG (  130): 
E/SMD     (  101): After the Modem Read select 
E/SMD     (  101): Read 17 chars from SMD Modem file fd = 7
E/SMD     (  101):  Message: 
E/SMD     (  101): +CME ERROR: 4
E/SMD     (  101): unication CO.
E/SMD     (  101): 
E/SMD     (  101): OK
E/SMD     (  101): "LD",0,"MC",0,"RC",0,"ME",0
E/SMD     (  101): 
E/SMD     (  101): +ECIND: 3,1
E/SMD     (  101): 
E/SMD     (  101): Before the Modem Read select 
E/DataRouter(   99): [socket:13]******* Received data notification *******
E/DataRouter(   99): [socket:13]read socket data[len:17]
E/DataRouter(   99): [socket:13]read socket data[message:
E/DataRouter(   99): +CME ERROR: 4
E/DataRouter(   99): 
E/DataRouter(   99): write [17] bytes of data to USB fd[9]
E/DataRouter(   99): [socket:13]dr_usb_write
E/DataRouter(   99): After the usb select 
E/DataRouter(   99): read usb data[len:1]
E/DataRouter(   99): read usb data message:A
E/DataRouter(   99): Before the usb select 
E/SMD     (  101): ***Received data notification[DR->SMD]***
E/SMD     (  101): Message:A
E/SMD     (  101): Sending data to SMD: Len = [1]
E/SMD     (  101):  buffer = [A]
E/SMD     (  101): Wrote 1 chars to SMD PORT fd=7 ch = 41
E/SMD     (  101): After the Modem Read select 
E/SMD     (  101): Read 1 chars from SMD Modem file fd = 7
E/SMD     (  101):  Message: A
E/SMD     (  101): +CME ERROR: 4
E/SMD     (  101): unication CO.
E/SMD     (  101): 
E/SMD     (  101): OK
E/SMD     (  101): "LD",0,"MC",0,"RC",0,"ME",0
E/SMD     (  101): 
E/SMD     (  101): +ECIND: 3,1
E/SMD     (  101): 
E/SMD     (  101): Before the Modem Read select 
E/DataRouter(   99): [socket:13]******* Received data notification *******
E/DataRouter(   99): [socket:13]read socket data[len:1]
E/DataRouter(   99): [socket:13]read socket data[message:A
E/DataRouter(   99): write [1] bytes of data to USB fd[9]
E/DataRouter(   99): [socket:13]dr_usb_write
E/DataRouter(   99): After the usb select 
E/DataRouter(   99): read usb data[len:1]
E/DataRouter(   99): read usb data message:T
E/DataRouter(   99): Before the usb select 
E/SMD     (  101): ***Received data notification[DR->SMD]***
E/SMD     (  101): Message:T
E/SMD     (  101): Sending data to SMD: Len = [1]
E/SMD     (  101):  buffer = [T]
E/SMD     (  101): Wrote 1 chars to SMD PORT fd=7 ch = 54
E/SMD     (  101): After the Modem Read select 
E/SMD     (  101): Read 1 chars from SMD Modem file fd = 7
E/SMD     (  101):  Message: T
E/SMD     (  101): +CME ERROR: 4
E/SMD     (  101): unication CO.
E/SMD     (  101): 
E/SMD     (  101): OK
E/SMD     (  101): "LD",0,"MC",0,"RC",0,"ME",0
E/SMD     (  101): 
E/SMD     (  101): +ECIND: 3,1
E/SMD     (  101): 
E/SMD     (  101): Before the Modem Read select 
E/DataRouter(   99): [socket:13]******* Received data notification *******
E/DataRouter(   99): [socket:13]read socket data[len:1]
E/DataRouter(   99): [socket:13]read socket data[message:T
E/DataRouter(   99): write [1] bytes of data to USB fd[9]
E/DataRouter(   99): [socket:13]dr_usb_write
E/LBE-Sec (  492): stat /data/data/com.lbe.security.miui failed with 2: No such file or directory
W/LBE-Sec (  492): request rejected (2000->0 lsof)
E/DataRouter(   99): After the usb select 
E/DataRouter(   99): read usb data[len:1]
E/DataRouter(   99): read usb data message:+
E/DataRouter(   99): Before the usb select 
E/SMD     (  101): ***Received data notification[DR->SMD]***
E/SMD     (  101): Message:+
E/SMD     (  101): Sending data to SMD: Len = [1]
E/SMD     (  101):  buffer = [+]
E/SMD     (  101): Wrote 1 chars to SMD PORT fd=7 ch = 2b
E/SMD     (  101): After the Modem Read select 
E/SMD     (  101): Read 1 chars from SMD Modem file fd = 7
E/SMD     (  101):  Message: +
E/SMD     (  101): +CME ERROR: 4
E/SMD     (  101): unication CO.
E/SMD     (  101): 
E/SMD     (  101): OK
E/SMD     (  101): "LD",0,"MC",0,"RC",0,"ME",0
E/SMD     (  101): 
E/SMD     (  101): +ECIND: 3,1
E/SMD     (  101): 
E/SMD     (  101): Before the Modem Read select 
E/DataRouter(   99): [socket:13]******* Received data notification *******
E/DataRouter(   99): [socket:13]read socket data[len:1]
E/DataRouter(   99): [socket:13]read socket data[message:+
E/DataRouter(   99): write [1] bytes of data to USB fd[9]
E/DataRouter(   99): [socket:13]dr_usb_write
E/DataRouter(   99): After the usb select 
E/DataRouter(   99): read usb data[len:1]
E/DataRouter(   99): read usb data message:C
E/DataRouter(   99): Before the usb select 
E/SMD     (  101): ***Received data notification[DR->SMD]***
E/SMD     (  101): Message:C
E/SMD     (  101): Sending data to SMD: Len = [1]
E/SMD     (  101):  buffer = [C]
E/SMD     (  101): Wrote 1 chars to SMD PORT fd=7 ch = 43
E/SMD     (  101): After the Modem Read select 
E/SMD     (  101): Read 1 chars from SMD Modem file fd = 7
E/SMD     (  101):  Message: C
E/SMD     (  101): +CME ERROR: 4
E/SMD     (  101): unication CO.
E/SMD     (  101): 
E/SMD     (  101): OK
E/SMD     (  101): "LD",0,"MC",0,"RC",0,"ME",0
E/SMD     (  101): 
E/SMD     (  101): +ECIND: 3,1
E/SMD     (  101): 
E/SMD     (  101): Before the Modem Read select 
E/DataRouter(   99): [socket:13]******* Received data notification *******
E/DataRouter(   99): [socket:13]read socket data[len:1]
E/DataRouter(   99): [socket:13]read socket data[message:C
E/DataRouter(   99): write [1] bytes of data to USB fd[9]
E/DataRouter(   99): [socket:13]dr_usb_write
E/DataRouter(   99): After the usb select 
E/DataRouter(   99): read usb data[len:1]
E/DataRouter(   99): read usb data message:G
E/DataRouter(   99): Before the usb select 
E/SMD     (  101): ***Received data notification[DR->SMD]***
E/SMD     (  101): Message:G
E/SMD     (  101): Sending data to SMD: Len = [1]
E/SMD     (  101):  buffer = [G]
E/SMD     (  101): Wrote 1 chars to SMD PORT fd=7 ch = 47
E/SMD     (  101): After the Modem Read select 
E/SMD     (  101): Read 1 chars from SMD Modem file fd = 7
E/SMD     (  101):  Message: G
E/SMD     (  101): +CME ERROR: 4
E/SMD     (  101): unication CO.
E/SMD     (  101): 
E/SMD     (  101): OK
E/SMD     (  101): "LD",0,"MC",0,"RC",0,"ME",0
E/SMD     (  101): 
E/SMD     (  101): +ECIND: 3,1
E/SMD     (  101): 
E/SMD     (  101): Before the Modem Read select 
E/DataRouter(   99): [socket:13]******* Received data notification *******
E/DataRouter(   99): [socket:13]read socket data[len:1]
E/DataRouter(   99): [socket:13]read socket data[message:G
E/DataRouter(   99): write [1] bytes of data to USB fd[9]
E/DataRouter(   99): [socket:13]dr_usb_write
E/DataRouter(   99): After the usb select 
E/DataRouter(   99): read usb data[len:1]
E/DataRouter(   99): read usb data message:M
E/DataRouter(   99): Before the usb select 
E/SMD     (  101): ***Received data notification[DR->SMD]***
E/SMD     (  101): Message:M
E/SMD     (  101): Sending data to SMD: Len = [1]
E/SMD     (  101):  buffer = [M]
E/SMD     (  101): Wrote 1 chars to SMD PORT fd=7 ch = 4d
E/SMD     (  101): After the Modem Read select 
E/SMD     (  101): Read 1 chars from SMD Modem file fd = 7
E/SMD     (  101):  Message: M
E/SMD     (  101): +CME ERROR: 4
E/SMD     (  101): unication CO.
E/SMD     (  101): 
E/SMD     (  101): OK
E/SMD     (  101): "LD",0,"MC",0,"RC",0,"ME",0
E/SMD     (  101): 
E/SMD     (  101): +ECIND: 3,1
E/SMD     (  101): 
E/SMD     (  101): Before the Modem Read select 
E/DataRouter(   99): [socket:13]******* Received data notification *******
E/DataRouter(   99): [socket:13]read socket data[len:1]
E/DataRouter(   99): [socket:13]read socket data[message:M
E/DataRouter(   99): write [1] bytes of data to USB fd[9]
E/DataRouter(   99): [socket:13]dr_usb_write
E/DataRouter(   99): After the usb select 
E/DataRouter(   99): read usb data[len:1]
E/DataRouter(   99): read usb data message:M
E/DataRouter(   99): Before the usb select 
E/SMD     (  101): ***Received data notification[DR->SMD]***
E/SMD     (  101): Message:M
E/SMD     (  101): Sending data to SMD: Len = [1]
E/SMD     (  101):  buffer = [M]
E/SMD     (  101): Wrote 1 chars to SMD PORT fd=7 ch = 4d
E/SMD     (  101): After the Modem Read select 
E/SMD     (  101): Read 1 chars from SMD Modem file fd = 7
E/SMD     (  101):  Message: M
E/SMD     (  101): +CME ERROR: 4
E/SMD     (  101): unication CO.
E/SMD     (  101): 
E/SMD     (  101): OK
E/SMD     (  101): "LD",0,"MC",0,"RC",0,"ME",0
E/SMD     (  101): 
E/SMD     (  101): +ECIND: 3,1
E/SMD     (  101): 
E/SMD     (  101): Before the Modem Read select 
E/DataRouter(   99): [socket:13]******* Received data notification *******
E/DataRouter(   99): [socket:13]read socket data[len:1]
E/DataRouter(   99): [socket:13]read socket data[message:M
E/DataRouter(   99): write [1] bytes of data to USB fd[9]
E/DataRouter(   99): [socket:13]dr_usb_write
E/DataRouter(   99): After the usb select 
E/DataRouter(   99): read usb data[len:1]
E/DataRouter(   99): read usb data message:
E/DataRouter(   99): Before the usb select 
E/SMD     (  101): ***Received data notification[DR->SMD]***
E/SMD     (  101): Message:
E/SMD     (  101): Sending data to SMD: Len = [1]
E/SMD     (  101):  buffer = []
E/SMD     (  101): Wrote 1 chars to SMD PORT fd=7 ch = d
E/SMD     (  101): After the Modem Read select 
E/SMD     (  101): Read 1 chars from SMD Modem file fd = 7
E/SMD     (  101):  Message: 
E/SMD     (  101): +CME ERROR: 4
E/SMD     (  101): unication CO.
E/SMD     (  101): 
E/SMD     (  101): OK
E/SMD     (  101): "LD",0,"MC",0,"RC",0,"ME",0
E/SMD     (  101): 
E/SMD     (  101): +ECIND: 3,1
E/SMD     (  101): 
E/SMD     (  101): Before the Modem Read select 
E/DataRouter(   99): [socket:13]******* Received data notification *******
E/DataRouter(   99): [socket:13]read socket data[len:1]
E/DataRouter(   99): [socket:13]read socket data[message:
E/DataRouter(   99): write [1] bytes of data to USB fd[9]
E/DataRouter(   99): [socket:13]dr_usb_write
D/SPRDENG (  130): eng_servermodem_comm: use SIM1 /dev/CHNPTY13
D/SPRDENG (  130): AT > AT+CGMM
D/SPRDENG (  130): 41
D/SPRDENG (  130): 54
D/SPRDENG (  130): 2b
D/SPRDENG (  130): 43
D/SPRDENG (  130): 47
D/SPRDENG (  130): 4d
D/SPRDENG (  130): 4d
D/SPRDENG (  130): d
D/SPRDENG (  130): eng_modem2server: use SIM1 /dev/CHNPTY13
D/SPRDENG (  130): AT < 
D/SPRDENG (  130): V1.0.1-B7
D/SPRDENG (  130): 
D/SPRDENG (  130): OK
D/SPRDENG (  130): 
E/SMD     (  101): After the Modem Read select 
E/SMD     (  101): Read 19 chars from SMD Modem file fd = 7
E/SMD     (  101):  Message: 
E/SMD     (  101): V1.0.1-B7
E/SMD     (  101): 
E/SMD     (  101): OK
E/SMD     (  101): ication CO.
E/SMD     (  101): 
E/SMD     (  101): OK
E/SMD     (  101): "LD",0,"MC",0,"RC",0,"ME",0
E/SMD     (  101): 
E/SMD     (  101): +ECIND: 3,1
E/SMD     (  101): 
E/SMD     (  101): Before the Modem Read select 
E/DataRouter(   99): [socket:13]******* Received data notification *******
E/DataRouter(   99): [socket:13]read socket data[len:19]
E/DataRouter(   99): [socket:13]read socket data[message:
E/DataRouter(   99): V1.0.1-B7
E/DataRouter(   99): 
E/DataRouter(   99): OK
E/DataRouter(   99): 
E/DataRouter(   99): write [19] bytes of data to USB fd[9]
E/DataRouter(   99): [socket:13]dr_usb_write
E/DataRouter(   99): After the usb select 
E/DataRouter(   99): read usb data[len:1]
E/DataRouter(   99): read usb data message:A
E/DataRouter(   99): Before the usb select 
E/SMD     (  101): ***Received data notification[DR->SMD]***
E/SMD     (  101): Message:A
E/SMD     (  101): Sending data to SMD: Len = [1]
E/SMD     (  101):  buffer = [A]
E/SMD     (  101): Wrote 1 chars to SMD PORT fd=7 ch = 41
E/SMD     (  101): After the Modem Read select 
E/SMD     (  101): Read 1 chars from SMD Modem file fd = 7
E/SMD     (  101):  Message: A
E/SMD     (  101): V1.0.1-B7
E/SMD     (  101): 
E/SMD     (  101): OK
E/SMD     (  101): ication CO.
E/SMD     (  101): 
E/SMD     (  101): OK
E/SMD     (  101): "LD",0,"MC",0,"RC",0,"ME",0
E/SMD     (  101): 
E/SMD     (  101): +ECIND: 3,1
E/SMD     (  101): 
E/SMD     (  101): Before the Modem Read select 
E/DataRouter(   99): [socket:13]******* Received data notification *******
E/DataRouter(   99): [socket:13]read socket data[len:1]
E/DataRouter(   99): [socket:13]read socket data[message:A
E/DataRouter(   99): write [1] bytes of data to USB fd[9]
E/DataRouter(   99): [socket:13]dr_usb_write
E/DataRouter(   99): After the usb select 
E/DataRouter(   99): read usb data[len:2]
E/DataRouter(   99): read usb data message:TE
E/DataRouter(   99): Before the usb select 
E/SMD     (  101): ***Received data notification[DR->SMD]***
E/SMD     (  101): Path set is DATA_PATH_DR_SMD_MANAGER
E/DataRouter(   99): After the usb select 
E/DataRouter(   99): read usb data[len:1]
E/DataRouter(   99): read usb data message:0
E/DataRouter(   99): Before the usb select 
E/SMD     (  101): ***Received data notification[DR->SMD]***
E/SMD     (  101): Message:0E
E/SMD     (  101): Sending data to SMD: Len = [1]
E/SMD     (  101):  buffer = [0E]
E/SMD     (  101): Wrote 1 chars to SMD PORT fd=7 ch = 30
E/SMD     (  101): After the Modem Read select 
E/SMD     (  101): Read 1 chars from SMD Modem file fd = 7
E/SMD     (  101):  Message: 0
E/SMD     (  101): V1.0.1-B7
E/SMD     (  101): 
E/SMD     (  101): OK
E/SMD     (  101): ication CO.
E/SMD     (  101): 
E/SMD     (  101): OK
E/SMD     (  101): "LD",0,"MC",0,"RC",0,"ME",0
E/SMD     (  101): 
E/SMD     (  101): +ECIND: 3,1
E/SMD     (  101): 
E/SMD     (  101): Before the Modem Read select 
E/DataRouter(   99): [socket:13]******* Received data notification *******
E/DataRouter(   99): [socket:13]read socket data[len:1]
E/DataRouter(   99): [socket:13]read socket data[message:0
E/DataRouter(   99): write [1] bytes of data to USB fd[9]
E/DataRouter(   99): [socket:13]dr_usb_write
E/DataRouter(   99): After the usb select 
E/DataRouter(   99): read usb data[len:1]
E/DataRouter(   99): read usb data message:
E/DataRouter(   99): Before the usb select 
E/SMD     (  101): ***Received data notification[DR->SMD]***
E/SMD     (  101): Message:
E/SMD     (  101): Sending data to SMD: Len = [1]
E/SMD     (  101):  buffer = []
E/SMD     (  101): Wrote 1 chars to SMD PORT fd=7 ch = d
E/SMD     (  101): After the Modem Read select 
E/SMD     (  101): Read 1 chars from SMD Modem file fd = 7
E/SMD     (  101):  Message: 
E/SMD     (  101): V1.0.1-B7
E/SMD     (  101): 
E/SMD     (  101): OK
E/SMD     (  101): ication CO.
E/SMD     (  101): 
E/SMD     (  101): OK
E/SMD     (  101): "LD",0,"MC",0,"RC",0,"ME",0
E/SMD     (  101): 
E/SMD     (  101): +ECIND: 3,1
E/SMD     (  101): 
E/SMD     (  101): Before the Modem Read select 
E/DataRouter(   99): [socket:13]******* Received data notification *******
E/DataRouter(   99): [socket:13]read socket data[len:1]
E/DataRouter(   99): [socket:13]read socket data[message:
E/DataRouter(   99): write [1] bytes of data to USB fd[9]
E/DataRouter(   99): [socket:13]dr_usb_write
D/SPRDENG (  130): eng_servermodem_comm: use SIM1 /dev/CHNPTY13
D/SPRDENG (  130): AT > A0
D/SPRDENG (  130): 41
D/SPRDENG (  130): 30
D/SPRDENG (  130): d
D/SPRDENG (  130): eng_modem2server: use SIM1 /dev/CHNPTY13
D/SPRDENG (  130): AT < 
D/SPRDENG (  130): ERROR
D/SPRDENG (  130): 
E/SMD     (  101): After the Modem Read select 
E/SMD     (  101): Read 9 chars from SMD Modem file fd = 7
E/SMD     (  101):  Message: 
E/SMD     (  101): ERROR
E/SMD     (  101): B7
E/SMD     (  101): 
E/SMD     (  101): OK
E/SMD     (  101): ication CO.
E/SMD     (  101): 
E/SMD     (  101): OK
E/SMD     (  101): "LD",0,"MC",0,"RC",0,"ME",0
E/SMD     (  101): 
E/SMD     (  101): +ECIND: 3,1
E/SMD     (  101): 
E/SMD     (  101): Before the Modem Read select 
E/DataRouter(   99): [socket:13]******* Received data notification *******
E/DataRouter(   99): [socket:13]read socket data[len:9]
E/DataRouter(   99): [socket:13]read socket data[message:
E/DataRouter(   99): ERROR
E/DataRouter(   99): 
E/DataRouter(   99): write [9] bytes of data to USB fd[9]
E/DataRouter(   99): [socket:13]dr_usb_write
E/DataRouter(   99): After the usb select 
E/DataRouter(   99): read usb data[len:1]
E/DataRouter(   99): read usb data message:A
E/DataRouter(   99): Before the usb select 
E/SMD     (  101): ***Received data notification[DR->SMD]***
E/SMD     (  101): Message:A
E/SMD     (  101): Sending data to SMD: Len = [1]
E/SMD     (  101):  buffer = [A]
E/SMD     (  101): Wrote 1 chars to SMD PORT fd=7 ch = 41
E/SMD     (  101): After the Modem Read select 
E/SMD     (  101): Read 1 chars from SMD Modem file fd = 7
E/SMD     (  101):  Message: A
E/SMD     (  101): ERROR
E/SMD     (  101): B7
E/SMD     (  101): 
E/SMD     (  101): OK
E/SMD     (  101): ication CO.
E/SMD     (  101): 
E/SMD     (  101): OK
E/SMD     (  101): "LD",0,"MC",0,"RC",0,"ME",0
E/SMD     (  101): 
E/SMD     (  101): +ECIND: 3,1
E/SMD     (  101): 
E/SMD     (  101): Before the Modem Read select 
E/DataRouter(   99): [socket:13]******* Received data notification *******
E/DataRouter(   99): [socket:13]read socket data[len:1]
E/DataRouter(   99): [socket:13]read socket data[message:A
E/DataRouter(   99): write [1] bytes of data to USB fd[9]
E/DataRouter(   99): [socket:13]dr_usb_write
E/DataRouter(   99): After the usb select 
E/DataRouter(   99): read usb data[len:1]
E/DataRouter(   99): read usb data message:T
E/DataRouter(   99): Before the usb select 
E/SMD     (  101): ***Received data notification[DR->SMD]***
E/SMD     (  101): Message:T
E/SMD     (  101): Sending data to SMD: Len = [1]
E/SMD     (  101):  buffer = [T]
E/SMD     (  101): Wrote 1 chars to SMD PORT fd=7 ch = 54
E/SMD     (  101): After the Modem Read select 
E/SMD     (  101): Read 1 chars from SMD Modem file fd = 7
E/SMD     (  101):  Message: T
E/SMD     (  101): ERROR
E/SMD     (  101): B7
E/SMD     (  101): 
E/SMD     (  101): OK
E/SMD     (  101): ication CO.
E/SMD     (  101): 
E/SMD     (  101): OK
E/SMD     (  101): "LD",0,"MC",0,"RC",0,"ME",0
E/SMD     (  101): 
E/SMD     (  101): +ECIND: 3,1
E/SMD     (  101): 
E/SMD     (  101): Before the Modem Read select 
E/DataRouter(   99): [socket:13]******* Received data notification *******
E/DataRouter(   99): [socket:13]read socket data[len:1]
E/DataRouter(   99): [socket:13]read socket data[message:T
E/DataRouter(   99): write [1] bytes of data to USB fd[9]
E/DataRouter(   99): [socket:13]dr_usb_write
E/DataRouter(   99): After the usb select 
E/DataRouter(   99): read usb data[len:1]
E/DataRouter(   99): read usb data message:V
E/DataRouter(   99): Before the usb select 
E/SMD     (  101): ***Received data notification[DR->SMD]***
E/SMD     (  101): Message:V
E/SMD     (  101): Sending data to SMD: Len = [1]
E/SMD     (  101):  buffer = [V]
E/SMD     (  101): Wrote 1 chars to SMD PORT fd=7 ch = 56
E/SMD     (  101): After the Modem Read select 
E/SMD     (  101): Read 1 chars from SMD Modem file fd = 7
E/SMD     (  101):  Message: V
E/SMD     (  101): ERROR
E/SMD     (  101): B7
E/SMD     (  101): 
E/SMD     (  101): OK
E/SMD     (  101): ication CO.
E/SMD     (  101): 
E/SMD     (  101): OK
E/SMD     (  101): "LD",0,"MC",0,"RC",0,"ME",0
E/SMD     (  101): 
E/SMD     (  101): +ECIND: 3,1
E/SMD     (  101): 
E/SMD     (  101): Before the Modem Read select 
E/DataRouter(   99): [socket:13]******* Received data notification *******
E/DataRouter(   99): [socket:13]read socket data[len:1]
E/DataRouter(   99): [socket:13]read socket data[message:V
E/DataRouter(   99): write [1] bytes of data to USB fd[9]
E/DataRouter(   99): [socket:13]dr_usb_write
E/DataRouter(   99): After the usb select 
E/DataRouter(   99): read usb data[len:1]
E/DataRouter(   99): read usb data message:1
E/DataRouter(   99): Before the usb select 
E/SMD     (  101): ***Received data notification[DR->SMD]***
E/SMD     (  101): Message:1
E/SMD     (  101): Sending data to SMD: Len = [1]
E/SMD     (  101):  buffer = [1]
E/SMD     (  101): Wrote 1 chars to SMD PORT fd=7 ch = 31
E/SMD     (  101): After the Modem Read select 
E/SMD     (  101): Read 1 chars from SMD Modem file fd = 7
E/SMD     (  101):  Message: 1
E/SMD     (  101): ERROR
E/SMD     (  101): B7
E/SMD     (  101): 
E/SMD     (  101): OK
E/SMD     (  101): ication CO.
E/SMD     (  101): 
E/SMD     (  101): OK
E/SMD     (  101): "LD",0,"MC",0,"RC",0,"ME",0
E/SMD     (  101): 
E/SMD     (  101): +ECIND: 3,1
E/SMD     (  101): 
E/SMD     (  101): Before the Modem Read select 
E/DataRouter(   99): [socket:13]******* Received data notification *******
E/DataRouter(   99): [socket:13]read socket data[len:1]
E/DataRouter(   99): [socket:13]read socket data[message:1
E/DataRouter(   99): write [1] bytes of data to USB fd[9]
E/DataRouter(   99): [socket:13]dr_usb_write
E/DataRouter(   99): After the usb select 
E/DataRouter(   99): read usb data[len:1]
E/DataRouter(   99): read usb data message:
E/DataRouter(   99): Before the usb select 
E/SMD     (  101): ***Received data notification[DR->SMD]***
E/SMD     (  101): Message:
E/SMD     (  101): Sending data to SMD: Len = [1]
E/SMD     (  101):  buffer = []
E/SMD     (  101): Wrote 1 chars to SMD PORT fd=7 ch = d
E/SMD     (  101): After the Modem Read select 
E/SMD     (  101): Read 1 chars from SMD Modem file fd = 7
E/SMD     (  101):  Message: 
E/SMD     (  101): ERROR
E/SMD     (  101): B7
E/SMD     (  101): 
E/SMD     (  101): OK
E/SMD     (  101): ication CO.
E/SMD     (  101): 
E/SMD     (  101): OK
E/SMD     (  101): "LD",0,"MC",0,"RC",0,"ME",0
E/SMD     (  101): 
E/SMD     (  101): +ECIND: 3,1
E/SMD     (  101): 
E/SMD     (  101): Before the Modem Read select 
E/DataRouter(   99): [socket:13]******* Received data notification *******
E/DataRouter(   99): [socket:13]read socket data[len:1]
E/DataRouter(   99): [socket:13]read socket data[message:
E/DataRouter(   99): write [1] bytes of data to USB fd[9]
E/DataRouter(   99): [socket:13]dr_usb_write
D/SPRDENG (  130): eng_servermodem_comm: use SIM1 /dev/CHNPTY13
D/SPRDENG (  130): AT > ATV1
D/SPRDENG (  130): 41
D/SPRDENG (  130): 54
D/SPRDENG (  130): 56
D/SPRDENG (  130): 31
D/SPRDENG (  130): d
D/SPRDENG (  130): eng_modem2server: use SIM1 /dev/CHNPTY13
D/SPRDENG (  130): AT < 
D/SPRDENG (  130): OK
D/SPRDENG (  130): 
E/SMD     (  101): After the Modem Read select 
E/SMD     (  101): Read 6 chars from SMD Modem file fd = 7
E/SMD     (  101):  Message: 
E/SMD     (  101): OK
E/SMD     (  101): R
E/SMD     (  101): B7
E/SMD     (  101): 
E/SMD     (  101): OK
E/SMD     (  101): ication CO.
E/SMD     (  101): 
E/SMD     (  101): OK
E/SMD     (  101): "LD",0,"MC",0,"RC",0,"ME",0
E/SMD     (  101): 
E/SMD     (  101): +ECIND: 3,1
E/SMD     (  101): 
E/SMD     (  101): Before the Modem Read select 
E/DataRouter(   99): [socket:13]******* Received data notification *******
E/DataRouter(   99): [socket:13]read socket data[len:6]
E/DataRouter(   99): [socket:13]read socket data[message:
E/DataRouter(   99): OK
E/DataRouter(   99): 
E/DataRouter(   99): write [6] bytes of data to USB fd[9]
E/DataRouter(   99): [socket:13]dr_usb_write
E/DataRouter(   99): After the usb select 
E/DataRouter(   99): read usb data[len:1]
E/DataRouter(   99): read usb data message:A
E/DataRouter(   99): Before the usb select 
E/SMD     (  101): ***Received data notification[DR->SMD]***
E/SMD     (  101): Message:A
E/SMD     (  101): Sending data to SMD: Len = [1]
E/SMD     (  101):  buffer = [A]
E/SMD     (  101): Wrote 1 chars to SMD PORT fd=7 ch = 41
E/SMD     (  101): After the Modem Read select 
E/SMD     (  101): Read 1 chars from SMD Modem file fd = 7
E/SMD     (  101):  Message: A
E/SMD     (  101): OK
E/SMD     (  101): R
E/SMD     (  101): B7
E/SMD     (  101): 
E/SMD     (  101): OK
E/SMD     (  101): ication CO.
E/SMD     (  101): 
E/SMD     (  101): OK
E/SMD     (  101): "LD",0,"MC",0,"RC",0,"ME",0
E/SMD     (  101): 
E/SMD     (  101): +ECIND: 3,1
E/SMD     (  101): 
E/SMD     (  101): Before the Modem Read select 
E/DataRouter(   99): [socket:13]******* Received data notification *******
E/DataRouter(   99): [socket:13]read socket data[len:1]
E/DataRouter(   99): [socket:13]read socket data[message:A
E/DataRouter(   99): write [1] bytes of data to USB fd[9]
E/DataRouter(   99): [socket:13]dr_usb_write
E/DataRouter(   99): After the usb select 
E/DataRouter(   99): read usb data[len:1]
E/DataRouter(   99): read usb data message:T
E/DataRouter(   99): Before the usb select 
E/SMD     (  101): ***Received data notification[DR->SMD]***
E/SMD     (  101): Message:T
E/SMD     (  101): Sending data to SMD: Len = [1]
E/SMD     (  101):  buffer = [T]
E/SMD     (  101): Wrote 1 chars to SMD PORT fd=7 ch = 54
E/SMD     (  101): After the Modem Read select 
E/SMD     (  101): Read 1 chars from SMD Modem file fd = 7
E/SMD     (  101):  Message: T
E/SMD     (  101): OK
E/SMD     (  101): R
E/SMD     (  101): B7
E/SMD     (  101): 
E/SMD     (  101): OK
E/SMD     (  101): ication CO.
E/SMD     (  101): 
E/SMD     (  101): OK
E/SMD     (  101): "LD",0,"MC",0,"RC",0,"ME",0
E/SMD     (  101): 
E/SMD     (  101): +ECIND: 3,1
E/SMD     (  101): 
E/SMD     (  101): Before the Modem Read select 
E/DataRouter(   99): [socket:13]******* Received data notification *******
E/DataRouter(   99): [socket:13]read socket data[len:1]
E/DataRouter(   99): [socket:13]read socket data[message:T
E/DataRouter(   99): write [1] bytes of data to USB fd[9]
E/DataRouter(   99): [socket:13]dr_usb_write
E/DataRouter(   99): After the usb select 
E/DataRouter(   99): read usb data[len:1]
E/DataRouter(   99): read usb data message:+
E/DataRouter(   99): Before the usb select 
E/SMD     (  101): ***Received data notification[DR->SMD]***
E/SMD     (  101): Message:+
E/SMD     (  101): Sending data to SMD: Len = [1]
E/SMD     (  101):  buffer = [+]
E/SMD     (  101): Wrote 1 chars to SMD PORT fd=7 ch = 2b
E/SMD     (  101): After the Modem Read select 
E/SMD     (  101): Read 1 chars from SMD Modem file fd = 7
E/SMD     (  101):  Message: +
E/SMD     (  101): OK
E/SMD     (  101): R
E/SMD     (  101): B7
E/SMD     (  101): 
E/SMD     (  101): OK
E/SMD     (  101): ication CO.
E/SMD     (  101): 
E/SMD     (  101): OK
E/SMD     (  101): "LD",0,"MC",0,"RC",0,"ME",0
E/SMD     (  101): 
E/SMD     (  101): +ECIND: 3,1
E/SMD     (  101): 
E/SMD     (  101): Before the Modem Read select 
E/DataRouter(   99): [socket:13]******* Received data notification *******
E/DataRouter(   99): [socket:13]read socket data[len:1]
E/DataRouter(   99): [socket:13]read socket data[message:+
E/DataRouter(   99): write [1] bytes of data to USB fd[9]
E/DataRouter(   99): [socket:13]dr_usb_write
E/DataRouter(   99): After the usb select 
E/DataRouter(   99): read usb data[len:1]
E/DataRouter(   99): read usb data message:C
E/DataRouter(   99): Before the usb select 
E/SMD     (  101): ***Received data notification[DR->SMD]***
E/SMD     (  101): Message:C
E/SMD     (  101): Sending data to SMD: Len = [1]
E/SMD     (  101):  buffer = [C]
E/SMD     (  101): Wrote 1 chars to SMD PORT fd=7 ch = 43
E/SMD     (  101): After the Modem Read select 
E/SMD     (  101): Read 1 chars from SMD Modem file fd = 7
E/SMD     (  101):  Message: C
E/SMD     (  101): OK
E/SMD     (  101): R
E/SMD     (  101): B7
E/SMD     (  101): 
E/SMD     (  101): OK
E/SMD     (  101): ication CO.
E/SMD     (  101): 
E/SMD     (  101): OK
E/SMD     (  101): "LD",0,"MC",0,"RC",0,"ME",0
E/SMD     (  101): 
E/SMD     (  101): +ECIND: 3,1
E/SMD     (  101): 
E/SMD     (  101): Before the Modem Read select 
E/DataRouter(   99): [socket:13]******* Received data notification *******
E/DataRouter(   99): [socket:13]read socket data[len:1]
E/DataRouter(   99): [socket:13]read socket data[message:C
E/DataRouter(   99): write [1] bytes of data to USB fd[9]
E/DataRouter(   99): [socket:13]dr_usb_write
E/DataRouter(   99): After the usb select 
E/DataRouter(   99): read usb data[len:1]
E/DataRouter(   99): read usb data message:M
E/DataRouter(   99): Before the usb select 
E/SMD     (  101): ***Received data notification[DR->SMD]***
E/SMD     (  101): Message:M
E/SMD     (  101): Sending data to SMD: Len = [1]
E/SMD     (  101):  buffer = [M]
E/SMD     (  101): Wrote 1 chars to SMD PORT fd=7 ch = 4d
E/SMD     (  101): After the Modem Read select 
E/SMD     (  101): Read 1 chars from SMD Modem file fd = 7
E/SMD     (  101):  Message: M
E/SMD     (  101): OK
E/SMD     (  101): R
E/SMD     (  101): B7
E/SMD     (  101): 
E/SMD     (  101): OK
E/SMD     (  101): ication CO.
E/SMD     (  101): 
E/SMD     (  101): OK
E/SMD     (  101): "LD",0,"MC",0,"RC",0,"ME",0
E/SMD     (  101): 
E/SMD     (  101): +ECIND: 3,1
E/SMD     (  101): 
E/SMD     (  101): Before the Modem Read select 
E/DataRouter(   99): [socket:13]******* Received data notification *******
E/DataRouter(   99): [socket:13]read socket data[len:1]
E/DataRouter(   99): [socket:13]read socket data[message:M
E/DataRouter(   99): write [1] bytes of data to USB fd[9]
E/DataRouter(   99): [socket:13]dr_usb_write
E/DataRouter(   99): After the usb select 
E/DataRouter(   99): read usb data[len:1]
E/DataRouter(   99): read usb data message:E
E/DataRouter(   99): Before the usb select 
E/SMD     (  101): ***Received data notification[DR->SMD]***
E/SMD     (  101): Message:E
E/SMD     (  101): Sending data to SMD: Len = [1]
E/SMD     (  101):  buffer = [E]
E/SMD     (  101): Wrote 1 chars to SMD PORT fd=7 ch = 45
E/SMD     (  101): After the Modem Read select 
E/SMD     (  101): Read 1 chars from SMD Modem file fd = 7
E/SMD     (  101):  Message: E
E/SMD     (  101): OK
E/SMD     (  101): R
E/SMD     (  101): B7
E/SMD     (  101): 
E/SMD     (  101): OK
E/SMD     (  101): ication CO.
E/SMD     (  101): 
E/SMD     (  101): OK
E/SMD     (  101): "LD",0,"MC",0,"RC",0,"ME",0
E/SMD     (  101): 
E/SMD     (  101): +ECIND: 3,1
E/SMD     (  101): 
E/SMD     (  101): Before the Modem Read select 
E/DataRouter(   99): [socket:13]******* Received data notification *******
E/DataRouter(   99): [socket:13]read socket data[len:1]
E/DataRouter(   99): [socket:13]read socket data[message:E
E/DataRouter(   99): write [1] bytes of data to USB fd[9]
E/DataRouter(   99): [socket:13]dr_usb_write
E/DataRouter(   99): After the usb select 
E/DataRouter(   99): read usb data[len:1]
E/DataRouter(   99): read usb data message:E
E/DataRouter(   99): Before the usb select 
E/SMD     (  101): ***Received data notification[DR->SMD]***
E/SMD     (  101): Message:E
E/SMD     (  101): Sending data to SMD: Len = [1]
E/SMD     (  101):  buffer = [E]
E/SMD     (  101): Wrote 1 chars to SMD PORT fd=7 ch = 45
E/SMD     (  101): After the Modem Read select 
E/SMD     (  101): Read 1 chars from SMD Modem file fd = 7
E/SMD     (  101):  Message: E
E/SMD     (  101): OK
E/SMD     (  101): R
E/SMD     (  101): B7
E/SMD     (  101): 
E/SMD     (  101): OK
E/SMD     (  101): ication CO.
E/SMD     (  101): 
E/SMD     (  101): OK
E/SMD     (  101): "LD",0,"MC",0,"RC",0,"ME",0
E/SMD     (  101): 
E/SMD     (  101): +ECIND: 3,1
E/SMD     (  101): 
E/SMD     (  101): Before the Modem Read select 
E/DataRouter(   99): [socket:13]******* Received data notification *******
E/DataRouter(   99): [socket:13]read socket data[len:1]
E/DataRouter(   99): [socket:13]read socket data[message:E
E/DataRouter(   99): write [1] bytes of data to USB fd[9]
E/DataRouter(   99): [socket:13]dr_usb_write
E/DataRouter(   99): After the usb select 
E/DataRouter(   99): read usb data[len:1]
E/DataRouter(   99): read usb data message:=
E/DataRouter(   99): Before the usb select 
E/SMD     (  101): ***Received data notification[DR->SMD]***
E/SMD     (  101): Message:=
E/SMD     (  101): Sending data to SMD: Len = [1]
E/SMD     (  101):  buffer = [=]
E/SMD     (  101): Wrote 1 chars to SMD PORT fd=7 ch = 3d
E/SMD     (  101): After the Modem Read select 
E/SMD     (  101): Read 1 chars from SMD Modem file fd = 7
E/SMD     (  101):  Message: =
E/SMD     (  101): OK
E/SMD     (  101): R
E/SMD     (  101): B7
E/SMD     (  101): 
E/SMD     (  101): OK
E/SMD     (  101): ication CO.
E/SMD     (  101): 
E/SMD     (  101): OK
E/SMD     (  101): "LD",0,"MC",0,"RC",0,"ME",0
E/SMD     (  101): 
E/SMD     (  101): +ECIND: 3,1
E/SMD     (  101): 
E/SMD     (  101): Before the Modem Read select 
E/DataRouter(   99): [socket:13]******* Received data notification *******
E/DataRouter(   99): [socket:13]read socket data[len:1]
E/DataRouter(   99): [socket:13]read socket data[message:=
E/DataRouter(   99): write [1] bytes of data to USB fd[9]
E/DataRouter(   99): [socket:13]dr_usb_write
E/DataRouter(   99): After the usb select 
E/DataRouter(   99): read usb data[len:1]
E/DataRouter(   99): read usb data message:1
E/DataRouter(   99): Before the usb select 
E/SMD     (  101): ***Received data notification[DR->SMD]***
E/SMD     (  101): Message:1
E/SMD     (  101): Sending data to SMD: Len = [1]
E/SMD     (  101):  buffer = [1]
E/SMD     (  101): Wrote 1 chars to SMD PORT fd=7 ch = 31
E/SMD     (  101): After the Modem Read select 
E/SMD     (  101): Read 1 chars from SMD Modem file fd = 7
E/SMD     (  101):  Message: 1
E/SMD     (  101): OK
E/SMD     (  101): R
E/SMD     (  101): B7
E/SMD     (  101): 
E/SMD     (  101): OK
E/SMD     (  101): ication CO.
E/SMD     (  101): 
E/SMD     (  101): OK
E/SMD     (  101): "LD",0,"MC",0,"RC",0,"ME",0
E/SMD     (  101): 
E/SMD     (  101): +ECIND: 3,1
E/SMD     (  101): 
E/SMD     (  101): Before the Modem Read select 
E/DataRouter(   99): [socket:13]******* Received data notification *******
E/DataRouter(   99): [socket:13]read socket data[len:1]
E/DataRouter(   99): [socket:13]read socket data[message:1
E/DataRouter(   99): write [1] bytes of data to USB fd[9]
E/DataRouter(   99): [socket:13]dr_usb_write
E/DataRouter(   99): After the usb select 
E/DataRouter(   99): read usb data[len:1]
E/DataRouter(   99): read usb data message:
E/DataRouter(   99): Before the usb select 
E/SMD     (  101): ***Received data notification[DR->SMD]***
E/SMD     (  101): Message:
E/SMD     (  101): Sending data to SMD: Len = [1]
E/SMD     (  101):  buffer = []
E/SMD     (  101): Wrote 1 chars to SMD PORT fd=7 ch = d
E/SMD     (  101): After the Modem Read select 
E/SMD     (  101): Read 1 chars from SMD Modem file fd = 7
E/SMD     (  101):  Message: 
E/SMD     (  101): OK
E/SMD     (  101): R
E/SMD     (  101): B7
E/SMD     (  101): 
E/SMD     (  101): OK
E/SMD     (  101): ication CO.
E/SMD     (  101): 
E/SMD     (  101): OK
E/SMD     (  101): "LD",0,"MC",0,"RC",0,"ME",0
E/SMD     (  101): 
E/SMD     (  101): +ECIND: 3,1
E/SMD     (  101): 
E/SMD     (  101): Before the Modem Read select 
E/DataRouter(   99): [socket:13]******* Received data notification *******
E/DataRouter(   99): [socket:13]read socket data[len:1]
E/DataRouter(   99): [socket:13]read socket data[message:
E/DataRouter(   99): write [1] bytes of data to USB fd[9]
E/DataRouter(   99): [socket:13]dr_usb_write
D/SPRDENG (  130): eng_servermodem_comm: use SIM1 /dev/CHNPTY13
D/SPRDENG (  130): AT > AT+CMEE=1
D/SPRDENG (  130): 41
D/SPRDENG (  130): 54
D/SPRDENG (  130): 2b
D/SPRDENG (  130): 43
D/SPRDENG (  130): 4d
D/SPRDENG (  130): 45
D/SPRDENG (  130): 45
D/SPRDENG (  130): 3d
D/SPRDENG (  130): 31
D/SPRDENG (  130): d
D/SPRDENG (  130): eng_modem2server: use SIM1 /dev/CHNPTY13
D/SPRDENG (  130): AT < 
D/SPRDENG (  130): OK
D/SPRDENG (  130): 
E/SMD     (  101): After the Modem Read select 
E/SMD     (  101): Read 6 chars from SMD Modem file fd = 7
E/SMD     (  101):  Message: 
E/SMD     (  101): OK
E/SMD     (  101): R
E/SMD     (  101): B7
E/SMD     (  101): 
