D/InputDispatcher(  459): notifyMotion - eventTime=1376874333000, deviceId=2, source=0x1002, policyFlags=0x0, action=0x0, flags=0x0, metaState=0x0, buttonState=0x0, edgeFlags=0x0, xPrecision=1.002083, yPrecision=1.001250, downTime=1376874333000
I/InputDispatcher(  459): Delivering touch to current input target: action: 0x0
I/InputDispatcher(  459): Delivering touch to current input target: action: 0x0
I/InputDispatcher(  459): Delivering touch to current input target: action: 0x0
W/Vibrator(  459): Vibrator.cancel()
D/WindowManager(  459): PhoneWindowManager: focusChangedLw
D/WindowManager(  459): updateReadingMode
D/VibratorService(  459): JNI vibratorOff()
D/STATUSBAR-NotificationService(  459): updateLightsLocked() : Turn off notification light
D/LightsService(  459): [SvcLED] setSvcLedStateLocked:: id = 4, color = 0, mode = Off, set = Off
D/LightsService(  459): [SvcLED] wl is null.
D/STATUSBAR-StatusBarManagerService(  459): manageDisableList what=0x0 pkg=system
D/STATUSBAR-StatusBarManagerService(  459): setSystemUiVisibility(0x80000)
D/STATUSBAR-StatusBarManagerService(  459): manageDisableList what=0x80000 pkg=WindowManager.LayoutParams
D/STATUSBAR-StatusBarManagerService(  459): manageDisableList what=0x1 pkg=android
E/gralloc.sc8810(   87): ION_IOC_MAP fail
W/gralloc.sc8810(   87): ================allocat ion memory for rgba reserved buffer size too small,may allocat normal buffer
D/PhoneStatusBar(  761): disable: < expand icons alerts TICKER* system_info back home recent clock >
E/gralloc.sc8810(   87): ION_IOC_MAP fail
W/gralloc.sc8810(   87): ================allocat ion memory for rgba reserved buffer size too small,may allocat normal buffer
E/gralloc.sc8810(   87): ION_IOC_MAP fail
W/gralloc.sc8810(   87): ================allocat ion memory for rgba reserved buffer size too small,may allocat normal buffer
E/gralloc.sc8810(   87): ION_IOC_MAP fail
W/gralloc.sc8810(   87): ================allocat ion memory for rgba reserved buffer size too small,may allocat normal buffer
D/InputDispatcher(  459): notifyMotion - eventTime=1377088750000, deviceId=2, source=0x1002, policyFlags=0x0, action=0x1, flags=0x0, metaState=0x0, buttonState=0x0, edgeFlags=0x0, xPrecision=1.002083, yPrecision=1.001250, downTime=1376874333000
I/InputDispatcher(  459): Delivering touch to current input target: action: 0x1
I/InputDispatcher(  459): Delivering touch to current input target: action: 0x1
I/InputDispatcher(  459): Delivering touch to current input target: action: 0x1
I/XIAOMIANALYTICS(  761): start session(com.android.systemui)
I/XIAOMIANALYTICS(  761): end session(com.android.systemui)
D/InputDispatcher(  459): notifyMotion - eventTime=1377618103000, deviceId=2, source=0x1002, policyFlags=0x0, action=0x0, flags=0x0, metaState=0x0, buttonState=0x0, edgeFlags=0x0, xPrecision=1.002083, yPrecision=1.001250, downTime=1377618103000
I/InputDispatcher(  459): Delivering touch to current input target: action: 0x0
I/InputDispatcher(  459): Delivering touch to current input target: action: 0x0
I/InputDispatcher(  459): Delivering touch to current input target: action: 0x0
D/InputDispatcher(  459): notifyMotion - eventTime=1377716827000, deviceId=2, source=0x1002, policyFlags=0x0, action=0x1, flags=0x0, metaState=0x0, buttonState=0x0, edgeFlags=0x0, xPrecision=1.002083, yPrecision=1.001250, downTime=1377618103000
I/InputDispatcher(  459): Delivering touch to current input target: action: 0x1
I/InputDispatcher(  459): Delivering touch to current input target: action: 0x1
I/InputDispatcher(  459): Delivering touch to current input target: action: 0x1
I/AudioPolicyManagerBase(   90): getSituationVolume: isBTConnected:0 isHeadConnected:0
V/AudioPolicyManagerBase(   90): getParamFromPolicy  deviceInt = 0, situationInt = 1, situationVolume = 0.500000
V/audio_policy_sprd(   90): audio_io_handle_t android::ap_get_output(audio_policy*, audio_stream_type_t, uint32_t, audio_format_t, uint32_t, audio_output_flags_t): tid 435
V/AudioPolicyManagerBase(   90): getOutput() stream 1, samplingRate 0, format 0, channelMask 3, flags 0
V/AudioPolicyManagerBase(   90): getOutput() returns output 2
V/audio_policy_sprd(   90): audio_io_handle_t android::ap_get_output(audio_policy*, audio_stream_type_t, uint32_t, audio_format_t, uint32_t, audio_output_flags_t): tid 90
V/AudioPolicyManagerBase(   90): getOutput() stream 1, samplingRate 0, format 0, channelMask 3, flags 0
V/AudioPolicyManagerBase(   90): getOutput() returns output 2
V/audio_policy_sprd(   90): audio_io_handle_t android::ap_get_output(audio_policy*, audio_stream_type_t, uint32_t, audio_format_t, uint32_t, audio_output_flags_t): tid 2111
V/AudioPolicyManagerBase(   90): getOutput() stream 1, samplingRate 44100, format 1, channelMask 3, flags 4
V/AudioPolicyManagerBase(   90): getOutput() returns output 2
V/AudioFlinger(   90): createTrack() sessionId: 0
V/AudioFlinger(   90): createTrack() lSessionId: 273
V/AudioFlinger(   90): AUDIO_OUTPUT_FLAG_FAST denied: isTimed=0 sharedBuffer=0x0 frameCount=3840 mFrameCount=960 format=1 isLinear=1 channelMask=3 sampleRate=44100 mSampleRate=44100 hasFastMixer=0 tid=3720 fastTrackAvailMask=0xfe
V/AudioFlinger(   90): Track constructor name 4100, calling pid 459
W/AudioTrack(  459): AudioTrack set for tack, mimeType=
E/AudioFlinger(   90): unkown mime type 
W/AudioFlinger(   90): setMimeType 0 () for track, stream=1
V/AudioFlinger(   90): acquiring 273 from 459
V/AudioFlinger(   90):  added new entry for 273
V/AudioFlinger(   90): start(4100), calling pid 459 session 273
V/AudioFlinger(   90): ? => ACTIVE (4100) on thread 0x419dbad0
V/AudioPolicyManagerBase(   90): startOutput() output 2, stream 1, session 273
V/AudioPolicyManagerBase(   90): changeRefCount() stream 1, count 1
E/AudioPolicyManagerBase(   90): stream type [13], return media stratege
E/AudioPolicyManagerBase(   90): stream type [14], return media stratege
E/AudioPolicyManagerBase(   90): stream type [15], return media stratege
E/AudioPolicyManagerBase(   90): stream type [13], return media stratege
E/AudioPolicyManagerBase(   90): stream type [14], return media stratege
E/AudioPolicyManagerBase(   90): stream type [15], return media stratege
E/AudioPolicyManagerBase(   90): stream type [13], return media stratege
E/AudioPolicyManagerBase(   90): stream type [14], return media stratege
E/AudioPolicyManagerBase(   90): stream type [15], return media stratege
E/AudioPolicyManagerBase(   90): stream type [13], return media stratege
E/AudioPolicyManagerBase(   90): stream type [14], return media stratege
E/AudioPolicyManagerBase(   90): stream type [15], return media stratege
E/AudioPolicyManagerBase(   90): stream type [13], return media stratege
E/AudioPolicyManagerBase(   90): stream type [14], return media stratege
E/AudioPolicyManagerBase(   90): stream type [15], return media stratege
V/AudioPolicyManagerBase(   90): getNewDevice() selected device 2
V/AudioPolicyManagerBase(   90): setOutputDevice() output 2 device 0002 force 0 delayMs 0 
V/AudioPolicyManagerBase(   90): setOutputDevice() prevDevice 0002
V/AudioPolicyManagerBase(   90): setOutputDevice() setting same device 0002 or null device for output 2
V/AudioFlinger(   90): mWaitWorkCV.broadcast
V/AudioFlinger(   90): thread 0x430b0008 type 0 TID 414 waking up
D/BatteryStatsImpl(  459): ++++++xy WakeLock start : pid=90, name=, type=0, tid=1664, pid=459, pName=null
V/AudioFlinger(   90): acquireWakeLock_l() AudioOut_2 status 0
V/AudioFlinger(   90): releasing 272 from 459
V/AudioFlinger(   90):  decremented refcount to 0
V/AudioFlinger(   90): purging stale effects
V/AudioPolicyManagerBase(   90): releaseOutput() 2
V/AudioFlinger(   90): remove track (4098) and delete from mixer
V/AudioFlinger(   90): PlaybackThread::Track destructor
D/BatteryStatsImpl(  459): ++++++xy WakeLock start : pid=459, name=, type=0, tid=1047, pid=459, pName=null
I/XIAOMIANALYTICS(  761): start session(com.android.systemui)
I/XIAOMIANALYTICS(  761): end session(com.android.systemui)
I/audio_hw_primary(   90): select_devices_signal starting...
I/audio_hw_primary(   90): select_devices_signal finished.
I/audio_hw_primary(   90): open s_tinycard in
I/audio_hw_primary(   90): Changing devices: 0x00000002
I/audio_hw_primary(   90): Set 'Speaker Function'.0 to 1
I/audio_hw_primary(   90): open s_tinycard successfully
I/audio_hw_primary(   90): start_output_stream: out->config: channels 2, rate 44100, period_size 7680
I/audio_hw_primary(   90): Set 'HeadPhone Function'.0 to 0
I/audio_hw_primary(   90): Set 'Earpiece Function'.0 to 0
I/audio_hw_primary(   90): Set 'Mic Function'.0 to 0
V/WindowManager(  459): rotationForOrientationLw(orient=-1, last=0); user=0 USER_ROTATION_LOCKED mLidState=-1 mCoverState=-1 mDockMode=0 mHdmiPlugged=false mAccelerometerDefault=false sensorRotation=-1
I/audio_hw_primary(   90): Set 'HP Mic Function'.0 to 0
D/STATUSBAR-StatusBarManagerService(  459): manageDisableList what=0x0 pkg=android
I/NotifierManager( 2092): onUnregister: miui.maml.NotifierManager$MultiBroadcastNotifier@428594c8
I/RenderThread( 2092): RenderThread paused, waiting for signal
D/STATUSBAR-StatusBarManagerService(  459): manageDisableList what=0x0 pkg=android
D/STATUSBAR-StatusBarManagerService(  459): manageDisableList what=0x0 pkg=android
V/AudioFlinger(   90): getNextBuffer() no more data for track 4100 on thread 0x430b0008
V/AudioFlinger(   90): stop(4100), calling pid 459
V/AudioFlinger(   90): not stopping/stopped => stopping/stopped (4100) on thread 0x430b0008
V/AudioPolicyManagerBase(   90): stopOutput() output 2, stream 1, session 273
V/AudioPolicyManagerBase(   90): changeRefCount() stream 1, count 0
E/AudioPolicyManagerBase(   90): stream type [13], return media stratege
E/AudioPolicyManagerBase(   90): stream type [14], return media stratege
E/AudioPolicyManagerBase(   90): stream type [15], return media stratege
E/AudioPolicyManagerBase(   90): stream type [13], return media stratege
E/AudioPolicyManagerBase(   90): stream type [14], return media stratege
E/AudioPolicyManagerBase(   90): stream type [15], return media stratege
E/AudioPolicyManagerBase(   90): stream type [13], return media stratege
E/AudioPolicyManagerBase(   90): stream type [14], return media stratege
E/AudioPolicyManagerBase(   90): stream type [15], return media stratege
E/AudioPolicyManagerBase(   90): stream type [13], return media stratege
E/AudioPolicyManagerBase(   90): stream type [14], return media stratege
E/AudioPolicyManagerBase(   90): stream type [15], return media stratege
E/AudioPolicyManagerBase(   90): stream type [13], return media stratege
E/AudioPolicyManagerBase(   90): stream type [14], return media stratege
E/AudioPolicyManagerBase(   90): stream type [15], return media stratege
E/AudioPolicyManagerBase(   90): stream type [13], return media stratege
E/AudioPolicyManagerBase(   90): stream type [14], return media stratege
E/AudioPolicyManagerBase(   90): stream type [15], return media stratege
V/AudioPolicyManagerBase(   90): getNewDevice() selected device 0
V/AudioPolicyManagerBase(   90): setOutputDevice() output 2 device 0000 force 0 delayMs 174 
V/AudioPolicyManagerBase(   90): setOutputDevice() prevDevice 0002
V/AudioPolicyManagerBase(   90): setOutputDevice() setting same device 0000 or null device for output 2
D/STATUSBAR-StatusBarManagerService(  459): manageDisableList what=0x0 pkg=android
V/AudioFlinger(   90): presentationComplete() reset: mPresentationCompleteFrames 14396 audioHalFrames 3836
I/audio_hw_primary(   90): Set 'Line Function'.0 to 0
W/audio_hw_primary(   90): GetAudio_pga_nv, dac_pga_gain_l:0xa0 adc_pga_gain_l:0x9510 fm_pga_gain_l:0xff fm_pga_gain_r:0xff device:0x2 vol_level:0x1 
D/audio_pga(   90): 'speaker-l' apply
I/audio_pga(   90): 'Master Playback Volume' set to 15
D/PhoneStatusBar(  761): disable: < expand icons alerts TICKER system_info back home recent clock >
I/audio_pga(   90): 'Inter PA Playback Volume' set to 10
I/audio_pga(   90): 'VBC DACL DG Set' set to 0
V/AudioFlinger(   90): presentationComplete() session 273 complete: framesWritten 14400
V/AudioFlinger(   90): TrackBase::reset
I/audio_pga(   90): 'VBC DACL DG Switch' set to 0
W/Vibrator(  459): Vibrator.cancel()
D/VibratorService(  459): JNI vibratorOff()
D/STATUSBAR-NotificationService(  459): updateLightsLocked() : Turn off notification light
D/LightsService(  459): [SvcLED] setSvcLedStateLocked:: id = 4, color = 0, mode = Off, set = Off
D/LightsService(  459): [SvcLED] wl is null.
D/WindowManager(  459): PhoneWindowManager: focusChangedLw
D/WindowManager(  459): updateReadingMode
D/STATUSBAR-StatusBarManagerService(  459): manageDisableList what=0x0 pkg=android
D/WindowManager(  459): mInputFocus is not null.
D/WindowManager(  459): mInputFocus is not null.
D/audio_pga(   90): 'speaker-r' apply
I/audio_pga(   90): 'Master Playback Volume' set to 15
I/audio_pga(   90): 'Inter PA Playback Volume' set to 10
I/audio_pga(   90): 'VBC DACR DG Set' set to 0
I/audio_pga(   90): 'VBC DACR DG Switch' set to 0
W/audio_hw_primary(   90): SetAudio_gain_by_devices out, devices:0x2 
I/audio_hw_primary(   90): stream_routing_thread looping done.
I/audio_hw_primary(   90): stream_routing_thread looping now...
D/STATUSBAR-StatusBarManagerService(  459): manageDisableList what=0x0 pkg=android
D/WindowManager(  459): mInputFocus is not null.
D/WindowManager(  459): mInputFocus is not null.
D/AbsListView( 1150): Get MotionRecognitionManager
D/AbsListView( 1150): Get MotionRecognitionManager
D/AbsListView( 1150): Get MotionRecognitionManager
D/AbsListView( 1150): Get MotionRecognitionManager
W/Settings( 1150): Setting location_providers_allowed has moved from android.provider.Settings.System to android.provider.Settings.Secure, returning Secure URI.
D/AbsListView( 1150): Get MotionRecognitionManager
W/System.err( 1150): Removed 2131297121
W/System.err( 1150): Removed 2131297134
W/Settings( 1150): Setting location_providers_allowed has moved from android.provider.Settings.System to android.provider.Settings.Secure, returning Secure URI.
W/Settings( 1150): Setting location_providers_allowed has moved from android.provider.Settings.System to android.provider.Settings.Secure, returning Secure URI.
W/Settings( 1150): Setting location_providers_allowed has moved from android.provider.Settings.System to android.provider.Settings.Secure, returning Secure URI.
D/dalvikvm(  459): WAIT_FOR_CONCURRENT_GC blocked 0ms
D/AbsListView( 1150): [unregisterDoubleTapMotionListener]
D/dalvikvm( 1150): GC_CONCURRENT freed 836K, 23% free 10966K/14087K, paused 13ms+18ms, total 104ms
I/MotionRecognitionManager( 1150):   .unregisterListener : / listener count = 0->0,  
D/AbsListView( 1150): [unregisterDoubleTapMotionListener]
I/MotionRecognitionManager( 1150):   .unregisterListener : / listener count = 0->0,  
D/dalvikvm(  459): GC_EXPLICIT freed 510K, 28% free 17653K/24391K, paused 8ms+13ms, total 158ms
I/Choreographer( 1150): Skipped 39 frames!  The application may be doing too much work on its main thread.
D/WindowManager(  459): mInputFocus is not null.
D/WindowManager(  459): PhoneWindowManager: focusChangedLw
D/WindowManager(  459): updateReadingMode
D/STATUSBAR-StatusBarManagerService(  459): manageDisableList what=0x0 pkg=android
D/STATUSBAR-StatusBarManagerService(  459): setSystemUiVisibility(0x0)
D/STATUSBAR-StatusBarManagerService(  459): manageDisableList what=0x0 pkg=WindowManager.LayoutParams
V/PhoneStatusBar(  761): setLightsOn(true)
D/PhoneStatusBar(  761): disable: < expand icons alerts ticker* system_info back home recent clock >
E/gralloc.sc8810(   87): ION_IOC_MAP fail
W/gralloc.sc8810(   87): ================allocat ion memory for rgba reserved buffer size too small,may allocat normal buffer
D/IconCustomizer( 1150): Content Ratio = 0.989011
W/ActivityManager(  459): performServiceRestartLocked packagename :com.baidu.input
D/dalvikvm( 3722): Trying to load lib /data/data/com.lbe.security.miui/app_hips/liblbeclient.so 0x422268a8
D/dalvikvm( 3722): Added shared lib /data/data/com.lbe.security.miui/app_hips/liblbeclient.so 0x422268a8
D/IconCustomizer( 1150): Content Ratio = 0.989011
E/Trace   ( 3722): error opening trace file: No such file or directory (2)
W/PowerManagerService(  459): Timer 0x3->0x3|0x0
D/STATUSBAR-StatusBarManagerService(  459): manageDisableList what=0x0 pkg=android
D/STATUSBAR-StatusBarManagerService(  459): manageDisableList what=0x0 pkg=system
D/STATUSBAR-StatusBarManagerService(  459): manageDisableList what=0x0 pkg=android
I/gralloc.sc8810( 2092): ION_IOC_FREE success cd15bfa0,phy addr = f97b000
I/gralloc.sc8810( 2092): ION_IOC_FREE success cb81ce60,phy addr = fc69000
D/STATUSBAR-StatusBarManagerService(  459): manageDisableList what=0x0 pkg=system
D/STATUSBAR-StatusBarManagerService(  459): manageDisableList what=0x0 pkg=android
I/gralloc.sc8810(   87): FREE hnd=0x41241678,fd=41,offset=0x0,size=1536000,base=42d0f000,phys_addr=0xfc69000
I/gralloc.sc8810(   87): ================ free ion memory fd=41:3
W/InputMethodManagerService(  459): Got RemoteException sending setActive(false) notification to pid 3689 uid 10054
W/System.err( 1150): Removed 2131297121
D/STATUSBAR-StatusBarManagerService(  459): manageDisableList what=0x0 pkg=system
D/STATUSBAR-StatusBarManagerService(  459): manageDisableList what=0x0 pkg=android
W/System.err( 1150): Removed 2131297134
D/dalvikvm( 3722): GC_CONCURRENT freed 209K, 11% free 6835K/7623K, paused 12ms+13ms, total 119ms
D/dalvikvm( 3722): WAIT_FOR_CONCURRENT_GC blocked 25ms
W/Settings( 1150): Setting location_providers_allowed has moved from android.provider.Settings.System to android.provider.Settings.Secure, returning Secure URI.
D/LockPatternUtils(  459): isPcwEnable = null
D/STATUSBAR-StatusBarManagerService(  459): manageDisableList what=0x0 pkg=system
D/STATUSBAR-StatusBarManagerService(  459): manageDisableList what=0x0 pkg=android
D/STATUSBAR-StatusBarManagerService(  459): manageDisableList what=0x0 pkg=system
I/gralloc.sc8810(   87): FREE hnd=0x411b9d18,fd=40,offset=0x0,size=1536000,base=424d9000,phys_addr=0xf97b000
D/STATUSBAR-StatusBarManagerService(  459): manageDisableList what=0x0 pkg=android
I/gralloc.sc8810(   87): ================ free ion memory fd=40:2
D/AbsListView( 1150): [unregisterDoubleTapMotionListener]
D/dalvikvm( 1150): GC_CONCURRENT freed 901K, 19% free 11479K/14087K, paused 13ms+29ms, total 126ms
I/MotionRecognitionManager( 1150):   .unregisterListener : / listener count = 0->0,  
D/AbsListView( 1150): [unregisterDoubleTapMotionListener]
I/MotionRecognitionManager( 1150):   .unregisterListener : / listener count = 0->0,  
D/AbsListView( 1150): [unregisterDoubleTapMotionListener]
I/MotionRecognitionManager( 1150):   .unregisterListener : / listener count = 0->0,  
W/SignalStrength(  459): getGsmLevel=4
W/SignalStrength(  459): getLevel=4 (SignalStrength: 19 -1 -1 -1 -1 -1 -1 -1 -1 -1 -1 -1 gsm|lte 4)
W/SignalStrength(  761): getGsmAsuLevel=19
W/SignalStrength(  761): getCdmaAsuLevel=16
W/SignalStrength(  761): Lte Asu level: 97
W/SignalStrength(  761): getGsmLevel=4
D/StatusBar.NetworkController(  761): updateTelephonySignalStrength: mSignalStrength == 19(GSM) 16(CDMA) 97(LTE)
W/SignalStrength(  761): getLevel=4 (SignalStrength: 19 -1 -1 -1 -1 -1 -1 -1 -1 -1 -1 -1 gsm|lte 4)
W/SignalStrength(  761): getEvdoLevel=0
W/SignalStrength(  459): getGsmDbm=-75
W/SignalStrength(  459): getDbm=-75
W/SignalStrength(  459): getGsmAsuLevel=19
W/SignalStrength(  459): getAsuLevel=19
D/dalvikvm(  953): GC_CONCURRENT freed 446K, 24% free 7040K/9159K, paused 12ms+31ms, total 113ms
D/dalvikvm( 3722): DexOpt: wanted instance, got static for field Landroid/inputmethodservice/InputMethodService;.mFloatingForMultiWindow
W/dalvikvm( 3722): VFY: unable to resolve instance field 11722
D/dalvikvm( 3722): VFY: replacing opcode 0x5c at 0x0014
I/[Gralloc](   87): PERFORM_CREATE hnd=0x40dd35e0,fd=40,offset=0x0,size=1536000,base=0x424d9000,phys_addr=0xf97b000
I/gralloc.sc8810(   87): ================allocat  ion memory for rgba xres*yres = 480*800 fd = 40:3
I/gralloc.sc8810( 1150): ION_IOC_IMPORT success c8d21e60,phy addr = f97b000
D/AndroidRuntime( 3722): Shutting down VM
W/dalvikvm( 3722): threadid=1: thread exiting with uncaught exception (group=0x41b3a2b8)
W/System.err( 3722): java.lang.IncompatibleClassChangeError: android.inputmethodservice.InputMethodService
W/System.err( 3722): 	at android.inputmethodservice.InputMethodService.<init>(InputMethodService.java:349)
W/System.err( 3722): 	at com.baidu.input.ImeService.<init>(Unknown Source)
W/System.err( 3722): 	at java.lang.Class.newInstanceImpl(Native Method)
W/System.err( 3722): 	at java.lang.Class.newInstance(Class.java:1319)
W/System.err( 3722): 	at android.app.ActivityThread.handleCreateService(ActivityThread.java:2403)
W/System.err( 3722): 	at android.app.ActivityThread.access$1700(ActivityThread.java:140)
W/System.err( 3722): 	at android.app.ActivityThread$H.handleMessage(ActivityThread.java:1319)
W/System.err( 3722): 	at android.os.Handler.dispatchMessage(Handler.java:99)
W/System.err( 3722): 	at android.os.Looper.loop(Looper.java:137)
W/System.err( 3722): 	at android.app.ActivityThread.main(ActivityThread.java:4952)
W/System.err( 3722): 	at java.lang.reflect.Method.invokeNative(Native Method)
W/System.err( 3722): 	at java.lang.reflect.Method.invoke(Method.java:511)
D/dalvikvm( 3722): GC_CONCURRENT freed 282K, 12% free 7067K/7943K, paused 1ms+42ms, total 125ms
W/System.err( 3722): 	at com.android.internal.os.ZygoteInit$MethodAndArgsCaller.run(ZygoteInit.java:1038)
W/System.err( 3722): 	at com.android.internal.os.ZygoteInit.main(ZygoteInit.java:805)
W/System.err( 3722): 	at dalvik.system.NativeStart.main(Native Method)
W/dalvikvm( 3722): Exception Ljava/lang/NullPointerException; thrown while initializing Lcom/baidu/kf;
D/InputDispatcher(  459): notifyMotion - eventTime=1380097553000, deviceId=2, source=0x1002, policyFlags=0x0, action=0x0, flags=0x0, metaState=0x0, buttonState=0x0, edgeFlags=0x0, xPrecision=1.002083, yPrecision=1.001250, downTime=1380097553000
I/InputDispatcher(  459): Delivering touch to current input target: action: 0x0
I/InputDispatcher(  459): Delivering touch to current input target: action: 0x0
I/InputDispatcher(  459): Delivering touch to current input target: action: 0x0
I/[Gralloc](   87): PERFORM_CREATE hnd=0x4107be80,fd=41,offset=0x0,size=1536000,base=0x42d0f000,phys_addr=0xfc69000
I/gralloc.sc8810(   87): ================allocat  ion memory for rgba xres*yres = 480*800 fd = 41:4
I/gralloc.sc8810( 1150): ION_IOC_IMPORT success cbaa4160,phy addr = fc69000
D/InputDispatcher(  459): notifyMotion - eventTime=1380231066000, deviceId=2, source=0x1002, policyFlags=0x0, action=0x1, flags=0x0, metaState=0x0, buttonState=0x0, edgeFlags=0x0, xPrecision=1.002083, yPrecision=1.001250, downTime=1380097553000
I/InputDispatcher(  459): Delivering touch to current input target: action: 0x1
I/InputDispatcher(  459): Delivering touch to current input target: action: 0x1
I/InputDispatcher(  459): Delivering touch to current input target: action: 0x1
E/gralloc.sc8810(   87): ION_IOC_MAP fail
W/gralloc.sc8810(   87): ================allocat ion memory for rgba reserved buffer size too small,may allocat normal buffer
D/dalvikvm( 3722): GC_CONCURRENT freed 468K, 14% free 7057K/8199K, paused 18ms+10ms, total 78ms
V/AudioFlinger(   90): Audio hardware entering standby, mixer 0x430b0008, suspend count 0
I/audio_hw_primary(   90): do_output_standby.mode:0 
D/LVVE_Engine(   90): LVVEFS_TRACE: LVVEFS_Rx_Command, CmdCode=[1] at 82 in ../SRC/LVVEFS_Command.c
D/LVVE_Engine(   90): LVVEFS_TRACE: LVVEFS_Rx_Command: LVVEFS_COMMAND_RESET at 204 in ../SRC/LVVEFS_Command.c
D/LVVE_Engine(   90): LVVEFS_Rx_Command LVVEFS_COMMAND_RESET returns success
V/AudioFlinger(   90): releaseWakeLock_l() AudioOut_2
D/BatteryStatsImpl(  459): ++++++xy WakeLock stop : pid=90, name=, type=0, tid=459, pid=459, pName=null
V/AudioFlinger(   90): thread 0x430b0008 type 0 TID 414 going to sleep
D/InputDispatcher(  459): notifyMotion - eventTime=1381172391000, deviceId=2, source=0x1002, policyFlags=0x0, action=0x0, flags=0x0, metaState=0x0, buttonState=0x0, edgeFlags=0x0, xPrecision=1.002083, yPrecision=1.001250, downTime=1381172391000
I/InputDispatcher(  459): Delivering touch to current input target: action: 0x0
I/InputDispatcher(  459): Delivering touch to current input target: action: 0x0
I/InputDispatcher(  459): Delivering touch to current input target: action: 0x0
D/BatteryStatsImpl(  459): ++++++xy WakeLock stop : pid=459, name=, type=0, tid=1666, pid=459, pName=null
D/InputDispatcher(  459): notifyMotion - eventTime=1381270856000, deviceId=2, source=0x1002, policyFlags=0x0, action=0x1, flags=0x0, metaState=0x0, buttonState=0x0, edgeFlags=0x0, xPrecision=1.002083, yPrecision=1.001250, downTime=1381172391000
I/InputDispatcher(  459): Delivering touch to current input target: action: 0x1
I/InputDispatcher(  459): Delivering touch to current input target: action: 0x1
I/InputDispatcher(  459): Delivering touch to current input target: action: 0x1
I/AudioPolicyManagerBase(   90): getSituationVolume: isBTConnected:0 isHeadConnected:0
V/AudioPolicyManagerBase(   90): getParamFromPolicy  deviceInt = 0, situationInt = 1, situationVolume = 0.500000
V/audio_policy_sprd(   90): audio_io_handle_t android::ap_get_output(audio_policy*, audio_stream_type_t, uint32_t, audio_format_t, uint32_t, audio_output_flags_t): tid 435
V/AudioPolicyManagerBase(   90): getOutput() stream 1, samplingRate 0, format 0, channelMask 3, flags 0
V/AudioPolicyManagerBase(   90): getOutput() returns output 2
V/audio_policy_sprd(   90): audio_io_handle_t android::ap_get_output(audio_policy*, audio_stream_type_t, uint32_t, audio_format_t, uint32_t, audio_output_flags_t): tid 90
V/AudioPolicyManagerBase(   90): getOutput() stream 1, samplingRate 0, format 0, channelMask 3, flags 0
V/AudioPolicyManagerBase(   90): getOutput() returns output 2
V/audio_policy_sprd(   90): audio_io_handle_t android::ap_get_output(audio_policy*, audio_stream_type_t, uint32_t, audio_format_t, uint32_t, audio_output_flags_t): tid 2111
V/AudioPolicyManagerBase(   90): getOutput() stream 1, samplingRate 44100, format 1, channelMask 3, flags 4
V/AudioPolicyManagerBase(   90): getOutput() returns output 2
V/AudioFlinger(   90): createTrack() sessionId: 0
V/AudioFlinger(   90): createTrack() lSessionId: 274
V/AudioFlinger(   90): AUDIO_OUTPUT_FLAG_FAST denied: isTimed=0 sharedBuffer=0x0 frameCount=3840 mFrameCount=960 format=1 isLinear=1 channelMask=3 sampleRate=44100 mSampleRate=44100 hasFastMixer=0 tid=3742 fastTrackAvailMask=0xfe
V/AudioFlinger(   90): Track constructor name 4098, calling pid 459
W/AudioTrack(  459): AudioTrack set for tack, mimeType=
E/AudioFlinger(   90): unkown mime type 
W/AudioFlinger(   90): setMimeType 0 () for track, stream=1
V/AudioFlinger(   90): acquiring 274 from 459
V/AudioFlinger(   90):  added new entry for 274
V/AudioFlinger(   90): start(4098), calling pid 459 session 274
V/AudioFlinger(   90): ? => ACTIVE (4098) on thread 0x41bb70c8
V/AudioPolicyManagerBase(   90): startOutput() output 2, stream 1, session 274
V/AudioPolicyManagerBase(   90): changeRefCount() stream 1, count 1
E/AudioPolicyManagerBase(   90): stream type [13], return media stratege
E/AudioPolicyManagerBase(   90): stream type [14], return media stratege
E/AudioPolicyManagerBase(   90): stream type [15], return media stratege
E/AudioPolicyManagerBase(   90): stream type [13], return media stratege
E/AudioPolicyManagerBase(   90): stream type [14], return media stratege
E/AudioPolicyManagerBase(   90): stream type [15], return media stratege
E/AudioPolicyManagerBase(   90): stream type [13], return media stratege
E/AudioPolicyManagerBase(   90): stream type [14], return media stratege
E/AudioPolicyManagerBase(   90): stream type [15], return media stratege
E/AudioPolicyManagerBase(   90): stream type [13], return media stratege
E/AudioPolicyManagerBase(   90): stream type [14], return media stratege
E/AudioPolicyManagerBase(   90): stream type [15], return media stratege
E/AudioPolicyManagerBase(   90): stream type [13], return media stratege
E/AudioPolicyManagerBase(   90): stream type [14], return media stratege
E/AudioPolicyManagerBase(   90): stream type [15], return media stratege
V/AudioPolicyManagerBase(   90): getNewDevice() selected device 2
V/AudioPolicyManagerBase(   90): setOutputDevice() output 2 device 0002 force 0 delayMs 0 
V/AudioPolicyManagerBase(   90): setOutputDevice() prevDevice 0002
V/AudioPolicyManagerBase(   90): setOutputDevice() setting same device 0002 or null device for output 2
V/AudioFlinger(   90): mWaitWorkCV.broadcast
V/AudioFlinger(   90): thread 0x430b0008 type 0 TID 414 waking up
D/BatteryStatsImpl(  459): ++++++xy WakeLock start : pid=90, name=, type=0, tid=938, pid=459, pName=null
V/AudioFlinger(   90): acquireWakeLock_l() AudioOut_2 status 0
V/AudioFlinger(   90): releasing 273 from 459
V/AudioFlinger(   90):  decremented refcount to 0
V/AudioFlinger(   90): purging stale effects
V/AudioPolicyManagerBase(   90): releaseOutput() 2
V/AudioFlinger(   90): remove track (4100) and delete from mixer
V/AudioFlinger(   90): PlaybackThread::Track destructor
D/BatteryStatsImpl(  459): ++++++xy WakeLock start : pid=459, name=, type=0, tid=459, pid=459, pName=null
I/audio_hw_primary(   90): select_devices_signal starting...
I/audio_hw_primary(   90): select_devices_signal finished.
I/audio_hw_primary(   90): open s_tinycard in
I/audio_hw_primary(   90): Changing devices: 0x00000002
I/audio_hw_primary(   90): Set 'Speaker Function'.0 to 1
I/audio_hw_primary(   90): open s_tinycard successfully
I/audio_hw_primary(   90): start_output_stream: out->config: channels 2, rate 44100, period_size 7680
I/audio_hw_primary(   90): Set 'HeadPhone Function'.0 to 0
I/audio_hw_primary(   90): Set 'Earpiece Function'.0 to 0
I/audio_hw_primary(   90): Set 'Mic Function'.0 to 0
I/audio_hw_primary(   90): Set 'HP Mic Function'.0 to 0
D/WindowManager(  459): PhoneWindowManager: focusChangedLw
D/WindowManager(  459): updateReadingMode
I/audio_hw_primary(   90): Set 'Line Function'.0 to 0
W/audio_hw_primary(   90): GetAudio_pga_nv, dac_pga_gain_l:0xa0 adc_pga_gain_l:0x9510 fm_pga_gain_l:0xff fm_pga_gain_r:0xff device:0x2 vol_level:0x1 
D/audio_pga(   90): 'speaker-l' apply
I/audio_pga(   90): 'Master Playback Volume' set to 15
D/WindowManager(  459): mInputFocus is not null.
D/STATUSBAR-StatusBarManagerService(  459): manageDisableList what=0x0 pkg=android
D/WindowManager(  459): mInputFocus is not null.
D/WindowManager(  459): mInputFocus is not null.
I/audio_pga(   90): 'Inter PA Playback Volume' set to 10
I/audio_pga(   90): 'VBC DACL DG Set' set to 0
I/audio_pga(   90): 'VBC DACL DG Switch' set to 0
D/audio_pga(   90): 'speaker-r' apply
I/audio_pga(   90): 'Master Playback Volume' set to 15
D/AbsListView( 1150): Get MotionRecognitionManager
I/audio_pga(   90): 'Inter PA Playback Volume' set to 10
I/audio_pga(   90): 'VBC DACR DG Set' set to 0
I/audio_pga(   90): 'VBC DACR DG Switch' set to 0
W/audio_hw_primary(   90): SetAudio_gain_by_devices out, devices:0x2 
I/audio_hw_primary(   90): stream_routing_thread looping done.
I/audio_hw_primary(   90): stream_routing_thread looping now...
D/AbsListView( 1150): Get MotionRecognitionManager
V/AudioFlinger(   90): getNextBuffer() no more data for track 4098 on thread 0x430b0008
V/AudioFlinger(   90): stop(4098), calling pid 459
V/AudioFlinger(   90): not stopping/stopped => stopping/stopped (4098) on thread 0x430b0008
V/AudioPolicyManagerBase(   90): stopOutput() output 2, stream 1, session 274
V/AudioPolicyManagerBase(   90): changeRefCount() stream 1, count 0
E/AudioPolicyManagerBase(   90): stream type [13], return media stratege
E/AudioPolicyManagerBase(   90): stream type [14], return media stratege
E/AudioPolicyManagerBase(   90): stream type [15], return media stratege
E/AudioPolicyManagerBase(   90): stream type [13], return media stratege
E/AudioPolicyManagerBase(   90): stream type [14], return media stratege
E/AudioPolicyManagerBase(   90): stream type [15], return media stratege
E/AudioPolicyManagerBase(   90): stream type [13], return media stratege
E/AudioPolicyManagerBase(   90): stream type [14], return media stratege
E/AudioPolicyManagerBase(   90): stream type [15], return media stratege
E/AudioPolicyManagerBase(   90): stream type [13], return media stratege
E/AudioPolicyManagerBase(   90): stream type [14], return media stratege
E/AudioPolicyManagerBase(   90): stream type [15], return media stratege
E/AudioPolicyManagerBase(   90): stream type [13], return media stratege
E/AudioPolicyManagerBase(   90): stream type [14], return media stratege
E/AudioPolicyManagerBase(   90): stream type [15], return media stratege
E/AudioPolicyManagerBase(   90): stream type [13], return media stratege
E/AudioPolicyManagerBase(   90): stream type [14], return media stratege
E/AudioPolicyManagerBase(   90): stream type [15], return media stratege
V/AudioPolicyManagerBase(   90): getNewDevice() selected device 0
V/AudioPolicyManagerBase(   90): setOutputDevice() output 2 device 0000 force 0 delayMs 174 
V/AudioPolicyManagerBase(   90): setOutputDevice() prevDevice 0002
V/AudioPolicyManagerBase(   90): setOutputDevice() setting same device 0000 or null device for output 2
V/AudioFlinger(   90): presentationComplete() reset: mPresentationCompleteFrames 14396 audioHalFrames 3836
V/AudioFlinger(   90): presentationComplete() session 274 complete: framesWritten 14400
V/AudioFlinger(   90): TrackBase::reset
D/WindowManager(  459): mInputFocus is not null.
D/WindowManager(  459): PhoneWindowManager: focusChangedLw
D/WindowManager(  459): updateReadingMode
V/PhoneStatusBar(  761): setLightsOn(true)
D/STATUSBAR-StatusBarManagerService(  459): manageDisableList what=0x0 pkg=android
D/STATUSBAR-StatusBarManagerService(  459): setSystemUiVisibility(0x0)
D/STATUSBAR-StatusBarManagerService(  459): manageDisableList what=0x0 pkg=WindowManager.LayoutParams
E/gralloc.sc8810(   87): ION_IOC_MAP fail
W/gralloc.sc8810(   87): ================allocat ion memory for rgba reserved buffer size too small,may allocat normal buffer
W/System.err( 1150): Removed 2131297121
W/System.err( 1150): Removed 2131297134
D/STATUSBAR-StatusBarManagerService(  459): manageDisableList what=0x0 pkg=android
D/STATUSBAR-StatusBarManagerService(  459): manageDisableList what=0x0 pkg=system
D/STATUSBAR-StatusBarManagerService(  459): manageDisableList what=0x0 pkg=android
D/STATUSBAR-StatusBarManagerService(  459): manageDisableList what=0x0 pkg=system
D/STATUSBAR-StatusBarManagerService(  459): manageDisableList what=0x0 pkg=android
D/WifiService(  459): startScan: true pid=1150, uid=1000
I/wpa_supplicant( 1270): State: INACTIVE -> SCANNING
I/wpa_supplicant( 1270): CTRL-EVENT-STATE-CHANGE id=-1 state=3 BSSID=00.00.00
I/wpa_supplicant( 1270): Scan requested (ret=0) - scan timeout 30 seconds
E/gralloc.sc8810(   87): ION_IOC_MAP fail
W/gralloc.sc8810(   87): ================allocat ion memory for rgba reserved buffer size too small,may allocat normal buffer
W/System.err( 1150): Removed 2131297121
W/System.err( 1150): Removed 2131297134
I/gralloc.sc8810( 1150): ION_IOC_FREE success c8d21e60,phy addr = f97b000
I/gralloc.sc8810( 1150): ION_IOC_FREE success cbaa4160,phy addr = fc69000
I/gralloc.sc8810(   87): FREE hnd=0x40dd35e0,fd=40,offset=0x0,size=1536000,base=424d9000,phys_addr=0xf97b000
I/gralloc.sc8810(   87): ================ free ion memory fd=40:3
D/STATUSBAR-StatusBarManagerService(  459): manageDisableList what=0x0 pkg=system
D/STATUSBAR-StatusBarManagerService(  459): manageDisableList what=0x0 pkg=android
D/BatteryStatsImpl(  459): ++++++xy WakeLock stop : pid=459, name=, type=0, tid=917, pid=459, pName=null
D/STATUSBAR-StatusBarManagerService(  459): manageDisableList what=0x0 pkg=system
D/STATUSBAR-StatusBarManagerService(  459): manageDisableList what=0x0 pkg=android
I/gralloc.sc8810(   87): FREE hnd=0x4107be80,fd=41,offset=0x0,size=1536000,base=42d0f000,phys_addr=0xfc69000
I/gralloc.sc8810(   87): ================ free ion memory fd=41:2
D/STATUSBAR-StatusBarManagerService(  459): manageDisableList what=0x0 pkg=system
D/STATUSBAR-StatusBarManagerService(  459): manageDisableList what=0x0 pkg=android
D/STATUSBAR-StatusBarManagerService(  459): manageDisableList what=0x0 pkg=system
D/STATUSBAR-StatusBarManagerService(  459): manageDisableList what=0x0 pkg=android
D/InputDispatcher(  459): notifyMotion - eventTime=1382626634000, deviceId=2, source=0x1002, policyFlags=0x0, action=0x0, flags=0x0, metaState=0x0, buttonState=0x0, edgeFlags=0x0, xPrecision=1.002083, yPrecision=1.001250, downTime=1382626634000
I/InputDispatcher(  459): Delivering touch to current input target: action: 0x0
I/InputDispatcher(  459): Delivering touch to current input target: action: 0x0
I/InputDispatcher(  459): Delivering touch to current input target: action: 0x0
D/InputDispatcher(  459): notifyMotion - eventTime=1382708828000, deviceId=2, source=0x1002, policyFlags=0x0, action=0x1, flags=0x0, metaState=0x0, buttonState=0x0, edgeFlags=0x0, xPrecision=1.002083, yPrecision=1.001250, downTime=1382626634000
I/InputDispatcher(  459): Delivering touch to current input target: action: 0x1
I/InputDispatcher(  459): Delivering touch to current input target: action: 0x1
I/InputDispatcher(  459): Delivering touch to current input target: action: 0x1
I/[Gralloc](   87): PERFORM_CREATE hnd=0x410197e0,fd=40,offset=0x0,size=1536000,base=0x424d9000,phys_addr=0xf97b000
I/gralloc.sc8810(   87): ================allocat  ion memory for rgba xres*yres = 480*800 fd = 40:3
I/gralloc.sc8810( 1150): ION_IOC_IMPORT success c305db20,phy addr = f97b000
I/AudioPolicyManagerBase(   90): getSituationVolume: isBTConnected:0 isHeadConnected:0
V/AudioPolicyManagerBase(   90): getParamFromPolicy  deviceInt = 0, situationInt = 1, situationVolume = 0.500000
V/audio_policy_sprd(   90): audio_io_handle_t android::ap_get_output(audio_policy*, audio_stream_type_t, uint32_t, audio_format_t, uint32_t, audio_output_flags_t): tid 436
V/AudioPolicyManagerBase(   90): getOutput() stream 1, samplingRate 0, format 0, channelMask 3, flags 0
V/AudioPolicyManagerBase(   90): getOutput() returns output 2
V/audio_policy_sprd(   90): audio_io_handle_t android::ap_get_output(audio_policy*, audio_stream_type_t, uint32_t, audio_format_t, uint32_t, audio_output_flags_t): tid 435
V/AudioPolicyManagerBase(   90): getOutput() stream 1, samplingRate 0, format 0, channelMask 3, flags 0
V/AudioPolicyManagerBase(   90): getOutput() returns output 2
V/audio_policy_sprd(   90): audio_io_handle_t android::ap_get_output(audio_policy*, audio_stream_type_t, uint32_t, audio_format_t, uint32_t, audio_output_flags_t): tid 90
V/AudioPolicyManagerBase(   90): getOutput() stream 1, samplingRate 44100, format 1, channelMask 3, flags 4
V/AudioPolicyManagerBase(   90): getOutput() returns output 2
V/AudioFlinger(   90): createTrack() sessionId: 0
V/AudioFlinger(   90): createTrack() lSessionId: 275
V/AudioFlinger(   90): AUDIO_OUTPUT_FLAG_FAST denied: isTimed=0 sharedBuffer=0x0 frameCount=3840 mFrameCount=960 format=1 isLinear=1 channelMask=3 sampleRate=44100 mSampleRate=44100 hasFastMixer=0 tid=3744 fastTrackAvailMask=0xfe
V/AudioFlinger(   90): Track constructor name 4100, calling pid 459
W/AudioTrack(  459): AudioTrack set for tack, mimeType=
E/AudioFlinger(   90): unkown mime type 
W/AudioFlinger(   90): setMimeType 0 () for track, stream=1
V/AudioFlinger(   90): acquiring 275 from 459
V/AudioFlinger(   90):  added new entry for 275
V/AudioFlinger(   90): start(4100), calling pid 459 session 275
V/AudioFlinger(   90): ? => ACTIVE (4100) on thread 0x419dbad0
V/AudioPolicyManagerBase(   90): startOutput() output 2, stream 1, session 275
V/AudioPolicyManagerBase(   90): changeRefCount() stream 1, count 1
E/AudioPolicyManagerBase(   90): stream type [13], return media stratege
E/AudioPolicyManagerBase(   90): stream type [14], return media stratege
E/AudioPolicyManagerBase(   90): stream type [15], return media stratege
E/AudioPolicyManagerBase(   90): stream type [13], return media stratege
E/AudioPolicyManagerBase(   90): stream type [14], return media stratege
E/AudioPolicyManagerBase(   90): stream type [15], return media stratege
E/AudioPolicyManagerBase(   90): stream type [13], return media stratege
E/AudioPolicyManagerBase(   90): stream type [14], return media stratege
E/AudioPolicyManagerBase(   90): stream type [15], return media stratege
E/AudioPolicyManagerBase(   90): stream type [13], return media stratege
E/AudioPolicyManagerBase(   90): stream type [14], return media stratege
E/AudioPolicyManagerBase(   90): stream type [15], return media stratege
E/AudioPolicyManagerBase(   90): stream type [13], return media stratege
E/AudioPolicyManagerBase(   90): stream type [14], return media stratege
E/AudioPolicyManagerBase(   90): stream type [15], return media stratege
V/AudioPolicyManagerBase(   90): getNewDevice() selected device 2
V/AudioPolicyManagerBase(   90): setOutputDevice() output 2 device 0002 force 0 delayMs 0 
V/AudioPolicyManagerBase(   90): setOutputDevice() prevDevice 0002
V/AudioPolicyManagerBase(   90): setOutputDevice() setting same device 0002 or null device for output 2
V/AudioFlinger(   90): mWaitWorkCV.broadcast
V/AudioFlinger(   90): releasing 274 from 459
V/AudioFlinger(   90):  decremented refcount to 0
V/AudioFlinger(   90): purging stale effects
V/AudioPolicyManagerBase(   90): releaseOutput() 2
V/AudioFlinger(   90): remove track (4098) and delete from mixer
V/AudioFlinger(   90): PlaybackThread::Track destructor
I/[Gralloc](   87): PERFORM_CREATE hnd=0x41018cd8,fd=41,offset=0x0,size=1536000,base=0x42d0f000,phys_addr=0xfc69000
I/gralloc.sc8810(   87): ================allocat  ion memory for rgba xres*yres = 480*800 fd = 41:4
I/gralloc.sc8810( 1150): ION_IOC_IMPORT success c427d920,phy addr = fc69000
I/dalvikvm( 1150): Could not find method android.widget.MiuiCursorController.unvisibleAllHandle, referenced from method android.widget.Editor.swapSelectionControllers
W/dalvikvm( 1150): VFY: unable to resolve virtual method 23820: Landroid/widget/MiuiCursorController;.unvisibleAllHandle ()V
D/dalvikvm( 1150): VFY: replacing opcode 0x6e at 0x0016
I/dalvikvm( 1150): Could not find method android.widget.MiuiCursorController.getStartHandleToTop, referenced from method android.widget.Editor.switchStartHandle
W/dalvikvm( 1150): VFY: unable to resolve virtual method 23805: Landroid/widget/MiuiCursorController;.getStartHandleToTop ()Z
D/dalvikvm( 1150): VFY: replacing opcode 0x6e at 0x0028
I/dalvikvm( 1150): Could not find method android.widget.MiuiCursorController.getStartHandleToTop, referenced from method android.widget.Editor.switchStartHandle
W/dalvikvm( 1150): VFY: unable to resolve virtual method 23805: Landroid/widget/MiuiCursorController;.getStartHandleToTop ()Z
D/dalvikvm( 1150): VFY: replacing opcode 0x6e at 0x003e
I/dalvikvm( 1150): Could not find method android.widget.MiuiCursorController.getStartHandleToTop, referenced from method android.widget.Editor.switchStartHandle
W/dalvikvm( 1150): VFY: unable to resolve virtual method 23805: Landroid/widget/MiuiCursorController;.getStartHandleToTop ()Z
D/dalvikvm( 1150): VFY: replacing opcode 0x6e at 0x004d
I/dalvikvm( 1150): Could not find method android.widget.MiuiCursorController.getStartHandleToTop, referenced from method android.widget.Editor.switchStartHandle
W/dalvikvm( 1150): VFY: unable to resolve virtual method 23805: Landroid/widget/MiuiCursorController;.getStartHandleToTop ()Z
D/dalvikvm( 1150): VFY: replacing opcode 0x6e at 0x0067
V/AudioFlinger(   90): getNextBuffer() no more data for track 4100 on thread 0x430b0008
V/AudioFlinger(   90): stop(4100), calling pid 459
V/AudioFlinger(   90): not stopping/stopped => stopping/stopped (4100) on thread 0x430b0008
V/AudioPolicyManagerBase(   90): stopOutput() output 2, stream 1, session 275
V/AudioPolicyManagerBase(   90): changeRefCount() stream 1, count 0
E/AudioPolicyManagerBase(   90): stream type [13], return media stratege
E/AudioPolicyManagerBase(   90): stream type [14], return media stratege
E/AudioPolicyManagerBase(   90): stream type [15], return media stratege
E/AudioPolicyManagerBase(   90): stream type [13], return media stratege
E/AudioPolicyManagerBase(   90): stream type [14], return media stratege
E/AudioPolicyManagerBase(   90): stream type [15], return media stratege
E/AudioPolicyManagerBase(   90): stream type [13], return media stratege
E/AudioPolicyManagerBase(   90): stream type [14], return media stratege
E/AudioPolicyManagerBase(   90): stream type [15], return media stratege
E/AudioPolicyManagerBase(   90): stream type [13], return media stratege
E/AudioPolicyManagerBase(   90): stream type [14], return media stratege
E/AudioPolicyManagerBase(   90): stream type [15], return media stratege
E/AudioPolicyManagerBase(   90): stream type [13], return media stratege
E/AudioPolicyManagerBase(   90): stream type [14], return media stratege
E/AudioPolicyManagerBase(   90): stream type [15], return media stratege
E/AudioPolicyManagerBase(   90): stream type [13], return media stratege
E/AudioPolicyManagerBase(   90): stream type [14], return media stratege
E/AudioPolicyManagerBase(   90): stream type [15], return media stratege
V/AudioPolicyManagerBase(   90): getNewDevice() selected device 0
V/AudioPolicyManagerBase(   90): setOutputDevice() output 2 device 0000 force 0 delayMs 174 
V/AudioPolicyManagerBase(   90): setOutputDevice() prevDevice 0002
V/AudioPolicyManagerBase(   90): setOutputDevice() setting same device 0000 or null device for output 2
V/AudioFlinger(   90): presentationComplete() reset: mPresentationCompleteFrames 79676 audioHalFrames 3836
V/AudioFlinger(   90): presentationComplete() session 275 complete: framesWritten 79680
V/AudioFlinger(   90): TrackBase::reset
I/wpa_supplicant( 1270): nl80211: Received scan results (1 BSSes)
I/wpa_supplicant( 1270): wlan0: CTRL-EVENT-NO-CONNECTION
I/wpa_supplicant( 1270): State: SCANNING -> INACTIVE
I/wpa_supplicant( 1270): CTRL-EVENT-STATE-CHANGE id=-1 state=2 BSSID=00.00.00
D/dalvikvm( 1150): GC_CONCURRENT freed 1649K, 19% free 11473K/14087K, paused 18ms+9ms, total 136ms
D/WindowManager(  459): PhoneWindowManager: focusChangedLw
D/WindowManager(  459): updateReadingMode
D/STATUSBAR-StatusBarManagerService(  459): manageDisableList what=0x0 pkg=system
D/STATUSBAR-StatusBarManagerService(  459): manageDisableList what=0x0 pkg=android
D/dalvikvm( 1150): WAIT_FOR_CONCURRENT_GC blocked 0ms
D/dalvikvm( 1150): GC_EXPLICIT freed 109K, 19% free 11415K/14087K, paused 4ms+4ms, total 58ms
D/STATUSBAR-StatusBarManagerService(  459): manageDisableList what=0x0 pkg=system
D/STATUSBAR-StatusBarManagerService(  459): manageDisableList what=0x0 pkg=android
D/STATUSBAR-StatusBarManagerService(  459): manageDisableList what=0x0 pkg=system
D/STATUSBAR-StatusBarManagerService(  459): manageDisableList what=0x0 pkg=android
D/STATUSBAR-StatusBarManagerService(  459): manageDisableList what=0x0 pkg=system
D/STATUSBAR-StatusBarManagerService(  459): manageDisableList what=0x0 pkg=android
D/STATUSBAR-StatusBarManagerService(  459): manageDisableList what=0x0 pkg=system
D/STATUSBAR-StatusBarManagerService(  459): manageDisableList what=0x0 pkg=android
D/BatteryService(  459): update start
D/BatteryService(  459): level:98 scale:100 status:2 health:2 present:true voltage: 4356 temperature: 369 technology: Li-ion AC powered:false USB powered:true icon:17303345 invalid charger:0 online:1 charge type:0 current avg:0
D/BatteryInfoReceiver( 1244): 98
E/MtpService(  929): In MTPAPP onReceive:android.intent.action.BATTERY_CHANGED
E/MtpService(  929): battPlugged Type : 2
D/BatteryInfoReceiver( 1244): BatteryInfoReceiver.updateBatteryInfo(...).
W/PowerManagerService(  459): Timer 0x3->0x3|0x0
D/InputDispatcher(  459): notifyMotion - eventTime=1384627169000, deviceId=2, source=0x1002, policyFlags=0x0, action=0x0, flags=0x0, metaState=0x0, buttonState=0x0, edgeFlags=0x0, xPrecision=1.002083, yPrecision=1.001250, downTime=1384627169000
I/InputDispatcher(  459): Delivering touch to current input target: action: 0x0
I/InputDispatcher(  459): Delivering touch to current input target: action: 0x0
I/InputDispatcher(  459): Delivering touch to current input target: action: 0x0
D/InputDispatcher(  459): notifyMotion - eventTime=1384725485000, deviceId=2, source=0x1002, policyFlags=0x0, action=0x1, flags=0x0, metaState=0x0, buttonState=0x0, edgeFlags=0x0, xPrecision=1.002083, yPrecision=1.001250, downTime=1384627169000
I/InputDispatcher(  459): Delivering touch to current input target: action: 0x1
I/InputDispatcher(  459): Delivering touch to current input target: action: 0x1
I/InputDispatcher(  459): Delivering touch to current input target: action: 0x1
I/MiuiMagnifierController( 1150): MagnifierController is created
W/InputMethodManagerService(  459): Force disconnect/connect to the IME in showCurrentInputLocked()
I/MiuiCursorController( 1150): InsertionPointCursorController is hidden including all panels and handle
I/MiuiHandleView( 1150): To hide the MagnifierInsertionHandleView, just delay
I/ClipboardService(  459): Got clipboard for user=0
I/MiuiCursorController( 1150): InsertionPointCursorController show:[false, false, false, false]
I/MiuiCursorController( 1150): InsertionPointCursorController is shown with hidden panels and shown handle
I/ClipboardService(  459): Got clipboard for user=0
I/ClipboardService(  459): Got clipboard for user=0
I/MiuiHandleView( 1150): HandleView [0] is shown
I/MiuiCursorController( 1150): Show InsertionPointCursorController in one shot context
I/ClipboardService(  459): Got clipboard for user=0
W/SignalStrength(  459): getGsmLevel=4
W/SignalStrength(  459): getLevel=4 (SignalStrength: 20 -1 -1 -1 -1 -1 -1 -1 -1 -1 -1 -1 gsm|lte 4)
W/SignalStrength(  761): getGsmAsuLevel=20
W/SignalStrength(  761): getCdmaAsuLevel=16
W/SignalStrength(  761): Lte Asu level: 97
