--------- beginning of /dev/log/system
I/Encryption(   79): Vold 2.1 (the revenge) firing up
E/Encryption(   79): created DirEncryptionManager
D/Vold    (   79): Volume sdcard state changing -1 (Initializing) -> 0 (No-Media)
D/Vold    (   79): Volume sda state changing -1 (Initializing) -> 0 (No-Media)
D/Vold    (   79): Volume sdb state changing -1 (Initializing) -> 0 (No-Media)
D/Vold    (   79): Volume sdc state changing -1 (Initializing) -> 0 (No-Media)
D/Vold    (   79): Volume sdd state changing -1 (Initializing) -> 0 (No-Media)
D/Vold    (   79): Volume sde state changing -1 (Initializing) -> 0 (No-Media)
D/Vold    (   79): Volume sdf state changing -1 (Initializing) -> 0 (No-Media)
D/DirectVolume(   79): DirectVolume::readId -> path '/sys/devices/platform/sprd-sdhci.0/mmc_host/mmc1/mmc1:1234/block/mmcblk1/device/cid' 
D/DirectVolume(   79): DirectVolume::readId -> id '02544d5341303247049c3000d800a200' 
D/DirectVolume(   79): DirectVolume::handleDiskAdded -> mDiskMajor 179, mDiskMinor 32, NPARTS:1
D/Vold    (   79): Volume sdcard state changing 0 (No-Media) -> 2 (Pending)
D/DirectVolume(   79): DirectVolume::handlePartitionAdded -> major 179, minor 33, PARTN 1
D/Vold    (   79): Volume sdcard state changing 2 (Pending) -> 1 (Idle-Unmounted)
I/SystemServer(  474): Entered the Android system server!
I/SystemServer(  474): Entropy Mixer
I/SystemServer(  474): Power Manager
I/SystemServer(  474): Activity Manager
I/ActivityManager(  474): Memory class: 64
I/ActivityManager(  474): isReadMemForRestartService: false ,restartServiceAtMem:16
I/ActivityManager(  474): engModeFlag: false ,mode:unknown
I/SystemServer(  474): Telephony Registry
I/SystemServer(  474): Scheduling Policy
I/SystemServer(  474): Package Manager
I/SystemServer(  474): !@beginofPackageManager
I/Installer(  474): connecting...
W/PackageManager(  474): Library not found: /system/framework/com.android.future.usb.accessory.jar
W/PackageManager(  474): Library not found: /system/framework/com.google.android.maps.jar
W/PackageManager(  474): Exception reading jar: /system/framework/twframework-res.apk
W/PackageManager(  474): java.io.IOException: /system/framework/twframework-res.apk
W/PackageManager(  474): 	at dalvik.system.DexFile.isDexOptNeeded(Native Method)
W/PackageManager(  474): 	at com.android.server.pm.PackageManagerService.<init>(PackageManagerService.java:1440)
W/PackageManager(  474): 	at com.android.server.pm.PackageManagerService.main(PackageManagerService.java:1223)
W/PackageManager(  474): 	at com.android.server.ServerThread.run(SystemServer.java:224)
I/PackageManager(  474): Pruning dalvik file: data@app@ota-MiuiForum.apk@classes.dex
I/PackageManager(  474): Pruning dalvik file: data@app@com.speedsoftware.rootexplorer-1.apk@classes.dex
I/PackageManager(  474): Pruning dalvik file: data@app@com.baidu.input-1.apk@classes.dex
W/PackageManager(  474): Package com.speedsoftware.rootexplorer desires unavailable shared library com.sec.android.app.multiwindow; ignoring!
I/PackageManager(  474): Time to scan packages: 5.833 seconds
W/PackageManager(  474): Removing dangling permission: com.sec.android.app.sysscope.permission.SYSSCOPE_ACCESS_SYSTEM_INFO from package null
W/PackageManager(  474): Unknown permission android.permission.READ_INTERNAL_STORAGE in package com.miui.gallery
W/PackageManager(  474): Unknown permission android.permission.WRITE_INTERNAL_STORAGE in package com.miui.gallery
W/PackageManager(  474): Not granting permission android.permission.DEVICE_POWER to package com.miui.gallery (protectionLevel=2 flags=0x8bc45)
W/PackageManager(  474): Unknown permission android.permission.MANAGE_DOCUMENTS in package com.miui.gallery
W/PackageManager(  474): Unknown permission com.miui.barcodescanner.receiver.RECEIVER in package com.miui.gallery
W/PackageManager(  474): Not granting permission android.permission.SEND_DOWNLOAD_COMPLETED_INTENTS to package com.android.contacts (protectionLevel=2 flags=0x8be45)
W/PackageManager(  474): Unknown permission android.permission.BIND_DIRECTORY_SEARCH in package com.android.contacts
W/PackageManager(  474): Unknown permission android.permission.ADD_SYSTEM_SERVICE in package com.android.phone
W/PackageManager(  474): Unknown permission com.android.smspush.WAPPUSH_MANAGER_BIND in package com.android.phone
W/PackageManager(  474): Unknown permission com.android.launcher.permission.PRELOAD_WORKSPACE in package com.google.android.partnersetup
W/PackageManager(  474): Unknown permission android.permission.WRITE_INTERNAL_STORAGE in package com.miui.player
W/PackageManager(  474): Unknown permission adnroid.permission.CHANGE_WIFI_STATE in package com.miui.guardprovider
W/PackageManager(  474): Unknown permission com.android.vending.billing.BILLING_ACCOUNT_SERVICE in package com.google.android.gsf.login
W/PackageManager(  474): Unknown permission com.android.vending.billing.ADD_CREDIT_CARD in package com.google.android.gsf.login
W/PackageManager(  474): Unknown permission com.android.vending.billing.IBillingAccountService.BIND2 in package com.google.android.gsf.login
W/PackageManager(  474): Unknown permission com.android.vending.TOS_ACKED in package com.google.android.gsf.login
W/PackageManager(  474): Unknown permission com.android.chrome.TOS_ACKED in package com.google.android.gsf.login
W/PackageManager(  474): Unknown permission android.permission.ACCESS_DRM in package com.android.MtpApplication
W/PackageManager(  474): Unknown permission com.sec.android.app.twdvfs.DVFS_BOOSTER_PERMISSION in package com.android.MtpApplication
W/PackageManager(  474): Unknown permission com.htc.launcher.permission.READ_SETTINGS in package com.trafficctr.miui
W/PackageManager(  474): Unknown permission com.htc.launcher.permission.WRITE_SETTINGS in package com.trafficctr.miui
W/PackageManager(  474): Unknown permission com.huawei.launcher3.permission.READ_SETTINGS in package com.trafficctr.miui
W/PackageManager(  474): Unknown permission com.huawei.launcher3.permission.WRITE_SETTINGS in package com.trafficctr.miui
W/PackageManager(  474): Unknown permission android.Manifest.permission.RECEIVE_BOOT_COMPLETED in package com.android.browser
W/PackageManager(  474): Not granting permission android.permission.SEND_DOWNLOAD_COMPLETED_INTENTS to package com.android.browser (protectionLevel=2 flags=0x9be45)
W/PackageManager(  474): Not granting permission android.permission.SET_PREFERRED_APPLICATIONS to package com.android.browser (protectionLevel=2 flags=0x9be45)
W/PackageManager(  474): Unknown permission android.permission.MANAGE_DEVICE_ADMINS in package com.miui.backup
W/PackageManager(  474): Unknown permission com.samsung.android.providers.context.permission.WRITE_EXCHANGE_CALL in package com.sec.android.provider.logsprovider
W/PackageManager(  474): Unknown permission android.permission.ACCESS_COARSE_UPDATES in package com.miui.cloudservice
W/PackageManager(  474): Unknown permission android.permission.INSTALL_DRM in package com.android.mms
W/PackageManager(  474): Unknown permission android.permission.SEND_RESPOND_VIA_MESSAGE in package com.android.mms
W/PackageManager(  474): Unknown permission android.permission.SEND_RESPOND_VIA_MESSAGE in package com.miui.voiceassist
W/PackageManager(  474): Unknown permission miui.permission.VOICE_WAKEUP in package com.miui.voiceassist
W/PackageManager(  474): Unknown permission com.sec.factory.permission.KEYSTRING in package com.android.providers.media
W/PackageManager(  474): Unknown permission android.miui.permission.SHELL in package com.android.thememanager
W/PackageManager(  474): Unknown permission android.permission.WRITE_INTERNAL_STORAGE in package com.android.updater
W/PackageManager(  474): Unknown permission com.sec.android.permission.FWUPGRADE in package android
W/PackageManager(  474): Unknown permission android.permission.BIND_DIRECTORY_SEARCH in package com.android.providers.contacts
W/PackageManager(  474): Unknown permission com.xiaomi.market.sdk.UPDATE in package com.xiaomi.o2o
W/PackageManager(  474): Unknown permission android.permission.READ_SETTINGS in package com.xiaomi.o2o
W/PackageManager(  474): Unknown permission android.permission.ACCESS_SUPERUSER in package com.speedsoftware.rootexplorer
W/PackageManager(  474): Unknown permission com.android.vending.CHECK_LICENSE in package com.speedsoftware.rootexplorer
W/PackageManager(  474): Unknown permission android.permission.ACCESS_ALL_EXTERNAL_STORAGE in package com.android.systemui
W/PackageManager(  474): Unknown permission com.sec.android.app.browser.permission.HOMEPAGE in package com.samsung.sec.android.application.csc
W/PackageManager(  474): Unknown permission com.sec.android.permission.READ_MEMO in package com.samsung.sec.android.application.csc
W/PackageManager(  474): Unknown permission com.sec.android.permission.WRITE_MEMO in package com.samsung.sec.android.application.csc
W/PackageManager(  474): Unknown permission com.sec.android.widgetapp.q1_penmemo.permission.READ in package com.samsung.sec.android.application.csc
W/PackageManager(  474): Unknown permission com.sec.android.widgetapp.q1_penmemo.permission.WRITE in package com.samsung.sec.android.application.csc
W/PackageManager(  474): Unknown permission com.sec.android.app.clockpackage.permission.READ_ALARM in package com.samsung.sec.android.application.csc
W/PackageManager(  474): Unknown permission com.sec.android.app.clockpackage.permission.WRITE_ALARM in package com.samsung.sec.android.application.csc
W/PackageManager(  474): Unknown permission android.permission.READ_MSG_PREF in package com.samsung.sec.android.application.csc
W/PackageManager(  474): Unknown permission android.permission.WRITE_MSG_PREF in package com.samsung.sec.android.application.csc
W/PackageManager(  474): Unknown permission android.permission.READ_SECURE_SETTINGS in package com.miui.networkassistant
W/PackageManager(  474): Unknown permission android.permission.READ_SETTINGS in package com.miui.networkassistant
W/PackageManager(  474): Unknown permission com.sec.android.app.servicemodeapp.permission.KEYSTRING in package com.android.Preconfig
W/PackageManager(  474): Unknown permission com.osp.contentprovider.OSPContentProvider.READ_CONTENT in package com.sec.pcw.device
W/PackageManager(  474): Unknown permission android.permission.MANAGE_DOCUMENTS in package com.miui.home
W/PackageManager(  474): Unknown permission com.sec.android.app.browser.permission.HOMEPAGE in package com.wsomacp
W/PackageManager(  474): Unknown permission com.sec.android.app.browser.permission.Bookmark in package com.wsomacp
W/PackageManager(  474): Unknown permission com.xiaomi.permission.MIPAY in package com.xiaomi.gamecenter.sdk.service
W/PackageManager(  474): Unknown permission android.permission.VIBRATION in package com.baidu.input
W/PackageManager(  474): Not granting permission android.permission.READ_LOGS to package com.baidu.input (protectionLevel=50 flags=0x4008be44)
W/PackageManager(  474): Not granting permission android.permission.SET_ACTIVITY_WATCHER to package com.baidu.input (protectionLevel=2 flags=0x4008be44)
W/PackageManager(  474): Unknown permission com.baidu.permission.SHARE in package com.baidu.input
W/PackageManager(  474): Unknown permission com.baidu.appsearch.permission.LAUNCH in package com.baidu.input
W/PackageManager(  474): Unknown permission com.android.launcher.permission.UNINSTALL_SHORTCUT in package com.baidu.input
W/PackageManager(  474): Unknown permission com.miui.barcodescanner.receiver.RECEIVER in package com.xiaomi.xmsf
W/PackageManager(  474): Unknown permission com.xiaomi.permission.MIPAY in package com.xiaomi.payment
W/PackageManager(  474): Unknown permission com.sec.android.permission.READ_MEMO in package com.wssnps
W/PackageManager(  474): Unknown permission com.sec.android.permission.WRITE_MEMO in package com.wssnps
W/PackageManager(  474): Unknown permission com.sec.android.widgetapp.q1_penmemo.permission.READ in package com.wssnps
W/PackageManager(  474): Unknown permission com.sec.android.widgetapp.q1_penmemo.permission.WRITE in package com.wssnps
W/PackageManager(  474): Unknown permission android.permission.READ_MMS in package com.wssnps
W/PackageManager(  474): Unknown permission android.permission.WRITE_MMS in package com.wssnps
W/PackageManager(  474): Unknown permission android.permission.READ_TASKS in package com.wssnps
W/PackageManager(  474): Unknown permission android.permission.WRITE_TASKS in package com.wssnps
W/PackageManager(  474): Unknown permission com.android.email.service.BROADCAST_DETECT in package com.wssnps
W/PackageManager(  474): Unknown permission com.sec.android.app.fm.BROADCAST_DETECT in package com.wssnps
W/PackageManager(  474): Unknown permission com.sec.mms.action.MMS_BNR in package com.wssnps
W/PackageManager(  474): Unknown permission com.sec.android.app.minidiary.service.BROADCAST_DETECT in package com.wssnps
W/PackageManager(  474): Unknown permission android.permission.KIES_BNR in package com.wssnps
W/PackageManager(  474): Unknown permission com.infraware.provider.SNoteProvider.permission.READ in package com.wssnps
W/PackageManager(  474): Unknown permission com.infraware.provider.SNoteProvider.permission.WRITE in package com.wssnps
I/SystemServer(  474): !@endofPackageManager
I/SystemServer(  474): Account Manager
I/SystemServer(  474): Content Manager
I/SystemServer(  474): System Content Providers
I/SystemServer(  474): Lights Service
I/SystemServer(  474): Battery Service
D/BatteryService(  474): Led Charging Settings = true
D/BatteryService(  474): Led Low Battery Settings = true
D/BatteryService(  474): update start
D/BatteryService(  474): level:100 scale:100 status:2 health:2 present:true voltage: 4356 temperature: 370 technology: Li-ion AC powered:false USB powered:true icon:17303345 invalid charger:0 online:1 charge type:0 current avg:0
I/SystemServer(  474): Vibrator Service
D/PowerManagerService(  474): mAutoBrightnessLevels =             15    150    1000    5000
D/PowerManagerService(  474): mAutoBrightnessHysteresisLevels =     7    75    500    1500
D/PowerManagerService(  474): mLcdBacklightValues =               20    80    130    190    255    
I/PowerManagerService(  474): fileWriteInt : /sys/class/backlight/panel/auto_brightness  value : 0
D/PowerManagerService(  474): fileWriteInt : file not found
D/PowerManagerService(  474): setScreenOffTimeouts mKeylightDelay=1500 mDimDelay=51500 mScreenOffDelay=7000 mDimScreen=true
D/PowerManagerService(  474): SettingsObserver : update : userActivity()
D/PowerManagerService(  474): reactivateScreenLocksLocked mProxIgnoredBecauseScreenTurnedOff=false
D/PowerManagerService(  474): setPowerState : mBootCompleted : false, newState |= ALL_BRIGHT
I/PowerManagerService(  474): Ulight 0x1->0xf|0x0
I/PowerManagerService(  474): Light Animator Finished currentValue=102
D/PowerManagerService(  474): setPowerState : mBootCompleted : false, newState |= ALL_BRIGHT
D/PowerManagerService(  474): setScreenOffTimeouts mKeylightDelay=1500 mDimDelay=51500 mScreenOffDelay=7000 mDimScreen=true
D/PowerManagerService(  474): initSupportedFrequency dvfs 
D/PowerManagerService(  474): initSupportedFrequency : FileNotFoundException dvfs
D/PowerManagerService(  474): setPowerState : mBootCompleted : false, newState |= ALL_BRIGHT
I/SystemServer(  474): Alarm Manager
W/AlarmManager(  474): FACTORY_ON= 0
W/AlarmManager(  474): FACTORY_ON= 0
V/AlarmManager(  474): ___SyncScheduler ACTIVATED___
V/AlarmManager(  474): <TargetPackages> 0: com.sec.spp.push
V/AlarmManager(  474): <TargetPackages> 1: com.sec.chaton
V/AlarmManager(  474): <TargetPackages> 2: com.facebook.katana
V/AlarmManager(  474): <TargetPackages> 3: com.twitter.android
V/AlarmManager(  474): <TargetPackages> 4: com.facebook.orca
V/AlarmManager(  474): <TargetPackages> 5: com.kakao.talk
V/AlarmManager(  474): <TargetPackages> 6: com.google.android.apps.plus
I/SystemServer(  474): Init Watchdog
I/SystemServer(  474): Window Manager
V/WindowManager(  474): config_windowManagerDefaultRotation = 0
I/InputManager(  474): Initializing input manager
W/StatusBarManager(  474): warning: no STATUS_BAR_SERVICE
I/InputManager(  474): Starting input manager
I/SystemServer(  474): Bluetooth Service
I/SystemServer(  474): AvrcpStubService -->
I/SystemServer(  474): Input Method Service
W/InputMethodManagerService(  474): Couldn't create dir.: /data/system/inputmethod
E/InputMethodManagerService(  474): checkCscDefaultIme : mCscDefaultImePackageName is wrong
I/SystemServer(  474): Accessibility Manager
I/WindowManager(  474): displayReady mCenterBarRect = Rect(0, 407 - 480, 431) displayHeight = 762 statusBarHeight = 38 mDefaultCenterBarWidth = 24 mAppDisplayWidth = 480mAppDisplayHeight = 800
W/ActivityManager(  474): Unable to write /sys/module/lowmemorykiller/parameters/adj_killed_level
I/ActivityManager(  474): Config changed: {Rect(0, 407 - 480, 431) 1 0 1.0 0mcc0mnc zh_CN sw320dp w320dp h508dp nrml long port ?uimode ?night -touch -keyb/v/h -nav/h s.2 themeChanged=0 themeChangedFlags=0}
D/WindowManager(  474): mInputFocus is not null.
I/ActivityManager(  474): Config changed: {Rect(0, 407 - 480, 431) 1 0 1.0 0mcc0mnc zh_CN sw320dp w320dp h508dp nrml long port ?uimode ?night finger -keyb/v/h -nav/h s.3 themeChanged=0 themeChangedFlags=0}
D/WindowManager(  474): mInputFocus is not null.
I/WindowManager(  474): ******************** ENABLING SCREEN!
E/WindowManager(  474): checkFinishingBootAnimation : mMaxWaitingTime= 1000
E/WindowManager(  474): checkFinishingBootAnimation : mMaxWaitingTime= 800
D/BatteryService(  474): update start
E/WindowManager(  474): checkFinishingBootAnimation : mMaxWaitingTime= 600
E/WindowManager(  474): checkFinishingBootAnimation : mMaxWaitingTime= 400
E/WindowManager(  474): checkFinishingBootAnimation : mMaxWaitingTime= 200
V/WindowManager(  474): rotationForOrientationLw(orient=5, last=0); user=0 USER_ROTATION_LOCKED mLidState=-1 mCoverState=-1 mDockMode=0 mHdmiPlugged=false mAccelerometerDefault=false sensorRotation=-1
V/WindowManager(  474): rotationForOrientationLw(orient=5, last=0); user=0 USER_ROTATION_LOCKED mLidState=-1 mCoverState=-1 mDockMode=0 mHdmiPlugged=false mAccelerometerDefault=false sensorRotation=-1
D/BatteryService(  474): update start
D/BatteryService(  474): level:100 scale:100 status:2 health:2 present:true voltage: 4358 temperature: 368 technology: Li-ion AC powered:false USB powered:true icon:17303345 invalid charger:0 online:1 charge type:0 current avg:0
V/AlarmManager(  474): waitForAlarm result :8
D/BatteryService(  474): update start
I/SystemServer(  474): Mount Service
D/MountService(  474): MountService :: 
D/MountService(  474): got storage path: /storage/sdcard0 description: 手机内存 primary: true removable: false emulated: true mtpReserve: 100 allowMassStorage: false maxFileSize: 0 subsystem: fuse activitySecureContainer: false
D/MountService(  474): got storage path: /storage/extSdCard description: SD 卡 primary: false removable: true emulated: false mtpReserve: 0 allowMassStorage: false maxFileSize: 0 subsystem: sd activitySecureContainer: false
D/MountService(  474): got storage path: /storage/UsbDriveA description: USB存储 primary: false removable: true emulated: false mtpReserve: 0 allowMassStorage: false maxFileSize: 0 subsystem: usb activitySecureContainer: false
D/MountService(  474): got storage path: /storage/UsbDriveB description: USB存储 primary: false removable: true emulated: false mtpReserve: 0 allowMassStorage: false maxFileSize: 0 subsystem: usb activitySecureContainer: false
D/MountService(  474): got storage path: /storage/UsbDriveC description: USB存储 primary: false removable: true emulated: false mtpReserve: 0 allowMassStorage: false maxFileSize: 0 subsystem: usb activitySecureContainer: false
D/MountService(  474): got storage path: /storage/UsbDriveD description: USB存储 primary: false removable: true emulated: false mtpReserve: 0 allowMassStorage: false maxFileSize: 0 subsystem: usb activitySecureContainer: false
D/MountService(  474): got storage path: /storage/UsbDriveE description: USB存储 primary: false removable: true emulated: false mtpReserve: 0 allowMassStorage: false maxFileSize: 0 subsystem: usb activitySecureContainer: false
D/MountService(  474): got storage path: /storage/UsbDriveF description: USB存储 primary: false removable: true emulated: false mtpReserve: 0 allowMassStorage: false maxFileSize: 0 subsystem: usb activitySecureContainer: false
D/MountService(  474): using emulated external storage
I/SystemServer(  474): DirEncryptSerrvice
I/SystemServer(  474): DirEncryptService.SystemReady
D/DirEncryptService(  474): Calling systemReady
D/MountService(  474): register direncryption listener
I/SystemServer(  474): LockSettingsService
I/SystemServer(  474): Device Policy
D/VoldCmdListener(   79): volume list
I/MountService(  474): Updating valid state unmounted
D/MountService(  474): updatePublicVolumeState :: path = /storage/extSdCard, state = unmounted
D/MountService(  474): volume state changed for /storage/extSdCard (null -> unmounted)
I/MountService(  474): Updating valid state removed
D/MountService(  474): updatePublicVolumeState :: path = /storage/UsbDriveA, state = removed
D/MountService(  474): volume state changed for /storage/UsbDriveA (null -> removed)
I/MountService(  474): Updating valid state removed
D/MountService(  474): updatePublicVolumeState :: path = /storage/UsbDriveB, state = removed
D/MountService(  474): volume state changed for /storage/UsbDriveB (null -> removed)
I/MountService(  474): Updating valid state removed
D/MountService(  474): updatePublicVolumeState :: path = /storage/UsbDriveC, state = removed
D/MountService(  474): volume state changed for /storage/UsbDriveC (null -> removed)
I/MountService(  474): Updating valid state removed
D/MountService(  474): updatePublicVolumeState :: path = /storage/UsbDriveD, state = removed
D/MountService(  474): volume state changed for /storage/UsbDriveD (null -> removed)
I/MountService(  474): Updating valid state removed
D/MountService(  474): updatePublicVolumeState :: path = /storage/UsbDriveE, state = removed
D/MountService(  474): volume state changed for /storage/UsbDriveE (null -> removed)
I/MountService(  474): Updating valid state removed
D/MountService(  474): updatePublicVolumeState :: path = /storage/UsbDriveF, state = removed
D/MountService(  474): volume state changed for /storage/UsbDriveF (null -> removed)
D/MountService(  474):  :::: getSecureContainerList
D/VoldCmdListener(   79): asec list
I/SystemServer(  474): Enterprise Policy
W/PackageManager(  474): Unknown permission android.permission.READ_INTERNAL_STORAGE in package com.miui.gallery
W/PackageManager(  474): Unknown permission android.permission.WRITE_INTERNAL_STORAGE in package com.miui.gallery
W/PackageManager(  474): Not granting permission android.permission.DEVICE_POWER to package com.miui.gallery (protectionLevel=2 flags=0x8bc45)
W/PackageManager(  474): Unknown permission android.permission.MANAGE_DOCUMENTS in package com.miui.gallery
W/PackageManager(  474): Unknown permission com.miui.barcodescanner.receiver.RECEIVER in package com.miui.gallery
W/PackageManager(  474): Not granting permission android.permission.SEND_DOWNLOAD_COMPLETED_INTENTS to package com.android.contacts (protectionLevel=2 flags=0x8be45)
W/PackageManager(  474): Unknown permission android.permission.BIND_DIRECTORY_SEARCH in package com.android.contacts
W/PackageManager(  474): Unknown permission android.permission.ADD_SYSTEM_SERVICE in package com.android.phone
W/PackageManager(  474): Unknown permission com.android.smspush.WAPPUSH_MANAGER_BIND in package com.android.phone
W/PackageManager(  474): Unknown permission com.android.launcher.permission.PRELOAD_WORKSPACE in package com.google.android.partnersetup
W/PackageManager(  474): Unknown permission android.permission.WRITE_INTERNAL_STORAGE in package com.miui.player
W/PackageManager(  474): Unknown permission adnroid.permission.CHANGE_WIFI_STATE in package com.miui.guardprovider
W/PackageManager(  474): Unknown permission com.android.vending.billing.BILLING_ACCOUNT_SERVICE in package com.google.android.gsf.login
W/PackageManager(  474): Unknown permission com.android.vending.billing.ADD_CREDIT_CARD in package com.google.android.gsf.login
W/PackageManager(  474): Unknown permission com.android.vending.billing.IBillingAccountService.BIND2 in package com.google.android.gsf.login
W/PackageManager(  474): Unknown permission com.android.vending.TOS_ACKED in package com.google.android.gsf.login
W/PackageManager(  474): Unknown permission com.android.chrome.TOS_ACKED in package com.google.android.gsf.login
W/PackageManager(  474): Unknown permission android.permission.ACCESS_DRM in package com.android.MtpApplication
W/PackageManager(  474): Unknown permission com.sec.android.app.twdvfs.DVFS_BOOSTER_PERMISSION in package com.android.MtpApplication
W/PackageManager(  474): Unknown permission com.htc.launcher.permission.READ_SETTINGS in package com.trafficctr.miui
W/PackageManager(  474): Unknown permission com.htc.launcher.permission.WRITE_SETTINGS in package com.trafficctr.miui
W/PackageManager(  474): Unknown permission com.huawei.launcher3.permission.READ_SETTINGS in package com.trafficctr.miui
W/PackageManager(  474): Unknown permission com.huawei.launcher3.permission.WRITE_SETTINGS in package com.trafficctr.miui
W/PackageManager(  474): Unknown permission android.Manifest.permission.RECEIVE_BOOT_COMPLETED in package com.android.browser
W/PackageManager(  474): Not granting permission android.permission.SEND_DOWNLOAD_COMPLETED_INTENTS to package com.android.browser (protectionLevel=2 flags=0x9be45)
W/PackageManager(  474): Not granting permission android.permission.SET_PREFERRED_APPLICATIONS to package com.android.browser (protectionLevel=2 flags=0x9be45)
W/PackageManager(  474): Unknown permission android.permission.MANAGE_DEVICE_ADMINS in package com.miui.backup
W/PackageManager(  474): Unknown permission com.samsung.android.providers.context.permission.WRITE_EXCHANGE_CALL in package com.sec.android.provider.logsprovider
W/PackageManager(  474): Unknown permission android.permission.ACCESS_COARSE_UPDATES in package com.miui.cloudservice
W/PackageManager(  474): Unknown permission android.permission.INSTALL_DRM in package com.android.mms
W/PackageManager(  474): Unknown permission android.permission.SEND_RESPOND_VIA_MESSAGE in package com.android.mms
W/PackageManager(  474): Unknown permission android.permission.SEND_RESPOND_VIA_MESSAGE in package com.miui.voiceassist
W/PackageManager(  474): Unknown permission miui.permission.VOICE_WAKEUP in package com.miui.voiceassist
W/PackageManager(  474): Unknown permission com.sec.factory.permission.KEYSTRING in package com.android.providers.media
W/PackageManager(  474): Unknown permission android.miui.permission.SHELL in package com.android.thememanager
W/PackageManager(  474): Unknown permission android.permission.WRITE_INTERNAL_STORAGE in package com.android.updater
W/PackageManager(  474): Unknown permission com.sec.android.permission.FWUPGRADE in package android
W/PackageManager(  474): Unknown permission android.permission.BIND_DIRECTORY_SEARCH in package com.android.providers.contacts
W/PackageManager(  474): Unknown permission com.xiaomi.market.sdk.UPDATE in package com.xiaomi.o2o
W/PackageManager(  474): Unknown permission android.permission.READ_SETTINGS in package com.xiaomi.o2o
W/PackageManager(  474): Unknown permission android.permission.ACCESS_SUPERUSER in package com.speedsoftware.rootexplorer
W/PackageManager(  474): Unknown permission com.android.vending.CHECK_LICENSE in package com.speedsoftware.rootexplorer
W/PackageManager(  474): Unknown permission android.permission.ACCESS_ALL_EXTERNAL_STORAGE in package com.android.systemui
W/PackageManager(  474): Unknown permission com.sec.android.app.browser.permission.HOMEPAGE in package com.samsung.sec.android.application.csc
W/PackageManager(  474): Unknown permission com.sec.android.permission.READ_MEMO in package com.samsung.sec.android.application.csc
W/PackageManager(  474): Unknown permission com.sec.android.permission.WRITE_MEMO in package com.samsung.sec.android.application.csc
W/PackageManager(  474): Unknown permission com.sec.android.widgetapp.q1_penmemo.permission.READ in package com.samsung.sec.android.application.csc
W/PackageManager(  474): Unknown permission com.sec.android.widgetapp.q1_penmemo.permission.WRITE in package com.samsung.sec.android.application.csc
W/PackageManager(  474): Unknown permission com.sec.android.app.clockpackage.permission.READ_ALARM in package com.samsung.sec.android.application.csc
W/PackageManager(  474): Unknown permission com.sec.android.app.clockpackage.permission.WRITE_ALARM in package com.samsung.sec.android.application.csc
W/PackageManager(  474): Unknown permission android.permission.READ_MSG_PREF in package com.samsung.sec.android.application.csc
W/PackageManager(  474): Unknown permission android.permission.WRITE_MSG_PREF in package com.samsung.sec.android.application.csc
W/PackageManager(  474): Unknown permission android.permission.READ_SECURE_SETTINGS in package com.miui.networkassistant
W/PackageManager(  474): Unknown permission android.permission.READ_SETTINGS in package com.miui.networkassistant
W/PackageManager(  474): Unknown permission com.sec.android.app.servicemodeapp.permission.KEYSTRING in package com.android.Preconfig
W/PackageManager(  474): Unknown permission com.osp.contentprovider.OSPContentProvider.READ_CONTENT in package com.sec.pcw.device
W/PackageManager(  474): Unknown permission android.permission.MANAGE_DOCUMENTS in package com.miui.home
W/PackageManager(  474): Unknown permission com.sec.android.app.browser.permission.HOMEPAGE in package com.wsomacp
W/PackageManager(  474): Unknown permission com.sec.android.app.browser.permission.Bookmark in package com.wsomacp
W/PackageManager(  474): Unknown permission com.xiaomi.permission.MIPAY in package com.xiaomi.gamecenter.sdk.service
W/PackageManager(  474): Unknown permission android.permission.VIBRATION in package com.baidu.input
W/PackageManager(  474): Not granting permission android.permission.READ_LOGS to package com.baidu.input (protectionLevel=50 flags=0x4028be44)
W/PackageManager(  474): Not granting permission android.permission.SET_ACTIVITY_WATCHER to package com.baidu.input (protectionLevel=2 flags=0x4028be44)
W/PackageManager(  474): Unknown permission com.baidu.permission.SHARE in package com.baidu.input
W/PackageManager(  474): Unknown permission com.baidu.appsearch.permission.LAUNCH in package com.baidu.input
W/PackageManager(  474): Unknown permission com.android.launcher.permission.UNINSTALL_SHORTCUT in package com.baidu.input
W/PackageManager(  474): Unknown permission com.miui.barcodescanner.receiver.RECEIVER in package com.xiaomi.xmsf
W/PackageManager(  474): Unknown permission com.xiaomi.permission.MIPAY in package com.xiaomi.payment
W/PackageManager(  474): Unknown permission com.sec.android.permission.READ_MEMO in package com.wssnps
W/PackageManager(  474): Unknown permission com.sec.android.permission.WRITE_MEMO in package com.wssnps
W/PackageManager(  474): Unknown permission com.sec.android.widgetapp.q1_penmemo.permission.READ in package com.wssnps
W/PackageManager(  474): Unknown permission com.sec.android.widgetapp.q1_penmemo.permission.WRITE in package com.wssnps
W/PackageManager(  474): Unknown permission android.permission.READ_MMS in package com.wssnps
W/PackageManager(  474): Unknown permission android.permission.WRITE_MMS in package com.wssnps
W/PackageManager(  474): Unknown permission android.permission.READ_TASKS in package com.wssnps
W/PackageManager(  474): Unknown permission android.permission.WRITE_TASKS in package com.wssnps
W/PackageManager(  474): Unknown permission com.android.email.service.BROADCAST_DETECT in package com.wssnps
W/PackageManager(  474): Unknown permission com.sec.android.app.fm.BROADCAST_DETECT in package com.wssnps
W/PackageManager(  474): Unknown permission com.sec.mms.action.MMS_BNR in package com.wssnps
W/PackageManager(  474): Unknown permission com.sec.android.app.minidiary.service.BROADCAST_DETECT in package com.wssnps
W/PackageManager(  474): Unknown permission android.permission.KIES_BNR in package com.wssnps
W/PackageManager(  474): Unknown permission com.infraware.provider.SNoteProvider.permission.READ in package com.wssnps
W/PackageManager(  474): Unknown permission com.infraware.provider.SNoteProvider.permission.WRITE in package com.wssnps
I/SystemServer(  474): Enterprise Policymanager service created...
I/SystemServer(  474): Status Bar
I/SystemServer(  474): Clipboard Service
I/SystemServer(  474): ClipboardEx Service
I/SystemServer(  474): NetworkManagement Service
I/SystemServer(  474): Text Service Manager Service
W/TextServicesManagerService(  474): no available spell checker services found
I/SystemServer(  474): NetworkStats Service
I/SystemServer(  474): NetworkPolicy Service
I/SystemServer(  474): Wi-Fi P2pService
I/SystemServer(  474): Wi-Fi Service
D/WifiP2pService(  474): P2pDisabledState
D/WifiP2pService(  474): P2pDisabledState{ what=69633 }
D/WifiP2pService(  474): DefaultState{ what=69633 }
D/WifiP2pService(  474): P2pDisabledState{ what=69632 }
D/WifiP2pService(  474): DefaultState{ what=69632 }
D/WifiP2pService(  474): Full connection with WifiStateMachine established
I/SystemServer(  474): Wi-Fi Display Service
I/SystemServer(  474): Connectivity Service
D/ConnectivityService(  474): ConnectivityService starting up
E/MobileDataStateTracker(  474): default: Ignoring feature request because could not acquire PhoneService
E/MobileDataStateTracker(  474): default: Could not enable APN type "default"
I/SystemServer(  474): Network Service Discovery Service
D/NsdService(  474): Network service discovery enabled true
I/SystemServer(  474): Throttle Service
I/SystemServer(  474): UpdateLock Service
I/SystemServer(  474): Notification Manager
D/STATUSBAR-NotificationService(  474): updateLightsLocked() : Turn off notification light
D/LightsService(  474): [SvcLED] setSvcLedStateLocked:: id = 4, color = 0, mode = Off, set = Off
D/LightsService(  474): [SvcLED] wl is null.
I/SystemServer(  474): Device Storage Monitor
I/SystemServer(  474): Location Manager
I/SystemServer(  474): Country Detector
I/SystemServer(  474): Search Service
I/SystemServer(  474): DropBox Service
I/SystemServer(  474): Wallpaper Service
I/SystemServer(  474): Audio Service
I/SystemServer(  474): Fm Service
I/SystemServer(  474): Dock Observer
W/DockObserver(  474): This kernel does not have dock station support
I/SystemServer(  474): Wired Accessory Observer
W/WiredAccessoryObserver(  474): This kernel does not have usb audio support
W/WiredAccessoryObserver(  474): This kernel does not have HDMI audio support
I/SystemServer(  474): USB Service
D/UsbSettingsManager(  474): settings file not found
D/UsbDeviceManager(  474): read '/sys/class/android_usb/android0/state', state = CONFIGURED
D/UsbDeviceManager(  474): initalized current function mtp,adb
D/UsbDeviceManager(  474): handleMessage -> MSG_UPDATE_STATE connected = 1,configured = 1
D/UsbDeviceManager(  474): updateUsbNotification : mConnected = true, mConfigured = true, mCurrentFunctions = mtp,adb
I/SystemServer(  474): Serial Service
I/SystemServer(  474): UI Mode Manager Service
I/SystemServer(  474): Backup Service
V/BackupManagerService(  474): Initializing package tracking
V/BackupManagerService(  474): No ancestral data
V/BackupManagerService(  474): addPackageParticipantsLocked: all
I/BackupManagerService(  474): New app android never backed up; scheduling
D/BackupManagerService(  474): Now staging backup of android
I/BackupManagerService(  474): New app com.android.browser never backed up; scheduling
D/BackupManagerService(  474): Now staging backup of com.android.browser
I/BackupManagerService(  474): New app com.android.calendar never backed up; scheduling
D/BackupManagerService(  474): Now staging backup of com.android.calendar
I/BackupManagerService(  474): New app com.android.providers.settings never backed up; scheduling
D/BackupManagerService(  474): Now staging backup of com.android.providers.settings
I/BackupManagerService(  474): New app com.android.providers.userdictionary never backed up; scheduling
D/BackupManagerService(  474): Now staging backup of com.android.providers.userdictionary
I/BackupManagerService(  474): New app miui never backed up; scheduling
D/BackupManagerService(  474): Now staging backup of miui
V/BackupManagerService(  474): Registering transport android/com.android.internal.backup.LocalTransport = com.android.internal.backup.LocalTransport@418d9758
V/BackupManagerService(  474): Starting with transport android/com.android.internal.backup.LocalTransport
V/BackupManagerService(  474): Binding to Google transport
I/BackupManagerService(  474): Found stale backup journal, scheduling
I/BackupManagerService(  474):   android
I/BackupManagerService(  474):   com.android.browser
I/BackupManagerService(  474):   com.android.calendar
I/BackupManagerService(  474):   com.android.providers.settings
I/BackupManagerService(  474):   com.android.providers.userdictionary
I/BackupManagerService(  474):   miui
I/BackupManagerService(  474): Backup enabled => false
I/BackupManagerService(  474): Opting out of backup
I/SystemServer(  474): AppWidget Service
I/SystemServer(  474): Recognition Service
I/SystemServer(  474): DiskStats Service
I/SystemServer(  474): SamplingProfiler Service
I/SystemServer(  474): NetworkTimeUpdateService
I/SystemServer(  474): CommonTimeManagementService
I/SystemServer(  474): VoIPInterfaceManager Service
D/VoIPInterfaceManager(  474): VoIPInterfaceManager()...
D/VoIPInterfaceManager(  474): START VOIPINTERFACE SRVICE
I/SystemServer(  474): Motion Recognition Service
D/MotionRecognitionService(  474):   SSP enabled : false
D/MotionRecognitionService(  474):   Multi-Window enabled : false
I/SystemServer(  474): CertBlacklister
D/VibratorService(  474): JNI vibratorOff()
D/VibratorService(  474): JNI vibratorOn() : 50
D/VibratorService(  474): JNI vibratorOff()
I/PowerManagerService(  474): setMaximumScreenOffTimeount : mMaximumScreenOffTimeout : 2147483647
D/PowerManagerService(  474): setScreenOffTimeouts mKeylightDelay=1500 mDimDelay=51500 mScreenOffDelay=7000 mDimScreen=true
I/SystemServer(  474): enterprisePolicy systemReady
D/STATUSBAR-NotificationService(  474): systemReady()
D/STATUSBAR-NotificationService(  474): PickupSettingsObserver - update()
D/STATUSBAR-NotificationService(  474): setPickupMotionEnabled:false
D/STATUSBAR-NotificationService(  474): pickupObserver.observe()
D/PowerManagerService(  474): setPowerState : mBootCompleted : false, newState |= ALL_BRIGHT
D/PowerManagerService(  474): system ready!
D/PowerManagerService(  474): enableLightSensorLocked enable=false mLightSensorEnabled=false mAutoBrightessEnabled=false mWaitingForFirstLightSensor=false
I/ActivityManager(  474): System now ready
D/STATUSBAR-StatusBarManagerService(  474): manageDisableList what=0x0 pkg=android
I/SystemServer(  474): Making services ready
D/SystemServer(  474): Starting service: Intent { cmp=com.android.systemui/.SystemUIService }
D/NetworkManagementService(  474): enabling bandwidth control
D/SystemUIService(  710): loading: class com.android.systemui.statusbar.phone.PhoneStatusBar
D/SystemUIService(  710): running: com.android.systemui.statusbar.phone.PhoneStatusBar@41458e48
W/AlarmManager(  474): FACTORY_ON= 0
D/UsbDeviceManager(  474): systemReady
D/UsbDeviceManager(  474): systemReady : massStorageSupported = false
D/UsbDeviceManager(  474): systemReady : mAdbEnabled = true, mUseUsbNotification = true
D/UsbHostManager(  474): systemReady
D/UsbDeviceManager(  474): handleMessage -> MSG_SYSTEM_READY
D/UsbDeviceManager(  474): updateUsbNotification : mConnected = true, mConfigured = true, mCurrentFunctions = mtp,adb
I/ActivityManager(  474): Config changed: {Rect(0, 407 - 480, 431) 1 0 1.0 0mcc0mnc zh_CN sw320dp w320dp h508dp nrml long port finger -keyb/v/h -nav/h s.4 themeChanged=0 themeChangedFlags=0}
D/STATUSBAR-StatusBarManagerService(  474): manageDisableList what=0x0 pkg=android
W/RecognitionManagerService(  474): no available voice recognition services found
D/MountService(  474): isUsbMassStorageConnected :: ret = false
D/StorageNotification(  710): Startup with UMS connection false (media state mounted)
D/STATUSBAR-NotificationService(  474): Noti Alert - mSystemReady:true, AlertEnabled:true
D/UsbDeviceManager(  474): updateUsbNotification : notify id = 17040846, title = 已连接为媒体设备
D/UsbDeviceManager(  474): sending intent : ACTION_USB_CABLE_STATE : connected = false
I/StorageNotification(  710): UMS connection changed to false (media state mounted)
D/UsbDeviceManager(  474): sending intent : ACTION_USB_STATE : connected = true, configured = true, functions = mtp,adb
D/PowerManagerService(  474): setScreenOffTimeouts mKeylightDelay=1500 mDimDelay=51500 mScreenOffDelay=7000 mDimScreen=true
W/InputMethodManagerService(  474): Ignoring setImeWindowStatus of uid 1000 token: null
E/InputMethodManagerService(  474): checkCscDefaultIme : mCscDefaultImePackageName is wrong
W/SocketClient(   85): write error (Broken pipe)
W/AlarmManager(  474): FACTORY_ON= 0
W/ThrottleService(  474): unable to find stats for iface rmnet0
D/PowerManagerService(  474): setPowerState : mBootCompleted : false, newState |= ALL_BRIGHT
V/AlarmManager(  474): <TargetPackages> com.sec.spp.push
V/AlarmManager(  474): <TargetPackages> com.sec.chaton
V/AlarmManager(  474): <TargetPackages> com.facebook.katana
V/AlarmManager(  474): <TargetPackages> com.twitter.android
V/AlarmManager(  474): <TargetPackages> com.facebook.orca
V/AlarmManager(  474): <TargetPackages> com.kakao.talk
V/AlarmManager(  474): <TargetPackages> com.google.android.apps.plus
V/AlarmManager(  474): <TargetPackages> com.xiaomi.xmsf
V/AlarmManager(  474): <TargetPackages> com.android.email
V/AlarmManager(  474): <TargetPackages> com.google.android.gsf.login
W/AlarmManager(  474): FACTORY_ON= 0
V/AlarmManager(  474): ClockReceiver onReceive() ACTION_TIME_TICK
W/AlarmManager(  474): FACTORY_ON= 0
D/UsbDeviceManager(  474): handleMessage -> MSG_POWER_STATE = 1
I/LocationManagerService(  474): request network (pid 474) 86400000 86400000
I/LocationManagerService(  474): request passive (pid 474) 0 0
I/LocationManagerService(  474): whitelist: []
I/LocationManagerService(  474): blacklist: []
V/BackupManagerService(  474): Connected to Google transport
V/BackupManagerService(  474): Registering transport com.google.android.backup/.BackupTransportService = com.google.android.backup.BackupTransportService$1@418cc560
D/PowerManagerService(  474): enableUserActivity false
D/PowerManagerService(  474): acquireWakeLock flags=0x1000001a tag=keyguard uid=1000 pid=474
D/PowerManagerService(  474): setPowerState : mBootCompleted : false, newState |= ALL_BRIGHT
D/STATUSBAR-StatusBarManagerService(  474): manageDisableList what=0x1000004 pkg=android
D/STATUSBAR-StatusBarManagerService(  474): manageDisableList what=0x1 pkg=android
W/AlarmManager(  474): FACTORY_ON= 0
V/AlarmManager(  474): waitForAlarm result :1
V/AlarmManager(  474): trigger ELAPSED_REALTIME_WAKEUP or RTC_WAKEUP
D/STATUSBAR-StatusBarManagerService(  474): manageDisableList what=0x1 pkg=android
E/NotificationService(  474): Ignoring notification with icon==0: Notification(pri=0 contentView=null vibrate=null sound=null defaults=0x0 flags=0x62 kind=[null]) tickerText=null contactCharSeq=null when=1429628849393 threadId=0
D/STATUSBAR-NotificationService(  474): Noti Alert - mSystemReady:true, AlertEnabled:true
D/STATUSBAR-StatusBarManagerService(  474): manageDisableList what=0x1 pkg=android
D/STATUSBAR-StatusBarManagerService(  474): manageDisableList what=0x1 pkg=android
D/STATUSBAR-StatusBarManagerService(  474): manageDisableList what=0x1 pkg=android
D/STATUSBAR-StatusBarManagerService(  474): manageDisableList what=0x1 pkg=android
D/STATUSBAR-StatusBarManagerService(  474): manageDisableList what=0x1 pkg=android
D/PowerManagerService(  474): setScreenOffTimeouts mKeylightDelay=1500 mDimDelay=51500 mScreenOffDelay=7000 mDimScreen=true
I/StatusBarManagerService(  474): registerStatusBar bar=com.android.internal.statusbar.IStatusBar$Stub$Proxy@41e8f670
D/PhoneStatusBar(  710): addNotification pkg=android;targetpkg=android;id=17040846
D/STATUSBAR-NotificationService(  474): cancelAllNotifications()
D/PhoneStatusBar(  710): disable: < expand icons alerts ticker system_info back home RECENT* clock >
W/AlarmManager(  474): FACTORY_ON= 0
W/AlarmManager(  474): FACTORY_ON= 0
D/SystemUIService(  710): loading: class com.android.systemui.power.PowerUI
D/SystemUIService(  710): running: com.android.systemui.power.PowerUI@416cfbf8
D/SystemUIService(  710): loading: class com.android.systemui.media.RingtonePlayer
D/SystemUIService(  710): running: com.android.systemui.media.RingtonePlayer@416d3cc8
E/WifiP2pStateTracker(  474): getNetworkInfo : NetworkInfo: type: wifi_p2p[], state: UNKNOWN/IDLE, reason: (unspecified), extra: (none), roaming: false, failover: false, isAvailable: false
D/WifiP2pService(  474): P2pDisabledState{ what=131204 }
W/AlarmManager(  474): FACTORY_ON= 0
W/AlarmManager(  474): FACTORY_ON= 0
W/AlarmManager(  474): FACTORY_ON= 0
D/WifiService(  474): New client listening to asynchronous messages
D/STATUSBAR-StatusBarManagerService(  474): manageDisableList what=0x0 pkg=system
D/STATUSBAR-StatusBarManagerService(  474): manageDisableList what=0x1 pkg=android
D/STATUSBAR-StatusBarManagerService(  474): manageDisableList what=0x0 pkg=system
D/STATUSBAR-StatusBarManagerService(  474): manageDisableList what=0x1 pkg=android
D/STATUSBAR-StatusBarManagerService(  474): manageDisableList what=0x0 pkg=system
D/STATUSBAR-StatusBarManagerService(  474): manageDisableList what=0x1 pkg=android
W/AlarmManager(  474): FACTORY_ON= 0
D/WifiP2pService(  474): P2pDisabledState{ what=131204 }
W/AlarmManager(  474): FACTORY_ON= 0
D/WifiP2pService(  474): P2pDisabledState{ what=131204 }
W/AlarmManager(  474): FACTORY_ON= 0
W/AlarmManager(  474): FACTORY_ON= 0
D/WifiP2pService(  474): P2pDisabledState{ what=131204 }
W/AlarmManager(  474): FACTORY_ON= 0
W/AlarmManager(  474): FACTORY_ON= 0
E/WifiP2pStateTracker(  474): getNetworkInfo : NetworkInfo: type: wifi_p2p[], state: UNKNOWN/IDLE, reason: (unspecified), extra: (none), roaming: false, failover: false, isAvailable: false
D/PowerManagerService(  474): setBacklightBrightness 102  uid : 1000pid : 710
D/PowerManagerService(  474): setBacklightBrightness 102  uid : 1000pid : 710
E/ActivityThread(  994): Service com.android.providers.downloads.DownloadService has leaked ServiceConnection com.android.providers.downloads.DownloadService$1@4146ba30 that was originally bound here
E/ActivityThread(  994): android.app.ServiceConnectionLeaked: Service com.android.providers.downloads.DownloadService has leaked ServiceConnection com.android.providers.downloads.DownloadService$1@4146ba30 that was originally bound here
E/ActivityThread(  994): 	at android.app.LoadedApk$ServiceDispatcher.<init>(LoadedApk.java:966)
E/ActivityThread(  994): 	at android.app.LoadedApk.getServiceDispatcher(LoadedApk.java:860)
E/ActivityThread(  994): 	at android.app.ContextImpl.bindService(ContextImpl.java:1361)
E/ActivityThread(  994): 	at android.app.ContextImpl.bindService(ContextImpl.java:1353)
E/ActivityThread(  994): 	at android.content.ContextWrapper.bindService(ContextWrapper.java:401)
E/ActivityThread(  994): 	at com.android.providers.downloads.DownloadService.onCreate(DownloadService.java:356)
E/ActivityThread(  994): 	at android.app.ActivityThread.handleCreateService(ActivityThread.java:2422)
E/ActivityThread(  994): 	at android.app.ActivityThread.access$1700(ActivityThread.java:140)
E/ActivityThread(  994): 	at android.app.ActivityThread$H.handleMessage(ActivityThread.java:1319)
E/ActivityThread(  994): 	at android.os.Handler.dispatchMessage(Handler.java:99)
E/ActivityThread(  994): 	at android.os.Looper.loop(Looper.java:137)
E/ActivityThread(  994): 	at android.app.ActivityThread.main(ActivityThread.java:4952)
E/ActivityThread(  994): 	at java.lang.reflect.Method.invokeNative(Native Method)
E/ActivityThread(  994): 	at java.lang.reflect.Method.invoke(Method.java:511)
E/ActivityThread(  994): 	at com.android.internal.os.ZygoteInit$MethodAndArgsCaller.run(ZygoteInit.java:1038)
E/ActivityThread(  994): 	at com.android.internal.os.ZygoteInit.main(ZygoteInit.java:805)
E/ActivityThread(  994): 	at dalvik.system.NativeStart.main(Native Method)
D/STATUSBAR-StatusBarManagerService(  474): manageDisableList what=0x0 pkg=system
D/STATUSBAR-StatusBarManagerService(  474): manageDisableList what=0x1 pkg=android
W/AlarmManager(  474): FACTORY_ON= 0
D/STATUSBAR-StatusBarManagerService(  474): manageDisableList what=0x0 pkg=system
D/STATUSBAR-StatusBarManagerService(  474): manageDisableList what=0x1 pkg=android
V/WindowManager(  474): rotationForOrientationLw(orient=1, last=0); user=0 USER_ROTATION_LOCKED mLidState=-1 mCoverState=-1 mDockMode=0 mHdmiPlugged=false mAccelerometerDefault=false sensorRotation=-1
D/STATUSBAR-StatusBarManagerService(  474): setSystemUiVisibility(0x0)
D/STATUSBAR-StatusBarManagerService(  474): manageDisableList what=0x0 pkg=WindowManager.LayoutParams
D/BatteryService(  474): bootCompleted
D/BatteryService(  474): Dormant OnOff Settings = false
D/BatteryService(  474): Dormant Disable LED Settings = false
D/BatteryService(  474): Dormant Always Settings = false
D/BatteryService(  474): Dormant time Settings = 0:0 ~ 0:0
D/PowerManagerService(  474): bootCompleted
I/PowerManagerService(  474): Ulight 0xf->0x7|0x0
D/MountService(  474): received ACTION_BOOT_COMPLETED
V/DevicePolicyManagerService(  474): Sending password expiration notifications for action android.intent.action.BOOT_COMPLETED
D/MountService(  474): doMountVolume :: Mouting path = /storage/extSdCard with = booting
